
warning: profiles for the non root package will be ignored, specify profiles at the workspace root:
package:   C:\Users\Devyani\.gemini\antigravity\scratch\trustchain\contracts\credential\Cargo.toml
workspace: C:\Users\Devyani\.gemini\antigravity\scratch\trustchain\Cargo.toml
warning: profiles for the non root package will be ignored, specify profiles at the workspace root:
package:   C:\Users\Devyani\.gemini\antigravity\scratch\trustchain\contracts\reputation\Cargo.toml
workspace: C:\Users\Devyani\.gemini\antigravity\scratch\trustchain\Cargo.toml
warning: virtual workspace defaulting to `resolver = "1"` despite one or more workspace members being on edition 2021 which implies `resolver = "2"`
  |
  = note: to keep the current resolver, specify `workspace.resolver = "1"` in the workspace root's manifest
  = note: to use the edition 2021 resolver, specify `workspace.resolver = "2"` in the workspace root's manifest
  = note: for more details see https://doc.rust-lang.org/cargo/reference/resolver.html#resolver-versions
    Blocking waiting for file lock on artifact directory
   Compiling stellar-xdr v20.1.0
error[E0433]: failed to resolve: could not find `details` in `arbitrary`
   --> C:\Users\Devyani\.cargo\registry\src\index.crates.io-1949cf8c6b5b557f\stellar-xdr-20.1.0\src\curr\generated.rs:935:42
    |
935 | #[cfg_attr(feature = "arbitrary", derive(Arbitrary))]
    |                                          ^^^^^^^^^ could not find `details` in `arbitrary`
    |
    = note: this error originates in the derive macro `Arbitrary` (in Nightly builds, run with -Z macro-backtrace for more info)

error[E0407]: method `try_size_hint` is not a member of trait `arbitrary::Arbitrary`
   --> C:\Users\Devyani\.cargo\registry\src\index.crates.io-1949cf8c6b5b557f\stellar-xdr-20.1.0\src\curr\generated.rs:935:42
    |
935 | #[cfg_attr(feature = "arbitrary", derive(Arbitrary))]
    |                                          ^^^^^^^^^
    |                                          |
    |                                          not a member of trait `arbitrary::Arbitrary`
    |                                          help: there is an associated function with a similar name: `size_hint`
    |
    = note: this error originates in the derive macro `Arbitrary` (in Nightly builds, run with -Z macro-backtrace for more info)

error[E0433]: failed to resolve: could not find `details` in `arbitrary`
    --> C:\Users\Devyani\.cargo\registry\src\index.crates.io-1949cf8c6b5b557f\stellar-xdr-20.1.0\src\curr\generated.rs:1342:42
     |
1342 | #[cfg_attr(feature = "arbitrary", derive(Arbitrary))]
     |                                          ^^^^^^^^^ could not find `details` in `arbitrary`
     |
     = note: this error originates in the derive macro `Arbitrary` (in Nightly builds, run with -Z macro-backtrace for more info)

error[E0407]: method `try_size_hint` is not a member of trait `arbitrary::Arbitrary`
    --> C:\Users\Devyani\.cargo\registry\src\index.crates.io-1949cf8c6b5b557f\stellar-xdr-20.1.0\src\curr\generated.rs:1342:42
     |
1342 | #[cfg_attr(feature = "arbitrary", derive(Arbitrary))]
     |                                          ^^^^^^^^^
     |                                          |
     |                                          not a member of trait `arbitrary::Arbitrary`
     |                                          help: there is an associated function with a similar name: `size_hint`
     |
     = note: this error originates in the derive macro `Arbitrary` (in Nightly builds, run with -Z macro-backtrace for more info)

error[E0433]: failed to resolve: could not find `details` in `arbitrary`
    --> C:\Users\Devyani\.cargo\registry\src\index.crates.io-1949cf8c6b5b557f\stellar-xdr-20.1.0\src\curr\generated.rs:1723:42
     |
1723 | #[cfg_attr(feature = "arbitrary", derive(Arbitrary))]
     |                                          ^^^^^^^^^ could not find `details` in `arbitrary`
     |
     = note: this error originates in the derive macro `Arbitrary` (in Nightly builds, run with -Z macro-backtrace for more info)

error[E0407]: method `try_size_hint` is not a member of trait `arbitrary::Arbitrary`
    --> C:\Users\Devyani\.cargo\registry\src\index.crates.io-1949cf8c6b5b557f\stellar-xdr-20.1.0\src\curr\generated.rs:1723:42
     |
1723 | #[cfg_attr(feature = "arbitrary", derive(Arbitrary))]
     |                                          ^^^^^^^^^
     |                                          |
     |                                          not a member of trait `arbitrary::Arbitrary`
     |                                          help: there is an associated function with a similar name: `size_hint`
     |
     = note: this error originates in the derive macro `Arbitrary` (in Nightly builds, run with -Z macro-backtrace for more info)

error[E0433]: failed to resolve: could not find `details` in `arbitrary`
    --> C:\Users\Devyani\.cargo\registry\src\index.crates.io-1949cf8c6b5b557f\stellar-xdr-20.1.0\src\curr\generated.rs:2754:42
     |
2754 | #[cfg_attr(feature = "arbitrary", derive(Arbitrary))]
     |                                          ^^^^^^^^^ could not find `details` in `arbitrary`
     |
     = note: this error originates in the derive macro `Arbitrary` (in Nightly builds, run with -Z macro-backtrace for more info)

error[E0407]: method `try_size_hint` is not a member of trait `arbitrary::Arbitrary`
    --> C:\Users\Devyani\.cargo\registry\src\index.crates.io-1949cf8c6b5b557f\stellar-xdr-20.1.0\src\curr\generated.rs:2754:42
     |
2754 | #[cfg_attr(feature = "arbitrary", derive(Arbitrary))]
     |                                          ^^^^^^^^^
     |                                          |
     |                                          not a member of trait `arbitrary::Arbitrary`
     |                                          help: there is an associated function with a similar name: `size_hint`
     |
     = note: this error originates in the derive macro `Arbitrary` (in Nightly builds, run with -Z macro-backtrace for more info)

error[E0433]: failed to resolve: could not find `details` in `arbitrary`
    --> C:\Users\Devyani\.cargo\registry\src\index.crates.io-1949cf8c6b5b557f\stellar-xdr-20.1.0\src\curr\generated.rs:2863:42
     |
2863 | #[cfg_attr(feature = "arbitrary", derive(Arbitrary))]
     |                                          ^^^^^^^^^ could not find `details` in `arbitrary`
     |
     = note: this error originates in the derive macro `Arbitrary` (in Nightly builds, run with -Z macro-backtrace for more info)

error[E0407]: method `try_size_hint` is not a member of trait `arbitrary::Arbitrary`
    --> C:\Users\Devyani\.cargo\registry\src\index.crates.io-1949cf8c6b5b557f\stellar-xdr-20.1.0\src\curr\generated.rs:2863:42
     |
2863 | #[cfg_attr(feature = "arbitrary", derive(Arbitrary))]
     |                                          ^^^^^^^^^
     |                                          |
     |                                          not a member of trait `arbitrary::Arbitrary`
     |                                          help: there is an associated function with a similar name: `size_hint`
     |
     = note: this error originates in the derive macro `Arbitrary` (in Nightly builds, run with -Z macro-backtrace for more info)

error[E0433]: failed to resolve: could not find `details` in `arbitrary`
    --> C:\Users\Devyani\.cargo\registry\src\index.crates.io-1949cf8c6b5b557f\stellar-xdr-20.1.0\src\curr\generated.rs:3027:42
     |
3027 | #[cfg_attr(feature = "arbitrary", derive(Arbitrary))]
     |                                          ^^^^^^^^^ could not find `details` in `arbitrary`
     |
     = note: this error originates in the derive macro `Arbitrary` (in Nightly builds, run with -Z macro-backtrace for more info)

error[E0407]: method `try_size_hint` is not a member of trait `arbitrary::Arbitrary`
    --> C:\Users\Devyani\.cargo\registry\src\index.crates.io-1949cf8c6b5b557f\stellar-xdr-20.1.0\src\curr\generated.rs:3027:42
     |
3027 | #[cfg_attr(feature = "arbitrary", derive(Arbitrary))]
     |                                          ^^^^^^^^^
     |                                          |
     |                                          not a member of trait `arbitrary::Arbitrary`
     |                                          help: there is an associated function with a similar name: `size_hint`
     |
     = note: this error originates in the derive macro `Arbitrary` (in Nightly builds, run with -Z macro-backtrace for more info)

error[E0433]: failed to resolve: could not find `details` in `arbitrary`
    --> C:\Users\Devyani\.cargo\registry\src\index.crates.io-1949cf8c6b5b557f\stellar-xdr-20.1.0\src\curr\generated.rs:3079:42
     |
3079 | #[cfg_attr(feature = "arbitrary", derive(Arbitrary))]
     |                                          ^^^^^^^^^ could not find `details` in `arbitrary`
     |
     = note: this error originates in the derive macro `Arbitrary` (in Nightly builds, run with -Z macro-backtrace for more info)

error[E0407]: method `try_size_hint` is not a member of trait `arbitrary::Arbitrary`
    --> C:\Users\Devyani\.cargo\registry\src\index.crates.io-1949cf8c6b5b557f\stellar-xdr-20.1.0\src\curr\generated.rs:3079:42
     |
3079 | #[cfg_attr(feature = "arbitrary", derive(Arbitrary))]
     |                                          ^^^^^^^^^
     |                                          |
     |                                          not a member of trait `arbitrary::Arbitrary`
     |                                          help: there is an associated function with a similar name: `size_hint`
     |
     = note: this error originates in the derive macro `Arbitrary` (in Nightly builds, run with -Z macro-backtrace for more info)

error[E0433]: failed to resolve: could not find `details` in `arbitrary`
    --> C:\Users\Devyani\.cargo\registry\src\index.crates.io-1949cf8c6b5b557f\stellar-xdr-20.1.0\src\curr\generated.rs:3139:42
     |
3139 | #[cfg_attr(feature = "arbitrary", derive(Arbitrary))]
     |                                          ^^^^^^^^^ could not find `details` in `arbitrary`
     |
     = note: this error originates in the derive macro `Arbitrary` (in Nightly builds, run with -Z macro-backtrace for more info)

error[E0407]: method `try_size_hint` is not a member of trait `arbitrary::Arbitrary`
    --> C:\Users\Devyani\.cargo\registry\src\index.crates.io-1949cf8c6b5b557f\stellar-xdr-20.1.0\src\curr\generated.rs:3139:42
     |
3139 | #[cfg_attr(feature = "arbitrary", derive(Arbitrary))]
     |                                          ^^^^^^^^^
     |                                          |
     |                                          not a member of trait `arbitrary::Arbitrary`
     |                                          help: there is an associated function with a similar name: `size_hint`
     |
     = note: this error originates in the derive macro `Arbitrary` (in Nightly builds, run with -Z macro-backtrace for more info)

error[E0433]: failed to resolve: could not find `details` in `arbitrary`
    --> C:\Users\Devyani\.cargo\registry\src\index.crates.io-1949cf8c6b5b557f\stellar-xdr-20.1.0\src\curr\generated.rs:3194:42
     |
3194 | #[cfg_attr(feature = "arbitrary", derive(Arbitrary))]
     |                                          ^^^^^^^^^ could not find `details` in `arbitrary`
     |
     = note: this error originates in the derive macro `Arbitrary` (in Nightly builds, run with -Z macro-backtrace for more info)

error[E0407]: method `try_size_hint` is not a member of trait `arbitrary::Arbitrary`
    --> C:\Users\Devyani\.cargo\registry\src\index.crates.io-1949cf8c6b5b557f\stellar-xdr-20.1.0\src\curr\generated.rs:3194:42
     |
3194 | #[cfg_attr(feature = "arbitrary", derive(Arbitrary))]
     |                                          ^^^^^^^^^
     |                                          |
     |                                          not a member of trait `arbitrary::Arbitrary`
     |                                          help: there is an associated function with a similar name: `size_hint`
     |
     = note: this error originates in the derive macro `Arbitrary` (in Nightly builds, run with -Z macro-backtrace for more info)

error[E0433]: failed to resolve: could not find `details` in `arbitrary`
    --> C:\Users\Devyani\.cargo\registry\src\index.crates.io-1949cf8c6b5b557f\stellar-xdr-20.1.0\src\curr\generated.rs:3269:42
     |
3269 | #[cfg_attr(feature = "arbitrary", derive(Arbitrary))]
     |                                          ^^^^^^^^^ could not find `details` in `arbitrary`
     |
     = note: this error originates in the derive macro `Arbitrary` (in Nightly builds, run with -Z macro-backtrace for more info)

error[E0407]: method `try_size_hint` is not a member of trait `arbitrary::Arbitrary`
    --> C:\Users\Devyani\.cargo\registry\src\index.crates.io-1949cf8c6b5b557f\stellar-xdr-20.1.0\src\curr\generated.rs:3269:42
     |
3269 | #[cfg_attr(feature = "arbitrary", derive(Arbitrary))]
     |                                          ^^^^^^^^^
     |                                          |
     |                                          not a member of trait `arbitrary::Arbitrary`
     |                                          help: there is an associated function with a similar name: `size_hint`
     |
     = note: this error originates in the derive macro `Arbitrary` (in Nightly builds, run with -Z macro-backtrace for more info)

error[E0433]: failed to resolve: could not find `details` in `arbitrary`
    --> C:\Users\Devyani\.cargo\registry\src\index.crates.io-1949cf8c6b5b557f\stellar-xdr-20.1.0\src\curr\generated.rs:3423:42
     |
3423 | #[cfg_attr(feature = "arbitrary", derive(Arbitrary))]
     |                                          ^^^^^^^^^ could not find `details` in `arbitrary`
     |
     = note: this error originates in the derive macro `Arbitrary` (in Nightly builds, run with -Z macro-backtrace for more info)

error[E0407]: method `try_size_hint` is not a member of trait `arbitrary::Arbitrary`
    --> C:\Users\Devyani\.cargo\registry\src\index.crates.io-1949cf8c6b5b557f\stellar-xdr-20.1.0\src\curr\generated.rs:3423:42
     |
3423 | #[cfg_attr(feature = "arbitrary", derive(Arbitrary))]
     |                                          ^^^^^^^^^
     |                                          |
     |                                          not a member of trait `arbitrary::Arbitrary`
     |                                          help: there is an associated function with a similar name: `size_hint`
     |
     = note: this error originates in the derive macro `Arbitrary` (in Nightly builds, run with -Z macro-backtrace for more info)

error[E0433]: failed to resolve: could not find `details` in `arbitrary`
    --> C:\Users\Devyani\.cargo\registry\src\index.crates.io-1949cf8c6b5b557f\stellar-xdr-20.1.0\src\curr\generated.rs:3471:42
     |
3471 | #[cfg_attr(feature = "arbitrary", derive(Arbitrary))]
     |                                          ^^^^^^^^^ could not find `details` in `arbitrary`
     |
     = note: this error originates in the derive macro `Arbitrary` (in Nightly builds, run with -Z macro-backtrace for more info)

error[E0407]: method `try_size_hint` is not a member of trait `arbitrary::Arbitrary`
    --> C:\Users\Devyani\.cargo\registry\src\index.crates.io-1949cf8c6b5b557f\stellar-xdr-20.1.0\src\curr\generated.rs:3471:42
     |
3471 | #[cfg_attr(feature = "arbitrary", derive(Arbitrary))]
     |                                          ^^^^^^^^^
     |                                          |
     |                                          not a member of trait `arbitrary::Arbitrary`
     |                                          help: there is an associated function with a similar name: `size_hint`
     |
     = note: this error originates in the derive macro `Arbitrary` (in Nightly builds, run with -Z macro-backtrace for more info)

error[E0433]: failed to resolve: could not find `details` in `arbitrary`
    --> C:\Users\Devyani\.cargo\registry\src\index.crates.io-1949cf8c6b5b557f\stellar-xdr-20.1.0\src\curr\generated.rs:3517:42
     |
3517 | #[cfg_attr(feature = "arbitrary", derive(Arbitrary))]
     |                                          ^^^^^^^^^ could not find `details` in `arbitrary`
     |
     = note: this error originates in the derive macro `Arbitrary` (in Nightly builds, run with -Z macro-backtrace for more info)

error[E0407]: method `try_size_hint` is not a member of trait `arbitrary::Arbitrary`
    --> C:\Users\Devyani\.cargo\registry\src\index.crates.io-1949cf8c6b5b557f\stellar-xdr-20.1.0\src\curr\generated.rs:3517:42
     |
3517 | #[cfg_attr(feature = "arbitrary", derive(Arbitrary))]
     |                                          ^^^^^^^^^
     |                                          |
     |                                          not a member of trait `arbitrary::Arbitrary`
     |                                          help: there is an associated function with a similar name: `size_hint`
     |
     = note: this error originates in the derive macro `Arbitrary` (in Nightly builds, run with -Z macro-backtrace for more info)

error[E0433]: failed to resolve: could not find `details` in `arbitrary`
    --> C:\Users\Devyani\.cargo\registry\src\index.crates.io-1949cf8c6b5b557f\stellar-xdr-20.1.0\src\curr\generated.rs:3565:42
     |
3565 | #[cfg_attr(feature = "arbitrary", derive(Arbitrary))]
     |                                          ^^^^^^^^^ could not find `details` in `arbitrary`
     |
     = note: this error originates in the derive macro `Arbitrary` (in Nightly builds, run with -Z macro-backtrace for more info)

error[E0407]: method `try_size_hint` is not a member of trait `arbitrary::Arbitrary`
    --> C:\Users\Devyani\.cargo\registry\src\index.crates.io-1949cf8c6b5b557f\stellar-xdr-20.1.0\src\curr\generated.rs:3565:42
     |
3565 | #[cfg_attr(feature = "arbitrary", derive(Arbitrary))]
     |                                          ^^^^^^^^^
     |                                          |
     |                                          not a member of trait `arbitrary::Arbitrary`
     |                                          help: there is an associated function with a similar name: `size_hint`
     |
     = note: this error originates in the derive macro `Arbitrary` (in Nightly builds, run with -Z macro-backtrace for more info)

error[E0433]: failed to resolve: could not find `details` in `arbitrary`
    --> C:\Users\Devyani\.cargo\registry\src\index.crates.io-1949cf8c6b5b557f\stellar-xdr-20.1.0\src\curr\generated.rs:3615:42
     |
3615 | #[cfg_attr(feature = "arbitrary", derive(Arbitrary))]
     |                                          ^^^^^^^^^ could not find `details` in `arbitrary`
     |
     = note: this error originates in the derive macro `Arbitrary` (in Nightly builds, run with -Z macro-backtrace for more info)

error[E0407]: method `try_size_hint` is not a member of trait `arbitrary::Arbitrary`
    --> C:\Users\Devyani\.cargo\registry\src\index.crates.io-1949cf8c6b5b557f\stellar-xdr-20.1.0\src\curr\generated.rs:3615:42
     |
3615 | #[cfg_attr(feature = "arbitrary", derive(Arbitrary))]
     |                                          ^^^^^^^^^
     |                                          |
     |                                          not a member of trait `arbitrary::Arbitrary`
     |                                          help: there is an associated function with a similar name: `size_hint`
     |
     = note: this error originates in the derive macro `Arbitrary` (in Nightly builds, run with -Z macro-backtrace for more info)

error[E0433]: failed to resolve: could not find `details` in `arbitrary`
    --> C:\Users\Devyani\.cargo\registry\src\index.crates.io-1949cf8c6b5b557f\stellar-xdr-20.1.0\src\curr\generated.rs:3696:42
     |
3696 | #[cfg_attr(feature = "arbitrary", derive(Arbitrary))]
     |                                          ^^^^^^^^^ could not find `details` in `arbitrary`
     |
     = note: this error originates in the derive macro `Arbitrary` (in Nightly builds, run with -Z macro-backtrace for more info)

error[E0407]: method `try_size_hint` is not a member of trait `arbitrary::Arbitrary`
    --> C:\Users\Devyani\.cargo\registry\src\index.crates.io-1949cf8c6b5b557f\stellar-xdr-20.1.0\src\curr\generated.rs:3696:42
     |
3696 | #[cfg_attr(feature = "arbitrary", derive(Arbitrary))]
     |                                          ^^^^^^^^^
     |                                          |
     |                                          not a member of trait `arbitrary::Arbitrary`
     |                                          help: there is an associated function with a similar name: `size_hint`
     |
     = note: this error originates in the derive macro `Arbitrary` (in Nightly builds, run with -Z macro-backtrace for more info)

error[E0433]: failed to resolve: could not find `details` in `arbitrary`
    --> C:\Users\Devyani\.cargo\registry\src\index.crates.io-1949cf8c6b5b557f\stellar-xdr-20.1.0\src\curr\generated.rs:3779:42
     |
3779 | #[cfg_attr(feature = "arbitrary", derive(Arbitrary))]
     |                                          ^^^^^^^^^ could not find `details` in `arbitrary`
     |
     = note: this error originates in the derive macro `Arbitrary` (in Nightly builds, run with -Z macro-backtrace for more info)

error[E0407]: method `try_size_hint` is not a member of trait `arbitrary::Arbitrary`
    --> C:\Users\Devyani\.cargo\registry\src\index.crates.io-1949cf8c6b5b557f\stellar-xdr-20.1.0\src\curr\generated.rs:3779:42
     |
3779 | #[cfg_attr(feature = "arbitrary", derive(Arbitrary))]
     |                                          ^^^^^^^^^
     |                                          |
     |                                          not a member of trait `arbitrary::Arbitrary`
     |                                          help: there is an associated function with a similar name: `size_hint`
     |
     = note: this error originates in the derive macro `Arbitrary` (in Nightly builds, run with -Z macro-backtrace for more info)

error[E0433]: failed to resolve: could not find `details` in `arbitrary`
    --> C:\Users\Devyani\.cargo\registry\src\index.crates.io-1949cf8c6b5b557f\stellar-xdr-20.1.0\src\curr\generated.rs:3823:42
     |
3823 | #[cfg_attr(feature = "arbitrary", derive(Arbitrary))]
     |                                          ^^^^^^^^^ could not find `details` in `arbitrary`
     |
     = note: this error originates in the derive macro `Arbitrary` (in Nightly builds, run with -Z macro-backtrace for more info)

error[E0407]: method `try_size_hint` is not a member of trait `arbitrary::Arbitrary`
    --> C:\Users\Devyani\.cargo\registry\src\index.crates.io-1949cf8c6b5b557f\stellar-xdr-20.1.0\src\curr\generated.rs:3823:42
     |
3823 | #[cfg_attr(feature = "arbitrary", derive(Arbitrary))]
     |                                          ^^^^^^^^^
     |                                          |
     |                                          not a member of trait `arbitrary::Arbitrary`
     |                                          help: there is an associated function with a similar name: `size_hint`
     |
     = note: this error originates in the derive macro `Arbitrary` (in Nightly builds, run with -Z macro-backtrace for more info)

error[E0433]: failed to resolve: could not find `details` in `arbitrary`
    --> C:\Users\Devyani\.cargo\registry\src\index.crates.io-1949cf8c6b5b557f\stellar-xdr-20.1.0\src\curr\generated.rs:3873:42
     |
3873 | #[cfg_attr(feature = "arbitrary", derive(Arbitrary))]
     |                                          ^^^^^^^^^ could not find `details` in `arbitrary`
     |
     = note: this error originates in the derive macro `Arbitrary` (in Nightly builds, run with -Z macro-backtrace for more info)

error[E0407]: method `try_size_hint` is not a member of trait `arbitrary::Arbitrary`
    --> C:\Users\Devyani\.cargo\registry\src\index.crates.io-1949cf8c6b5b557f\stellar-xdr-20.1.0\src\curr\generated.rs:3873:42
     |
3873 | #[cfg_attr(feature = "arbitrary", derive(Arbitrary))]
     |                                          ^^^^^^^^^
     |                                          |
     |                                          not a member of trait `arbitrary::Arbitrary`
     |                                          help: there is an associated function with a similar name: `size_hint`
     |
     = note: this error originates in the derive macro `Arbitrary` (in Nightly builds, run with -Z macro-backtrace for more info)

error[E0433]: failed to resolve: could not find `details` in `arbitrary`
    --> C:\Users\Devyani\.cargo\registry\src\index.crates.io-1949cf8c6b5b557f\stellar-xdr-20.1.0\src\curr\generated.rs:4186:42
     |
4186 | #[cfg_attr(feature = "arbitrary", derive(Arbitrary))]
     |                                          ^^^^^^^^^ could not find `details` in `arbitrary`
     |
     = note: this error originates in the derive macro `Arbitrary` (in Nightly builds, run with -Z macro-backtrace for more info)

error[E0407]: method `try_size_hint` is not a member of trait `arbitrary::Arbitrary`
    --> C:\Users\Devyani\.cargo\registry\src\index.crates.io-1949cf8c6b5b557f\stellar-xdr-20.1.0\src\curr\generated.rs:4186:42
     |
4186 | #[cfg_attr(feature = "arbitrary", derive(Arbitrary))]
     |                                          ^^^^^^^^^
     |                                          |
     |                                          not a member of trait `arbitrary::Arbitrary`
     |                                          help: there is an associated function with a similar name: `size_hint`
     |
     = note: this error originates in the derive macro `Arbitrary` (in Nightly builds, run with -Z macro-backtrace for more info)

error[E0433]: failed to resolve: could not find `details` in `arbitrary`
    --> C:\Users\Devyani\.cargo\registry\src\index.crates.io-1949cf8c6b5b557f\stellar-xdr-20.1.0\src\curr\generated.rs:4253:42
     |
4253 | #[cfg_attr(feature = "arbitrary", derive(Arbitrary))]
     |                                          ^^^^^^^^^ could not find `details` in `arbitrary`
     |
     = note: this error originates in the derive macro `Arbitrary` (in Nightly builds, run with -Z macro-backtrace for more info)

error[E0407]: method `try_size_hint` is not a member of trait `arbitrary::Arbitrary`
    --> C:\Users\Devyani\.cargo\registry\src\index.crates.io-1949cf8c6b5b557f\stellar-xdr-20.1.0\src\curr\generated.rs:4253:42
     |
4253 | #[cfg_attr(feature = "arbitrary", derive(Arbitrary))]
     |                                          ^^^^^^^^^
     |                                          |
     |                                          not a member of trait `arbitrary::Arbitrary`
     |                                          help: there is an associated function with a similar name: `size_hint`
     |
     = note: this error originates in the derive macro `Arbitrary` (in Nightly builds, run with -Z macro-backtrace for more info)

error[E0433]: failed to resolve: could not find `details` in `arbitrary`
    --> C:\Users\Devyani\.cargo\registry\src\index.crates.io-1949cf8c6b5b557f\stellar-xdr-20.1.0\src\curr\generated.rs:4322:42
     |
4322 | #[cfg_attr(feature = "arbitrary", derive(Arbitrary))]
     |                                          ^^^^^^^^^ could not find `details` in `arbitrary`
     |
     = note: this error originates in the derive macro `Arbitrary` (in Nightly builds, run with -Z macro-backtrace for more info)

error[E0407]: method `try_size_hint` is not a member of trait `arbitrary::Arbitrary`
    --> C:\Users\Devyani\.cargo\registry\src\index.crates.io-1949cf8c6b5b557f\stellar-xdr-20.1.0\src\curr\generated.rs:4322:42
     |
4322 | #[cfg_attr(feature = "arbitrary", derive(Arbitrary))]
     |                                          ^^^^^^^^^
     |                                          |
     |                                          not a member of trait `arbitrary::Arbitrary`
     |                                          help: there is an associated function with a similar name: `size_hint`
     |
     = note: this error originates in the derive macro `Arbitrary` (in Nightly builds, run with -Z macro-backtrace for more info)

error[E0433]: failed to resolve: could not find `details` in `arbitrary`
    --> C:\Users\Devyani\.cargo\registry\src\index.crates.io-1949cf8c6b5b557f\stellar-xdr-20.1.0\src\curr\generated.rs:4374:42
     |
4374 | #[cfg_attr(feature = "arbitrary", derive(Arbitrary))]
     |                                          ^^^^^^^^^ could not find `details` in `arbitrary`
     |
     = note: this error originates in the derive macro `Arbitrary` (in Nightly builds, run with -Z macro-backtrace for more info)

error[E0407]: method `try_size_hint` is not a member of trait `arbitrary::Arbitrary`
    --> C:\Users\Devyani\.cargo\registry\src\index.crates.io-1949cf8c6b5b557f\stellar-xdr-20.1.0\src\curr\generated.rs:4374:42
     |
4374 | #[cfg_attr(feature = "arbitrary", derive(Arbitrary))]
     |                                          ^^^^^^^^^
     |                                          |
     |                                          not a member of trait `arbitrary::Arbitrary`
     |                                          help: there is an associated function with a similar name: `size_hint`
     |
     = note: this error originates in the derive macro `Arbitrary` (in Nightly builds, run with -Z macro-backtrace for more info)

error[E0433]: failed to resolve: could not find `details` in `arbitrary`
    --> C:\Users\Devyani\.cargo\registry\src\index.crates.io-1949cf8c6b5b557f\stellar-xdr-20.1.0\src\curr\generated.rs:4693:42
     |
4693 | #[cfg_attr(feature = "arbitrary", derive(Arbitrary))]
     |                                          ^^^^^^^^^ could not find `details` in `arbitrary`
     |
     = note: this error originates in the derive macro `Arbitrary` (in Nightly builds, run with -Z macro-backtrace for more info)

error[E0407]: method `try_size_hint` is not a member of trait `arbitrary::Arbitrary`
    --> C:\Users\Devyani\.cargo\registry\src\index.crates.io-1949cf8c6b5b557f\stellar-xdr-20.1.0\src\curr\generated.rs:4693:42
     |
4693 | #[cfg_attr(feature = "arbitrary", derive(Arbitrary))]
     |                                          ^^^^^^^^^
     |                                          |
     |                                          not a member of trait `arbitrary::Arbitrary`
     |                                          help: there is an associated function with a similar name: `size_hint`
     |
     = note: this error originates in the derive macro `Arbitrary` (in Nightly builds, run with -Z macro-backtrace for more info)

error[E0433]: failed to resolve: could not find `details` in `arbitrary`
    --> C:\Users\Devyani\.cargo\registry\src\index.crates.io-1949cf8c6b5b557f\stellar-xdr-20.1.0\src\curr\generated.rs:5021:42
     |
5021 | #[cfg_attr(feature = "arbitrary", derive(Arbitrary))]
     |                                          ^^^^^^^^^ could not find `details` in `arbitrary`
     |
     = note: this error originates in the derive macro `Arbitrary` (in Nightly builds, run with -Z macro-backtrace for more info)

error[E0407]: method `try_size_hint` is not a member of trait `arbitrary::Arbitrary`
    --> C:\Users\Devyani\.cargo\registry\src\index.crates.io-1949cf8c6b5b557f\stellar-xdr-20.1.0\src\curr\generated.rs:5021:42
     |
5021 | #[cfg_attr(feature = "arbitrary", derive(Arbitrary))]
     |                                          ^^^^^^^^^
     |                                          |
     |                                          not a member of trait `arbitrary::Arbitrary`
     |                                          help: there is an associated function with a similar name: `size_hint`
     |
     = note: this error originates in the derive macro `Arbitrary` (in Nightly builds, run with -Z macro-backtrace for more info)

error[E0433]: failed to resolve: could not find `details` in `arbitrary`
    --> C:\Users\Devyani\.cargo\registry\src\index.crates.io-1949cf8c6b5b557f\stellar-xdr-20.1.0\src\curr\generated.rs:5122:42
     |
5122 | #[cfg_attr(feature = "arbitrary", derive(Arbitrary))]
     |                                          ^^^^^^^^^ could not find `details` in `arbitrary`
     |
     = note: this error originates in the derive macro `Arbitrary` (in Nightly builds, run with -Z macro-backtrace for more info)

error[E0407]: method `try_size_hint` is not a member of trait `arbitrary::Arbitrary`
    --> C:\Users\Devyani\.cargo\registry\src\index.crates.io-1949cf8c6b5b557f\stellar-xdr-20.1.0\src\curr\generated.rs:5122:42
     |
5122 | #[cfg_attr(feature = "arbitrary", derive(Arbitrary))]
     |                                          ^^^^^^^^^
     |                                          |
     |                                          not a member of trait `arbitrary::Arbitrary`
     |                                          help: there is an associated function with a similar name: `size_hint`
     |
     = note: this error originates in the derive macro `Arbitrary` (in Nightly builds, run with -Z macro-backtrace for more info)

error[E0433]: failed to resolve: could not find `details` in `arbitrary`
    --> C:\Users\Devyani\.cargo\registry\src\index.crates.io-1949cf8c6b5b557f\stellar-xdr-20.1.0\src\curr\generated.rs:5269:42
     |
5269 | #[cfg_attr(feature = "arbitrary", derive(Arbitrary))]
     |                                          ^^^^^^^^^ could not find `details` in `arbitrary`
     |
     = note: this error originates in the derive macro `Arbitrary` (in Nightly builds, run with -Z macro-backtrace for more info)

error[E0407]: method `try_size_hint` is not a member of trait `arbitrary::Arbitrary`
    --> C:\Users\Devyani\.cargo\registry\src\index.crates.io-1949cf8c6b5b557f\stellar-xdr-20.1.0\src\curr\generated.rs:5269:42
     |
5269 | #[cfg_attr(feature = "arbitrary", derive(Arbitrary))]
     |                                          ^^^^^^^^^
     |                                          |
     |                                          not a member of trait `arbitrary::Arbitrary`
     |                                          help: there is an associated function with a similar name: `size_hint`
     |
     = note: this error originates in the derive macro `Arbitrary` (in Nightly builds, run with -Z macro-backtrace for more info)

error[E0433]: failed to resolve: could not find `details` in `arbitrary`
    --> C:\Users\Devyani\.cargo\registry\src\index.crates.io-1949cf8c6b5b557f\stellar-xdr-20.1.0\src\curr\generated.rs:5630:42
     |
5630 | #[cfg_attr(feature = "arbitrary", derive(Arbitrary))]
     |                                          ^^^^^^^^^ could not find `details` in `arbitrary`
     |
     = note: this error originates in the derive macro `Arbitrary` (in Nightly builds, run with -Z macro-backtrace for more info)

error[E0407]: method `try_size_hint` is not a member of trait `arbitrary::Arbitrary`
    --> C:\Users\Devyani\.cargo\registry\src\index.crates.io-1949cf8c6b5b557f\stellar-xdr-20.1.0\src\curr\generated.rs:5630:42
     |
5630 | #[cfg_attr(feature = "arbitrary", derive(Arbitrary))]
     |                                          ^^^^^^^^^
     |                                          |
     |                                          not a member of trait `arbitrary::Arbitrary`
     |                                          help: there is an associated function with a similar name: `size_hint`
     |
     = note: this error originates in the derive macro `Arbitrary` (in Nightly builds, run with -Z macro-backtrace for more info)

error[E0433]: failed to resolve: could not find `details` in `arbitrary`
    --> C:\Users\Devyani\.cargo\registry\src\index.crates.io-1949cf8c6b5b557f\stellar-xdr-20.1.0\src\curr\generated.rs:5672:42
     |
5672 | #[cfg_attr(feature = "arbitrary", derive(Arbitrary))]
     |                                          ^^^^^^^^^ could not find `details` in `arbitrary`
     |
     = note: this error originates in the derive macro `Arbitrary` (in Nightly builds, run with -Z macro-backtrace for more info)

error[E0407]: method `try_size_hint` is not a member of trait `arbitrary::Arbitrary`
    --> C:\Users\Devyani\.cargo\registry\src\index.crates.io-1949cf8c6b5b557f\stellar-xdr-20.1.0\src\curr\generated.rs:5672:42
     |
5672 | #[cfg_attr(feature = "arbitrary", derive(Arbitrary))]
     |                                          ^^^^^^^^^
     |                                          |
     |                                          not a member of trait `arbitrary::Arbitrary`
     |                                          help: there is an associated function with a similar name: `size_hint`
     |
     = note: this error originates in the derive macro `Arbitrary` (in Nightly builds, run with -Z macro-backtrace for more info)

error[E0433]: failed to resolve: could not find `details` in `arbitrary`
    --> C:\Users\Devyani\.cargo\registry\src\index.crates.io-1949cf8c6b5b557f\stellar-xdr-20.1.0\src\curr\generated.rs:5716:42
     |
5716 | #[cfg_attr(feature = "arbitrary", derive(Arbitrary))]
     |                                          ^^^^^^^^^ could not find `details` in `arbitrary`
     |
     = note: this error originates in the derive macro `Arbitrary` (in Nightly builds, run with -Z macro-backtrace for more info)

error[E0407]: method `try_size_hint` is not a member of trait `arbitrary::Arbitrary`
    --> C:\Users\Devyani\.cargo\registry\src\index.crates.io-1949cf8c6b5b557f\stellar-xdr-20.1.0\src\curr\generated.rs:5716:42
     |
5716 | #[cfg_attr(feature = "arbitrary", derive(Arbitrary))]
     |                                          ^^^^^^^^^
     |                                          |
     |                                          not a member of trait `arbitrary::Arbitrary`
     |                                          help: there is an associated function with a similar name: `size_hint`
     |
     = note: this error originates in the derive macro `Arbitrary` (in Nightly builds, run with -Z macro-backtrace for more info)

error[E0433]: failed to resolve: could not find `details` in `arbitrary`
    --> C:\Users\Devyani\.cargo\registry\src\index.crates.io-1949cf8c6b5b557f\stellar-xdr-20.1.0\src\curr\generated.rs:5758:42
     |
5758 | #[cfg_attr(feature = "arbitrary", derive(Arbitrary))]
     |                                          ^^^^^^^^^ could not find `details` in `arbitrary`
     |
     = note: this error originates in the derive macro `Arbitrary` (in Nightly builds, run with -Z macro-backtrace for more info)

error[E0407]: method `try_size_hint` is not a member of trait `arbitrary::Arbitrary`
    --> C:\Users\Devyani\.cargo\registry\src\index.crates.io-1949cf8c6b5b557f\stellar-xdr-20.1.0\src\curr\generated.rs:5758:42
     |
5758 | #[cfg_attr(feature = "arbitrary", derive(Arbitrary))]
     |                                          ^^^^^^^^^
     |                                          |
     |                                          not a member of trait `arbitrary::Arbitrary`
     |                                          help: there is an associated function with a similar name: `size_hint`
     |
     = note: this error originates in the derive macro `Arbitrary` (in Nightly builds, run with -Z macro-backtrace for more info)

error[E0433]: failed to resolve: could not find `details` in `arbitrary`
    --> C:\Users\Devyani\.cargo\registry\src\index.crates.io-1949cf8c6b5b557f\stellar-xdr-20.1.0\src\curr\generated.rs:5802:42
     |
5802 | #[cfg_attr(feature = "arbitrary", derive(Arbitrary))]
     |                                          ^^^^^^^^^ could not find `details` in `arbitrary`
     |
     = note: this error originates in the derive macro `Arbitrary` (in Nightly builds, run with -Z macro-backtrace for more info)

error[E0407]: method `try_size_hint` is not a member of trait `arbitrary::Arbitrary`
    --> C:\Users\Devyani\.cargo\registry\src\index.crates.io-1949cf8c6b5b557f\stellar-xdr-20.1.0\src\curr\generated.rs:5802:42
     |
5802 | #[cfg_attr(feature = "arbitrary", derive(Arbitrary))]
     |                                          ^^^^^^^^^
     |                                          |
     |                                          not a member of trait `arbitrary::Arbitrary`
     |                                          help: there is an associated function with a similar name: `size_hint`
     |
     = note: this error originates in the derive macro `Arbitrary` (in Nightly builds, run with -Z macro-backtrace for more info)

error[E0433]: failed to resolve: could not find `details` in `arbitrary`
    --> C:\Users\Devyani\.cargo\registry\src\index.crates.io-1949cf8c6b5b557f\stellar-xdr-20.1.0\src\curr\generated.rs:5843:42
     |
5843 | #[cfg_attr(feature = "arbitrary", derive(Arbitrary))]
     |                                          ^^^^^^^^^ could not find `details` in `arbitrary`
     |
     = note: this error originates in the derive macro `Arbitrary` (in Nightly builds, run with -Z macro-backtrace for more info)

error[E0407]: method `try_size_hint` is not a member of trait `arbitrary::Arbitrary`
    --> C:\Users\Devyani\.cargo\registry\src\index.crates.io-1949cf8c6b5b557f\stellar-xdr-20.1.0\src\curr\generated.rs:5843:42
     |
5843 | #[cfg_attr(feature = "arbitrary", derive(Arbitrary))]
     |                                          ^^^^^^^^^
     |                                          |
     |                                          not a member of trait `arbitrary::Arbitrary`
     |                                          help: there is an associated function with a similar name: `size_hint`
     |
     = note: this error originates in the derive macro `Arbitrary` (in Nightly builds, run with -Z macro-backtrace for more info)

error[E0433]: failed to resolve: could not find `details` in `arbitrary`
    --> C:\Users\Devyani\.cargo\registry\src\index.crates.io-1949cf8c6b5b557f\stellar-xdr-20.1.0\src\curr\generated.rs:5884:42
     |
5884 | #[cfg_attr(feature = "arbitrary", derive(Arbitrary))]
     |                                          ^^^^^^^^^ could not find `details` in `arbitrary`
     |
     = note: this error originates in the derive macro `Arbitrary` (in Nightly builds, run with -Z macro-backtrace for more info)

error[E0407]: method `try_size_hint` is not a member of trait `arbitrary::Arbitrary`
    --> C:\Users\Devyani\.cargo\registry\src\index.crates.io-1949cf8c6b5b557f\stellar-xdr-20.1.0\src\curr\generated.rs:5884:42
     |
5884 | #[cfg_attr(feature = "arbitrary", derive(Arbitrary))]
     |                                          ^^^^^^^^^
     |                                          |
     |                                          not a member of trait `arbitrary::Arbitrary`
     |                                          help: there is an associated function with a similar name: `size_hint`
     |
     = note: this error originates in the derive macro `Arbitrary` (in Nightly builds, run with -Z macro-backtrace for more info)

error[E0433]: failed to resolve: could not find `details` in `arbitrary`
    --> C:\Users\Devyani\.cargo\registry\src\index.crates.io-1949cf8c6b5b557f\stellar-xdr-20.1.0\src\curr\generated.rs:5958:42
     |
5958 | #[cfg_attr(feature = "arbitrary", derive(Arbitrary))]
     |                                          ^^^^^^^^^ could not find `details` in `arbitrary`
     |
     = note: this error originates in the derive macro `Arbitrary` (in Nightly builds, run with -Z macro-backtrace for more info)

error[E0407]: method `try_size_hint` is not a member of trait `arbitrary::Arbitrary`
    --> C:\Users\Devyani\.cargo\registry\src\index.crates.io-1949cf8c6b5b557f\stellar-xdr-20.1.0\src\curr\generated.rs:5958:42
     |
5958 | #[cfg_attr(feature = "arbitrary", derive(Arbitrary))]
     |                                          ^^^^^^^^^
     |                                          |
     |                                          not a member of trait `arbitrary::Arbitrary`
     |                                          help: there is an associated function with a similar name: `size_hint`
     |
     = note: this error originates in the derive macro `Arbitrary` (in Nightly builds, run with -Z macro-backtrace for more info)

error[E0433]: failed to resolve: could not find `details` in `arbitrary`
    --> C:\Users\Devyani\.cargo\registry\src\index.crates.io-1949cf8c6b5b557f\stellar-xdr-20.1.0\src\curr\generated.rs:6230:42
     |
6230 | #[cfg_attr(feature = "arbitrary", derive(Arbitrary))]
     |                                          ^^^^^^^^^ could not find `details` in `arbitrary`
     |
     = note: this error originates in the derive macro `Arbitrary` (in Nightly builds, run with -Z macro-backtrace for more info)

error[E0407]: method `try_size_hint` is not a member of trait `arbitrary::Arbitrary`
    --> C:\Users\Devyani\.cargo\registry\src\index.crates.io-1949cf8c6b5b557f\stellar-xdr-20.1.0\src\curr\generated.rs:6230:42
     |
6230 | #[cfg_attr(feature = "arbitrary", derive(Arbitrary))]
     |                                          ^^^^^^^^^
     |                                          |
     |                                          not a member of trait `arbitrary::Arbitrary`
     |                                          help: there is an associated function with a similar name: `size_hint`
     |
     = note: this error originates in the derive macro `Arbitrary` (in Nightly builds, run with -Z macro-backtrace for more info)

error[E0433]: failed to resolve: could not find `details` in `arbitrary`
    --> C:\Users\Devyani\.cargo\registry\src\index.crates.io-1949cf8c6b5b557f\stellar-xdr-20.1.0\src\curr\generated.rs:6280:42
     |
6280 | #[cfg_attr(feature = "arbitrary", derive(Arbitrary))]
     |                                          ^^^^^^^^^ could not find `details` in `arbitrary`
     |
     = note: this error originates in the derive macro `Arbitrary` (in Nightly builds, run with -Z macro-backtrace for more info)

error[E0407]: method `try_size_hint` is not a member of trait `arbitrary::Arbitrary`
    --> C:\Users\Devyani\.cargo\registry\src\index.crates.io-1949cf8c6b5b557f\stellar-xdr-20.1.0\src\curr\generated.rs:6280:42
     |
6280 | #[cfg_attr(feature = "arbitrary", derive(Arbitrary))]
     |                                          ^^^^^^^^^
     |                                          |
     |                                          not a member of trait `arbitrary::Arbitrary`
     |                                          help: there is an associated function with a similar name: `size_hint`
     |
     = note: this error originates in the derive macro `Arbitrary` (in Nightly builds, run with -Z macro-backtrace for more info)

error[E0433]: failed to resolve: could not find `details` in `arbitrary`
    --> C:\Users\Devyani\.cargo\registry\src\index.crates.io-1949cf8c6b5b557f\stellar-xdr-20.1.0\src\curr\generated.rs:6331:42
     |
6331 | #[cfg_attr(feature = "arbitrary", derive(Arbitrary))]
     |                                          ^^^^^^^^^ could not find `details` in `arbitrary`
     |
     = note: this error originates in the derive macro `Arbitrary` (in Nightly builds, run with -Z macro-backtrace for more info)

error[E0407]: method `try_size_hint` is not a member of trait `arbitrary::Arbitrary`
    --> C:\Users\Devyani\.cargo\registry\src\index.crates.io-1949cf8c6b5b557f\stellar-xdr-20.1.0\src\curr\generated.rs:6331:42
     |
6331 | #[cfg_attr(feature = "arbitrary", derive(Arbitrary))]
     |                                          ^^^^^^^^^
     |                                          |
     |                                          not a member of trait `arbitrary::Arbitrary`
     |                                          help: there is an associated function with a similar name: `size_hint`
     |
     = note: this error originates in the derive macro `Arbitrary` (in Nightly builds, run with -Z macro-backtrace for more info)

error[E0433]: failed to resolve: could not find `details` in `arbitrary`
    --> C:\Users\Devyani\.cargo\registry\src\index.crates.io-1949cf8c6b5b557f\stellar-xdr-20.1.0\src\curr\generated.rs:6377:42
     |
6377 | #[cfg_attr(feature = "arbitrary", derive(Arbitrary))]
     |                                          ^^^^^^^^^ could not find `details` in `arbitrary`
     |
     = note: this error originates in the derive macro `Arbitrary` (in Nightly builds, run with -Z macro-backtrace for more info)

error[E0407]: method `try_size_hint` is not a member of trait `arbitrary::Arbitrary`
    --> C:\Users\Devyani\.cargo\registry\src\index.crates.io-1949cf8c6b5b557f\stellar-xdr-20.1.0\src\curr\generated.rs:6377:42
     |
6377 | #[cfg_attr(feature = "arbitrary", derive(Arbitrary))]
     |                                          ^^^^^^^^^
     |                                          |
     |                                          not a member of trait `arbitrary::Arbitrary`
     |                                          help: there is an associated function with a similar name: `size_hint`
     |
     = note: this error originates in the derive macro `Arbitrary` (in Nightly builds, run with -Z macro-backtrace for more info)

error[E0433]: failed to resolve: could not find `details` in `arbitrary`
    --> C:\Users\Devyani\.cargo\registry\src\index.crates.io-1949cf8c6b5b557f\stellar-xdr-20.1.0\src\curr\generated.rs:6536:42
     |
6536 | #[cfg_attr(feature = "arbitrary", derive(Arbitrary))]
     |                                          ^^^^^^^^^ could not find `details` in `arbitrary`
     |
     = note: this error originates in the derive macro `Arbitrary` (in Nightly builds, run with -Z macro-backtrace for more info)

error[E0407]: method `try_size_hint` is not a member of trait `arbitrary::Arbitrary`
    --> C:\Users\Devyani\.cargo\registry\src\index.crates.io-1949cf8c6b5b557f\stellar-xdr-20.1.0\src\curr\generated.rs:6536:42
     |
6536 | #[cfg_attr(feature = "arbitrary", derive(Arbitrary))]
     |                                          ^^^^^^^^^
     |                                          |
     |                                          not a member of trait `arbitrary::Arbitrary`
     |                                          help: there is an associated function with a similar name: `size_hint`
     |
     = note: this error originates in the derive macro `Arbitrary` (in Nightly builds, run with -Z macro-backtrace for more info)

error[E0433]: failed to resolve: could not find `details` in `arbitrary`
    --> C:\Users\Devyani\.cargo\registry\src\index.crates.io-1949cf8c6b5b557f\stellar-xdr-20.1.0\src\curr\generated.rs:6649:42
     |
6649 | #[cfg_attr(feature = "arbitrary", derive(Arbitrary))]
     |                                          ^^^^^^^^^ could not find `details` in `arbitrary`
     |
     = note: this error originates in the derive macro `Arbitrary` (in Nightly builds, run with -Z macro-backtrace for more info)

error[E0407]: method `try_size_hint` is not a member of trait `arbitrary::Arbitrary`
    --> C:\Users\Devyani\.cargo\registry\src\index.crates.io-1949cf8c6b5b557f\stellar-xdr-20.1.0\src\curr\generated.rs:6649:42
     |
6649 | #[cfg_attr(feature = "arbitrary", derive(Arbitrary))]
     |                                          ^^^^^^^^^
     |                                          |
     |                                          not a member of trait `arbitrary::Arbitrary`
     |                                          help: there is an associated function with a similar name: `size_hint`
     |
     = note: this error originates in the derive macro `Arbitrary` (in Nightly builds, run with -Z macro-backtrace for more info)

error[E0433]: failed to resolve: could not find `details` in `arbitrary`
    --> C:\Users\Devyani\.cargo\registry\src\index.crates.io-1949cf8c6b5b557f\stellar-xdr-20.1.0\src\curr\generated.rs:6701:42
     |
6701 | #[cfg_attr(feature = "arbitrary", derive(Arbitrary))]
     |                                          ^^^^^^^^^ could not find `details` in `arbitrary`
     |
     = note: this error originates in the derive macro `Arbitrary` (in Nightly builds, run with -Z macro-backtrace for more info)

error[E0407]: method `try_size_hint` is not a member of trait `arbitrary::Arbitrary`
    --> C:\Users\Devyani\.cargo\registry\src\index.crates.io-1949cf8c6b5b557f\stellar-xdr-20.1.0\src\curr\generated.rs:6701:42
     |
6701 | #[cfg_attr(feature = "arbitrary", derive(Arbitrary))]
     |                                          ^^^^^^^^^
     |                                          |
     |                                          not a member of trait `arbitrary::Arbitrary`
     |                                          help: there is an associated function with a similar name: `size_hint`
     |
     = note: this error originates in the derive macro `Arbitrary` (in Nightly builds, run with -Z macro-backtrace for more info)

error[E0433]: failed to resolve: could not find `details` in `arbitrary`
    --> C:\Users\Devyani\.cargo\registry\src\index.crates.io-1949cf8c6b5b557f\stellar-xdr-20.1.0\src\curr\generated.rs:6751:42
     |
6751 | #[cfg_attr(feature = "arbitrary", derive(Arbitrary))]
     |                                          ^^^^^^^^^ could not find `details` in `arbitrary`
     |
     = note: this error originates in the derive macro `Arbitrary` (in Nightly builds, run with -Z macro-backtrace for more info)

error[E0407]: method `try_size_hint` is not a member of trait `arbitrary::Arbitrary`
    --> C:\Users\Devyani\.cargo\registry\src\index.crates.io-1949cf8c6b5b557f\stellar-xdr-20.1.0\src\curr\generated.rs:6751:42
     |
6751 | #[cfg_attr(feature = "arbitrary", derive(Arbitrary))]
     |                                          ^^^^^^^^^
     |                                          |
     |                                          not a member of trait `arbitrary::Arbitrary`
     |                                          help: there is an associated function with a similar name: `size_hint`
     |
     = note: this error originates in the derive macro `Arbitrary` (in Nightly builds, run with -Z macro-backtrace for more info)

error[E0433]: failed to resolve: could not find `details` in `arbitrary`
    --> C:\Users\Devyani\.cargo\registry\src\index.crates.io-1949cf8c6b5b557f\stellar-xdr-20.1.0\src\curr\generated.rs:6803:42
     |
6803 | #[cfg_attr(feature = "arbitrary", derive(Arbitrary))]
     |                                          ^^^^^^^^^ could not find `details` in `arbitrary`
     |
     = note: this error originates in the derive macro `Arbitrary` (in Nightly builds, run with -Z macro-backtrace for more info)

error[E0407]: method `try_size_hint` is not a member of trait `arbitrary::Arbitrary`
    --> C:\Users\Devyani\.cargo\registry\src\index.crates.io-1949cf8c6b5b557f\stellar-xdr-20.1.0\src\curr\generated.rs:6803:42
     |
6803 | #[cfg_attr(feature = "arbitrary", derive(Arbitrary))]
     |                                          ^^^^^^^^^
     |                                          |
     |                                          not a member of trait `arbitrary::Arbitrary`
     |                                          help: there is an associated function with a similar name: `size_hint`
     |
     = note: this error originates in the derive macro `Arbitrary` (in Nightly builds, run with -Z macro-backtrace for more info)

error[E0433]: failed to resolve: could not find `details` in `arbitrary`
    --> C:\Users\Devyani\.cargo\registry\src\index.crates.io-1949cf8c6b5b557f\stellar-xdr-20.1.0\src\curr\generated.rs:6853:42
     |
6853 | #[cfg_attr(feature = "arbitrary", derive(Arbitrary))]
     |                                          ^^^^^^^^^ could not find `details` in `arbitrary`
     |
     = note: this error originates in the derive macro `Arbitrary` (in Nightly builds, run with -Z macro-backtrace for more info)

error[E0407]: method `try_size_hint` is not a member of trait `arbitrary::Arbitrary`
    --> C:\Users\Devyani\.cargo\registry\src\index.crates.io-1949cf8c6b5b557f\stellar-xdr-20.1.0\src\curr\generated.rs:6853:42
     |
6853 | #[cfg_attr(feature = "arbitrary", derive(Arbitrary))]
     |                                          ^^^^^^^^^
     |                                          |
     |                                          not a member of trait `arbitrary::Arbitrary`
     |                                          help: there is an associated function with a similar name: `size_hint`
     |
     = note: this error originates in the derive macro `Arbitrary` (in Nightly builds, run with -Z macro-backtrace for more info)

error[E0433]: failed to resolve: could not find `details` in `arbitrary`
    --> C:\Users\Devyani\.cargo\registry\src\index.crates.io-1949cf8c6b5b557f\stellar-xdr-20.1.0\src\curr\generated.rs:6905:42
     |
6905 | #[cfg_attr(feature = "arbitrary", derive(Arbitrary))]
     |                                          ^^^^^^^^^ could not find `details` in `arbitrary`
     |
     = note: this error originates in the derive macro `Arbitrary` (in Nightly builds, run with -Z macro-backtrace for more info)

error[E0407]: method `try_size_hint` is not a member of trait `arbitrary::Arbitrary`
    --> C:\Users\Devyani\.cargo\registry\src\index.crates.io-1949cf8c6b5b557f\stellar-xdr-20.1.0\src\curr\generated.rs:6905:42
     |
6905 | #[cfg_attr(feature = "arbitrary", derive(Arbitrary))]
     |                                          ^^^^^^^^^
     |                                          |
     |                                          not a member of trait `arbitrary::Arbitrary`
     |                                          help: there is an associated function with a similar name: `size_hint`
     |
     = note: this error originates in the derive macro `Arbitrary` (in Nightly builds, run with -Z macro-backtrace for more info)

error[E0433]: failed to resolve: could not find `details` in `arbitrary`
    --> C:\Users\Devyani\.cargo\registry\src\index.crates.io-1949cf8c6b5b557f\stellar-xdr-20.1.0\src\curr\generated.rs:6955:42
     |
6955 | #[cfg_attr(feature = "arbitrary", derive(Arbitrary))]
     |                                          ^^^^^^^^^ could not find `details` in `arbitrary`
     |
     = note: this error originates in the derive macro `Arbitrary` (in Nightly builds, run with -Z macro-backtrace for more info)

error[E0407]: method `try_size_hint` is not a member of trait `arbitrary::Arbitrary`
    --> C:\Users\Devyani\.cargo\registry\src\index.crates.io-1949cf8c6b5b557f\stellar-xdr-20.1.0\src\curr\generated.rs:6955:42
     |
6955 | #[cfg_attr(feature = "arbitrary", derive(Arbitrary))]
     |                                          ^^^^^^^^^
     |                                          |
     |                                          not a member of trait `arbitrary::Arbitrary`
     |                                          help: there is an associated function with a similar name: `size_hint`
     |
     = note: this error originates in the derive macro `Arbitrary` (in Nightly builds, run with -Z macro-backtrace for more info)

error[E0433]: failed to resolve: could not find `details` in `arbitrary`
    --> C:\Users\Devyani\.cargo\registry\src\index.crates.io-1949cf8c6b5b557f\stellar-xdr-20.1.0\src\curr\generated.rs:7144:42
     |
7144 | #[cfg_attr(feature = "arbitrary", derive(Arbitrary))]
     |                                          ^^^^^^^^^ could not find `details` in `arbitrary`
     |
     = note: this error originates in the derive macro `Arbitrary` (in Nightly builds, run with -Z macro-backtrace for more info)

error[E0407]: method `try_size_hint` is not a member of trait `arbitrary::Arbitrary`
    --> C:\Users\Devyani\.cargo\registry\src\index.crates.io-1949cf8c6b5b557f\stellar-xdr-20.1.0\src\curr\generated.rs:7144:42
     |
7144 | #[cfg_attr(feature = "arbitrary", derive(Arbitrary))]
     |                                          ^^^^^^^^^
     |                                          |
     |                                          not a member of trait `arbitrary::Arbitrary`
     |                                          help: there is an associated function with a similar name: `size_hint`
     |
     = note: this error originates in the derive macro `Arbitrary` (in Nightly builds, run with -Z macro-backtrace for more info)

error[E0433]: failed to resolve: could not find `details` in `arbitrary`
    --> C:\Users\Devyani\.cargo\registry\src\index.crates.io-1949cf8c6b5b557f\stellar-xdr-20.1.0\src\curr\generated.rs:7858:42
     |
7858 | #[cfg_attr(feature = "arbitrary", derive(Arbitrary))]
     |                                          ^^^^^^^^^ could not find `details` in `arbitrary`
     |
     = note: this error originates in the derive macro `Arbitrary` (in Nightly builds, run with -Z macro-backtrace for more info)

error[E0407]: method `try_size_hint` is not a member of trait `arbitrary::Arbitrary`
    --> C:\Users\Devyani\.cargo\registry\src\index.crates.io-1949cf8c6b5b557f\stellar-xdr-20.1.0\src\curr\generated.rs:7858:42
     |
7858 | #[cfg_attr(feature = "arbitrary", derive(Arbitrary))]
     |                                          ^^^^^^^^^
     |                                          |
     |                                          not a member of trait `arbitrary::Arbitrary`
     |                                          help: there is an associated function with a similar name: `size_hint`
     |
     = note: this error originates in the derive macro `Arbitrary` (in Nightly builds, run with -Z macro-backtrace for more info)

error[E0433]: failed to resolve: could not find `details` in `arbitrary`
    --> C:\Users\Devyani\.cargo\registry\src\index.crates.io-1949cf8c6b5b557f\stellar-xdr-20.1.0\src\curr\generated.rs:8015:42
     |
8015 | #[cfg_attr(feature = "arbitrary", derive(Arbitrary))]
     |                                          ^^^^^^^^^ could not find `details` in `arbitrary`
     |
     = note: this error originates in the derive macro `Arbitrary` (in Nightly builds, run with -Z macro-backtrace for more info)

error[E0407]: method `try_size_hint` is not a member of trait `arbitrary::Arbitrary`
    --> C:\Users\Devyani\.cargo\registry\src\index.crates.io-1949cf8c6b5b557f\stellar-xdr-20.1.0\src\curr\generated.rs:8015:42
     |
8015 | #[cfg_attr(feature = "arbitrary", derive(Arbitrary))]
     |                                          ^^^^^^^^^
     |                                          |
     |                                          not a member of trait `arbitrary::Arbitrary`
     |                                          help: there is an associated function with a similar name: `size_hint`
     |
     = note: this error originates in the derive macro `Arbitrary` (in Nightly builds, run with -Z macro-backtrace for more info)

error[E0433]: failed to resolve: could not find `details` in `arbitrary`
    --> C:\Users\Devyani\.cargo\registry\src\index.crates.io-1949cf8c6b5b557f\stellar-xdr-20.1.0\src\curr\generated.rs:8059:42
     |
8059 | #[cfg_attr(feature = "arbitrary", derive(Arbitrary))]
     |                                          ^^^^^^^^^ could not find `details` in `arbitrary`
     |
     = note: this error originates in the derive macro `Arbitrary` (in Nightly builds, run with -Z macro-backtrace for more info)

error[E0407]: method `try_size_hint` is not a member of trait `arbitrary::Arbitrary`
    --> C:\Users\Devyani\.cargo\registry\src\index.crates.io-1949cf8c6b5b557f\stellar-xdr-20.1.0\src\curr\generated.rs:8059:42
     |
8059 | #[cfg_attr(feature = "arbitrary", derive(Arbitrary))]
     |                                          ^^^^^^^^^
     |                                          |
     |                                          not a member of trait `arbitrary::Arbitrary`
     |                                          help: there is an associated function with a similar name: `size_hint`
     |
     = note: this error originates in the derive macro `Arbitrary` (in Nightly builds, run with -Z macro-backtrace for more info)

error[E0433]: failed to resolve: could not find `details` in `arbitrary`
    --> C:\Users\Devyani\.cargo\registry\src\index.crates.io-1949cf8c6b5b557f\stellar-xdr-20.1.0\src\curr\generated.rs:8105:42
     |
8105 | #[cfg_attr(feature = "arbitrary", derive(Arbitrary))]
     |                                          ^^^^^^^^^ could not find `details` in `arbitrary`
     |
     = note: this error originates in the derive macro `Arbitrary` (in Nightly builds, run with -Z macro-backtrace for more info)

error[E0407]: method `try_size_hint` is not a member of trait `arbitrary::Arbitrary`
    --> C:\Users\Devyani\.cargo\registry\src\index.crates.io-1949cf8c6b5b557f\stellar-xdr-20.1.0\src\curr\generated.rs:8105:42
     |
8105 | #[cfg_attr(feature = "arbitrary", derive(Arbitrary))]
     |                                          ^^^^^^^^^
     |                                          |
     |                                          not a member of trait `arbitrary::Arbitrary`
     |                                          help: there is an associated function with a similar name: `size_hint`
     |
     = note: this error originates in the derive macro `Arbitrary` (in Nightly builds, run with -Z macro-backtrace for more info)

error[E0433]: failed to resolve: could not find `details` in `arbitrary`
    --> C:\Users\Devyani\.cargo\registry\src\index.crates.io-1949cf8c6b5b557f\stellar-xdr-20.1.0\src\curr\generated.rs:8157:42
     |
8157 | #[cfg_attr(feature = "arbitrary", derive(Arbitrary))]
     |                                          ^^^^^^^^^ could not find `details` in `arbitrary`
     |
     = note: this error originates in the derive macro `Arbitrary` (in Nightly builds, run with -Z macro-backtrace for more info)

error[E0407]: method `try_size_hint` is not a member of trait `arbitrary::Arbitrary`
    --> C:\Users\Devyani\.cargo\registry\src\index.crates.io-1949cf8c6b5b557f\stellar-xdr-20.1.0\src\curr\generated.rs:8157:42
     |
8157 | #[cfg_attr(feature = "arbitrary", derive(Arbitrary))]
     |                                          ^^^^^^^^^
     |                                          |
     |                                          not a member of trait `arbitrary::Arbitrary`
     |                                          help: there is an associated function with a similar name: `size_hint`
     |
     = note: this error originates in the derive macro `Arbitrary` (in Nightly builds, run with -Z macro-backtrace for more info)

error[E0433]: failed to resolve: could not find `details` in `arbitrary`
    --> C:\Users\Devyani\.cargo\registry\src\index.crates.io-1949cf8c6b5b557f\stellar-xdr-20.1.0\src\curr\generated.rs:8319:42
     |
8319 | #[cfg_attr(feature = "arbitrary", derive(Arbitrary))]
     |                                          ^^^^^^^^^ could not find `details` in `arbitrary`
     |
     = note: this error originates in the derive macro `Arbitrary` (in Nightly builds, run with -Z macro-backtrace for more info)

error[E0407]: method `try_size_hint` is not a member of trait `arbitrary::Arbitrary`
    --> C:\Users\Devyani\.cargo\registry\src\index.crates.io-1949cf8c6b5b557f\stellar-xdr-20.1.0\src\curr\generated.rs:8319:42
     |
8319 | #[cfg_attr(feature = "arbitrary", derive(Arbitrary))]
     |                                          ^^^^^^^^^
     |                                          |
     |                                          not a member of trait `arbitrary::Arbitrary`
     |                                          help: there is an associated function with a similar name: `size_hint`
     |
     = note: this error originates in the derive macro `Arbitrary` (in Nightly builds, run with -Z macro-backtrace for more info)

error[E0433]: failed to resolve: could not find `details` in `arbitrary`
    --> C:\Users\Devyani\.cargo\registry\src\index.crates.io-1949cf8c6b5b557f\stellar-xdr-20.1.0\src\curr\generated.rs:8534:42
     |
8534 | #[cfg_attr(feature = "arbitrary", derive(Arbitrary))]
     |                                          ^^^^^^^^^ could not find `details` in `arbitrary`
     |
     = note: this error originates in the derive macro `Arbitrary` (in Nightly builds, run with -Z macro-backtrace for more info)

error[E0407]: method `try_size_hint` is not a member of trait `arbitrary::Arbitrary`
    --> C:\Users\Devyani\.cargo\registry\src\index.crates.io-1949cf8c6b5b557f\stellar-xdr-20.1.0\src\curr\generated.rs:8534:42
     |
8534 | #[cfg_attr(feature = "arbitrary", derive(Arbitrary))]
     |                                          ^^^^^^^^^
     |                                          |
     |                                          not a member of trait `arbitrary::Arbitrary`
     |                                          help: there is an associated function with a similar name: `size_hint`
     |
     = note: this error originates in the derive macro `Arbitrary` (in Nightly builds, run with -Z macro-backtrace for more info)

error[E0433]: failed to resolve: could not find `details` in `arbitrary`
    --> C:\Users\Devyani\.cargo\registry\src\index.crates.io-1949cf8c6b5b557f\stellar-xdr-20.1.0\src\curr\generated.rs:8641:42
     |
8641 | #[cfg_attr(feature = "arbitrary", derive(Arbitrary))]
     |                                          ^^^^^^^^^ could not find `details` in `arbitrary`
     |
     = note: this error originates in the derive macro `Arbitrary` (in Nightly builds, run with -Z macro-backtrace for more info)

error[E0407]: method `try_size_hint` is not a member of trait `arbitrary::Arbitrary`
    --> C:\Users\Devyani\.cargo\registry\src\index.crates.io-1949cf8c6b5b557f\stellar-xdr-20.1.0\src\curr\generated.rs:8641:42
     |
8641 | #[cfg_attr(feature = "arbitrary", derive(Arbitrary))]
     |                                          ^^^^^^^^^
     |                                          |
     |                                          not a member of trait `arbitrary::Arbitrary`
     |                                          help: there is an associated function with a similar name: `size_hint`
     |
     = note: this error originates in the derive macro `Arbitrary` (in Nightly builds, run with -Z macro-backtrace for more info)

error[E0433]: failed to resolve: could not find `details` in `arbitrary`
    --> C:\Users\Devyani\.cargo\registry\src\index.crates.io-1949cf8c6b5b557f\stellar-xdr-20.1.0\src\curr\generated.rs:8746:42
     |
8746 | #[cfg_attr(feature = "arbitrary", derive(Arbitrary))]
     |                                          ^^^^^^^^^ could not find `details` in `arbitrary`
     |
     = note: this error originates in the derive macro `Arbitrary` (in Nightly builds, run with -Z macro-backtrace for more info)

error[E0407]: method `try_size_hint` is not a member of trait `arbitrary::Arbitrary`
    --> C:\Users\Devyani\.cargo\registry\src\index.crates.io-1949cf8c6b5b557f\stellar-xdr-20.1.0\src\curr\generated.rs:8746:42
     |
8746 | #[cfg_attr(feature = "arbitrary", derive(Arbitrary))]
     |                                          ^^^^^^^^^
     |                                          |
     |                                          not a member of trait `arbitrary::Arbitrary`
     |                                          help: there is an associated function with a similar name: `size_hint`
     |
     = note: this error originates in the derive macro `Arbitrary` (in Nightly builds, run with -Z macro-backtrace for more info)

error[E0433]: failed to resolve: could not find `details` in `arbitrary`
    --> C:\Users\Devyani\.cargo\registry\src\index.crates.io-1949cf8c6b5b557f\stellar-xdr-20.1.0\src\curr\generated.rs:8851:42
     |
8851 | #[cfg_attr(feature = "arbitrary", derive(Arbitrary))]
     |                                          ^^^^^^^^^ could not find `details` in `arbitrary`
     |
     = note: this error originates in the derive macro `Arbitrary` (in Nightly builds, run with -Z macro-backtrace for more info)

error[E0407]: method `try_size_hint` is not a member of trait `arbitrary::Arbitrary`
    --> C:\Users\Devyani\.cargo\registry\src\index.crates.io-1949cf8c6b5b557f\stellar-xdr-20.1.0\src\curr\generated.rs:8851:42
     |
8851 | #[cfg_attr(feature = "arbitrary", derive(Arbitrary))]
     |                                          ^^^^^^^^^
     |                                          |
     |                                          not a member of trait `arbitrary::Arbitrary`
     |                                          help: there is an associated function with a similar name: `size_hint`
     |
     = note: this error originates in the derive macro `Arbitrary` (in Nightly builds, run with -Z macro-backtrace for more info)

error[E0433]: failed to resolve: could not find `details` in `arbitrary`
    --> C:\Users\Devyani\.cargo\registry\src\index.crates.io-1949cf8c6b5b557f\stellar-xdr-20.1.0\src\curr\generated.rs:8956:42
     |
8956 | #[cfg_attr(feature = "arbitrary", derive(Arbitrary))]
     |                                          ^^^^^^^^^ could not find `details` in `arbitrary`
     |
     = note: this error originates in the derive macro `Arbitrary` (in Nightly builds, run with -Z macro-backtrace for more info)

error[E0407]: method `try_size_hint` is not a member of trait `arbitrary::Arbitrary`
    --> C:\Users\Devyani\.cargo\registry\src\index.crates.io-1949cf8c6b5b557f\stellar-xdr-20.1.0\src\curr\generated.rs:8956:42
     |
8956 | #[cfg_attr(feature = "arbitrary", derive(Arbitrary))]
     |                                          ^^^^^^^^^
     |                                          |
     |                                          not a member of trait `arbitrary::Arbitrary`
     |                                          help: there is an associated function with a similar name: `size_hint`
     |
     = note: this error originates in the derive macro `Arbitrary` (in Nightly builds, run with -Z macro-backtrace for more info)

error[E0433]: failed to resolve: could not find `details` in `arbitrary`
    --> C:\Users\Devyani\.cargo\registry\src\index.crates.io-1949cf8c6b5b557f\stellar-xdr-20.1.0\src\curr\generated.rs:9061:42
     |
9061 | #[cfg_attr(feature = "arbitrary", derive(Arbitrary))]
     |                                          ^^^^^^^^^ could not find `details` in `arbitrary`
     |
     = note: this error originates in the derive macro `Arbitrary` (in Nightly builds, run with -Z macro-backtrace for more info)

error[E0407]: method `try_size_hint` is not a member of trait `arbitrary::Arbitrary`
    --> C:\Users\Devyani\.cargo\registry\src\index.crates.io-1949cf8c6b5b557f\stellar-xdr-20.1.0\src\curr\generated.rs:9061:42
     |
9061 | #[cfg_attr(feature = "arbitrary", derive(Arbitrary))]
     |                                          ^^^^^^^^^
     |                                          |
     |                                          not a member of trait `arbitrary::Arbitrary`
     |                                          help: there is an associated function with a similar name: `size_hint`
     |
     = note: this error originates in the derive macro `Arbitrary` (in Nightly builds, run with -Z macro-backtrace for more info)

error[E0433]: failed to resolve: could not find `details` in `arbitrary`
    --> C:\Users\Devyani\.cargo\registry\src\index.crates.io-1949cf8c6b5b557f\stellar-xdr-20.1.0\src\curr\generated.rs:9168:42
     |
9168 | #[cfg_attr(feature = "arbitrary", derive(Arbitrary))]
     |                                          ^^^^^^^^^ could not find `details` in `arbitrary`
     |
     = note: this error originates in the derive macro `Arbitrary` (in Nightly builds, run with -Z macro-backtrace for more info)

error[E0407]: method `try_size_hint` is not a member of trait `arbitrary::Arbitrary`
    --> C:\Users\Devyani\.cargo\registry\src\index.crates.io-1949cf8c6b5b557f\stellar-xdr-20.1.0\src\curr\generated.rs:9168:42
     |
9168 | #[cfg_attr(feature = "arbitrary", derive(Arbitrary))]
     |                                          ^^^^^^^^^
     |                                          |
     |                                          not a member of trait `arbitrary::Arbitrary`
     |                                          help: there is an associated function with a similar name: `size_hint`
     |
     = note: this error originates in the derive macro `Arbitrary` (in Nightly builds, run with -Z macro-backtrace for more info)

error[E0433]: failed to resolve: could not find `details` in `arbitrary`
    --> C:\Users\Devyani\.cargo\registry\src\index.crates.io-1949cf8c6b5b557f\stellar-xdr-20.1.0\src\curr\generated.rs:9209:42
     |
9209 | #[cfg_attr(feature = "arbitrary", derive(Arbitrary))]
     |                                          ^^^^^^^^^ could not find `details` in `arbitrary`
     |
     = note: this error originates in the derive macro `Arbitrary` (in Nightly builds, run with -Z macro-backtrace for more info)

error[E0407]: method `try_size_hint` is not a member of trait `arbitrary::Arbitrary`
    --> C:\Users\Devyani\.cargo\registry\src\index.crates.io-1949cf8c6b5b557f\stellar-xdr-20.1.0\src\curr\generated.rs:9209:42
     |
9209 | #[cfg_attr(feature = "arbitrary", derive(Arbitrary))]
     |                                          ^^^^^^^^^
     |                                          |
     |                                          not a member of trait `arbitrary::Arbitrary`
     |                                          help: there is an associated function with a similar name: `size_hint`
     |
     = note: this error originates in the derive macro `Arbitrary` (in Nightly builds, run with -Z macro-backtrace for more info)

error[E0433]: failed to resolve: could not find `details` in `arbitrary`
    --> C:\Users\Devyani\.cargo\registry\src\index.crates.io-1949cf8c6b5b557f\stellar-xdr-20.1.0\src\curr\generated.rs:9311:42
     |
9311 | #[cfg_attr(feature = "arbitrary", derive(Arbitrary))]
     |                                          ^^^^^^^^^ could not find `details` in `arbitrary`
     |
     = note: this error originates in the derive macro `Arbitrary` (in Nightly builds, run with -Z macro-backtrace for more info)

error[E0407]: method `try_size_hint` is not a member of trait `arbitrary::Arbitrary`
    --> C:\Users\Devyani\.cargo\registry\src\index.crates.io-1949cf8c6b5b557f\stellar-xdr-20.1.0\src\curr\generated.rs:9311:42
     |
9311 | #[cfg_attr(feature = "arbitrary", derive(Arbitrary))]
     |                                          ^^^^^^^^^
     |                                          |
     |                                          not a member of trait `arbitrary::Arbitrary`
     |                                          help: there is an associated function with a similar name: `size_hint`
     |
     = note: this error originates in the derive macro `Arbitrary` (in Nightly builds, run with -Z macro-backtrace for more info)

error[E0433]: failed to resolve: could not find `details` in `arbitrary`
    --> C:\Users\Devyani\.cargo\registry\src\index.crates.io-1949cf8c6b5b557f\stellar-xdr-20.1.0\src\curr\generated.rs:9563:42
     |
9563 | #[cfg_attr(feature = "arbitrary", derive(Arbitrary))]
     |                                          ^^^^^^^^^ could not find `details` in `arbitrary`
     |
     = note: this error originates in the derive macro `Arbitrary` (in Nightly builds, run with -Z macro-backtrace for more info)

error[E0407]: method `try_size_hint` is not a member of trait `arbitrary::Arbitrary`
    --> C:\Users\Devyani\.cargo\registry\src\index.crates.io-1949cf8c6b5b557f\stellar-xdr-20.1.0\src\curr\generated.rs:9563:42
     |
9563 | #[cfg_attr(feature = "arbitrary", derive(Arbitrary))]
     |                                          ^^^^^^^^^
     |                                          |
     |                                          not a member of trait `arbitrary::Arbitrary`
     |                                          help: there is an associated function with a similar name: `size_hint`
     |
     = note: this error originates in the derive macro `Arbitrary` (in Nightly builds, run with -Z macro-backtrace for more info)

error[E0433]: failed to resolve: could not find `details` in `arbitrary`
    --> C:\Users\Devyani\.cargo\registry\src\index.crates.io-1949cf8c6b5b557f\stellar-xdr-20.1.0\src\curr\generated.rs:9611:42
     |
9611 | #[cfg_attr(feature = "arbitrary", derive(Arbitrary))]
     |                                          ^^^^^^^^^ could not find `details` in `arbitrary`
     |
     = note: this error originates in the derive macro `Arbitrary` (in Nightly builds, run with -Z macro-backtrace for more info)

error[E0407]: method `try_size_hint` is not a member of trait `arbitrary::Arbitrary`
    --> C:\Users\Devyani\.cargo\registry\src\index.crates.io-1949cf8c6b5b557f\stellar-xdr-20.1.0\src\curr\generated.rs:9611:42
     |
9611 | #[cfg_attr(feature = "arbitrary", derive(Arbitrary))]
     |                                          ^^^^^^^^^
     |                                          |
     |                                          not a member of trait `arbitrary::Arbitrary`
     |                                          help: there is an associated function with a similar name: `size_hint`
     |
     = note: this error originates in the derive macro `Arbitrary` (in Nightly builds, run with -Z macro-backtrace for more info)

error[E0433]: failed to resolve: could not find `details` in `arbitrary`
    --> C:\Users\Devyani\.cargo\registry\src\index.crates.io-1949cf8c6b5b557f\stellar-xdr-20.1.0\src\curr\generated.rs:9716:42
     |
9716 | #[cfg_attr(feature = "arbitrary", derive(Arbitrary))]
     |                                          ^^^^^^^^^ could not find `details` in `arbitrary`
     |
     = note: this error originates in the derive macro `Arbitrary` (in Nightly builds, run with -Z macro-backtrace for more info)

error[E0407]: method `try_size_hint` is not a member of trait `arbitrary::Arbitrary`
    --> C:\Users\Devyani\.cargo\registry\src\index.crates.io-1949cf8c6b5b557f\stellar-xdr-20.1.0\src\curr\generated.rs:9716:42
     |
9716 | #[cfg_attr(feature = "arbitrary", derive(Arbitrary))]
     |                                          ^^^^^^^^^
     |                                          |
     |                                          not a member of trait `arbitrary::Arbitrary`
     |                                          help: there is an associated function with a similar name: `size_hint`
     |
     = note: this error originates in the derive macro `Arbitrary` (in Nightly builds, run with -Z macro-backtrace for more info)

error[E0433]: failed to resolve: could not find `details` in `arbitrary`
    --> C:\Users\Devyani\.cargo\registry\src\index.crates.io-1949cf8c6b5b557f\stellar-xdr-20.1.0\src\curr\generated.rs:9765:42
     |
9765 | #[cfg_attr(feature = "arbitrary", derive(Arbitrary))]
     |                                          ^^^^^^^^^ could not find `details` in `arbitrary`
     |
     = note: this error originates in the derive macro `Arbitrary` (in Nightly builds, run with -Z macro-backtrace for more info)

error[E0407]: method `try_size_hint` is not a member of trait `arbitrary::Arbitrary`
    --> C:\Users\Devyani\.cargo\registry\src\index.crates.io-1949cf8c6b5b557f\stellar-xdr-20.1.0\src\curr\generated.rs:9765:42
     |
9765 | #[cfg_attr(feature = "arbitrary", derive(Arbitrary))]
     |                                          ^^^^^^^^^
     |                                          |
     |                                          not a member of trait `arbitrary::Arbitrary`
     |                                          help: there is an associated function with a similar name: `size_hint`
     |
     = note: this error originates in the derive macro `Arbitrary` (in Nightly builds, run with -Z macro-backtrace for more info)

error[E0433]: failed to resolve: could not find `details` in `arbitrary`
    --> C:\Users\Devyani\.cargo\registry\src\index.crates.io-1949cf8c6b5b557f\stellar-xdr-20.1.0\src\curr\generated.rs:9814:42
     |
9814 | #[cfg_attr(feature = "arbitrary", derive(Arbitrary))]
     |                                          ^^^^^^^^^ could not find `details` in `arbitrary`
     |
     = note: this error originates in the derive macro `Arbitrary` (in Nightly builds, run with -Z macro-backtrace for more info)

error[E0407]: method `try_size_hint` is not a member of trait `arbitrary::Arbitrary`
    --> C:\Users\Devyani\.cargo\registry\src\index.crates.io-1949cf8c6b5b557f\stellar-xdr-20.1.0\src\curr\generated.rs:9814:42
     |
9814 | #[cfg_attr(feature = "arbitrary", derive(Arbitrary))]
     |                                          ^^^^^^^^^
     |                                          |
     |                                          not a member of trait `arbitrary::Arbitrary`
     |                                          help: there is an associated function with a similar name: `size_hint`
     |
     = note: this error originates in the derive macro `Arbitrary` (in Nightly builds, run with -Z macro-backtrace for more info)

error[E0433]: failed to resolve: could not find `details` in `arbitrary`
    --> C:\Users\Devyani\.cargo\registry\src\index.crates.io-1949cf8c6b5b557f\stellar-xdr-20.1.0\src\curr\generated.rs:9862:42
     |
9862 | #[cfg_attr(feature = "arbitrary", derive(Arbitrary))]
     |                                          ^^^^^^^^^ could not find `details` in `arbitrary`
     |
     = note: this error originates in the derive macro `Arbitrary` (in Nightly builds, run with -Z macro-backtrace for more info)

error[E0407]: method `try_size_hint` is not a member of trait `arbitrary::Arbitrary`
    --> C:\Users\Devyani\.cargo\registry\src\index.crates.io-1949cf8c6b5b557f\stellar-xdr-20.1.0\src\curr\generated.rs:9862:42
     |
9862 | #[cfg_attr(feature = "arbitrary", derive(Arbitrary))]
     |                                          ^^^^^^^^^
     |                                          |
     |                                          not a member of trait `arbitrary::Arbitrary`
     |                                          help: there is an associated function with a similar name: `size_hint`
     |
     = note: this error originates in the derive macro `Arbitrary` (in Nightly builds, run with -Z macro-backtrace for more info)

error[E0433]: failed to resolve: could not find `details` in `arbitrary`
    --> C:\Users\Devyani\.cargo\registry\src\index.crates.io-1949cf8c6b5b557f\stellar-xdr-20.1.0\src\curr\generated.rs:9962:42
     |
9962 | #[cfg_attr(feature = "arbitrary", derive(Arbitrary))]
     |                                          ^^^^^^^^^ could not find `details` in `arbitrary`
     |
     = note: this error originates in the derive macro `Arbitrary` (in Nightly builds, run with -Z macro-backtrace for more info)

error[E0407]: method `try_size_hint` is not a member of trait `arbitrary::Arbitrary`
    --> C:\Users\Devyani\.cargo\registry\src\index.crates.io-1949cf8c6b5b557f\stellar-xdr-20.1.0\src\curr\generated.rs:9962:42
     |
9962 | #[cfg_attr(feature = "arbitrary", derive(Arbitrary))]
     |                                          ^^^^^^^^^
     |                                          |
     |                                          not a member of trait `arbitrary::Arbitrary`
     |                                          help: there is an associated function with a similar name: `size_hint`
     |
     = note: this error originates in the derive macro `Arbitrary` (in Nightly builds, run with -Z macro-backtrace for more info)

error[E0433]: failed to resolve: could not find `details` in `arbitrary`
     --> C:\Users\Devyani\.cargo\registry\src\index.crates.io-1949cf8c6b5b557f\stellar-xdr-20.1.0\src\curr\generated.rs:10080:42
      |
10080 | #[cfg_attr(feature = "arbitrary", derive(Arbitrary))]
      |                                          ^^^^^^^^^ could not find `details` in `arbitrary`
      |
      = note: this error originates in the derive macro `Arbitrary` (in Nightly builds, run with -Z macro-backtrace for more info)

error[E0407]: method `try_size_hint` is not a member of trait `arbitrary::Arbitrary`
     --> C:\Users\Devyani\.cargo\registry\src\index.crates.io-1949cf8c6b5b557f\stellar-xdr-20.1.0\src\curr\generated.rs:10080:42
      |
10080 | #[cfg_attr(feature = "arbitrary", derive(Arbitrary))]
      |                                          ^^^^^^^^^
      |                                          |
      |                                          not a member of trait `arbitrary::Arbitrary`
      |                                          help: there is an associated function with a similar name: `size_hint`
      |
      = note: this error originates in the derive macro `Arbitrary` (in Nightly builds, run with -Z macro-backtrace for more info)

error[E0433]: failed to resolve: could not find `details` in `arbitrary`
     --> C:\Users\Devyani\.cargo\registry\src\index.crates.io-1949cf8c6b5b557f\stellar-xdr-20.1.0\src\curr\generated.rs:10185:42
      |
10185 | #[cfg_attr(feature = "arbitrary", derive(Arbitrary))]
      |                                          ^^^^^^^^^ could not find `details` in `arbitrary`
      |
      = note: this error originates in the derive macro `Arbitrary` (in Nightly builds, run with -Z macro-backtrace for more info)

error[E0407]: method `try_size_hint` is not a member of trait `arbitrary::Arbitrary`
     --> C:\Users\Devyani\.cargo\registry\src\index.crates.io-1949cf8c6b5b557f\stellar-xdr-20.1.0\src\curr\generated.rs:10185:42
      |
10185 | #[cfg_attr(feature = "arbitrary", derive(Arbitrary))]
      |                                          ^^^^^^^^^
      |                                          |
      |                                          not a member of trait `arbitrary::Arbitrary`
      |                                          help: there is an associated function with a similar name: `size_hint`
      |
      = note: this error originates in the derive macro `Arbitrary` (in Nightly builds, run with -Z macro-backtrace for more info)

error[E0433]: failed to resolve: could not find `details` in `arbitrary`
     --> C:\Users\Devyani\.cargo\registry\src\index.crates.io-1949cf8c6b5b557f\stellar-xdr-20.1.0\src\curr\generated.rs:10290:42
      |
10290 | #[cfg_attr(feature = "arbitrary", derive(Arbitrary))]
      |                                          ^^^^^^^^^ could not find `details` in `arbitrary`
      |
      = note: this error originates in the derive macro `Arbitrary` (in Nightly builds, run with -Z macro-backtrace for more info)

error[E0407]: method `try_size_hint` is not a member of trait `arbitrary::Arbitrary`
     --> C:\Users\Devyani\.cargo\registry\src\index.crates.io-1949cf8c6b5b557f\stellar-xdr-20.1.0\src\curr\generated.rs:10290:42
      |
10290 | #[cfg_attr(feature = "arbitrary", derive(Arbitrary))]
      |                                          ^^^^^^^^^
      |                                          |
      |                                          not a member of trait `arbitrary::Arbitrary`
      |                                          help: there is an associated function with a similar name: `size_hint`
      |
      = note: this error originates in the derive macro `Arbitrary` (in Nightly builds, run with -Z macro-backtrace for more info)

error[E0433]: failed to resolve: could not find `details` in `arbitrary`
     --> C:\Users\Devyani\.cargo\registry\src\index.crates.io-1949cf8c6b5b557f\stellar-xdr-20.1.0\src\curr\generated.rs:10345:42
      |
10345 | #[cfg_attr(feature = "arbitrary", derive(Arbitrary))]
      |                                          ^^^^^^^^^ could not find `details` in `arbitrary`
      |
      = note: this error originates in the derive macro `Arbitrary` (in Nightly builds, run with -Z macro-backtrace for more info)

error[E0407]: method `try_size_hint` is not a member of trait `arbitrary::Arbitrary`
     --> C:\Users\Devyani\.cargo\registry\src\index.crates.io-1949cf8c6b5b557f\stellar-xdr-20.1.0\src\curr\generated.rs:10345:42
      |
10345 | #[cfg_attr(feature = "arbitrary", derive(Arbitrary))]
      |                                          ^^^^^^^^^
      |                                          |
      |                                          not a member of trait `arbitrary::Arbitrary`
      |                                          help: there is an associated function with a similar name: `size_hint`
      |
      = note: this error originates in the derive macro `Arbitrary` (in Nightly builds, run with -Z macro-backtrace for more info)

error[E0433]: failed to resolve: could not find `details` in `arbitrary`
     --> C:\Users\Devyani\.cargo\registry\src\index.crates.io-1949cf8c6b5b557f\stellar-xdr-20.1.0\src\curr\generated.rs:10450:42
      |
10450 | #[cfg_attr(feature = "arbitrary", derive(Arbitrary))]
      |                                          ^^^^^^^^^ could not find `details` in `arbitrary`
      |
      = note: this error originates in the derive macro `Arbitrary` (in Nightly builds, run with -Z macro-backtrace for more info)

error[E0407]: method `try_size_hint` is not a member of trait `arbitrary::Arbitrary`
     --> C:\Users\Devyani\.cargo\registry\src\index.crates.io-1949cf8c6b5b557f\stellar-xdr-20.1.0\src\curr\generated.rs:10450:42
      |
10450 | #[cfg_attr(feature = "arbitrary", derive(Arbitrary))]
      |                                          ^^^^^^^^^
      |                                          |
      |                                          not a member of trait `arbitrary::Arbitrary`
      |                                          help: there is an associated function with a similar name: `size_hint`
      |
      = note: this error originates in the derive macro `Arbitrary` (in Nightly builds, run with -Z macro-backtrace for more info)

error[E0433]: failed to resolve: could not find `details` in `arbitrary`
     --> C:\Users\Devyani\.cargo\registry\src\index.crates.io-1949cf8c6b5b557f\stellar-xdr-20.1.0\src\curr\generated.rs:10505:42
      |
10505 | #[cfg_attr(feature = "arbitrary", derive(Arbitrary))]
      |                                          ^^^^^^^^^ could not find `details` in `arbitrary`
      |
      = note: this error originates in the derive macro `Arbitrary` (in Nightly builds, run with -Z macro-backtrace for more info)

error[E0407]: method `try_size_hint` is not a member of trait `arbitrary::Arbitrary`
     --> C:\Users\Devyani\.cargo\registry\src\index.crates.io-1949cf8c6b5b557f\stellar-xdr-20.1.0\src\curr\generated.rs:10505:42
      |
10505 | #[cfg_attr(feature = "arbitrary", derive(Arbitrary))]
      |                                          ^^^^^^^^^
      |                                          |
      |                                          not a member of trait `arbitrary::Arbitrary`
      |                                          help: there is an associated function with a similar name: `size_hint`
      |
      = note: this error originates in the derive macro `Arbitrary` (in Nightly builds, run with -Z macro-backtrace for more info)

error[E0433]: failed to resolve: could not find `details` in `arbitrary`
     --> C:\Users\Devyani\.cargo\registry\src\index.crates.io-1949cf8c6b5b557f\stellar-xdr-20.1.0\src\curr\generated.rs:10606:42
      |
10606 | #[cfg_attr(feature = "arbitrary", derive(Arbitrary))]
      |                                          ^^^^^^^^^ could not find `details` in `arbitrary`
      |
      = note: this error originates in the derive macro `Arbitrary` (in Nightly builds, run with -Z macro-backtrace for more info)

error[E0407]: method `try_size_hint` is not a member of trait `arbitrary::Arbitrary`
     --> C:\Users\Devyani\.cargo\registry\src\index.crates.io-1949cf8c6b5b557f\stellar-xdr-20.1.0\src\curr\generated.rs:10606:42
      |
10606 | #[cfg_attr(feature = "arbitrary", derive(Arbitrary))]
      |                                          ^^^^^^^^^
      |                                          |
      |                                          not a member of trait `arbitrary::Arbitrary`
      |                                          help: there is an associated function with a similar name: `size_hint`
      |
      = note: this error originates in the derive macro `Arbitrary` (in Nightly builds, run with -Z macro-backtrace for more info)

error[E0433]: failed to resolve: could not find `details` in `arbitrary`
     --> C:\Users\Devyani\.cargo\registry\src\index.crates.io-1949cf8c6b5b557f\stellar-xdr-20.1.0\src\curr\generated.rs:10836:42
      |
10836 | #[cfg_attr(feature = "arbitrary", derive(Arbitrary))]
      |                                          ^^^^^^^^^ could not find `details` in `arbitrary`
      |
      = note: this error originates in the derive macro `Arbitrary` (in Nightly builds, run with -Z macro-backtrace for more info)

error[E0407]: method `try_size_hint` is not a member of trait `arbitrary::Arbitrary`
     --> C:\Users\Devyani\.cargo\registry\src\index.crates.io-1949cf8c6b5b557f\stellar-xdr-20.1.0\src\curr\generated.rs:10836:42
      |
10836 | #[cfg_attr(feature = "arbitrary", derive(Arbitrary))]
      |                                          ^^^^^^^^^
      |                                          |
      |                                          not a member of trait `arbitrary::Arbitrary`
      |                                          help: there is an associated function with a similar name: `size_hint`
      |
      = note: this error originates in the derive macro `Arbitrary` (in Nightly builds, run with -Z macro-backtrace for more info)

error[E0433]: failed to resolve: could not find `details` in `arbitrary`
     --> C:\Users\Devyani\.cargo\registry\src\index.crates.io-1949cf8c6b5b557f\stellar-xdr-20.1.0\src\curr\generated.rs:10939:42
      |
10939 | #[cfg_attr(feature = "arbitrary", derive(Arbitrary))]
      |                                          ^^^^^^^^^ could not find `details` in `arbitrary`
      |
      = note: this error originates in the derive macro `Arbitrary` (in Nightly builds, run with -Z macro-backtrace for more info)

error[E0407]: method `try_size_hint` is not a member of trait `arbitrary::Arbitrary`
     --> C:\Users\Devyani\.cargo\registry\src\index.crates.io-1949cf8c6b5b557f\stellar-xdr-20.1.0\src\curr\generated.rs:10939:42
      |
10939 | #[cfg_attr(feature = "arbitrary", derive(Arbitrary))]
      |                                          ^^^^^^^^^
      |                                          |
      |                                          not a member of trait `arbitrary::Arbitrary`
      |                                          help: there is an associated function with a similar name: `size_hint`
      |
      = note: this error originates in the derive macro `Arbitrary` (in Nightly builds, run with -Z macro-backtrace for more info)

error[E0433]: failed to resolve: could not find `details` in `arbitrary`
     --> C:\Users\Devyani\.cargo\registry\src\index.crates.io-1949cf8c6b5b557f\stellar-xdr-20.1.0\src\curr\generated.rs:10984:42
      |
10984 | #[cfg_attr(feature = "arbitrary", derive(Arbitrary))]
      |                                          ^^^^^^^^^ could not find `details` in `arbitrary`
      |
      = note: this error originates in the derive macro `Arbitrary` (in Nightly builds, run with -Z macro-backtrace for more info)

error[E0407]: method `try_size_hint` is not a member of trait `arbitrary::Arbitrary`
     --> C:\Users\Devyani\.cargo\registry\src\index.crates.io-1949cf8c6b5b557f\stellar-xdr-20.1.0\src\curr\generated.rs:10984:42
      |
10984 | #[cfg_attr(feature = "arbitrary", derive(Arbitrary))]
      |                                          ^^^^^^^^^
      |                                          |
      |                                          not a member of trait `arbitrary::Arbitrary`
      |                                          help: there is an associated function with a similar name: `size_hint`
      |
      = note: this error originates in the derive macro `Arbitrary` (in Nightly builds, run with -Z macro-backtrace for more info)

error[E0433]: failed to resolve: could not find `details` in `arbitrary`
     --> C:\Users\Devyani\.cargo\registry\src\index.crates.io-1949cf8c6b5b557f\stellar-xdr-20.1.0\src\curr\generated.rs:11038:42
      |
11038 | #[cfg_attr(feature = "arbitrary", derive(Arbitrary))]
      |                                          ^^^^^^^^^ could not find `details` in `arbitrary`
      |
      = note: this error originates in the derive macro `Arbitrary` (in Nightly builds, run with -Z macro-backtrace for more info)

error[E0407]: method `try_size_hint` is not a member of trait `arbitrary::Arbitrary`
     --> C:\Users\Devyani\.cargo\registry\src\index.crates.io-1949cf8c6b5b557f\stellar-xdr-20.1.0\src\curr\generated.rs:11038:42
      |
11038 | #[cfg_attr(feature = "arbitrary", derive(Arbitrary))]
      |                                          ^^^^^^^^^
      |                                          |
      |                                          not a member of trait `arbitrary::Arbitrary`
      |                                          help: there is an associated function with a similar name: `size_hint`
      |
      = note: this error originates in the derive macro `Arbitrary` (in Nightly builds, run with -Z macro-backtrace for more info)

error[E0433]: failed to resolve: could not find `details` in `arbitrary`
     --> C:\Users\Devyani\.cargo\registry\src\index.crates.io-1949cf8c6b5b557f\stellar-xdr-20.1.0\src\curr\generated.rs:11151:42
      |
11151 | #[cfg_attr(feature = "arbitrary", derive(Arbitrary))]
      |                                          ^^^^^^^^^ could not find `details` in `arbitrary`
      |
      = note: this error originates in the derive macro `Arbitrary` (in Nightly builds, run with -Z macro-backtrace for more info)

error[E0407]: method `try_size_hint` is not a member of trait `arbitrary::Arbitrary`
     --> C:\Users\Devyani\.cargo\registry\src\index.crates.io-1949cf8c6b5b557f\stellar-xdr-20.1.0\src\curr\generated.rs:11151:42
      |
11151 | #[cfg_attr(feature = "arbitrary", derive(Arbitrary))]
      |                                          ^^^^^^^^^
      |                                          |
      |                                          not a member of trait `arbitrary::Arbitrary`
      |                                          help: there is an associated function with a similar name: `size_hint`
      |
      = note: this error originates in the derive macro `Arbitrary` (in Nightly builds, run with -Z macro-backtrace for more info)

error[E0433]: failed to resolve: could not find `details` in `arbitrary`
     --> C:\Users\Devyani\.cargo\registry\src\index.crates.io-1949cf8c6b5b557f\stellar-xdr-20.1.0\src\curr\generated.rs:11196:42
      |
11196 | #[cfg_attr(feature = "arbitrary", derive(Arbitrary))]
      |                                          ^^^^^^^^^ could not find `details` in `arbitrary`
      |
      = note: this error originates in the derive macro `Arbitrary` (in Nightly builds, run with -Z macro-backtrace for more info)

error[E0407]: method `try_size_hint` is not a member of trait `arbitrary::Arbitrary`
     --> C:\Users\Devyani\.cargo\registry\src\index.crates.io-1949cf8c6b5b557f\stellar-xdr-20.1.0\src\curr\generated.rs:11196:42
      |
11196 | #[cfg_attr(feature = "arbitrary", derive(Arbitrary))]
      |                                          ^^^^^^^^^
      |                                          |
      |                                          not a member of trait `arbitrary::Arbitrary`
      |                                          help: there is an associated function with a similar name: `size_hint`
      |
      = note: this error originates in the derive macro `Arbitrary` (in Nightly builds, run with -Z macro-backtrace for more info)

error[E0433]: failed to resolve: could not find `details` in `arbitrary`
     --> C:\Users\Devyani\.cargo\registry\src\index.crates.io-1949cf8c6b5b557f\stellar-xdr-20.1.0\src\curr\generated.rs:11518:42
      |
11518 | #[cfg_attr(feature = "arbitrary", derive(Arbitrary))]
      |                                          ^^^^^^^^^ could not find `details` in `arbitrary`
      |
      = note: this error originates in the derive macro `Arbitrary` (in Nightly builds, run with -Z macro-backtrace for more info)

error[E0407]: method `try_size_hint` is not a member of trait `arbitrary::Arbitrary`
     --> C:\Users\Devyani\.cargo\registry\src\index.crates.io-1949cf8c6b5b557f\stellar-xdr-20.1.0\src\curr\generated.rs:11518:42
      |
11518 | #[cfg_attr(feature = "arbitrary", derive(Arbitrary))]
      |                                          ^^^^^^^^^
      |                                          |
      |                                          not a member of trait `arbitrary::Arbitrary`
      |                                          help: there is an associated function with a similar name: `size_hint`
      |
      = note: this error originates in the derive macro `Arbitrary` (in Nightly builds, run with -Z macro-backtrace for more info)

error[E0433]: failed to resolve: could not find `details` in `arbitrary`
     --> C:\Users\Devyani\.cargo\registry\src\index.crates.io-1949cf8c6b5b557f\stellar-xdr-20.1.0\src\curr\generated.rs:11716:42
      |
11716 | #[cfg_attr(feature = "arbitrary", derive(Arbitrary))]
      |                                          ^^^^^^^^^ could not find `details` in `arbitrary`
      |
      = note: this error originates in the derive macro `Arbitrary` (in Nightly builds, run with -Z macro-backtrace for more info)

error[E0407]: method `try_size_hint` is not a member of trait `arbitrary::Arbitrary`
     --> C:\Users\Devyani\.cargo\registry\src\index.crates.io-1949cf8c6b5b557f\stellar-xdr-20.1.0\src\curr\generated.rs:11716:42
      |
11716 | #[cfg_attr(feature = "arbitrary", derive(Arbitrary))]
      |                                          ^^^^^^^^^
      |                                          |
      |                                          not a member of trait `arbitrary::Arbitrary`
      |                                          help: there is an associated function with a similar name: `size_hint`
      |
      = note: this error originates in the derive macro `Arbitrary` (in Nightly builds, run with -Z macro-backtrace for more info)

error[E0433]: failed to resolve: could not find `details` in `arbitrary`
     --> C:\Users\Devyani\.cargo\registry\src\index.crates.io-1949cf8c6b5b557f\stellar-xdr-20.1.0\src\curr\generated.rs:11782:42
      |
11782 | #[cfg_attr(feature = "arbitrary", derive(Arbitrary))]
      |                                          ^^^^^^^^^ could not find `details` in `arbitrary`
      |
      = note: this error originates in the derive macro `Arbitrary` (in Nightly builds, run with -Z macro-backtrace for more info)

error[E0407]: method `try_size_hint` is not a member of trait `arbitrary::Arbitrary`
     --> C:\Users\Devyani\.cargo\registry\src\index.crates.io-1949cf8c6b5b557f\stellar-xdr-20.1.0\src\curr\generated.rs:11782:42
      |
11782 | #[cfg_attr(feature = "arbitrary", derive(Arbitrary))]
      |                                          ^^^^^^^^^
      |                                          |
      |                                          not a member of trait `arbitrary::Arbitrary`
      |                                          help: there is an associated function with a similar name: `size_hint`
      |
      = note: this error originates in the derive macro `Arbitrary` (in Nightly builds, run with -Z macro-backtrace for more info)

error[E0433]: failed to resolve: could not find `details` in `arbitrary`
     --> C:\Users\Devyani\.cargo\registry\src\index.crates.io-1949cf8c6b5b557f\stellar-xdr-20.1.0\src\curr\generated.rs:11833:42
      |
11833 | #[cfg_attr(feature = "arbitrary", derive(Arbitrary))]
      |                                          ^^^^^^^^^ could not find `details` in `arbitrary`
      |
      = note: this error originates in the derive macro `Arbitrary` (in Nightly builds, run with -Z macro-backtrace for more info)

error[E0407]: method `try_size_hint` is not a member of trait `arbitrary::Arbitrary`
     --> C:\Users\Devyani\.cargo\registry\src\index.crates.io-1949cf8c6b5b557f\stellar-xdr-20.1.0\src\curr\generated.rs:11833:42
      |
11833 | #[cfg_attr(feature = "arbitrary", derive(Arbitrary))]
      |                                          ^^^^^^^^^
      |                                          |
      |                                          not a member of trait `arbitrary::Arbitrary`
      |                                          help: there is an associated function with a similar name: `size_hint`
      |
      = note: this error originates in the derive macro `Arbitrary` (in Nightly builds, run with -Z macro-backtrace for more info)

error[E0433]: failed to resolve: could not find `details` in `arbitrary`
     --> C:\Users\Devyani\.cargo\registry\src\index.crates.io-1949cf8c6b5b557f\stellar-xdr-20.1.0\src\curr\generated.rs:11947:42
      |
11947 | #[cfg_attr(feature = "arbitrary", derive(Arbitrary))]
      |                                          ^^^^^^^^^ could not find `details` in `arbitrary`
      |
      = note: this error originates in the derive macro `Arbitrary` (in Nightly builds, run with -Z macro-backtrace for more info)

error[E0407]: method `try_size_hint` is not a member of trait `arbitrary::Arbitrary`
     --> C:\Users\Devyani\.cargo\registry\src\index.crates.io-1949cf8c6b5b557f\stellar-xdr-20.1.0\src\curr\generated.rs:11947:42
      |
11947 | #[cfg_attr(feature = "arbitrary", derive(Arbitrary))]
      |                                          ^^^^^^^^^
      |                                          |
      |                                          not a member of trait `arbitrary::Arbitrary`
      |                                          help: there is an associated function with a similar name: `size_hint`
      |
      = note: this error originates in the derive macro `Arbitrary` (in Nightly builds, run with -Z macro-backtrace for more info)

error[E0433]: failed to resolve: could not find `details` in `arbitrary`
     --> C:\Users\Devyani\.cargo\registry\src\index.crates.io-1949cf8c6b5b557f\stellar-xdr-20.1.0\src\curr\generated.rs:12001:42
      |
12001 | #[cfg_attr(feature = "arbitrary", derive(Arbitrary))]
      |                                          ^^^^^^^^^ could not find `details` in `arbitrary`
      |
      = note: this error originates in the derive macro `Arbitrary` (in Nightly builds, run with -Z macro-backtrace for more info)

error[E0407]: method `try_size_hint` is not a member of trait `arbitrary::Arbitrary`
     --> C:\Users\Devyani\.cargo\registry\src\index.crates.io-1949cf8c6b5b557f\stellar-xdr-20.1.0\src\curr\generated.rs:12001:42
      |
12001 | #[cfg_attr(feature = "arbitrary", derive(Arbitrary))]
      |                                          ^^^^^^^^^
      |                                          |
      |                                          not a member of trait `arbitrary::Arbitrary`
      |                                          help: there is an associated function with a similar name: `size_hint`
      |
      = note: this error originates in the derive macro `Arbitrary` (in Nightly builds, run with -Z macro-backtrace for more info)

error[E0433]: failed to resolve: could not find `details` in `arbitrary`
     --> C:\Users\Devyani\.cargo\registry\src\index.crates.io-1949cf8c6b5b557f\stellar-xdr-20.1.0\src\curr\generated.rs:12113:42
      |
12113 | #[cfg_attr(feature = "arbitrary", derive(Arbitrary))]
      |                                          ^^^^^^^^^ could not find `details` in `arbitrary`
      |
      = note: this error originates in the derive macro `Arbitrary` (in Nightly builds, run with -Z macro-backtrace for more info)

error[E0407]: method `try_size_hint` is not a member of trait `arbitrary::Arbitrary`
     --> C:\Users\Devyani\.cargo\registry\src\index.crates.io-1949cf8c6b5b557f\stellar-xdr-20.1.0\src\curr\generated.rs:12113:42
      |
12113 | #[cfg_attr(feature = "arbitrary", derive(Arbitrary))]
      |                                          ^^^^^^^^^
      |                                          |
      |                                          not a member of trait `arbitrary::Arbitrary`
      |                                          help: there is an associated function with a similar name: `size_hint`
      |
      = note: this error originates in the derive macro `Arbitrary` (in Nightly builds, run with -Z macro-backtrace for more info)

error[E0433]: failed to resolve: could not find `details` in `arbitrary`
     --> C:\Users\Devyani\.cargo\registry\src\index.crates.io-1949cf8c6b5b557f\stellar-xdr-20.1.0\src\curr\generated.rs:12161:42
      |
12161 | #[cfg_attr(feature = "arbitrary", derive(Arbitrary))]
      |                                          ^^^^^^^^^ could not find `details` in `arbitrary`
      |
      = note: this error originates in the derive macro `Arbitrary` (in Nightly builds, run with -Z macro-backtrace for more info)

error[E0407]: method `try_size_hint` is not a member of trait `arbitrary::Arbitrary`
     --> C:\Users\Devyani\.cargo\registry\src\index.crates.io-1949cf8c6b5b557f\stellar-xdr-20.1.0\src\curr\generated.rs:12161:42
      |
12161 | #[cfg_attr(feature = "arbitrary", derive(Arbitrary))]
      |                                          ^^^^^^^^^
      |                                          |
      |                                          not a member of trait `arbitrary::Arbitrary`
      |                                          help: there is an associated function with a similar name: `size_hint`
      |
      = note: this error originates in the derive macro `Arbitrary` (in Nightly builds, run with -Z macro-backtrace for more info)

error[E0433]: failed to resolve: could not find `details` in `arbitrary`
     --> C:\Users\Devyani\.cargo\registry\src\index.crates.io-1949cf8c6b5b557f\stellar-xdr-20.1.0\src\curr\generated.rs:12288:42
      |
12288 | #[cfg_attr(feature = "arbitrary", derive(Arbitrary))]
      |                                          ^^^^^^^^^ could not find `details` in `arbitrary`
      |
      = note: this error originates in the derive macro `Arbitrary` (in Nightly builds, run with -Z macro-backtrace for more info)

error[E0407]: method `try_size_hint` is not a member of trait `arbitrary::Arbitrary`
     --> C:\Users\Devyani\.cargo\registry\src\index.crates.io-1949cf8c6b5b557f\stellar-xdr-20.1.0\src\curr\generated.rs:12288:42
      |
12288 | #[cfg_attr(feature = "arbitrary", derive(Arbitrary))]
      |                                          ^^^^^^^^^
      |                                          |
      |                                          not a member of trait `arbitrary::Arbitrary`
      |                                          help: there is an associated function with a similar name: `size_hint`
      |
      = note: this error originates in the derive macro `Arbitrary` (in Nightly builds, run with -Z macro-backtrace for more info)

error[E0433]: failed to resolve: could not find `details` in `arbitrary`
     --> C:\Users\Devyani\.cargo\registry\src\index.crates.io-1949cf8c6b5b557f\stellar-xdr-20.1.0\src\curr\generated.rs:12616:42
      |
12616 | #[cfg_attr(feature = "arbitrary", derive(Arbitrary))]
      |                                          ^^^^^^^^^ could not find `details` in `arbitrary`
      |
      = note: this error originates in the derive macro `Arbitrary` (in Nightly builds, run with -Z macro-backtrace for more info)

error[E0407]: method `try_size_hint` is not a member of trait `arbitrary::Arbitrary`
     --> C:\Users\Devyani\.cargo\registry\src\index.crates.io-1949cf8c6b5b557f\stellar-xdr-20.1.0\src\curr\generated.rs:12616:42
      |
12616 | #[cfg_attr(feature = "arbitrary", derive(Arbitrary))]
      |                                          ^^^^^^^^^
      |                                          |
      |                                          not a member of trait `arbitrary::Arbitrary`
      |                                          help: there is an associated function with a similar name: `size_hint`
      |
      = note: this error originates in the derive macro `Arbitrary` (in Nightly builds, run with -Z macro-backtrace for more info)

error[E0433]: failed to resolve: could not find `details` in `arbitrary`
     --> C:\Users\Devyani\.cargo\registry\src\index.crates.io-1949cf8c6b5b557f\stellar-xdr-20.1.0\src\curr\generated.rs:12842:42
      |
12842 | #[cfg_attr(feature = "arbitrary", derive(Arbitrary))]
      |                                          ^^^^^^^^^ could not find `details` in `arbitrary`
      |
      = note: this error originates in the derive macro `Arbitrary` (in Nightly builds, run with -Z macro-backtrace for more info)

error[E0407]: method `try_size_hint` is not a member of trait `arbitrary::Arbitrary`
     --> C:\Users\Devyani\.cargo\registry\src\index.crates.io-1949cf8c6b5b557f\stellar-xdr-20.1.0\src\curr\generated.rs:12842:42
      |
12842 | #[cfg_attr(feature = "arbitrary", derive(Arbitrary))]
      |                                          ^^^^^^^^^
      |                                          |
      |                                          not a member of trait `arbitrary::Arbitrary`
      |                                          help: there is an associated function with a similar name: `size_hint`
      |
      = note: this error originates in the derive macro `Arbitrary` (in Nightly builds, run with -Z macro-backtrace for more info)

error[E0433]: failed to resolve: could not find `details` in `arbitrary`
     --> C:\Users\Devyani\.cargo\registry\src\index.crates.io-1949cf8c6b5b557f\stellar-xdr-20.1.0\src\curr\generated.rs:12890:42
      |
12890 | #[cfg_attr(feature = "arbitrary", derive(Arbitrary))]
      |                                          ^^^^^^^^^ could not find `details` in `arbitrary`
      |
      = note: this error originates in the derive macro `Arbitrary` (in Nightly builds, run with -Z macro-backtrace for more info)

error[E0407]: method `try_size_hint` is not a member of trait `arbitrary::Arbitrary`
     --> C:\Users\Devyani\.cargo\registry\src\index.crates.io-1949cf8c6b5b557f\stellar-xdr-20.1.0\src\curr\generated.rs:12890:42
      |
12890 | #[cfg_attr(feature = "arbitrary", derive(Arbitrary))]
      |                                          ^^^^^^^^^
      |                                          |
      |                                          not a member of trait `arbitrary::Arbitrary`
      |                                          help: there is an associated function with a similar name: `size_hint`
      |
      = note: this error originates in the derive macro `Arbitrary` (in Nightly builds, run with -Z macro-backtrace for more info)

error[E0433]: failed to resolve: could not find `details` in `arbitrary`
     --> C:\Users\Devyani\.cargo\registry\src\index.crates.io-1949cf8c6b5b557f\stellar-xdr-20.1.0\src\curr\generated.rs:13002:42
      |
13002 | #[cfg_attr(feature = "arbitrary", derive(Arbitrary))]
      |                                          ^^^^^^^^^ could not find `details` in `arbitrary`
      |
      = note: this error originates in the derive macro `Arbitrary` (in Nightly builds, run with -Z macro-backtrace for more info)

error[E0407]: method `try_size_hint` is not a member of trait `arbitrary::Arbitrary`
     --> C:\Users\Devyani\.cargo\registry\src\index.crates.io-1949cf8c6b5b557f\stellar-xdr-20.1.0\src\curr\generated.rs:13002:42
      |
13002 | #[cfg_attr(feature = "arbitrary", derive(Arbitrary))]
      |                                          ^^^^^^^^^
      |                                          |
      |                                          not a member of trait `arbitrary::Arbitrary`
      |                                          help: there is an associated function with a similar name: `size_hint`
      |
      = note: this error originates in the derive macro `Arbitrary` (in Nightly builds, run with -Z macro-backtrace for more info)

error[E0433]: failed to resolve: could not find `details` in `arbitrary`
     --> C:\Users\Devyani\.cargo\registry\src\index.crates.io-1949cf8c6b5b557f\stellar-xdr-20.1.0\src\curr\generated.rs:13062:42
      |
13062 | #[cfg_attr(feature = "arbitrary", derive(Arbitrary))]
      |                                          ^^^^^^^^^ could not find `details` in `arbitrary`
      |
      = note: this error originates in the derive macro `Arbitrary` (in Nightly builds, run with -Z macro-backtrace for more info)

error[E0407]: method `try_size_hint` is not a member of trait `arbitrary::Arbitrary`
     --> C:\Users\Devyani\.cargo\registry\src\index.crates.io-1949cf8c6b5b557f\stellar-xdr-20.1.0\src\curr\generated.rs:13062:42
      |
13062 | #[cfg_attr(feature = "arbitrary", derive(Arbitrary))]
      |                                          ^^^^^^^^^
      |                                          |
      |                                          not a member of trait `arbitrary::Arbitrary`
      |                                          help: there is an associated function with a similar name: `size_hint`
      |
      = note: this error originates in the derive macro `Arbitrary` (in Nightly builds, run with -Z macro-backtrace for more info)

error[E0433]: failed to resolve: could not find `details` in `arbitrary`
     --> C:\Users\Devyani\.cargo\registry\src\index.crates.io-1949cf8c6b5b557f\stellar-xdr-20.1.0\src\curr\generated.rs:13193:42
      |
13193 | #[cfg_attr(feature = "arbitrary", derive(Arbitrary))]
      |                                          ^^^^^^^^^ could not find `details` in `arbitrary`
      |
      = note: this error originates in the derive macro `Arbitrary` (in Nightly builds, run with -Z macro-backtrace for more info)

error[E0407]: method `try_size_hint` is not a member of trait `arbitrary::Arbitrary`
     --> C:\Users\Devyani\.cargo\registry\src\index.crates.io-1949cf8c6b5b557f\stellar-xdr-20.1.0\src\curr\generated.rs:13193:42
      |
13193 | #[cfg_attr(feature = "arbitrary", derive(Arbitrary))]
      |                                          ^^^^^^^^^
      |                                          |
      |                                          not a member of trait `arbitrary::Arbitrary`
      |                                          help: there is an associated function with a similar name: `size_hint`
      |
      = note: this error originates in the derive macro `Arbitrary` (in Nightly builds, run with -Z macro-backtrace for more info)

error[E0433]: failed to resolve: could not find `details` in `arbitrary`
     --> C:\Users\Devyani\.cargo\registry\src\index.crates.io-1949cf8c6b5b557f\stellar-xdr-20.1.0\src\curr\generated.rs:13480:42
      |
13480 | #[cfg_attr(feature = "arbitrary", derive(Arbitrary))]
      |                                          ^^^^^^^^^ could not find `details` in `arbitrary`
      |
      = note: this error originates in the derive macro `Arbitrary` (in Nightly builds, run with -Z macro-backtrace for more info)

error[E0407]: method `try_size_hint` is not a member of trait `arbitrary::Arbitrary`
     --> C:\Users\Devyani\.cargo\registry\src\index.crates.io-1949cf8c6b5b557f\stellar-xdr-20.1.0\src\curr\generated.rs:13480:42
      |
13480 | #[cfg_attr(feature = "arbitrary", derive(Arbitrary))]
      |                                          ^^^^^^^^^
      |                                          |
      |                                          not a member of trait `arbitrary::Arbitrary`
      |                                          help: there is an associated function with a similar name: `size_hint`
      |
      = note: this error originates in the derive macro `Arbitrary` (in Nightly builds, run with -Z macro-backtrace for more info)

error[E0433]: failed to resolve: could not find `details` in `arbitrary`
     --> C:\Users\Devyani\.cargo\registry\src\index.crates.io-1949cf8c6b5b557f\stellar-xdr-20.1.0\src\curr\generated.rs:13652:42
      |
13652 | #[cfg_attr(feature = "arbitrary", derive(Arbitrary))]
      |                                          ^^^^^^^^^ could not find `details` in `arbitrary`
      |
      = note: this error originates in the derive macro `Arbitrary` (in Nightly builds, run with -Z macro-backtrace for more info)

error[E0407]: method `try_size_hint` is not a member of trait `arbitrary::Arbitrary`
     --> C:\Users\Devyani\.cargo\registry\src\index.crates.io-1949cf8c6b5b557f\stellar-xdr-20.1.0\src\curr\generated.rs:13652:42
      |
13652 | #[cfg_attr(feature = "arbitrary", derive(Arbitrary))]
      |                                          ^^^^^^^^^
      |                                          |
      |                                          not a member of trait `arbitrary::Arbitrary`
      |                                          help: there is an associated function with a similar name: `size_hint`
      |
      = note: this error originates in the derive macro `Arbitrary` (in Nightly builds, run with -Z macro-backtrace for more info)

error[E0433]: failed to resolve: could not find `details` in `arbitrary`
     --> C:\Users\Devyani\.cargo\registry\src\index.crates.io-1949cf8c6b5b557f\stellar-xdr-20.1.0\src\curr\generated.rs:13850:42
      |
13850 | #[cfg_attr(feature = "arbitrary", derive(Arbitrary))]
      |                                          ^^^^^^^^^ could not find `details` in `arbitrary`
      |
      = note: this error originates in the derive macro `Arbitrary` (in Nightly builds, run with -Z macro-backtrace for more info)

error[E0407]: method `try_size_hint` is not a member of trait `arbitrary::Arbitrary`
     --> C:\Users\Devyani\.cargo\registry\src\index.crates.io-1949cf8c6b5b557f\stellar-xdr-20.1.0\src\curr\generated.rs:13850:42
      |
13850 | #[cfg_attr(feature = "arbitrary", derive(Arbitrary))]
      |                                          ^^^^^^^^^
      |                                          |
      |                                          not a member of trait `arbitrary::Arbitrary`
      |                                          help: there is an associated function with a similar name: `size_hint`
      |
      = note: this error originates in the derive macro `Arbitrary` (in Nightly builds, run with -Z macro-backtrace for more info)

error[E0433]: failed to resolve: could not find `details` in `arbitrary`
     --> C:\Users\Devyani\.cargo\registry\src\index.crates.io-1949cf8c6b5b557f\stellar-xdr-20.1.0\src\curr\generated.rs:14093:42
      |
14093 | #[cfg_attr(feature = "arbitrary", derive(Arbitrary))]
      |                                          ^^^^^^^^^ could not find `details` in `arbitrary`
      |
      = note: this error originates in the derive macro `Arbitrary` (in Nightly builds, run with -Z macro-backtrace for more info)

error[E0407]: method `try_size_hint` is not a member of trait `arbitrary::Arbitrary`
     --> C:\Users\Devyani\.cargo\registry\src\index.crates.io-1949cf8c6b5b557f\stellar-xdr-20.1.0\src\curr\generated.rs:14093:42
      |
14093 | #[cfg_attr(feature = "arbitrary", derive(Arbitrary))]
      |                                          ^^^^^^^^^
      |                                          |
      |                                          not a member of trait `arbitrary::Arbitrary`
      |                                          help: there is an associated function with a similar name: `size_hint`
      |
      = note: this error originates in the derive macro `Arbitrary` (in Nightly builds, run with -Z macro-backtrace for more info)

error[E0433]: failed to resolve: could not find `details` in `arbitrary`
     --> C:\Users\Devyani\.cargo\registry\src\index.crates.io-1949cf8c6b5b557f\stellar-xdr-20.1.0\src\curr\generated.rs:14143:42
      |
14143 | #[cfg_attr(feature = "arbitrary", derive(Arbitrary))]
      |                                          ^^^^^^^^^ could not find `details` in `arbitrary`
      |
      = note: this error originates in the derive macro `Arbitrary` (in Nightly builds, run with -Z macro-backtrace for more info)

error[E0407]: method `try_size_hint` is not a member of trait `arbitrary::Arbitrary`
     --> C:\Users\Devyani\.cargo\registry\src\index.crates.io-1949cf8c6b5b557f\stellar-xdr-20.1.0\src\curr\generated.rs:14143:42
      |
14143 | #[cfg_attr(feature = "arbitrary", derive(Arbitrary))]
      |                                          ^^^^^^^^^
      |                                          |
      |                                          not a member of trait `arbitrary::Arbitrary`
      |                                          help: there is an associated function with a similar name: `size_hint`
      |
      = note: this error originates in the derive macro `Arbitrary` (in Nightly builds, run with -Z macro-backtrace for more info)

error[E0433]: failed to resolve: could not find `details` in `arbitrary`
     --> C:\Users\Devyani\.cargo\registry\src\index.crates.io-1949cf8c6b5b557f\stellar-xdr-20.1.0\src\curr\generated.rs:14345:42
      |
14345 | #[cfg_attr(feature = "arbitrary", derive(Arbitrary))]
      |                                          ^^^^^^^^^ could not find `details` in `arbitrary`
      |
      = note: this error originates in the derive macro `Arbitrary` (in Nightly builds, run with -Z macro-backtrace for more info)

error[E0407]: method `try_size_hint` is not a member of trait `arbitrary::Arbitrary`
     --> C:\Users\Devyani\.cargo\registry\src\index.crates.io-1949cf8c6b5b557f\stellar-xdr-20.1.0\src\curr\generated.rs:14345:42
      |
14345 | #[cfg_attr(feature = "arbitrary", derive(Arbitrary))]
      |                                          ^^^^^^^^^
      |                                          |
      |                                          not a member of trait `arbitrary::Arbitrary`
      |                                          help: there is an associated function with a similar name: `size_hint`
      |
      = note: this error originates in the derive macro `Arbitrary` (in Nightly builds, run with -Z macro-backtrace for more info)

error[E0433]: failed to resolve: could not find `details` in `arbitrary`
     --> C:\Users\Devyani\.cargo\registry\src\index.crates.io-1949cf8c6b5b557f\stellar-xdr-20.1.0\src\curr\generated.rs:14665:42
      |
14665 | #[cfg_attr(feature = "arbitrary", derive(Arbitrary))]
      |                                          ^^^^^^^^^ could not find `details` in `arbitrary`
      |
      = note: this error originates in the derive macro `Arbitrary` (in Nightly builds, run with -Z macro-backtrace for more info)

error[E0407]: method `try_size_hint` is not a member of trait `arbitrary::Arbitrary`
     --> C:\Users\Devyani\.cargo\registry\src\index.crates.io-1949cf8c6b5b557f\stellar-xdr-20.1.0\src\curr\generated.rs:14665:42
      |
14665 | #[cfg_attr(feature = "arbitrary", derive(Arbitrary))]
      |                                          ^^^^^^^^^
      |                                          |
      |                                          not a member of trait `arbitrary::Arbitrary`
      |                                          help: there is an associated function with a similar name: `size_hint`
      |
      = note: this error originates in the derive macro `Arbitrary` (in Nightly builds, run with -Z macro-backtrace for more info)

error[E0433]: failed to resolve: could not find `details` in `arbitrary`
     --> C:\Users\Devyani\.cargo\registry\src\index.crates.io-1949cf8c6b5b557f\stellar-xdr-20.1.0\src\curr\generated.rs:14713:42
      |
14713 | #[cfg_attr(feature = "arbitrary", derive(Arbitrary))]
      |                                          ^^^^^^^^^ could not find `details` in `arbitrary`
      |
      = note: this error originates in the derive macro `Arbitrary` (in Nightly builds, run with -Z macro-backtrace for more info)

error[E0407]: method `try_size_hint` is not a member of trait `arbitrary::Arbitrary`
     --> C:\Users\Devyani\.cargo\registry\src\index.crates.io-1949cf8c6b5b557f\stellar-xdr-20.1.0\src\curr\generated.rs:14713:42
      |
14713 | #[cfg_attr(feature = "arbitrary", derive(Arbitrary))]
      |                                          ^^^^^^^^^
      |                                          |
      |                                          not a member of trait `arbitrary::Arbitrary`
      |                                          help: there is an associated function with a similar name: `size_hint`
      |
      = note: this error originates in the derive macro `Arbitrary` (in Nightly builds, run with -Z macro-backtrace for more info)

error[E0433]: failed to resolve: could not find `details` in `arbitrary`
     --> C:\Users\Devyani\.cargo\registry\src\index.crates.io-1949cf8c6b5b557f\stellar-xdr-20.1.0\src\curr\generated.rs:14836:42
      |
14836 | #[cfg_attr(feature = "arbitrary", derive(Arbitrary))]
      |                                          ^^^^^^^^^ could not find `details` in `arbitrary`
      |
      = note: this error originates in the derive macro `Arbitrary` (in Nightly builds, run with -Z macro-backtrace for more info)

error[E0407]: method `try_size_hint` is not a member of trait `arbitrary::Arbitrary`
     --> C:\Users\Devyani\.cargo\registry\src\index.crates.io-1949cf8c6b5b557f\stellar-xdr-20.1.0\src\curr\generated.rs:14836:42
      |
14836 | #[cfg_attr(feature = "arbitrary", derive(Arbitrary))]
      |                                          ^^^^^^^^^
      |                                          |
      |                                          not a member of trait `arbitrary::Arbitrary`
      |                                          help: there is an associated function with a similar name: `size_hint`
      |
      = note: this error originates in the derive macro `Arbitrary` (in Nightly builds, run with -Z macro-backtrace for more info)

error[E0433]: failed to resolve: could not find `details` in `arbitrary`
     --> C:\Users\Devyani\.cargo\registry\src\index.crates.io-1949cf8c6b5b557f\stellar-xdr-20.1.0\src\curr\generated.rs:14891:42
      |
14891 | #[cfg_attr(feature = "arbitrary", derive(Arbitrary))]
      |                                          ^^^^^^^^^ could not find `details` in `arbitrary`
      |
      = note: this error originates in the derive macro `Arbitrary` (in Nightly builds, run with -Z macro-backtrace for more info)

error[E0407]: method `try_size_hint` is not a member of trait `arbitrary::Arbitrary`
     --> C:\Users\Devyani\.cargo\registry\src\index.crates.io-1949cf8c6b5b557f\stellar-xdr-20.1.0\src\curr\generated.rs:14891:42
      |
14891 | #[cfg_attr(feature = "arbitrary", derive(Arbitrary))]
      |                                          ^^^^^^^^^
      |                                          |
      |                                          not a member of trait `arbitrary::Arbitrary`
      |                                          help: there is an associated function with a similar name: `size_hint`
      |
      = note: this error originates in the derive macro `Arbitrary` (in Nightly builds, run with -Z macro-backtrace for more info)

error[E0433]: failed to resolve: could not find `details` in `arbitrary`
     --> C:\Users\Devyani\.cargo\registry\src\index.crates.io-1949cf8c6b5b557f\stellar-xdr-20.1.0\src\curr\generated.rs:14944:42
      |
14944 | #[cfg_attr(feature = "arbitrary", derive(Arbitrary))]
      |                                          ^^^^^^^^^ could not find `details` in `arbitrary`
      |
      = note: this error originates in the derive macro `Arbitrary` (in Nightly builds, run with -Z macro-backtrace for more info)

error[E0407]: method `try_size_hint` is not a member of trait `arbitrary::Arbitrary`
     --> C:\Users\Devyani\.cargo\registry\src\index.crates.io-1949cf8c6b5b557f\stellar-xdr-20.1.0\src\curr\generated.rs:14944:42
      |
14944 | #[cfg_attr(feature = "arbitrary", derive(Arbitrary))]
      |                                          ^^^^^^^^^
      |                                          |
      |                                          not a member of trait `arbitrary::Arbitrary`
      |                                          help: there is an associated function with a similar name: `size_hint`
      |
      = note: this error originates in the derive macro `Arbitrary` (in Nightly builds, run with -Z macro-backtrace for more info)

error[E0433]: failed to resolve: could not find `details` in `arbitrary`
     --> C:\Users\Devyani\.cargo\registry\src\index.crates.io-1949cf8c6b5b557f\stellar-xdr-20.1.0\src\curr\generated.rs:15008:42
      |
15008 | #[cfg_attr(feature = "arbitrary", derive(Arbitrary))]
      |                                          ^^^^^^^^^ could not find `details` in `arbitrary`
      |
      = note: this error originates in the derive macro `Arbitrary` (in Nightly builds, run with -Z macro-backtrace for more info)

error[E0407]: method `try_size_hint` is not a member of trait `arbitrary::Arbitrary`
     --> C:\Users\Devyani\.cargo\registry\src\index.crates.io-1949cf8c6b5b557f\stellar-xdr-20.1.0\src\curr\generated.rs:15008:42
      |
15008 | #[cfg_attr(feature = "arbitrary", derive(Arbitrary))]
      |                                          ^^^^^^^^^
      |                                          |
      |                                          not a member of trait `arbitrary::Arbitrary`
      |                                          help: there is an associated function with a similar name: `size_hint`
      |
      = note: this error originates in the derive macro `Arbitrary` (in Nightly builds, run with -Z macro-backtrace for more info)

error[E0433]: failed to resolve: could not find `details` in `arbitrary`
     --> C:\Users\Devyani\.cargo\registry\src\index.crates.io-1949cf8c6b5b557f\stellar-xdr-20.1.0\src\curr\generated.rs:15128:42
      |
15128 | #[cfg_attr(feature = "arbitrary", derive(Arbitrary))]
      |                                          ^^^^^^^^^ could not find `details` in `arbitrary`
      |
      = note: this error originates in the derive macro `Arbitrary` (in Nightly builds, run with -Z macro-backtrace for more info)

error[E0407]: method `try_size_hint` is not a member of trait `arbitrary::Arbitrary`
     --> C:\Users\Devyani\.cargo\registry\src\index.crates.io-1949cf8c6b5b557f\stellar-xdr-20.1.0\src\curr\generated.rs:15128:42
      |
15128 | #[cfg_attr(feature = "arbitrary", derive(Arbitrary))]
      |                                          ^^^^^^^^^
      |                                          |
      |                                          not a member of trait `arbitrary::Arbitrary`
      |                                          help: there is an associated function with a similar name: `size_hint`
      |
      = note: this error originates in the derive macro `Arbitrary` (in Nightly builds, run with -Z macro-backtrace for more info)

error[E0433]: failed to resolve: could not find `details` in `arbitrary`
     --> C:\Users\Devyani\.cargo\registry\src\index.crates.io-1949cf8c6b5b557f\stellar-xdr-20.1.0\src\curr\generated.rs:15283:42
      |
15283 | #[cfg_attr(feature = "arbitrary", derive(Arbitrary))]
      |                                          ^^^^^^^^^ could not find `details` in `arbitrary`
      |
      = note: this error originates in the derive macro `Arbitrary` (in Nightly builds, run with -Z macro-backtrace for more info)

error[E0407]: method `try_size_hint` is not a member of trait `arbitrary::Arbitrary`
     --> C:\Users\Devyani\.cargo\registry\src\index.crates.io-1949cf8c6b5b557f\stellar-xdr-20.1.0\src\curr\generated.rs:15283:42
      |
15283 | #[cfg_attr(feature = "arbitrary", derive(Arbitrary))]
      |                                          ^^^^^^^^^
      |                                          |
      |                                          not a member of trait `arbitrary::Arbitrary`
      |                                          help: there is an associated function with a similar name: `size_hint`
      |
      = note: this error originates in the derive macro `Arbitrary` (in Nightly builds, run with -Z macro-backtrace for more info)

error[E0433]: failed to resolve: could not find `details` in `arbitrary`
     --> C:\Users\Devyani\.cargo\registry\src\index.crates.io-1949cf8c6b5b557f\stellar-xdr-20.1.0\src\curr\generated.rs:15338:42
      |
15338 | #[cfg_attr(feature = "arbitrary", derive(Arbitrary))]
      |                                          ^^^^^^^^^ could not find `details` in `arbitrary`
      |
      = note: this error originates in the derive macro `Arbitrary` (in Nightly builds, run with -Z macro-backtrace for more info)

error[E0407]: method `try_size_hint` is not a member of trait `arbitrary::Arbitrary`
     --> C:\Users\Devyani\.cargo\registry\src\index.crates.io-1949cf8c6b5b557f\stellar-xdr-20.1.0\src\curr\generated.rs:15338:42
      |
15338 | #[cfg_attr(feature = "arbitrary", derive(Arbitrary))]
      |                                          ^^^^^^^^^
      |                                          |
      |                                          not a member of trait `arbitrary::Arbitrary`
      |                                          help: there is an associated function with a similar name: `size_hint`
      |
      = note: this error originates in the derive macro `Arbitrary` (in Nightly builds, run with -Z macro-backtrace for more info)

error[E0433]: failed to resolve: could not find `details` in `arbitrary`
     --> C:\Users\Devyani\.cargo\registry\src\index.crates.io-1949cf8c6b5b557f\stellar-xdr-20.1.0\src\curr\generated.rs:15386:42
      |
15386 | #[cfg_attr(feature = "arbitrary", derive(Arbitrary))]
      |                                          ^^^^^^^^^ could not find `details` in `arbitrary`
      |
      = note: this error originates in the derive macro `Arbitrary` (in Nightly builds, run with -Z macro-backtrace for more info)

error[E0407]: method `try_size_hint` is not a member of trait `arbitrary::Arbitrary`
     --> C:\Users\Devyani\.cargo\registry\src\index.crates.io-1949cf8c6b5b557f\stellar-xdr-20.1.0\src\curr\generated.rs:15386:42
      |
15386 | #[cfg_attr(feature = "arbitrary", derive(Arbitrary))]
      |                                          ^^^^^^^^^
      |                                          |
      |                                          not a member of trait `arbitrary::Arbitrary`
      |                                          help: there is an associated function with a similar name: `size_hint`
      |
      = note: this error originates in the derive macro `Arbitrary` (in Nightly builds, run with -Z macro-backtrace for more info)

error[E0433]: failed to resolve: could not find `details` in `arbitrary`
     --> C:\Users\Devyani\.cargo\registry\src\index.crates.io-1949cf8c6b5b557f\stellar-xdr-20.1.0\src\curr\generated.rs:15537:42
      |
15537 | #[cfg_attr(feature = "arbitrary", derive(Arbitrary))]
      |                                          ^^^^^^^^^ could not find `details` in `arbitrary`
      |
      = note: this error originates in the derive macro `Arbitrary` (in Nightly builds, run with -Z macro-backtrace for more info)

error[E0407]: method `try_size_hint` is not a member of trait `arbitrary::Arbitrary`
     --> C:\Users\Devyani\.cargo\registry\src\index.crates.io-1949cf8c6b5b557f\stellar-xdr-20.1.0\src\curr\generated.rs:15537:42
      |
15537 | #[cfg_attr(feature = "arbitrary", derive(Arbitrary))]
      |                                          ^^^^^^^^^
      |                                          |
      |                                          not a member of trait `arbitrary::Arbitrary`
      |                                          help: there is an associated function with a similar name: `size_hint`
      |
      = note: this error originates in the derive macro `Arbitrary` (in Nightly builds, run with -Z macro-backtrace for more info)

error[E0433]: failed to resolve: could not find `details` in `arbitrary`
     --> C:\Users\Devyani\.cargo\registry\src\index.crates.io-1949cf8c6b5b557f\stellar-xdr-20.1.0\src\curr\generated.rs:15601:42
      |
15601 | #[cfg_attr(feature = "arbitrary", derive(Arbitrary))]
      |                                          ^^^^^^^^^ could not find `details` in `arbitrary`
      |
      = note: this error originates in the derive macro `Arbitrary` (in Nightly builds, run with -Z macro-backtrace for more info)

error[E0407]: method `try_size_hint` is not a member of trait `arbitrary::Arbitrary`
     --> C:\Users\Devyani\.cargo\registry\src\index.crates.io-1949cf8c6b5b557f\stellar-xdr-20.1.0\src\curr\generated.rs:15601:42
      |
15601 | #[cfg_attr(feature = "arbitrary", derive(Arbitrary))]
      |                                          ^^^^^^^^^
      |                                          |
      |                                          not a member of trait `arbitrary::Arbitrary`
      |                                          help: there is an associated function with a similar name: `size_hint`
      |
      = note: this error originates in the derive macro `Arbitrary` (in Nightly builds, run with -Z macro-backtrace for more info)

error[E0433]: failed to resolve: could not find `details` in `arbitrary`
     --> C:\Users\Devyani\.cargo\registry\src\index.crates.io-1949cf8c6b5b557f\stellar-xdr-20.1.0\src\curr\generated.rs:15780:42
      |
15780 | #[cfg_attr(feature = "arbitrary", derive(Arbitrary))]
      |                                          ^^^^^^^^^ could not find `details` in `arbitrary`
      |
      = note: this error originates in the derive macro `Arbitrary` (in Nightly builds, run with -Z macro-backtrace for more info)

error[E0407]: method `try_size_hint` is not a member of trait `arbitrary::Arbitrary`
     --> C:\Users\Devyani\.cargo\registry\src\index.crates.io-1949cf8c6b5b557f\stellar-xdr-20.1.0\src\curr\generated.rs:15780:42
      |
15780 | #[cfg_attr(feature = "arbitrary", derive(Arbitrary))]
      |                                          ^^^^^^^^^
      |                                          |
      |                                          not a member of trait `arbitrary::Arbitrary`
      |                                          help: there is an associated function with a similar name: `size_hint`
      |
      = note: this error originates in the derive macro `Arbitrary` (in Nightly builds, run with -Z macro-backtrace for more info)

error[E0433]: failed to resolve: could not find `details` in `arbitrary`
     --> C:\Users\Devyani\.cargo\registry\src\index.crates.io-1949cf8c6b5b557f\stellar-xdr-20.1.0\src\curr\generated.rs:15918:42
      |
15918 | #[cfg_attr(feature = "arbitrary", derive(Arbitrary))]
      |                                          ^^^^^^^^^ could not find `details` in `arbitrary`
      |
      = note: this error originates in the derive macro `Arbitrary` (in Nightly builds, run with -Z macro-backtrace for more info)

error[E0407]: method `try_size_hint` is not a member of trait `arbitrary::Arbitrary`
     --> C:\Users\Devyani\.cargo\registry\src\index.crates.io-1949cf8c6b5b557f\stellar-xdr-20.1.0\src\curr\generated.rs:15918:42
      |
15918 | #[cfg_attr(feature = "arbitrary", derive(Arbitrary))]
      |                                          ^^^^^^^^^
      |                                          |
      |                                          not a member of trait `arbitrary::Arbitrary`
      |                                          help: there is an associated function with a similar name: `size_hint`
      |
      = note: this error originates in the derive macro `Arbitrary` (in Nightly builds, run with -Z macro-backtrace for more info)

error[E0433]: failed to resolve: could not find `details` in `arbitrary`
     --> C:\Users\Devyani\.cargo\registry\src\index.crates.io-1949cf8c6b5b557f\stellar-xdr-20.1.0\src\curr\generated.rs:15965:42
      |
15965 | #[cfg_attr(feature = "arbitrary", derive(Arbitrary))]
      |                                          ^^^^^^^^^ could not find `details` in `arbitrary`
      |
      = note: this error originates in the derive macro `Arbitrary` (in Nightly builds, run with -Z macro-backtrace for more info)

error[E0407]: method `try_size_hint` is not a member of trait `arbitrary::Arbitrary`
     --> C:\Users\Devyani\.cargo\registry\src\index.crates.io-1949cf8c6b5b557f\stellar-xdr-20.1.0\src\curr\generated.rs:15965:42
      |
15965 | #[cfg_attr(feature = "arbitrary", derive(Arbitrary))]
      |                                          ^^^^^^^^^
      |                                          |
      |                                          not a member of trait `arbitrary::Arbitrary`
      |                                          help: there is an associated function with a similar name: `size_hint`
      |
      = note: this error originates in the derive macro `Arbitrary` (in Nightly builds, run with -Z macro-backtrace for more info)

error[E0433]: failed to resolve: could not find `details` in `arbitrary`
     --> C:\Users\Devyani\.cargo\registry\src\index.crates.io-1949cf8c6b5b557f\stellar-xdr-20.1.0\src\curr\generated.rs:16007:42
      |
16007 | #[cfg_attr(feature = "arbitrary", derive(Arbitrary))]
      |                                          ^^^^^^^^^ could not find `details` in `arbitrary`
      |
      = note: this error originates in the derive macro `Arbitrary` (in Nightly builds, run with -Z macro-backtrace for more info)

error[E0407]: method `try_size_hint` is not a member of trait `arbitrary::Arbitrary`
     --> C:\Users\Devyani\.cargo\registry\src\index.crates.io-1949cf8c6b5b557f\stellar-xdr-20.1.0\src\curr\generated.rs:16007:42
      |
16007 | #[cfg_attr(feature = "arbitrary", derive(Arbitrary))]
      |                                          ^^^^^^^^^
      |                                          |
      |                                          not a member of trait `arbitrary::Arbitrary`
      |                                          help: there is an associated function with a similar name: `size_hint`
      |
      = note: this error originates in the derive macro `Arbitrary` (in Nightly builds, run with -Z macro-backtrace for more info)

error[E0433]: failed to resolve: could not find `details` in `arbitrary`
     --> C:\Users\Devyani\.cargo\registry\src\index.crates.io-1949cf8c6b5b557f\stellar-xdr-20.1.0\src\curr\generated.rs:16052:42
      |
16052 | #[cfg_attr(feature = "arbitrary", derive(Arbitrary))]
      |                                          ^^^^^^^^^ could not find `details` in `arbitrary`
      |
      = note: this error originates in the derive macro `Arbitrary` (in Nightly builds, run with -Z macro-backtrace for more info)

error[E0407]: method `try_size_hint` is not a member of trait `arbitrary::Arbitrary`
     --> C:\Users\Devyani\.cargo\registry\src\index.crates.io-1949cf8c6b5b557f\stellar-xdr-20.1.0\src\curr\generated.rs:16052:42
      |
16052 | #[cfg_attr(feature = "arbitrary", derive(Arbitrary))]
      |                                          ^^^^^^^^^
      |                                          |
      |                                          not a member of trait `arbitrary::Arbitrary`
      |                                          help: there is an associated function with a similar name: `size_hint`
      |
      = note: this error originates in the derive macro `Arbitrary` (in Nightly builds, run with -Z macro-backtrace for more info)

error[E0433]: failed to resolve: could not find `details` in `arbitrary`
     --> C:\Users\Devyani\.cargo\registry\src\index.crates.io-1949cf8c6b5b557f\stellar-xdr-20.1.0\src\curr\generated.rs:16097:42
      |
16097 | #[cfg_attr(feature = "arbitrary", derive(Arbitrary))]
      |                                          ^^^^^^^^^ could not find `details` in `arbitrary`
      |
      = note: this error originates in the derive macro `Arbitrary` (in Nightly builds, run with -Z macro-backtrace for more info)

error[E0407]: method `try_size_hint` is not a member of trait `arbitrary::Arbitrary`
     --> C:\Users\Devyani\.cargo\registry\src\index.crates.io-1949cf8c6b5b557f\stellar-xdr-20.1.0\src\curr\generated.rs:16097:42
      |
16097 | #[cfg_attr(feature = "arbitrary", derive(Arbitrary))]
      |                                          ^^^^^^^^^
      |                                          |
      |                                          not a member of trait `arbitrary::Arbitrary`
      |                                          help: there is an associated function with a similar name: `size_hint`
      |
      = note: this error originates in the derive macro `Arbitrary` (in Nightly builds, run with -Z macro-backtrace for more info)

error[E0433]: failed to resolve: could not find `details` in `arbitrary`
     --> C:\Users\Devyani\.cargo\registry\src\index.crates.io-1949cf8c6b5b557f\stellar-xdr-20.1.0\src\curr\generated.rs:16141:42
      |
16141 | #[cfg_attr(feature = "arbitrary", derive(Arbitrary))]
      |                                          ^^^^^^^^^ could not find `details` in `arbitrary`
      |
      = note: this error originates in the derive macro `Arbitrary` (in Nightly builds, run with -Z macro-backtrace for more info)

error[E0407]: method `try_size_hint` is not a member of trait `arbitrary::Arbitrary`
     --> C:\Users\Devyani\.cargo\registry\src\index.crates.io-1949cf8c6b5b557f\stellar-xdr-20.1.0\src\curr\generated.rs:16141:42
      |
16141 | #[cfg_attr(feature = "arbitrary", derive(Arbitrary))]
      |                                          ^^^^^^^^^
      |                                          |
      |                                          not a member of trait `arbitrary::Arbitrary`
      |                                          help: there is an associated function with a similar name: `size_hint`
      |
      = note: this error originates in the derive macro `Arbitrary` (in Nightly builds, run with -Z macro-backtrace for more info)

error[E0433]: failed to resolve: could not find `details` in `arbitrary`
     --> C:\Users\Devyani\.cargo\registry\src\index.crates.io-1949cf8c6b5b557f\stellar-xdr-20.1.0\src\curr\generated.rs:16182:42
      |
16182 | #[cfg_attr(feature = "arbitrary", derive(Arbitrary))]
      |                                          ^^^^^^^^^ could not find `details` in `arbitrary`
      |
      = note: this error originates in the derive macro `Arbitrary` (in Nightly builds, run with -Z macro-backtrace for more info)

error[E0407]: method `try_size_hint` is not a member of trait `arbitrary::Arbitrary`
     --> C:\Users\Devyani\.cargo\registry\src\index.crates.io-1949cf8c6b5b557f\stellar-xdr-20.1.0\src\curr\generated.rs:16182:42
      |
16182 | #[cfg_attr(feature = "arbitrary", derive(Arbitrary))]
      |                                          ^^^^^^^^^
      |                                          |
      |                                          not a member of trait `arbitrary::Arbitrary`
      |                                          help: there is an associated function with a similar name: `size_hint`
      |
      = note: this error originates in the derive macro `Arbitrary` (in Nightly builds, run with -Z macro-backtrace for more info)

error[E0433]: failed to resolve: could not find `details` in `arbitrary`
     --> C:\Users\Devyani\.cargo\registry\src\index.crates.io-1949cf8c6b5b557f\stellar-xdr-20.1.0\src\curr\generated.rs:16225:42
      |
16225 | #[cfg_attr(feature = "arbitrary", derive(Arbitrary))]
      |                                          ^^^^^^^^^ could not find `details` in `arbitrary`
      |
      = note: this error originates in the derive macro `Arbitrary` (in Nightly builds, run with -Z macro-backtrace for more info)

error[E0407]: method `try_size_hint` is not a member of trait `arbitrary::Arbitrary`
     --> C:\Users\Devyani\.cargo\registry\src\index.crates.io-1949cf8c6b5b557f\stellar-xdr-20.1.0\src\curr\generated.rs:16225:42
      |
16225 | #[cfg_attr(feature = "arbitrary", derive(Arbitrary))]
      |                                          ^^^^^^^^^
      |                                          |
      |                                          not a member of trait `arbitrary::Arbitrary`
      |                                          help: there is an associated function with a similar name: `size_hint`
      |
      = note: this error originates in the derive macro `Arbitrary` (in Nightly builds, run with -Z macro-backtrace for more info)

error[E0433]: failed to resolve: could not find `details` in `arbitrary`
     --> C:\Users\Devyani\.cargo\registry\src\index.crates.io-1949cf8c6b5b557f\stellar-xdr-20.1.0\src\curr\generated.rs:16272:42
      |
16272 | #[cfg_attr(feature = "arbitrary", derive(Arbitrary))]
      |                                          ^^^^^^^^^ could not find `details` in `arbitrary`
      |
      = note: this error originates in the derive macro `Arbitrary` (in Nightly builds, run with -Z macro-backtrace for more info)

error[E0407]: method `try_size_hint` is not a member of trait `arbitrary::Arbitrary`
     --> C:\Users\Devyani\.cargo\registry\src\index.crates.io-1949cf8c6b5b557f\stellar-xdr-20.1.0\src\curr\generated.rs:16272:42
      |
16272 | #[cfg_attr(feature = "arbitrary", derive(Arbitrary))]
      |                                          ^^^^^^^^^
      |                                          |
      |                                          not a member of trait `arbitrary::Arbitrary`
      |                                          help: there is an associated function with a similar name: `size_hint`
      |
      = note: this error originates in the derive macro `Arbitrary` (in Nightly builds, run with -Z macro-backtrace for more info)

error[E0433]: failed to resolve: could not find `details` in `arbitrary`
     --> C:\Users\Devyani\.cargo\registry\src\index.crates.io-1949cf8c6b5b557f\stellar-xdr-20.1.0\src\curr\generated.rs:16313:42
      |
16313 | #[cfg_attr(feature = "arbitrary", derive(Arbitrary))]
      |                                          ^^^^^^^^^ could not find `details` in `arbitrary`
      |
      = note: this error originates in the derive macro `Arbitrary` (in Nightly builds, run with -Z macro-backtrace for more info)

error[E0407]: method `try_size_hint` is not a member of trait `arbitrary::Arbitrary`
     --> C:\Users\Devyani\.cargo\registry\src\index.crates.io-1949cf8c6b5b557f\stellar-xdr-20.1.0\src\curr\generated.rs:16313:42
      |
16313 | #[cfg_attr(feature = "arbitrary", derive(Arbitrary))]
      |                                          ^^^^^^^^^
      |                                          |
      |                                          not a member of trait `arbitrary::Arbitrary`
      |                                          help: there is an associated function with a similar name: `size_hint`
      |
      = note: this error originates in the derive macro `Arbitrary` (in Nightly builds, run with -Z macro-backtrace for more info)

error[E0433]: failed to resolve: could not find `details` in `arbitrary`
     --> C:\Users\Devyani\.cargo\registry\src\index.crates.io-1949cf8c6b5b557f\stellar-xdr-20.1.0\src\curr\generated.rs:16355:42
      |
16355 | #[cfg_attr(feature = "arbitrary", derive(Arbitrary))]
      |                                          ^^^^^^^^^ could not find `details` in `arbitrary`
      |
      = note: this error originates in the derive macro `Arbitrary` (in Nightly builds, run with -Z macro-backtrace for more info)

error[E0407]: method `try_size_hint` is not a member of trait `arbitrary::Arbitrary`
     --> C:\Users\Devyani\.cargo\registry\src\index.crates.io-1949cf8c6b5b557f\stellar-xdr-20.1.0\src\curr\generated.rs:16355:42
      |
16355 | #[cfg_attr(feature = "arbitrary", derive(Arbitrary))]
      |                                          ^^^^^^^^^
      |                                          |
      |                                          not a member of trait `arbitrary::Arbitrary`
      |                                          help: there is an associated function with a similar name: `size_hint`
      |
      = note: this error originates in the derive macro `Arbitrary` (in Nightly builds, run with -Z macro-backtrace for more info)

error[E0433]: failed to resolve: could not find `details` in `arbitrary`
     --> C:\Users\Devyani\.cargo\registry\src\index.crates.io-1949cf8c6b5b557f\stellar-xdr-20.1.0\src\curr\generated.rs:16457:42
      |
16457 | #[cfg_attr(feature = "arbitrary", derive(Arbitrary))]
      |                                          ^^^^^^^^^ could not find `details` in `arbitrary`
      |
      = note: this error originates in the derive macro `Arbitrary` (in Nightly builds, run with -Z macro-backtrace for more info)

error[E0407]: method `try_size_hint` is not a member of trait `arbitrary::Arbitrary`
     --> C:\Users\Devyani\.cargo\registry\src\index.crates.io-1949cf8c6b5b557f\stellar-xdr-20.1.0\src\curr\generated.rs:16457:42
      |
16457 | #[cfg_attr(feature = "arbitrary", derive(Arbitrary))]
      |                                          ^^^^^^^^^
      |                                          |
      |                                          not a member of trait `arbitrary::Arbitrary`
      |                                          help: there is an associated function with a similar name: `size_hint`
      |
      = note: this error originates in the derive macro `Arbitrary` (in Nightly builds, run with -Z macro-backtrace for more info)

error[E0433]: failed to resolve: could not find `details` in `arbitrary`
     --> C:\Users\Devyani\.cargo\registry\src\index.crates.io-1949cf8c6b5b557f\stellar-xdr-20.1.0\src\curr\generated.rs:16788:42
      |
16788 | #[cfg_attr(feature = "arbitrary", derive(Arbitrary))]
      |                                          ^^^^^^^^^ could not find `details` in `arbitrary`
      |
      = note: this error originates in the derive macro `Arbitrary` (in Nightly builds, run with -Z macro-backtrace for more info)

error[E0407]: method `try_size_hint` is not a member of trait `arbitrary::Arbitrary`
     --> C:\Users\Devyani\.cargo\registry\src\index.crates.io-1949cf8c6b5b557f\stellar-xdr-20.1.0\src\curr\generated.rs:16788:42
      |
16788 | #[cfg_attr(feature = "arbitrary", derive(Arbitrary))]
      |                                          ^^^^^^^^^
      |                                          |
      |                                          not a member of trait `arbitrary::Arbitrary`
      |                                          help: there is an associated function with a similar name: `size_hint`
      |
      = note: this error originates in the derive macro `Arbitrary` (in Nightly builds, run with -Z macro-backtrace for more info)

error[E0433]: failed to resolve: could not find `details` in `arbitrary`
     --> C:\Users\Devyani\.cargo\registry\src\index.crates.io-1949cf8c6b5b557f\stellar-xdr-20.1.0\src\curr\generated.rs:17002:42
      |
17002 | #[cfg_attr(feature = "arbitrary", derive(Arbitrary))]
      |                                          ^^^^^^^^^ could not find `details` in `arbitrary`
      |
      = note: this error originates in the derive macro `Arbitrary` (in Nightly builds, run with -Z macro-backtrace for more info)

error[E0407]: method `try_size_hint` is not a member of trait `arbitrary::Arbitrary`
     --> C:\Users\Devyani\.cargo\registry\src\index.crates.io-1949cf8c6b5b557f\stellar-xdr-20.1.0\src\curr\generated.rs:17002:42
      |
17002 | #[cfg_attr(feature = "arbitrary", derive(Arbitrary))]
      |                                          ^^^^^^^^^
      |                                          |
      |                                          not a member of trait `arbitrary::Arbitrary`
      |                                          help: there is an associated function with a similar name: `size_hint`
      |
      = note: this error originates in the derive macro `Arbitrary` (in Nightly builds, run with -Z macro-backtrace for more info)

error[E0433]: failed to resolve: could not find `details` in `arbitrary`
     --> C:\Users\Devyani\.cargo\registry\src\index.crates.io-1949cf8c6b5b557f\stellar-xdr-20.1.0\src\curr\generated.rs:17050:42
      |
17050 | #[cfg_attr(feature = "arbitrary", derive(Arbitrary))]
      |                                          ^^^^^^^^^ could not find `details` in `arbitrary`
      |
      = note: this error originates in the derive macro `Arbitrary` (in Nightly builds, run with -Z macro-backtrace for more info)

error[E0407]: method `try_size_hint` is not a member of trait `arbitrary::Arbitrary`
     --> C:\Users\Devyani\.cargo\registry\src\index.crates.io-1949cf8c6b5b557f\stellar-xdr-20.1.0\src\curr\generated.rs:17050:42
      |
17050 | #[cfg_attr(feature = "arbitrary", derive(Arbitrary))]
      |                                          ^^^^^^^^^
      |                                          |
      |                                          not a member of trait `arbitrary::Arbitrary`
      |                                          help: there is an associated function with a similar name: `size_hint`
      |
      = note: this error originates in the derive macro `Arbitrary` (in Nightly builds, run with -Z macro-backtrace for more info)

error[E0433]: failed to resolve: could not find `details` in `arbitrary`
     --> C:\Users\Devyani\.cargo\registry\src\index.crates.io-1949cf8c6b5b557f\stellar-xdr-20.1.0\src\curr\generated.rs:17171:42
      |
17171 | #[cfg_attr(feature = "arbitrary", derive(Arbitrary))]
      |                                          ^^^^^^^^^ could not find `details` in `arbitrary`
      |
      = note: this error originates in the derive macro `Arbitrary` (in Nightly builds, run with -Z macro-backtrace for more info)

error[E0407]: method `try_size_hint` is not a member of trait `arbitrary::Arbitrary`
     --> C:\Users\Devyani\.cargo\registry\src\index.crates.io-1949cf8c6b5b557f\stellar-xdr-20.1.0\src\curr\generated.rs:17171:42
      |
17171 | #[cfg_attr(feature = "arbitrary", derive(Arbitrary))]
      |                                          ^^^^^^^^^
      |                                          |
      |                                          not a member of trait `arbitrary::Arbitrary`
      |                                          help: there is an associated function with a similar name: `size_hint`
      |
      = note: this error originates in the derive macro `Arbitrary` (in Nightly builds, run with -Z macro-backtrace for more info)

error[E0433]: failed to resolve: could not find `details` in `arbitrary`
     --> C:\Users\Devyani\.cargo\registry\src\index.crates.io-1949cf8c6b5b557f\stellar-xdr-20.1.0\src\curr\generated.rs:17449:42
      |
17449 | #[cfg_attr(feature = "arbitrary", derive(Arbitrary))]
      |                                          ^^^^^^^^^ could not find `details` in `arbitrary`
      |
      = note: this error originates in the derive macro `Arbitrary` (in Nightly builds, run with -Z macro-backtrace for more info)

error[E0407]: method `try_size_hint` is not a member of trait `arbitrary::Arbitrary`
     --> C:\Users\Devyani\.cargo\registry\src\index.crates.io-1949cf8c6b5b557f\stellar-xdr-20.1.0\src\curr\generated.rs:17449:42
      |
17449 | #[cfg_attr(feature = "arbitrary", derive(Arbitrary))]
      |                                          ^^^^^^^^^
      |                                          |
      |                                          not a member of trait `arbitrary::Arbitrary`
      |                                          help: there is an associated function with a similar name: `size_hint`
      |
      = note: this error originates in the derive macro `Arbitrary` (in Nightly builds, run with -Z macro-backtrace for more info)

error[E0433]: failed to resolve: could not find `details` in `arbitrary`
     --> C:\Users\Devyani\.cargo\registry\src\index.crates.io-1949cf8c6b5b557f\stellar-xdr-20.1.0\src\curr\generated.rs:17497:42
      |
17497 | #[cfg_attr(feature = "arbitrary", derive(Arbitrary))]
      |                                          ^^^^^^^^^ could not find `details` in `arbitrary`
      |
      = note: this error originates in the derive macro `Arbitrary` (in Nightly builds, run with -Z macro-backtrace for more info)

error[E0407]: method `try_size_hint` is not a member of trait `arbitrary::Arbitrary`
     --> C:\Users\Devyani\.cargo\registry\src\index.crates.io-1949cf8c6b5b557f\stellar-xdr-20.1.0\src\curr\generated.rs:17497:42
      |
17497 | #[cfg_attr(feature = "arbitrary", derive(Arbitrary))]
      |                                          ^^^^^^^^^
      |                                          |
      |                                          not a member of trait `arbitrary::Arbitrary`
      |                                          help: there is an associated function with a similar name: `size_hint`
      |
      = note: this error originates in the derive macro `Arbitrary` (in Nightly builds, run with -Z macro-backtrace for more info)

error[E0433]: failed to resolve: could not find `details` in `arbitrary`
     --> C:\Users\Devyani\.cargo\registry\src\index.crates.io-1949cf8c6b5b557f\stellar-xdr-20.1.0\src\curr\generated.rs:17635:42
      |
17635 | #[cfg_attr(feature = "arbitrary", derive(Arbitrary))]
      |                                          ^^^^^^^^^ could not find `details` in `arbitrary`
      |
      = note: this error originates in the derive macro `Arbitrary` (in Nightly builds, run with -Z macro-backtrace for more info)

error[E0407]: method `try_size_hint` is not a member of trait `arbitrary::Arbitrary`
     --> C:\Users\Devyani\.cargo\registry\src\index.crates.io-1949cf8c6b5b557f\stellar-xdr-20.1.0\src\curr\generated.rs:17635:42
      |
17635 | #[cfg_attr(feature = "arbitrary", derive(Arbitrary))]
      |                                          ^^^^^^^^^
      |                                          |
      |                                          not a member of trait `arbitrary::Arbitrary`
      |                                          help: there is an associated function with a similar name: `size_hint`
      |
      = note: this error originates in the derive macro `Arbitrary` (in Nightly builds, run with -Z macro-backtrace for more info)

error[E0433]: failed to resolve: could not find `details` in `arbitrary`
     --> C:\Users\Devyani\.cargo\registry\src\index.crates.io-1949cf8c6b5b557f\stellar-xdr-20.1.0\src\curr\generated.rs:17859:42
      |
17859 | #[cfg_attr(feature = "arbitrary", derive(Arbitrary))]
      |                                          ^^^^^^^^^ could not find `details` in `arbitrary`
      |
      = note: this error originates in the derive macro `Arbitrary` (in Nightly builds, run with -Z macro-backtrace for more info)

error[E0407]: method `try_size_hint` is not a member of trait `arbitrary::Arbitrary`
     --> C:\Users\Devyani\.cargo\registry\src\index.crates.io-1949cf8c6b5b557f\stellar-xdr-20.1.0\src\curr\generated.rs:17859:42
      |
17859 | #[cfg_attr(feature = "arbitrary", derive(Arbitrary))]
      |                                          ^^^^^^^^^
      |                                          |
      |                                          not a member of trait `arbitrary::Arbitrary`
      |                                          help: there is an associated function with a similar name: `size_hint`
      |
      = note: this error originates in the derive macro `Arbitrary` (in Nightly builds, run with -Z macro-backtrace for more info)

error[E0433]: failed to resolve: could not find `details` in `arbitrary`
     --> C:\Users\Devyani\.cargo\registry\src\index.crates.io-1949cf8c6b5b557f\stellar-xdr-20.1.0\src\curr\generated.rs:17920:42
      |
17920 | #[cfg_attr(feature = "arbitrary", derive(Arbitrary))]
      |                                          ^^^^^^^^^ could not find `details` in `arbitrary`
      |
      = note: this error originates in the derive macro `Arbitrary` (in Nightly builds, run with -Z macro-backtrace for more info)

error[E0407]: method `try_size_hint` is not a member of trait `arbitrary::Arbitrary`
     --> C:\Users\Devyani\.cargo\registry\src\index.crates.io-1949cf8c6b5b557f\stellar-xdr-20.1.0\src\curr\generated.rs:17920:42
      |
17920 | #[cfg_attr(feature = "arbitrary", derive(Arbitrary))]
      |                                          ^^^^^^^^^
      |                                          |
      |                                          not a member of trait `arbitrary::Arbitrary`
      |                                          help: there is an associated function with a similar name: `size_hint`
      |
      = note: this error originates in the derive macro `Arbitrary` (in Nightly builds, run with -Z macro-backtrace for more info)

error[E0433]: failed to resolve: could not find `details` in `arbitrary`
     --> C:\Users\Devyani\.cargo\registry\src\index.crates.io-1949cf8c6b5b557f\stellar-xdr-20.1.0\src\curr\generated.rs:18065:42
      |
18065 | #[cfg_attr(feature = "arbitrary", derive(Arbitrary))]
      |                                          ^^^^^^^^^ could not find `details` in `arbitrary`
      |
      = note: this error originates in the derive macro `Arbitrary` (in Nightly builds, run with -Z macro-backtrace for more info)

error[E0407]: method `try_size_hint` is not a member of trait `arbitrary::Arbitrary`
     --> C:\Users\Devyani\.cargo\registry\src\index.crates.io-1949cf8c6b5b557f\stellar-xdr-20.1.0\src\curr\generated.rs:18065:42
      |
18065 | #[cfg_attr(feature = "arbitrary", derive(Arbitrary))]
      |                                          ^^^^^^^^^
      |                                          |
      |                                          not a member of trait `arbitrary::Arbitrary`
      |                                          help: there is an associated function with a similar name: `size_hint`
      |
      = note: this error originates in the derive macro `Arbitrary` (in Nightly builds, run with -Z macro-backtrace for more info)

error[E0433]: failed to resolve: could not find `details` in `arbitrary`
     --> C:\Users\Devyani\.cargo\registry\src\index.crates.io-1949cf8c6b5b557f\stellar-xdr-20.1.0\src\curr\generated.rs:18336:42
      |
18336 | #[cfg_attr(feature = "arbitrary", derive(Arbitrary))]
      |                                          ^^^^^^^^^ could not find `details` in `arbitrary`
      |
      = note: this error originates in the derive macro `Arbitrary` (in Nightly builds, run with -Z macro-backtrace for more info)

error[E0407]: method `try_size_hint` is not a member of trait `arbitrary::Arbitrary`
     --> C:\Users\Devyani\.cargo\registry\src\index.crates.io-1949cf8c6b5b557f\stellar-xdr-20.1.0\src\curr\generated.rs:18336:42
      |
18336 | #[cfg_attr(feature = "arbitrary", derive(Arbitrary))]
      |                                          ^^^^^^^^^
      |                                          |
      |                                          not a member of trait `arbitrary::Arbitrary`
      |                                          help: there is an associated function with a similar name: `size_hint`
      |
      = note: this error originates in the derive macro `Arbitrary` (in Nightly builds, run with -Z macro-backtrace for more info)

error[E0433]: failed to resolve: could not find `details` in `arbitrary`
     --> C:\Users\Devyani\.cargo\registry\src\index.crates.io-1949cf8c6b5b557f\stellar-xdr-20.1.0\src\curr\generated.rs:18388:42
      |
18388 | #[cfg_attr(feature = "arbitrary", derive(Arbitrary))]
      |                                          ^^^^^^^^^ could not find `details` in `arbitrary`
      |
      = note: this error originates in the derive macro `Arbitrary` (in Nightly builds, run with -Z macro-backtrace for more info)

error[E0407]: method `try_size_hint` is not a member of trait `arbitrary::Arbitrary`
     --> C:\Users\Devyani\.cargo\registry\src\index.crates.io-1949cf8c6b5b557f\stellar-xdr-20.1.0\src\curr\generated.rs:18388:42
      |
18388 | #[cfg_attr(feature = "arbitrary", derive(Arbitrary))]
      |                                          ^^^^^^^^^
      |                                          |
      |                                          not a member of trait `arbitrary::Arbitrary`
      |                                          help: there is an associated function with a similar name: `size_hint`
      |
      = note: this error originates in the derive macro `Arbitrary` (in Nightly builds, run with -Z macro-backtrace for more info)

error[E0433]: failed to resolve: could not find `details` in `arbitrary`
     --> C:\Users\Devyani\.cargo\registry\src\index.crates.io-1949cf8c6b5b557f\stellar-xdr-20.1.0\src\curr\generated.rs:18612:42
      |
18612 | #[cfg_attr(feature = "arbitrary", derive(Arbitrary))]
      |                                          ^^^^^^^^^ could not find `details` in `arbitrary`
      |
      = note: this error originates in the derive macro `Arbitrary` (in Nightly builds, run with -Z macro-backtrace for more info)

error[E0407]: method `try_size_hint` is not a member of trait `arbitrary::Arbitrary`
     --> C:\Users\Devyani\.cargo\registry\src\index.crates.io-1949cf8c6b5b557f\stellar-xdr-20.1.0\src\curr\generated.rs:18612:42
      |
18612 | #[cfg_attr(feature = "arbitrary", derive(Arbitrary))]
      |                                          ^^^^^^^^^
      |                                          |
      |                                          not a member of trait `arbitrary::Arbitrary`
      |                                          help: there is an associated function with a similar name: `size_hint`
      |
      = note: this error originates in the derive macro `Arbitrary` (in Nightly builds, run with -Z macro-backtrace for more info)

error[E0433]: failed to resolve: could not find `details` in `arbitrary`
     --> C:\Users\Devyani\.cargo\registry\src\index.crates.io-1949cf8c6b5b557f\stellar-xdr-20.1.0\src\curr\generated.rs:18662:42
      |
18662 | #[cfg_attr(feature = "arbitrary", derive(Arbitrary))]
      |                                          ^^^^^^^^^ could not find `details` in `arbitrary`
      |
      = note: this error originates in the derive macro `Arbitrary` (in Nightly builds, run with -Z macro-backtrace for more info)

error[E0407]: method `try_size_hint` is not a member of trait `arbitrary::Arbitrary`
     --> C:\Users\Devyani\.cargo\registry\src\index.crates.io-1949cf8c6b5b557f\stellar-xdr-20.1.0\src\curr\generated.rs:18662:42
      |
18662 | #[cfg_attr(feature = "arbitrary", derive(Arbitrary))]
      |                                          ^^^^^^^^^
      |                                          |
      |                                          not a member of trait `arbitrary::Arbitrary`
      |                                          help: there is an associated function with a similar name: `size_hint`
      |
      = note: this error originates in the derive macro `Arbitrary` (in Nightly builds, run with -Z macro-backtrace for more info)

error[E0433]: failed to resolve: could not find `details` in `arbitrary`
     --> C:\Users\Devyani\.cargo\registry\src\index.crates.io-1949cf8c6b5b557f\stellar-xdr-20.1.0\src\curr\generated.rs:18769:42
      |
18769 | #[cfg_attr(feature = "arbitrary", derive(Arbitrary))]
      |                                          ^^^^^^^^^ could not find `details` in `arbitrary`
      |
      = note: this error originates in the derive macro `Arbitrary` (in Nightly builds, run with -Z macro-backtrace for more info)

error[E0407]: method `try_size_hint` is not a member of trait `arbitrary::Arbitrary`
     --> C:\Users\Devyani\.cargo\registry\src\index.crates.io-1949cf8c6b5b557f\stellar-xdr-20.1.0\src\curr\generated.rs:18769:42
      |
18769 | #[cfg_attr(feature = "arbitrary", derive(Arbitrary))]
      |                                          ^^^^^^^^^
      |                                          |
      |                                          not a member of trait `arbitrary::Arbitrary`
      |                                          help: there is an associated function with a similar name: `size_hint`
      |
      = note: this error originates in the derive macro `Arbitrary` (in Nightly builds, run with -Z macro-backtrace for more info)

error[E0433]: failed to resolve: could not find `details` in `arbitrary`
     --> C:\Users\Devyani\.cargo\registry\src\index.crates.io-1949cf8c6b5b557f\stellar-xdr-20.1.0\src\curr\generated.rs:18868:42
      |
18868 | #[cfg_attr(feature = "arbitrary", derive(Arbitrary))]
      |                                          ^^^^^^^^^ could not find `details` in `arbitrary`
      |
      = note: this error originates in the derive macro `Arbitrary` (in Nightly builds, run with -Z macro-backtrace for more info)

error[E0407]: method `try_size_hint` is not a member of trait `arbitrary::Arbitrary`
     --> C:\Users\Devyani\.cargo\registry\src\index.crates.io-1949cf8c6b5b557f\stellar-xdr-20.1.0\src\curr\generated.rs:18868:42
      |
18868 | #[cfg_attr(feature = "arbitrary", derive(Arbitrary))]
      |                                          ^^^^^^^^^
      |                                          |
      |                                          not a member of trait `arbitrary::Arbitrary`
      |                                          help: there is an associated function with a similar name: `size_hint`
      |
      = note: this error originates in the derive macro `Arbitrary` (in Nightly builds, run with -Z macro-backtrace for more info)

error[E0433]: failed to resolve: could not find `details` in `arbitrary`
     --> C:\Users\Devyani\.cargo\registry\src\index.crates.io-1949cf8c6b5b557f\stellar-xdr-20.1.0\src\curr\generated.rs:18913:42
      |
18913 | #[cfg_attr(feature = "arbitrary", derive(Arbitrary))]
      |                                          ^^^^^^^^^ could not find `details` in `arbitrary`
      |
      = note: this error originates in the derive macro `Arbitrary` (in Nightly builds, run with -Z macro-backtrace for more info)

error[E0407]: method `try_size_hint` is not a member of trait `arbitrary::Arbitrary`
     --> C:\Users\Devyani\.cargo\registry\src\index.crates.io-1949cf8c6b5b557f\stellar-xdr-20.1.0\src\curr\generated.rs:18913:42
      |
18913 | #[cfg_attr(feature = "arbitrary", derive(Arbitrary))]
      |                                          ^^^^^^^^^
      |                                          |
      |                                          not a member of trait `arbitrary::Arbitrary`
      |                                          help: there is an associated function with a similar name: `size_hint`
      |
      = note: this error originates in the derive macro `Arbitrary` (in Nightly builds, run with -Z macro-backtrace for more info)

error[E0433]: failed to resolve: could not find `details` in `arbitrary`
     --> C:\Users\Devyani\.cargo\registry\src\index.crates.io-1949cf8c6b5b557f\stellar-xdr-20.1.0\src\curr\generated.rs:18960:42
      |
18960 | #[cfg_attr(feature = "arbitrary", derive(Arbitrary))]
      |                                          ^^^^^^^^^ could not find `details` in `arbitrary`
      |
      = note: this error originates in the derive macro `Arbitrary` (in Nightly builds, run with -Z macro-backtrace for more info)

error[E0407]: method `try_size_hint` is not a member of trait `arbitrary::Arbitrary`
     --> C:\Users\Devyani\.cargo\registry\src\index.crates.io-1949cf8c6b5b557f\stellar-xdr-20.1.0\src\curr\generated.rs:18960:42
      |
18960 | #[cfg_attr(feature = "arbitrary", derive(Arbitrary))]
      |                                          ^^^^^^^^^
      |                                          |
      |                                          not a member of trait `arbitrary::Arbitrary`
      |                                          help: there is an associated function with a similar name: `size_hint`
      |
      = note: this error originates in the derive macro `Arbitrary` (in Nightly builds, run with -Z macro-backtrace for more info)

error[E0433]: failed to resolve: could not find `details` in `arbitrary`
     --> C:\Users\Devyani\.cargo\registry\src\index.crates.io-1949cf8c6b5b557f\stellar-xdr-20.1.0\src\curr\generated.rs:19059:42
      |
19059 | #[cfg_attr(feature = "arbitrary", derive(Arbitrary))]
      |                                          ^^^^^^^^^ could not find `details` in `arbitrary`
      |
      = note: this error originates in the derive macro `Arbitrary` (in Nightly builds, run with -Z macro-backtrace for more info)

error[E0407]: method `try_size_hint` is not a member of trait `arbitrary::Arbitrary`
     --> C:\Users\Devyani\.cargo\registry\src\index.crates.io-1949cf8c6b5b557f\stellar-xdr-20.1.0\src\curr\generated.rs:19059:42
      |
19059 | #[cfg_attr(feature = "arbitrary", derive(Arbitrary))]
      |                                          ^^^^^^^^^
      |                                          |
      |                                          not a member of trait `arbitrary::Arbitrary`
      |                                          help: there is an associated function with a similar name: `size_hint`
      |
      = note: this error originates in the derive macro `Arbitrary` (in Nightly builds, run with -Z macro-backtrace for more info)

error[E0433]: failed to resolve: could not find `details` in `arbitrary`
     --> C:\Users\Devyani\.cargo\registry\src\index.crates.io-1949cf8c6b5b557f\stellar-xdr-20.1.0\src\curr\generated.rs:19103:42
      |
19103 | #[cfg_attr(feature = "arbitrary", derive(Arbitrary))]
      |                                          ^^^^^^^^^ could not find `details` in `arbitrary`
      |
      = note: this error originates in the derive macro `Arbitrary` (in Nightly builds, run with -Z macro-backtrace for more info)

error[E0407]: method `try_size_hint` is not a member of trait `arbitrary::Arbitrary`
     --> C:\Users\Devyani\.cargo\registry\src\index.crates.io-1949cf8c6b5b557f\stellar-xdr-20.1.0\src\curr\generated.rs:19103:42
      |
19103 | #[cfg_attr(feature = "arbitrary", derive(Arbitrary))]
      |                                          ^^^^^^^^^
      |                                          |
      |                                          not a member of trait `arbitrary::Arbitrary`
      |                                          help: there is an associated function with a similar name: `size_hint`
      |
      = note: this error originates in the derive macro `Arbitrary` (in Nightly builds, run with -Z macro-backtrace for more info)

error[E0433]: failed to resolve: could not find `details` in `arbitrary`
     --> C:\Users\Devyani\.cargo\registry\src\index.crates.io-1949cf8c6b5b557f\stellar-xdr-20.1.0\src\curr\generated.rs:19148:42
      |
19148 | #[cfg_attr(feature = "arbitrary", derive(Arbitrary))]
      |                                          ^^^^^^^^^ could not find `details` in `arbitrary`
      |
      = note: this error originates in the derive macro `Arbitrary` (in Nightly builds, run with -Z macro-backtrace for more info)

error[E0407]: method `try_size_hint` is not a member of trait `arbitrary::Arbitrary`
     --> C:\Users\Devyani\.cargo\registry\src\index.crates.io-1949cf8c6b5b557f\stellar-xdr-20.1.0\src\curr\generated.rs:19148:42
      |
19148 | #[cfg_attr(feature = "arbitrary", derive(Arbitrary))]
      |                                          ^^^^^^^^^
      |                                          |
      |                                          not a member of trait `arbitrary::Arbitrary`
      |                                          help: there is an associated function with a similar name: `size_hint`
      |
      = note: this error originates in the derive macro `Arbitrary` (in Nightly builds, run with -Z macro-backtrace for more info)

error[E0433]: failed to resolve: could not find `details` in `arbitrary`
     --> C:\Users\Devyani\.cargo\registry\src\index.crates.io-1949cf8c6b5b557f\stellar-xdr-20.1.0\src\curr\generated.rs:19262:42
      |
19262 | #[cfg_attr(feature = "arbitrary", derive(Arbitrary))]
      |                                          ^^^^^^^^^ could not find `details` in `arbitrary`
      |
      = note: this error originates in the derive macro `Arbitrary` (in Nightly builds, run with -Z macro-backtrace for more info)

error[E0407]: method `try_size_hint` is not a member of trait `arbitrary::Arbitrary`
     --> C:\Users\Devyani\.cargo\registry\src\index.crates.io-1949cf8c6b5b557f\stellar-xdr-20.1.0\src\curr\generated.rs:19262:42
      |
19262 | #[cfg_attr(feature = "arbitrary", derive(Arbitrary))]
      |                                          ^^^^^^^^^
      |                                          |
      |                                          not a member of trait `arbitrary::Arbitrary`
      |                                          help: there is an associated function with a similar name: `size_hint`
      |
      = note: this error originates in the derive macro `Arbitrary` (in Nightly builds, run with -Z macro-backtrace for more info)

error[E0433]: failed to resolve: could not find `details` in `arbitrary`
     --> C:\Users\Devyani\.cargo\registry\src\index.crates.io-1949cf8c6b5b557f\stellar-xdr-20.1.0\src\curr\generated.rs:19418:42
      |
19418 | #[cfg_attr(feature = "arbitrary", derive(Arbitrary))]
      |                                          ^^^^^^^^^ could not find `details` in `arbitrary`
      |
      = note: this error originates in the derive macro `Arbitrary` (in Nightly builds, run with -Z macro-backtrace for more info)

error[E0407]: method `try_size_hint` is not a member of trait `arbitrary::Arbitrary`
     --> C:\Users\Devyani\.cargo\registry\src\index.crates.io-1949cf8c6b5b557f\stellar-xdr-20.1.0\src\curr\generated.rs:19418:42
      |
19418 | #[cfg_attr(feature = "arbitrary", derive(Arbitrary))]
      |                                          ^^^^^^^^^
      |                                          |
      |                                          not a member of trait `arbitrary::Arbitrary`
      |                                          help: there is an associated function with a similar name: `size_hint`
      |
      = note: this error originates in the derive macro `Arbitrary` (in Nightly builds, run with -Z macro-backtrace for more info)

error[E0433]: failed to resolve: could not find `details` in `arbitrary`
     --> C:\Users\Devyani\.cargo\registry\src\index.crates.io-1949cf8c6b5b557f\stellar-xdr-20.1.0\src\curr\generated.rs:19574:42
      |
19574 | #[cfg_attr(feature = "arbitrary", derive(Arbitrary))]
      |                                          ^^^^^^^^^ could not find `details` in `arbitrary`
      |
      = note: this error originates in the derive macro `Arbitrary` (in Nightly builds, run with -Z macro-backtrace for more info)

error[E0407]: method `try_size_hint` is not a member of trait `arbitrary::Arbitrary`
     --> C:\Users\Devyani\.cargo\registry\src\index.crates.io-1949cf8c6b5b557f\stellar-xdr-20.1.0\src\curr\generated.rs:19574:42
      |
19574 | #[cfg_attr(feature = "arbitrary", derive(Arbitrary))]
      |                                          ^^^^^^^^^
      |                                          |
      |                                          not a member of trait `arbitrary::Arbitrary`
      |                                          help: there is an associated function with a similar name: `size_hint`
      |
      = note: this error originates in the derive macro `Arbitrary` (in Nightly builds, run with -Z macro-backtrace for more info)

error[E0433]: failed to resolve: could not find `details` in `arbitrary`
     --> C:\Users\Devyani\.cargo\registry\src\index.crates.io-1949cf8c6b5b557f\stellar-xdr-20.1.0\src\curr\generated.rs:19622:42
      |
19622 | #[cfg_attr(feature = "arbitrary", derive(Arbitrary))]
      |                                          ^^^^^^^^^ could not find `details` in `arbitrary`
      |
      = note: this error originates in the derive macro `Arbitrary` (in Nightly builds, run with -Z macro-backtrace for more info)

error[E0407]: method `try_size_hint` is not a member of trait `arbitrary::Arbitrary`
     --> C:\Users\Devyani\.cargo\registry\src\index.crates.io-1949cf8c6b5b557f\stellar-xdr-20.1.0\src\curr\generated.rs:19622:42
      |
19622 | #[cfg_attr(feature = "arbitrary", derive(Arbitrary))]
      |                                          ^^^^^^^^^
      |                                          |
      |                                          not a member of trait `arbitrary::Arbitrary`
      |                                          help: there is an associated function with a similar name: `size_hint`
      |
      = note: this error originates in the derive macro `Arbitrary` (in Nightly builds, run with -Z macro-backtrace for more info)

error[E0433]: failed to resolve: could not find `details` in `arbitrary`
     --> C:\Users\Devyani\.cargo\registry\src\index.crates.io-1949cf8c6b5b557f\stellar-xdr-20.1.0\src\curr\generated.rs:19667:42
      |
19667 | #[cfg_attr(feature = "arbitrary", derive(Arbitrary))]
      |                                          ^^^^^^^^^ could not find `details` in `arbitrary`
      |
      = note: this error originates in the derive macro `Arbitrary` (in Nightly builds, run with -Z macro-backtrace for more info)

error[E0407]: method `try_size_hint` is not a member of trait `arbitrary::Arbitrary`
     --> C:\Users\Devyani\.cargo\registry\src\index.crates.io-1949cf8c6b5b557f\stellar-xdr-20.1.0\src\curr\generated.rs:19667:42
      |
19667 | #[cfg_attr(feature = "arbitrary", derive(Arbitrary))]
      |                                          ^^^^^^^^^
      |                                          |
      |                                          not a member of trait `arbitrary::Arbitrary`
      |                                          help: there is an associated function with a similar name: `size_hint`
      |
      = note: this error originates in the derive macro `Arbitrary` (in Nightly builds, run with -Z macro-backtrace for more info)

error[E0433]: failed to resolve: could not find `details` in `arbitrary`
     --> C:\Users\Devyani\.cargo\registry\src\index.crates.io-1949cf8c6b5b557f\stellar-xdr-20.1.0\src\curr\generated.rs:19713:42
      |
19713 | #[cfg_attr(feature = "arbitrary", derive(Arbitrary))]
      |                                          ^^^^^^^^^ could not find `details` in `arbitrary`
      |
      = note: this error originates in the derive macro `Arbitrary` (in Nightly builds, run with -Z macro-backtrace for more info)

error[E0407]: method `try_size_hint` is not a member of trait `arbitrary::Arbitrary`
     --> C:\Users\Devyani\.cargo\registry\src\index.crates.io-1949cf8c6b5b557f\stellar-xdr-20.1.0\src\curr\generated.rs:19713:42
      |
19713 | #[cfg_attr(feature = "arbitrary", derive(Arbitrary))]
      |                                          ^^^^^^^^^
      |                                          |
      |                                          not a member of trait `arbitrary::Arbitrary`
      |                                          help: there is an associated function with a similar name: `size_hint`
      |
      = note: this error originates in the derive macro `Arbitrary` (in Nightly builds, run with -Z macro-backtrace for more info)

error[E0433]: failed to resolve: could not find `details` in `arbitrary`
     --> C:\Users\Devyani\.cargo\registry\src\index.crates.io-1949cf8c6b5b557f\stellar-xdr-20.1.0\src\curr\generated.rs:19937:42
      |
19937 | #[cfg_attr(feature = "arbitrary", derive(Arbitrary))]
      |                                          ^^^^^^^^^ could not find `details` in `arbitrary`
      |
      = note: this error originates in the derive macro `Arbitrary` (in Nightly builds, run with -Z macro-backtrace for more info)

error[E0407]: method `try_size_hint` is not a member of trait `arbitrary::Arbitrary`
     --> C:\Users\Devyani\.cargo\registry\src\index.crates.io-1949cf8c6b5b557f\stellar-xdr-20.1.0\src\curr\generated.rs:19937:42
      |
19937 | #[cfg_attr(feature = "arbitrary", derive(Arbitrary))]
      |                                          ^^^^^^^^^
      |                                          |
      |                                          not a member of trait `arbitrary::Arbitrary`
      |                                          help: there is an associated function with a similar name: `size_hint`
      |
      = note: this error originates in the derive macro `Arbitrary` (in Nightly builds, run with -Z macro-backtrace for more info)

error[E0433]: failed to resolve: could not find `details` in `arbitrary`
     --> C:\Users\Devyani\.cargo\registry\src\index.crates.io-1949cf8c6b5b557f\stellar-xdr-20.1.0\src\curr\generated.rs:20052:42
      |
20052 | #[cfg_attr(feature = "arbitrary", derive(Arbitrary))]
      |                                          ^^^^^^^^^ could not find `details` in `arbitrary`
      |
      = note: this error originates in the derive macro `Arbitrary` (in Nightly builds, run with -Z macro-backtrace for more info)

error[E0407]: method `try_size_hint` is not a member of trait `arbitrary::Arbitrary`
     --> C:\Users\Devyani\.cargo\registry\src\index.crates.io-1949cf8c6b5b557f\stellar-xdr-20.1.0\src\curr\generated.rs:20052:42
      |
20052 | #[cfg_attr(feature = "arbitrary", derive(Arbitrary))]
      |                                          ^^^^^^^^^
      |                                          |
      |                                          not a member of trait `arbitrary::Arbitrary`
      |                                          help: there is an associated function with a similar name: `size_hint`
      |
      = note: this error originates in the derive macro `Arbitrary` (in Nightly builds, run with -Z macro-backtrace for more info)

error[E0433]: failed to resolve: could not find `details` in `arbitrary`
     --> C:\Users\Devyani\.cargo\registry\src\index.crates.io-1949cf8c6b5b557f\stellar-xdr-20.1.0\src\curr\generated.rs:20160:42
      |
20160 | #[cfg_attr(feature = "arbitrary", derive(Arbitrary))]
      |                                          ^^^^^^^^^ could not find `details` in `arbitrary`
      |
      = note: this error originates in the derive macro `Arbitrary` (in Nightly builds, run with -Z macro-backtrace for more info)

error[E0407]: method `try_size_hint` is not a member of trait `arbitrary::Arbitrary`
     --> C:\Users\Devyani\.cargo\registry\src\index.crates.io-1949cf8c6b5b557f\stellar-xdr-20.1.0\src\curr\generated.rs:20160:42
      |
20160 | #[cfg_attr(feature = "arbitrary", derive(Arbitrary))]
      |                                          ^^^^^^^^^
      |                                          |
      |                                          not a member of trait `arbitrary::Arbitrary`
      |                                          help: there is an associated function with a similar name: `size_hint`
      |
      = note: this error originates in the derive macro `Arbitrary` (in Nightly builds, run with -Z macro-backtrace for more info)

error[E0433]: failed to resolve: could not find `details` in `arbitrary`
     --> C:\Users\Devyani\.cargo\registry\src\index.crates.io-1949cf8c6b5b557f\stellar-xdr-20.1.0\src\curr\generated.rs:20202:42
      |
20202 | #[cfg_attr(feature = "arbitrary", derive(Arbitrary))]
      |                                          ^^^^^^^^^ could not find `details` in `arbitrary`
      |
      = note: this error originates in the derive macro `Arbitrary` (in Nightly builds, run with -Z macro-backtrace for more info)

error[E0407]: method `try_size_hint` is not a member of trait `arbitrary::Arbitrary`
     --> C:\Users\Devyani\.cargo\registry\src\index.crates.io-1949cf8c6b5b557f\stellar-xdr-20.1.0\src\curr\generated.rs:20202:42
      |
20202 | #[cfg_attr(feature = "arbitrary", derive(Arbitrary))]
      |                                          ^^^^^^^^^
      |                                          |
      |                                          not a member of trait `arbitrary::Arbitrary`
      |                                          help: there is an associated function with a similar name: `size_hint`
      |
      = note: this error originates in the derive macro `Arbitrary` (in Nightly builds, run with -Z macro-backtrace for more info)

error[E0433]: failed to resolve: could not find `details` in `arbitrary`
     --> C:\Users\Devyani\.cargo\registry\src\index.crates.io-1949cf8c6b5b557f\stellar-xdr-20.1.0\src\curr\generated.rs:20250:42
      |
20250 | #[cfg_attr(feature = "arbitrary", derive(Arbitrary))]
      |                                          ^^^^^^^^^ could not find `details` in `arbitrary`
      |
      = note: this error originates in the derive macro `Arbitrary` (in Nightly builds, run with -Z macro-backtrace for more info)

error[E0407]: method `try_size_hint` is not a member of trait `arbitrary::Arbitrary`
     --> C:\Users\Devyani\.cargo\registry\src\index.crates.io-1949cf8c6b5b557f\stellar-xdr-20.1.0\src\curr\generated.rs:20250:42
      |
20250 | #[cfg_attr(feature = "arbitrary", derive(Arbitrary))]
      |                                          ^^^^^^^^^
      |                                          |
      |                                          not a member of trait `arbitrary::Arbitrary`
      |                                          help: there is an associated function with a similar name: `size_hint`
      |
      = note: this error originates in the derive macro `Arbitrary` (in Nightly builds, run with -Z macro-backtrace for more info)

error[E0433]: failed to resolve: could not find `details` in `arbitrary`
     --> C:\Users\Devyani\.cargo\registry\src\index.crates.io-1949cf8c6b5b557f\stellar-xdr-20.1.0\src\curr\generated.rs:20411:42
      |
20411 | #[cfg_attr(feature = "arbitrary", derive(Arbitrary))]
      |                                          ^^^^^^^^^ could not find `details` in `arbitrary`
      |
      = note: this error originates in the derive macro `Arbitrary` (in Nightly builds, run with -Z macro-backtrace for more info)

error[E0407]: method `try_size_hint` is not a member of trait `arbitrary::Arbitrary`
     --> C:\Users\Devyani\.cargo\registry\src\index.crates.io-1949cf8c6b5b557f\stellar-xdr-20.1.0\src\curr\generated.rs:20411:42
      |
20411 | #[cfg_attr(feature = "arbitrary", derive(Arbitrary))]
      |                                          ^^^^^^^^^
      |                                          |
      |                                          not a member of trait `arbitrary::Arbitrary`
      |                                          help: there is an associated function with a similar name: `size_hint`
      |
      = note: this error originates in the derive macro `Arbitrary` (in Nightly builds, run with -Z macro-backtrace for more info)

error[E0433]: failed to resolve: could not find `details` in `arbitrary`
     --> C:\Users\Devyani\.cargo\registry\src\index.crates.io-1949cf8c6b5b557f\stellar-xdr-20.1.0\src\curr\generated.rs:20461:42
      |
20461 | #[cfg_attr(feature = "arbitrary", derive(Arbitrary))]
      |                                          ^^^^^^^^^ could not find `details` in `arbitrary`
      |
      = note: this error originates in the derive macro `Arbitrary` (in Nightly builds, run with -Z macro-backtrace for more info)

error[E0407]: method `try_size_hint` is not a member of trait `arbitrary::Arbitrary`
     --> C:\Users\Devyani\.cargo\registry\src\index.crates.io-1949cf8c6b5b557f\stellar-xdr-20.1.0\src\curr\generated.rs:20461:42
      |
20461 | #[cfg_attr(feature = "arbitrary", derive(Arbitrary))]
      |                                          ^^^^^^^^^
      |                                          |
      |                                          not a member of trait `arbitrary::Arbitrary`
      |                                          help: there is an associated function with a similar name: `size_hint`
      |
      = note: this error originates in the derive macro `Arbitrary` (in Nightly builds, run with -Z macro-backtrace for more info)

error[E0433]: failed to resolve: could not find `details` in `arbitrary`
     --> C:\Users\Devyani\.cargo\registry\src\index.crates.io-1949cf8c6b5b557f\stellar-xdr-20.1.0\src\curr\generated.rs:20575:42
      |
20575 | #[cfg_attr(feature = "arbitrary", derive(Arbitrary))]
      |                                          ^^^^^^^^^ could not find `details` in `arbitrary`
      |
      = note: this error originates in the derive macro `Arbitrary` (in Nightly builds, run with -Z macro-backtrace for more info)

error[E0407]: method `try_size_hint` is not a member of trait `arbitrary::Arbitrary`
     --> C:\Users\Devyani\.cargo\registry\src\index.crates.io-1949cf8c6b5b557f\stellar-xdr-20.1.0\src\curr\generated.rs:20575:42
      |
20575 | #[cfg_attr(feature = "arbitrary", derive(Arbitrary))]
      |                                          ^^^^^^^^^
      |                                          |
      |                                          not a member of trait `arbitrary::Arbitrary`
      |                                          help: there is an associated function with a similar name: `size_hint`
      |
      = note: this error originates in the derive macro `Arbitrary` (in Nightly builds, run with -Z macro-backtrace for more info)

error[E0433]: failed to resolve: could not find `details` in `arbitrary`
     --> C:\Users\Devyani\.cargo\registry\src\index.crates.io-1949cf8c6b5b557f\stellar-xdr-20.1.0\src\curr\generated.rs:20626:42
      |
20626 | #[cfg_attr(feature = "arbitrary", derive(Arbitrary))]
      |                                          ^^^^^^^^^ could not find `details` in `arbitrary`
      |
      = note: this error originates in the derive macro `Arbitrary` (in Nightly builds, run with -Z macro-backtrace for more info)

error[E0407]: method `try_size_hint` is not a member of trait `arbitrary::Arbitrary`
     --> C:\Users\Devyani\.cargo\registry\src\index.crates.io-1949cf8c6b5b557f\stellar-xdr-20.1.0\src\curr\generated.rs:20626:42
      |
20626 | #[cfg_attr(feature = "arbitrary", derive(Arbitrary))]
      |                                          ^^^^^^^^^
      |                                          |
      |                                          not a member of trait `arbitrary::Arbitrary`
      |                                          help: there is an associated function with a similar name: `size_hint`
      |
      = note: this error originates in the derive macro `Arbitrary` (in Nightly builds, run with -Z macro-backtrace for more info)

error[E0433]: failed to resolve: could not find `details` in `arbitrary`
     --> C:\Users\Devyani\.cargo\registry\src\index.crates.io-1949cf8c6b5b557f\stellar-xdr-20.1.0\src\curr\generated.rs:20679:42
      |
20679 | #[cfg_attr(feature = "arbitrary", derive(Arbitrary))]
      |                                          ^^^^^^^^^ could not find `details` in `arbitrary`
      |
      = note: this error originates in the derive macro `Arbitrary` (in Nightly builds, run with -Z macro-backtrace for more info)

error[E0407]: method `try_size_hint` is not a member of trait `arbitrary::Arbitrary`
     --> C:\Users\Devyani\.cargo\registry\src\index.crates.io-1949cf8c6b5b557f\stellar-xdr-20.1.0\src\curr\generated.rs:20679:42
      |
20679 | #[cfg_attr(feature = "arbitrary", derive(Arbitrary))]
      |                                          ^^^^^^^^^
      |                                          |
      |                                          not a member of trait `arbitrary::Arbitrary`
      |                                          help: there is an associated function with a similar name: `size_hint`
      |
      = note: this error originates in the derive macro `Arbitrary` (in Nightly builds, run with -Z macro-backtrace for more info)

error[E0433]: failed to resolve: could not find `details` in `arbitrary`
     --> C:\Users\Devyani\.cargo\registry\src\index.crates.io-1949cf8c6b5b557f\stellar-xdr-20.1.0\src\curr\generated.rs:20737:42
      |
20737 | #[cfg_attr(feature = "arbitrary", derive(Arbitrary))]
      |                                          ^^^^^^^^^ could not find `details` in `arbitrary`
      |
      = note: this error originates in the derive macro `Arbitrary` (in Nightly builds, run with -Z macro-backtrace for more info)

error[E0407]: method `try_size_hint` is not a member of trait `arbitrary::Arbitrary`
     --> C:\Users\Devyani\.cargo\registry\src\index.crates.io-1949cf8c6b5b557f\stellar-xdr-20.1.0\src\curr\generated.rs:20737:42
      |
20737 | #[cfg_attr(feature = "arbitrary", derive(Arbitrary))]
      |                                          ^^^^^^^^^
      |                                          |
      |                                          not a member of trait `arbitrary::Arbitrary`
      |                                          help: there is an associated function with a similar name: `size_hint`
      |
      = note: this error originates in the derive macro `Arbitrary` (in Nightly builds, run with -Z macro-backtrace for more info)

error[E0433]: failed to resolve: could not find `details` in `arbitrary`
     --> C:\Users\Devyani\.cargo\registry\src\index.crates.io-1949cf8c6b5b557f\stellar-xdr-20.1.0\src\curr\generated.rs:20791:42
      |
20791 | #[cfg_attr(feature = "arbitrary", derive(Arbitrary))]
      |                                          ^^^^^^^^^ could not find `details` in `arbitrary`
      |
      = note: this error originates in the derive macro `Arbitrary` (in Nightly builds, run with -Z macro-backtrace for more info)

error[E0407]: method `try_size_hint` is not a member of trait `arbitrary::Arbitrary`
     --> C:\Users\Devyani\.cargo\registry\src\index.crates.io-1949cf8c6b5b557f\stellar-xdr-20.1.0\src\curr\generated.rs:20791:42
      |
20791 | #[cfg_attr(feature = "arbitrary", derive(Arbitrary))]
      |                                          ^^^^^^^^^
      |                                          |
      |                                          not a member of trait `arbitrary::Arbitrary`
      |                                          help: there is an associated function with a similar name: `size_hint`
      |
      = note: this error originates in the derive macro `Arbitrary` (in Nightly builds, run with -Z macro-backtrace for more info)

error[E0433]: failed to resolve: could not find `details` in `arbitrary`
     --> C:\Users\Devyani\.cargo\registry\src\index.crates.io-1949cf8c6b5b557f\stellar-xdr-20.1.0\src\curr\generated.rs:20843:42
      |
20843 | #[cfg_attr(feature = "arbitrary", derive(Arbitrary))]
      |                                          ^^^^^^^^^ could not find `details` in `arbitrary`
      |
      = note: this error originates in the derive macro `Arbitrary` (in Nightly builds, run with -Z macro-backtrace for more info)

error[E0407]: method `try_size_hint` is not a member of trait `arbitrary::Arbitrary`
     --> C:\Users\Devyani\.cargo\registry\src\index.crates.io-1949cf8c6b5b557f\stellar-xdr-20.1.0\src\curr\generated.rs:20843:42
      |
20843 | #[cfg_attr(feature = "arbitrary", derive(Arbitrary))]
      |                                          ^^^^^^^^^
      |                                          |
      |                                          not a member of trait `arbitrary::Arbitrary`
      |                                          help: there is an associated function with a similar name: `size_hint`
      |
      = note: this error originates in the derive macro `Arbitrary` (in Nightly builds, run with -Z macro-backtrace for more info)

error[E0433]: failed to resolve: could not find `details` in `arbitrary`
     --> C:\Users\Devyani\.cargo\registry\src\index.crates.io-1949cf8c6b5b557f\stellar-xdr-20.1.0\src\curr\generated.rs:20958:42
      |
20958 | #[cfg_attr(feature = "arbitrary", derive(Arbitrary))]
      |                                          ^^^^^^^^^ could not find `details` in `arbitrary`
      |
      = note: this error originates in the derive macro `Arbitrary` (in Nightly builds, run with -Z macro-backtrace for more info)

error[E0407]: method `try_size_hint` is not a member of trait `arbitrary::Arbitrary`
     --> C:\Users\Devyani\.cargo\registry\src\index.crates.io-1949cf8c6b5b557f\stellar-xdr-20.1.0\src\curr\generated.rs:20958:42
      |
20958 | #[cfg_attr(feature = "arbitrary", derive(Arbitrary))]
      |                                          ^^^^^^^^^
      |                                          |
      |                                          not a member of trait `arbitrary::Arbitrary`
      |                                          help: there is an associated function with a similar name: `size_hint`
      |
      = note: this error originates in the derive macro `Arbitrary` (in Nightly builds, run with -Z macro-backtrace for more info)

error[E0433]: failed to resolve: could not find `details` in `arbitrary`
     --> C:\Users\Devyani\.cargo\registry\src\index.crates.io-1949cf8c6b5b557f\stellar-xdr-20.1.0\src\curr\generated.rs:21006:42
      |
21006 | #[cfg_attr(feature = "arbitrary", derive(Arbitrary))]
      |                                          ^^^^^^^^^ could not find `details` in `arbitrary`
      |
      = note: this error originates in the derive macro `Arbitrary` (in Nightly builds, run with -Z macro-backtrace for more info)

error[E0407]: method `try_size_hint` is not a member of trait `arbitrary::Arbitrary`
     --> C:\Users\Devyani\.cargo\registry\src\index.crates.io-1949cf8c6b5b557f\stellar-xdr-20.1.0\src\curr\generated.rs:21006:42
      |
21006 | #[cfg_attr(feature = "arbitrary", derive(Arbitrary))]
      |                                          ^^^^^^^^^
      |                                          |
      |                                          not a member of trait `arbitrary::Arbitrary`
      |                                          help: there is an associated function with a similar name: `size_hint`
      |
      = note: this error originates in the derive macro `Arbitrary` (in Nightly builds, run with -Z macro-backtrace for more info)

error[E0433]: failed to resolve: could not find `details` in `arbitrary`
     --> C:\Users\Devyani\.cargo\registry\src\index.crates.io-1949cf8c6b5b557f\stellar-xdr-20.1.0\src\curr\generated.rs:21063:42
      |
21063 | #[cfg_attr(feature = "arbitrary", derive(Arbitrary))]
      |                                          ^^^^^^^^^ could not find `details` in `arbitrary`
      |
      = note: this error originates in the derive macro `Arbitrary` (in Nightly builds, run with -Z macro-backtrace for more info)

error[E0407]: method `try_size_hint` is not a member of trait `arbitrary::Arbitrary`
     --> C:\Users\Devyani\.cargo\registry\src\index.crates.io-1949cf8c6b5b557f\stellar-xdr-20.1.0\src\curr\generated.rs:21063:42
      |
21063 | #[cfg_attr(feature = "arbitrary", derive(Arbitrary))]
      |                                          ^^^^^^^^^
      |                                          |
      |                                          not a member of trait `arbitrary::Arbitrary`
      |                                          help: there is an associated function with a similar name: `size_hint`
      |
      = note: this error originates in the derive macro `Arbitrary` (in Nightly builds, run with -Z macro-backtrace for more info)

error[E0433]: failed to resolve: could not find `details` in `arbitrary`
     --> C:\Users\Devyani\.cargo\registry\src\index.crates.io-1949cf8c6b5b557f\stellar-xdr-20.1.0\src\curr\generated.rs:21144:42
      |
21144 | #[cfg_attr(feature = "arbitrary", derive(Arbitrary))]
      |                                          ^^^^^^^^^ could not find `details` in `arbitrary`
      |
      = note: this error originates in the derive macro `Arbitrary` (in Nightly builds, run with -Z macro-backtrace for more info)

error[E0407]: method `try_size_hint` is not a member of trait `arbitrary::Arbitrary`
     --> C:\Users\Devyani\.cargo\registry\src\index.crates.io-1949cf8c6b5b557f\stellar-xdr-20.1.0\src\curr\generated.rs:21144:42
      |
21144 | #[cfg_attr(feature = "arbitrary", derive(Arbitrary))]
      |                                          ^^^^^^^^^
      |                                          |
      |                                          not a member of trait `arbitrary::Arbitrary`
      |                                          help: there is an associated function with a similar name: `size_hint`
      |
      = note: this error originates in the derive macro `Arbitrary` (in Nightly builds, run with -Z macro-backtrace for more info)

error[E0433]: failed to resolve: could not find `details` in `arbitrary`
     --> C:\Users\Devyani\.cargo\registry\src\index.crates.io-1949cf8c6b5b557f\stellar-xdr-20.1.0\src\curr\generated.rs:21213:42
      |
21213 | #[cfg_attr(feature = "arbitrary", derive(Arbitrary))]
      |                                          ^^^^^^^^^ could not find `details` in `arbitrary`
      |
      = note: this error originates in the derive macro `Arbitrary` (in Nightly builds, run with -Z macro-backtrace for more info)

error[E0407]: method `try_size_hint` is not a member of trait `arbitrary::Arbitrary`
     --> C:\Users\Devyani\.cargo\registry\src\index.crates.io-1949cf8c6b5b557f\stellar-xdr-20.1.0\src\curr\generated.rs:21213:42
      |
21213 | #[cfg_attr(feature = "arbitrary", derive(Arbitrary))]
      |                                          ^^^^^^^^^
      |                                          |
      |                                          not a member of trait `arbitrary::Arbitrary`
      |                                          help: there is an associated function with a similar name: `size_hint`
      |
      = note: this error originates in the derive macro `Arbitrary` (in Nightly builds, run with -Z macro-backtrace for more info)

error[E0433]: failed to resolve: could not find `details` in `arbitrary`
     --> C:\Users\Devyani\.cargo\registry\src\index.crates.io-1949cf8c6b5b557f\stellar-xdr-20.1.0\src\curr\generated.rs:21440:42
      |
21440 | #[cfg_attr(feature = "arbitrary", derive(Arbitrary))]
      |                                          ^^^^^^^^^ could not find `details` in `arbitrary`
      |
      = note: this error originates in the derive macro `Arbitrary` (in Nightly builds, run with -Z macro-backtrace for more info)

error[E0407]: method `try_size_hint` is not a member of trait `arbitrary::Arbitrary`
     --> C:\Users\Devyani\.cargo\registry\src\index.crates.io-1949cf8c6b5b557f\stellar-xdr-20.1.0\src\curr\generated.rs:21440:42
      |
21440 | #[cfg_attr(feature = "arbitrary", derive(Arbitrary))]
      |                                          ^^^^^^^^^
      |                                          |
      |                                          not a member of trait `arbitrary::Arbitrary`
      |                                          help: there is an associated function with a similar name: `size_hint`
      |
      = note: this error originates in the derive macro `Arbitrary` (in Nightly builds, run with -Z macro-backtrace for more info)

error[E0433]: failed to resolve: could not find `details` in `arbitrary`
     --> C:\Users\Devyani\.cargo\registry\src\index.crates.io-1949cf8c6b5b557f\stellar-xdr-20.1.0\src\curr\generated.rs:21484:42
      |
21484 | #[cfg_attr(feature = "arbitrary", derive(Arbitrary))]
      |                                          ^^^^^^^^^ could not find `details` in `arbitrary`
      |
      = note: this error originates in the derive macro `Arbitrary` (in Nightly builds, run with -Z macro-backtrace for more info)

error[E0407]: method `try_size_hint` is not a member of trait `arbitrary::Arbitrary`
     --> C:\Users\Devyani\.cargo\registry\src\index.crates.io-1949cf8c6b5b557f\stellar-xdr-20.1.0\src\curr\generated.rs:21484:42
      |
21484 | #[cfg_attr(feature = "arbitrary", derive(Arbitrary))]
      |                                          ^^^^^^^^^
      |                                          |
      |                                          not a member of trait `arbitrary::Arbitrary`
      |                                          help: there is an associated function with a similar name: `size_hint`
      |
      = note: this error originates in the derive macro `Arbitrary` (in Nightly builds, run with -Z macro-backtrace for more info)

error[E0433]: failed to resolve: could not find `details` in `arbitrary`
     --> C:\Users\Devyani\.cargo\registry\src\index.crates.io-1949cf8c6b5b557f\stellar-xdr-20.1.0\src\curr\generated.rs:21526:42
      |
21526 | #[cfg_attr(feature = "arbitrary", derive(Arbitrary))]
      |                                          ^^^^^^^^^ could not find `details` in `arbitrary`
      |
      = note: this error originates in the derive macro `Arbitrary` (in Nightly builds, run with -Z macro-backtrace for more info)

error[E0407]: method `try_size_hint` is not a member of trait `arbitrary::Arbitrary`
     --> C:\Users\Devyani\.cargo\registry\src\index.crates.io-1949cf8c6b5b557f\stellar-xdr-20.1.0\src\curr\generated.rs:21526:42
      |
21526 | #[cfg_attr(feature = "arbitrary", derive(Arbitrary))]
      |                                          ^^^^^^^^^
      |                                          |
      |                                          not a member of trait `arbitrary::Arbitrary`
      |                                          help: there is an associated function with a similar name: `size_hint`
      |
      = note: this error originates in the derive macro `Arbitrary` (in Nightly builds, run with -Z macro-backtrace for more info)

error[E0433]: failed to resolve: could not find `details` in `arbitrary`
     --> C:\Users\Devyani\.cargo\registry\src\index.crates.io-1949cf8c6b5b557f\stellar-xdr-20.1.0\src\curr\generated.rs:21572:42
      |
21572 | #[cfg_attr(feature = "arbitrary", derive(Arbitrary))]
      |                                          ^^^^^^^^^ could not find `details` in `arbitrary`
      |
      = note: this error originates in the derive macro `Arbitrary` (in Nightly builds, run with -Z macro-backtrace for more info)

error[E0407]: method `try_size_hint` is not a member of trait `arbitrary::Arbitrary`
     --> C:\Users\Devyani\.cargo\registry\src\index.crates.io-1949cf8c6b5b557f\stellar-xdr-20.1.0\src\curr\generated.rs:21572:42
      |
21572 | #[cfg_attr(feature = "arbitrary", derive(Arbitrary))]
      |                                          ^^^^^^^^^
      |                                          |
      |                                          not a member of trait `arbitrary::Arbitrary`
      |                                          help: there is an associated function with a similar name: `size_hint`
      |
      = note: this error originates in the derive macro `Arbitrary` (in Nightly builds, run with -Z macro-backtrace for more info)

error[E0433]: failed to resolve: could not find `details` in `arbitrary`
     --> C:\Users\Devyani\.cargo\registry\src\index.crates.io-1949cf8c6b5b557f\stellar-xdr-20.1.0\src\curr\generated.rs:21627:42
      |
21627 | #[cfg_attr(feature = "arbitrary", derive(Arbitrary))]
      |                                          ^^^^^^^^^ could not find `details` in `arbitrary`
      |
      = note: this error originates in the derive macro `Arbitrary` (in Nightly builds, run with -Z macro-backtrace for more info)

error[E0407]: method `try_size_hint` is not a member of trait `arbitrary::Arbitrary`
     --> C:\Users\Devyani\.cargo\registry\src\index.crates.io-1949cf8c6b5b557f\stellar-xdr-20.1.0\src\curr\generated.rs:21627:42
      |
21627 | #[cfg_attr(feature = "arbitrary", derive(Arbitrary))]
      |                                          ^^^^^^^^^
      |                                          |
      |                                          not a member of trait `arbitrary::Arbitrary`
      |                                          help: there is an associated function with a similar name: `size_hint`
      |
      = note: this error originates in the derive macro `Arbitrary` (in Nightly builds, run with -Z macro-backtrace for more info)

error[E0433]: failed to resolve: could not find `details` in `arbitrary`
     --> C:\Users\Devyani\.cargo\registry\src\index.crates.io-1949cf8c6b5b557f\stellar-xdr-20.1.0\src\curr\generated.rs:21700:42
      |
21700 | #[cfg_attr(feature = "arbitrary", derive(Arbitrary))]
      |                                          ^^^^^^^^^ could not find `details` in `arbitrary`
      |
      = note: this error originates in the derive macro `Arbitrary` (in Nightly builds, run with -Z macro-backtrace for more info)

error[E0407]: method `try_size_hint` is not a member of trait `arbitrary::Arbitrary`
     --> C:\Users\Devyani\.cargo\registry\src\index.crates.io-1949cf8c6b5b557f\stellar-xdr-20.1.0\src\curr\generated.rs:21700:42
      |
21700 | #[cfg_attr(feature = "arbitrary", derive(Arbitrary))]
      |                                          ^^^^^^^^^
      |                                          |
      |                                          not a member of trait `arbitrary::Arbitrary`
      |                                          help: there is an associated function with a similar name: `size_hint`
      |
      = note: this error originates in the derive macro `Arbitrary` (in Nightly builds, run with -Z macro-backtrace for more info)

error[E0433]: failed to resolve: could not find `details` in `arbitrary`
     --> C:\Users\Devyani\.cargo\registry\src\index.crates.io-1949cf8c6b5b557f\stellar-xdr-20.1.0\src\curr\generated.rs:21850:42
      |
21850 | #[cfg_attr(feature = "arbitrary", derive(Arbitrary))]
      |                                          ^^^^^^^^^ could not find `details` in `arbitrary`
      |
      = note: this error originates in the derive macro `Arbitrary` (in Nightly builds, run with -Z macro-backtrace for more info)

error[E0407]: method `try_size_hint` is not a member of trait `arbitrary::Arbitrary`
     --> C:\Users\Devyani\.cargo\registry\src\index.crates.io-1949cf8c6b5b557f\stellar-xdr-20.1.0\src\curr\generated.rs:21850:42
      |
21850 | #[cfg_attr(feature = "arbitrary", derive(Arbitrary))]
      |                                          ^^^^^^^^^
      |                                          |
      |                                          not a member of trait `arbitrary::Arbitrary`
      |                                          help: there is an associated function with a similar name: `size_hint`
      |
      = note: this error originates in the derive macro `Arbitrary` (in Nightly builds, run with -Z macro-backtrace for more info)

error[E0433]: failed to resolve: could not find `details` in `arbitrary`
     --> C:\Users\Devyani\.cargo\registry\src\index.crates.io-1949cf8c6b5b557f\stellar-xdr-20.1.0\src\curr\generated.rs:21962:42
      |
21962 | #[cfg_attr(feature = "arbitrary", derive(Arbitrary))]
      |                                          ^^^^^^^^^ could not find `details` in `arbitrary`
      |
      = note: this error originates in the derive macro `Arbitrary` (in Nightly builds, run with -Z macro-backtrace for more info)

error[E0407]: method `try_size_hint` is not a member of trait `arbitrary::Arbitrary`
     --> C:\Users\Devyani\.cargo\registry\src\index.crates.io-1949cf8c6b5b557f\stellar-xdr-20.1.0\src\curr\generated.rs:21962:42
      |
21962 | #[cfg_attr(feature = "arbitrary", derive(Arbitrary))]
      |                                          ^^^^^^^^^
      |                                          |
      |                                          not a member of trait `arbitrary::Arbitrary`
      |                                          help: there is an associated function with a similar name: `size_hint`
      |
      = note: this error originates in the derive macro `Arbitrary` (in Nightly builds, run with -Z macro-backtrace for more info)

error[E0433]: failed to resolve: could not find `details` in `arbitrary`
     --> C:\Users\Devyani\.cargo\registry\src\index.crates.io-1949cf8c6b5b557f\stellar-xdr-20.1.0\src\curr\generated.rs:22239:42
      |
22239 | #[cfg_attr(feature = "arbitrary", derive(Arbitrary))]
      |                                          ^^^^^^^^^ could not find `details` in `arbitrary`
      |
      = note: this error originates in the derive macro `Arbitrary` (in Nightly builds, run with -Z macro-backtrace for more info)

error[E0407]: method `try_size_hint` is not a member of trait `arbitrary::Arbitrary`
     --> C:\Users\Devyani\.cargo\registry\src\index.crates.io-1949cf8c6b5b557f\stellar-xdr-20.1.0\src\curr\generated.rs:22239:42
      |
22239 | #[cfg_attr(feature = "arbitrary", derive(Arbitrary))]
      |                                          ^^^^^^^^^
      |                                          |
      |                                          not a member of trait `arbitrary::Arbitrary`
      |                                          help: there is an associated function with a similar name: `size_hint`
      |
      = note: this error originates in the derive macro `Arbitrary` (in Nightly builds, run with -Z macro-backtrace for more info)

error[E0433]: failed to resolve: could not find `details` in `arbitrary`
     --> C:\Users\Devyani\.cargo\registry\src\index.crates.io-1949cf8c6b5b557f\stellar-xdr-20.1.0\src\curr\generated.rs:22494:42
      |
22494 | #[cfg_attr(feature = "arbitrary", derive(Arbitrary))]
      |                                          ^^^^^^^^^ could not find `details` in `arbitrary`
      |
      = note: this error originates in the derive macro `Arbitrary` (in Nightly builds, run with -Z macro-backtrace for more info)

error[E0407]: method `try_size_hint` is not a member of trait `arbitrary::Arbitrary`
     --> C:\Users\Devyani\.cargo\registry\src\index.crates.io-1949cf8c6b5b557f\stellar-xdr-20.1.0\src\curr\generated.rs:22494:42
      |
22494 | #[cfg_attr(feature = "arbitrary", derive(Arbitrary))]
      |                                          ^^^^^^^^^
      |                                          |
      |                                          not a member of trait `arbitrary::Arbitrary`
      |                                          help: there is an associated function with a similar name: `size_hint`
      |
      = note: this error originates in the derive macro `Arbitrary` (in Nightly builds, run with -Z macro-backtrace for more info)

error[E0433]: failed to resolve: could not find `details` in `arbitrary`
     --> C:\Users\Devyani\.cargo\registry\src\index.crates.io-1949cf8c6b5b557f\stellar-xdr-20.1.0\src\curr\generated.rs:22548:42
      |
22548 | #[cfg_attr(feature = "arbitrary", derive(Arbitrary))]
      |                                          ^^^^^^^^^ could not find `details` in `arbitrary`
      |
      = note: this error originates in the derive macro `Arbitrary` (in Nightly builds, run with -Z macro-backtrace for more info)

error[E0407]: method `try_size_hint` is not a member of trait `arbitrary::Arbitrary`
     --> C:\Users\Devyani\.cargo\registry\src\index.crates.io-1949cf8c6b5b557f\stellar-xdr-20.1.0\src\curr\generated.rs:22548:42
      |
22548 | #[cfg_attr(feature = "arbitrary", derive(Arbitrary))]
      |                                          ^^^^^^^^^
      |                                          |
      |                                          not a member of trait `arbitrary::Arbitrary`
      |                                          help: there is an associated function with a similar name: `size_hint`
      |
      = note: this error originates in the derive macro `Arbitrary` (in Nightly builds, run with -Z macro-backtrace for more info)

error[E0433]: failed to resolve: could not find `details` in `arbitrary`
     --> C:\Users\Devyani\.cargo\registry\src\index.crates.io-1949cf8c6b5b557f\stellar-xdr-20.1.0\src\curr\generated.rs:22589:42
      |
22589 | #[cfg_attr(feature = "arbitrary", derive(Arbitrary))]
      |                                          ^^^^^^^^^ could not find `details` in `arbitrary`
      |
      = note: this error originates in the derive macro `Arbitrary` (in Nightly builds, run with -Z macro-backtrace for more info)

error[E0407]: method `try_size_hint` is not a member of trait `arbitrary::Arbitrary`
     --> C:\Users\Devyani\.cargo\registry\src\index.crates.io-1949cf8c6b5b557f\stellar-xdr-20.1.0\src\curr\generated.rs:22589:42
      |
22589 | #[cfg_attr(feature = "arbitrary", derive(Arbitrary))]
      |                                          ^^^^^^^^^
      |                                          |
      |                                          not a member of trait `arbitrary::Arbitrary`
      |                                          help: there is an associated function with a similar name: `size_hint`
      |
      = note: this error originates in the derive macro `Arbitrary` (in Nightly builds, run with -Z macro-backtrace for more info)

error[E0433]: failed to resolve: could not find `details` in `arbitrary`
     --> C:\Users\Devyani\.cargo\registry\src\index.crates.io-1949cf8c6b5b557f\stellar-xdr-20.1.0\src\curr\generated.rs:22701:42
      |
22701 | #[cfg_attr(feature = "arbitrary", derive(Arbitrary))]
      |                                          ^^^^^^^^^ could not find `details` in `arbitrary`
      |
      = note: this error originates in the derive macro `Arbitrary` (in Nightly builds, run with -Z macro-backtrace for more info)

error[E0407]: method `try_size_hint` is not a member of trait `arbitrary::Arbitrary`
     --> C:\Users\Devyani\.cargo\registry\src\index.crates.io-1949cf8c6b5b557f\stellar-xdr-20.1.0\src\curr\generated.rs:22701:42
      |
22701 | #[cfg_attr(feature = "arbitrary", derive(Arbitrary))]
      |                                          ^^^^^^^^^
      |                                          |
      |                                          not a member of trait `arbitrary::Arbitrary`
      |                                          help: there is an associated function with a similar name: `size_hint`
      |
      = note: this error originates in the derive macro `Arbitrary` (in Nightly builds, run with -Z macro-backtrace for more info)

error[E0433]: failed to resolve: could not find `details` in `arbitrary`
     --> C:\Users\Devyani\.cargo\registry\src\index.crates.io-1949cf8c6b5b557f\stellar-xdr-20.1.0\src\curr\generated.rs:22755:42
      |
22755 | #[cfg_attr(feature = "arbitrary", derive(Arbitrary))]
      |                                          ^^^^^^^^^ could not find `details` in `arbitrary`
      |
      = note: this error originates in the derive macro `Arbitrary` (in Nightly builds, run with -Z macro-backtrace for more info)

error[E0407]: method `try_size_hint` is not a member of trait `arbitrary::Arbitrary`
     --> C:\Users\Devyani\.cargo\registry\src\index.crates.io-1949cf8c6b5b557f\stellar-xdr-20.1.0\src\curr\generated.rs:22755:42
      |
22755 | #[cfg_attr(feature = "arbitrary", derive(Arbitrary))]
      |                                          ^^^^^^^^^
      |                                          |
      |                                          not a member of trait `arbitrary::Arbitrary`
      |                                          help: there is an associated function with a similar name: `size_hint`
      |
      = note: this error originates in the derive macro `Arbitrary` (in Nightly builds, run with -Z macro-backtrace for more info)

error[E0433]: failed to resolve: could not find `details` in `arbitrary`
     --> C:\Users\Devyani\.cargo\registry\src\index.crates.io-1949cf8c6b5b557f\stellar-xdr-20.1.0\src\curr\generated.rs:22815:42
      |
22815 | #[cfg_attr(feature = "arbitrary", derive(Arbitrary))]
      |                                          ^^^^^^^^^ could not find `details` in `arbitrary`
      |
      = note: this error originates in the derive macro `Arbitrary` (in Nightly builds, run with -Z macro-backtrace for more info)

error[E0407]: method `try_size_hint` is not a member of trait `arbitrary::Arbitrary`
     --> C:\Users\Devyani\.cargo\registry\src\index.crates.io-1949cf8c6b5b557f\stellar-xdr-20.1.0\src\curr\generated.rs:22815:42
      |
22815 | #[cfg_attr(feature = "arbitrary", derive(Arbitrary))]
      |                                          ^^^^^^^^^
      |                                          |
      |                                          not a member of trait `arbitrary::Arbitrary`
      |                                          help: there is an associated function with a similar name: `size_hint`
      |
      = note: this error originates in the derive macro `Arbitrary` (in Nightly builds, run with -Z macro-backtrace for more info)

error[E0433]: failed to resolve: could not find `details` in `arbitrary`
     --> C:\Users\Devyani\.cargo\registry\src\index.crates.io-1949cf8c6b5b557f\stellar-xdr-20.1.0\src\curr\generated.rs:22895:42
      |
22895 | #[cfg_attr(feature = "arbitrary", derive(Arbitrary))]
      |                                          ^^^^^^^^^ could not find `details` in `arbitrary`
      |
      = note: this error originates in the derive macro `Arbitrary` (in Nightly builds, run with -Z macro-backtrace for more info)

error[E0407]: method `try_size_hint` is not a member of trait `arbitrary::Arbitrary`
     --> C:\Users\Devyani\.cargo\registry\src\index.crates.io-1949cf8c6b5b557f\stellar-xdr-20.1.0\src\curr\generated.rs:22895:42
      |
22895 | #[cfg_attr(feature = "arbitrary", derive(Arbitrary))]
      |                                          ^^^^^^^^^
      |                                          |
      |                                          not a member of trait `arbitrary::Arbitrary`
      |                                          help: there is an associated function with a similar name: `size_hint`
      |
      = note: this error originates in the derive macro `Arbitrary` (in Nightly builds, run with -Z macro-backtrace for more info)

error[E0433]: failed to resolve: could not find `details` in `arbitrary`
     --> C:\Users\Devyani\.cargo\registry\src\index.crates.io-1949cf8c6b5b557f\stellar-xdr-20.1.0\src\curr\generated.rs:23007:42
      |
23007 | #[cfg_attr(feature = "arbitrary", derive(Arbitrary))]
      |                                          ^^^^^^^^^ could not find `details` in `arbitrary`
      |
      = note: this error originates in the derive macro `Arbitrary` (in Nightly builds, run with -Z macro-backtrace for more info)

error[E0407]: method `try_size_hint` is not a member of trait `arbitrary::Arbitrary`
     --> C:\Users\Devyani\.cargo\registry\src\index.crates.io-1949cf8c6b5b557f\stellar-xdr-20.1.0\src\curr\generated.rs:23007:42
      |
23007 | #[cfg_attr(feature = "arbitrary", derive(Arbitrary))]
      |                                          ^^^^^^^^^
      |                                          |
      |                                          not a member of trait `arbitrary::Arbitrary`
      |                                          help: there is an associated function with a similar name: `size_hint`
      |
      = note: this error originates in the derive macro `Arbitrary` (in Nightly builds, run with -Z macro-backtrace for more info)

error[E0433]: failed to resolve: could not find `details` in `arbitrary`
     --> C:\Users\Devyani\.cargo\registry\src\index.crates.io-1949cf8c6b5b557f\stellar-xdr-20.1.0\src\curr\generated.rs:23064:42
      |
23064 | #[cfg_attr(feature = "arbitrary", derive(Arbitrary))]
      |                                          ^^^^^^^^^ could not find `details` in `arbitrary`
      |
      = note: this error originates in the derive macro `Arbitrary` (in Nightly builds, run with -Z macro-backtrace for more info)

error[E0407]: method `try_size_hint` is not a member of trait `arbitrary::Arbitrary`
     --> C:\Users\Devyani\.cargo\registry\src\index.crates.io-1949cf8c6b5b557f\stellar-xdr-20.1.0\src\curr\generated.rs:23064:42
      |
23064 | #[cfg_attr(feature = "arbitrary", derive(Arbitrary))]
      |                                          ^^^^^^^^^
      |                                          |
      |                                          not a member of trait `arbitrary::Arbitrary`
      |                                          help: there is an associated function with a similar name: `size_hint`
      |
      = note: this error originates in the derive macro `Arbitrary` (in Nightly builds, run with -Z macro-backtrace for more info)

error[E0433]: failed to resolve: could not find `details` in `arbitrary`
     --> C:\Users\Devyani\.cargo\registry\src\index.crates.io-1949cf8c6b5b557f\stellar-xdr-20.1.0\src\curr\generated.rs:23124:42
      |
23124 | #[cfg_attr(feature = "arbitrary", derive(Arbitrary))]
      |                                          ^^^^^^^^^ could not find `details` in `arbitrary`
      |
      = note: this error originates in the derive macro `Arbitrary` (in Nightly builds, run with -Z macro-backtrace for more info)

error[E0407]: method `try_size_hint` is not a member of trait `arbitrary::Arbitrary`
     --> C:\Users\Devyani\.cargo\registry\src\index.crates.io-1949cf8c6b5b557f\stellar-xdr-20.1.0\src\curr\generated.rs:23124:42
      |
23124 | #[cfg_attr(feature = "arbitrary", derive(Arbitrary))]
      |                                          ^^^^^^^^^
      |                                          |
      |                                          not a member of trait `arbitrary::Arbitrary`
      |                                          help: there is an associated function with a similar name: `size_hint`
      |
      = note: this error originates in the derive macro `Arbitrary` (in Nightly builds, run with -Z macro-backtrace for more info)

error[E0433]: failed to resolve: could not find `details` in `arbitrary`
     --> C:\Users\Devyani\.cargo\registry\src\index.crates.io-1949cf8c6b5b557f\stellar-xdr-20.1.0\src\curr\generated.rs:23234:42
      |
23234 | #[cfg_attr(feature = "arbitrary", derive(Arbitrary))]
      |                                          ^^^^^^^^^ could not find `details` in `arbitrary`
      |
      = note: this error originates in the derive macro `Arbitrary` (in Nightly builds, run with -Z macro-backtrace for more info)

error[E0407]: method `try_size_hint` is not a member of trait `arbitrary::Arbitrary`
     --> C:\Users\Devyani\.cargo\registry\src\index.crates.io-1949cf8c6b5b557f\stellar-xdr-20.1.0\src\curr\generated.rs:23234:42
      |
23234 | #[cfg_attr(feature = "arbitrary", derive(Arbitrary))]
      |                                          ^^^^^^^^^
      |                                          |
      |                                          not a member of trait `arbitrary::Arbitrary`
      |                                          help: there is an associated function with a similar name: `size_hint`
      |
      = note: this error originates in the derive macro `Arbitrary` (in Nightly builds, run with -Z macro-backtrace for more info)

error[E0433]: failed to resolve: could not find `details` in `arbitrary`
     --> C:\Users\Devyani\.cargo\registry\src\index.crates.io-1949cf8c6b5b557f\stellar-xdr-20.1.0\src\curr\generated.rs:23342:42
      |
23342 | #[cfg_attr(feature = "arbitrary", derive(Arbitrary))]
      |                                          ^^^^^^^^^ could not find `details` in `arbitrary`
      |
      = note: this error originates in the derive macro `Arbitrary` (in Nightly builds, run with -Z macro-backtrace for more info)

error[E0407]: method `try_size_hint` is not a member of trait `arbitrary::Arbitrary`
     --> C:\Users\Devyani\.cargo\registry\src\index.crates.io-1949cf8c6b5b557f\stellar-xdr-20.1.0\src\curr\generated.rs:23342:42
      |
23342 | #[cfg_attr(feature = "arbitrary", derive(Arbitrary))]
      |                                          ^^^^^^^^^
      |                                          |
      |                                          not a member of trait `arbitrary::Arbitrary`
      |                                          help: there is an associated function with a similar name: `size_hint`
      |
      = note: this error originates in the derive macro `Arbitrary` (in Nightly builds, run with -Z macro-backtrace for more info)

error[E0433]: failed to resolve: could not find `details` in `arbitrary`
     --> C:\Users\Devyani\.cargo\registry\src\index.crates.io-1949cf8c6b5b557f\stellar-xdr-20.1.0\src\curr\generated.rs:23388:42
      |
23388 | #[cfg_attr(feature = "arbitrary", derive(Arbitrary))]
      |                                          ^^^^^^^^^ could not find `details` in `arbitrary`
      |
      = note: this error originates in the derive macro `Arbitrary` (in Nightly builds, run with -Z macro-backtrace for more info)

error[E0407]: method `try_size_hint` is not a member of trait `arbitrary::Arbitrary`
     --> C:\Users\Devyani\.cargo\registry\src\index.crates.io-1949cf8c6b5b557f\stellar-xdr-20.1.0\src\curr\generated.rs:23388:42
      |
23388 | #[cfg_attr(feature = "arbitrary", derive(Arbitrary))]
      |                                          ^^^^^^^^^
      |                                          |
      |                                          not a member of trait `arbitrary::Arbitrary`
      |                                          help: there is an associated function with a similar name: `size_hint`
      |
      = note: this error originates in the derive macro `Arbitrary` (in Nightly builds, run with -Z macro-backtrace for more info)

error[E0433]: failed to resolve: could not find `details` in `arbitrary`
     --> C:\Users\Devyani\.cargo\registry\src\index.crates.io-1949cf8c6b5b557f\stellar-xdr-20.1.0\src\curr\generated.rs:23496:42
      |
23496 | #[cfg_attr(feature = "arbitrary", derive(Arbitrary))]
      |                                          ^^^^^^^^^ could not find `details` in `arbitrary`
      |
      = note: this error originates in the derive macro `Arbitrary` (in Nightly builds, run with -Z macro-backtrace for more info)

error[E0407]: method `try_size_hint` is not a member of trait `arbitrary::Arbitrary`
     --> C:\Users\Devyani\.cargo\registry\src\index.crates.io-1949cf8c6b5b557f\stellar-xdr-20.1.0\src\curr\generated.rs:23496:42
      |
23496 | #[cfg_attr(feature = "arbitrary", derive(Arbitrary))]
      |                                          ^^^^^^^^^
      |                                          |
      |                                          not a member of trait `arbitrary::Arbitrary`
      |                                          help: there is an associated function with a similar name: `size_hint`
      |
      = note: this error originates in the derive macro `Arbitrary` (in Nightly builds, run with -Z macro-backtrace for more info)

error[E0433]: failed to resolve: could not find `details` in `arbitrary`
     --> C:\Users\Devyani\.cargo\registry\src\index.crates.io-1949cf8c6b5b557f\stellar-xdr-20.1.0\src\curr\generated.rs:23584:42
      |
23584 | #[cfg_attr(feature = "arbitrary", derive(Arbitrary))]
      |                                          ^^^^^^^^^ could not find `details` in `arbitrary`
      |
      = note: this error originates in the derive macro `Arbitrary` (in Nightly builds, run with -Z macro-backtrace for more info)

error[E0407]: method `try_size_hint` is not a member of trait `arbitrary::Arbitrary`
     --> C:\Users\Devyani\.cargo\registry\src\index.crates.io-1949cf8c6b5b557f\stellar-xdr-20.1.0\src\curr\generated.rs:23584:42
      |
23584 | #[cfg_attr(feature = "arbitrary", derive(Arbitrary))]
      |                                          ^^^^^^^^^
      |                                          |
      |                                          not a member of trait `arbitrary::Arbitrary`
      |                                          help: there is an associated function with a similar name: `size_hint`
      |
      = note: this error originates in the derive macro `Arbitrary` (in Nightly builds, run with -Z macro-backtrace for more info)

error[E0433]: failed to resolve: could not find `details` in `arbitrary`
     --> C:\Users\Devyani\.cargo\registry\src\index.crates.io-1949cf8c6b5b557f\stellar-xdr-20.1.0\src\curr\generated.rs:23829:42
      |
23829 | #[cfg_attr(feature = "arbitrary", derive(Arbitrary))]
      |                                          ^^^^^^^^^ could not find `details` in `arbitrary`
      |
      = note: this error originates in the derive macro `Arbitrary` (in Nightly builds, run with -Z macro-backtrace for more info)

error[E0407]: method `try_size_hint` is not a member of trait `arbitrary::Arbitrary`
     --> C:\Users\Devyani\.cargo\registry\src\index.crates.io-1949cf8c6b5b557f\stellar-xdr-20.1.0\src\curr\generated.rs:23829:42
      |
23829 | #[cfg_attr(feature = "arbitrary", derive(Arbitrary))]
      |                                          ^^^^^^^^^
      |                                          |
      |                                          not a member of trait `arbitrary::Arbitrary`
      |                                          help: there is an associated function with a similar name: `size_hint`
      |
      = note: this error originates in the derive macro `Arbitrary` (in Nightly builds, run with -Z macro-backtrace for more info)

error[E0433]: failed to resolve: could not find `details` in `arbitrary`
     --> C:\Users\Devyani\.cargo\registry\src\index.crates.io-1949cf8c6b5b557f\stellar-xdr-20.1.0\src\curr\generated.rs:23883:42
      |
23883 | #[cfg_attr(feature = "arbitrary", derive(Arbitrary))]
      |                                          ^^^^^^^^^ could not find `details` in `arbitrary`
      |
      = note: this error originates in the derive macro `Arbitrary` (in Nightly builds, run with -Z macro-backtrace for more info)

error[E0407]: method `try_size_hint` is not a member of trait `arbitrary::Arbitrary`
     --> C:\Users\Devyani\.cargo\registry\src\index.crates.io-1949cf8c6b5b557f\stellar-xdr-20.1.0\src\curr\generated.rs:23883:42
      |
23883 | #[cfg_attr(feature = "arbitrary", derive(Arbitrary))]
      |                                          ^^^^^^^^^
      |                                          |
      |                                          not a member of trait `arbitrary::Arbitrary`
      |                                          help: there is an associated function with a similar name: `size_hint`
      |
      = note: this error originates in the derive macro `Arbitrary` (in Nightly builds, run with -Z macro-backtrace for more info)

error[E0433]: failed to resolve: could not find `details` in `arbitrary`
     --> C:\Users\Devyani\.cargo\registry\src\index.crates.io-1949cf8c6b5b557f\stellar-xdr-20.1.0\src\curr\generated.rs:23991:42
      |
23991 | #[cfg_attr(feature = "arbitrary", derive(Arbitrary))]
      |                                          ^^^^^^^^^ could not find `details` in `arbitrary`
      |
      = note: this error originates in the derive macro `Arbitrary` (in Nightly builds, run with -Z macro-backtrace for more info)

error[E0407]: method `try_size_hint` is not a member of trait `arbitrary::Arbitrary`
     --> C:\Users\Devyani\.cargo\registry\src\index.crates.io-1949cf8c6b5b557f\stellar-xdr-20.1.0\src\curr\generated.rs:23991:42
      |
23991 | #[cfg_attr(feature = "arbitrary", derive(Arbitrary))]
      |                                          ^^^^^^^^^
      |                                          |
      |                                          not a member of trait `arbitrary::Arbitrary`
      |                                          help: there is an associated function with a similar name: `size_hint`
      |
      = note: this error originates in the derive macro `Arbitrary` (in Nightly builds, run with -Z macro-backtrace for more info)

error[E0433]: failed to resolve: could not find `details` in `arbitrary`
     --> C:\Users\Devyani\.cargo\registry\src\index.crates.io-1949cf8c6b5b557f\stellar-xdr-20.1.0\src\curr\generated.rs:24096:42
      |
24096 | #[cfg_attr(feature = "arbitrary", derive(Arbitrary))]
      |                                          ^^^^^^^^^ could not find `details` in `arbitrary`
      |
      = note: this error originates in the derive macro `Arbitrary` (in Nightly builds, run with -Z macro-backtrace for more info)

error[E0407]: method `try_size_hint` is not a member of trait `arbitrary::Arbitrary`
     --> C:\Users\Devyani\.cargo\registry\src\index.crates.io-1949cf8c6b5b557f\stellar-xdr-20.1.0\src\curr\generated.rs:24096:42
      |
24096 | #[cfg_attr(feature = "arbitrary", derive(Arbitrary))]
      |                                          ^^^^^^^^^
      |                                          |
      |                                          not a member of trait `arbitrary::Arbitrary`
      |                                          help: there is an associated function with a similar name: `size_hint`
      |
      = note: this error originates in the derive macro `Arbitrary` (in Nightly builds, run with -Z macro-backtrace for more info)

error[E0433]: failed to resolve: could not find `details` in `arbitrary`
     --> C:\Users\Devyani\.cargo\registry\src\index.crates.io-1949cf8c6b5b557f\stellar-xdr-20.1.0\src\curr\generated.rs:24147:42
      |
24147 | #[cfg_attr(feature = "arbitrary", derive(Arbitrary))]
      |                                          ^^^^^^^^^ could not find `details` in `arbitrary`
      |
      = note: this error originates in the derive macro `Arbitrary` (in Nightly builds, run with -Z macro-backtrace for more info)

error[E0407]: method `try_size_hint` is not a member of trait `arbitrary::Arbitrary`
     --> C:\Users\Devyani\.cargo\registry\src\index.crates.io-1949cf8c6b5b557f\stellar-xdr-20.1.0\src\curr\generated.rs:24147:42
      |
24147 | #[cfg_attr(feature = "arbitrary", derive(Arbitrary))]
      |                                          ^^^^^^^^^
      |                                          |
      |                                          not a member of trait `arbitrary::Arbitrary`
      |                                          help: there is an associated function with a similar name: `size_hint`
      |
      = note: this error originates in the derive macro `Arbitrary` (in Nightly builds, run with -Z macro-backtrace for more info)

error[E0433]: failed to resolve: could not find `details` in `arbitrary`
     --> C:\Users\Devyani\.cargo\registry\src\index.crates.io-1949cf8c6b5b557f\stellar-xdr-20.1.0\src\curr\generated.rs:24252:42
      |
24252 | #[cfg_attr(feature = "arbitrary", derive(Arbitrary))]
      |                                          ^^^^^^^^^ could not find `details` in `arbitrary`
      |
      = note: this error originates in the derive macro `Arbitrary` (in Nightly builds, run with -Z macro-backtrace for more info)

error[E0407]: method `try_size_hint` is not a member of trait `arbitrary::Arbitrary`
     --> C:\Users\Devyani\.cargo\registry\src\index.crates.io-1949cf8c6b5b557f\stellar-xdr-20.1.0\src\curr\generated.rs:24252:42
      |
24252 | #[cfg_attr(feature = "arbitrary", derive(Arbitrary))]
      |                                          ^^^^^^^^^
      |                                          |
      |                                          not a member of trait `arbitrary::Arbitrary`
      |                                          help: there is an associated function with a similar name: `size_hint`
      |
      = note: this error originates in the derive macro `Arbitrary` (in Nightly builds, run with -Z macro-backtrace for more info)

error[E0433]: failed to resolve: could not find `details` in `arbitrary`
     --> C:\Users\Devyani\.cargo\registry\src\index.crates.io-1949cf8c6b5b557f\stellar-xdr-20.1.0\src\curr\generated.rs:24558:42
      |
24558 | #[cfg_attr(feature = "arbitrary", derive(Arbitrary))]
      |                                          ^^^^^^^^^ could not find `details` in `arbitrary`
      |
      = note: this error originates in the derive macro `Arbitrary` (in Nightly builds, run with -Z macro-backtrace for more info)

error[E0407]: method `try_size_hint` is not a member of trait `arbitrary::Arbitrary`
     --> C:\Users\Devyani\.cargo\registry\src\index.crates.io-1949cf8c6b5b557f\stellar-xdr-20.1.0\src\curr\generated.rs:24558:42
      |
24558 | #[cfg_attr(feature = "arbitrary", derive(Arbitrary))]
      |                                          ^^^^^^^^^
      |                                          |
      |                                          not a member of trait `arbitrary::Arbitrary`
      |                                          help: there is an associated function with a similar name: `size_hint`
      |
      = note: this error originates in the derive macro `Arbitrary` (in Nightly builds, run with -Z macro-backtrace for more info)

error[E0433]: failed to resolve: could not find `details` in `arbitrary`
     --> C:\Users\Devyani\.cargo\registry\src\index.crates.io-1949cf8c6b5b557f\stellar-xdr-20.1.0\src\curr\generated.rs:24604:42
      |
24604 | #[cfg_attr(feature = "arbitrary", derive(Arbitrary))]
      |                                          ^^^^^^^^^ could not find `details` in `arbitrary`
      |
      = note: this error originates in the derive macro `Arbitrary` (in Nightly builds, run with -Z macro-backtrace for more info)

error[E0407]: method `try_size_hint` is not a member of trait `arbitrary::Arbitrary`
     --> C:\Users\Devyani\.cargo\registry\src\index.crates.io-1949cf8c6b5b557f\stellar-xdr-20.1.0\src\curr\generated.rs:24604:42
      |
24604 | #[cfg_attr(feature = "arbitrary", derive(Arbitrary))]
      |                                          ^^^^^^^^^
      |                                          |
      |                                          not a member of trait `arbitrary::Arbitrary`
      |                                          help: there is an associated function with a similar name: `size_hint`
      |
      = note: this error originates in the derive macro `Arbitrary` (in Nightly builds, run with -Z macro-backtrace for more info)

error[E0433]: failed to resolve: could not find `details` in `arbitrary`
     --> C:\Users\Devyani\.cargo\registry\src\index.crates.io-1949cf8c6b5b557f\stellar-xdr-20.1.0\src\curr\generated.rs:24660:42
      |
24660 | #[cfg_attr(feature = "arbitrary", derive(Arbitrary))]
      |                                          ^^^^^^^^^ could not find `details` in `arbitrary`
      |
      = note: this error originates in the derive macro `Arbitrary` (in Nightly builds, run with -Z macro-backtrace for more info)

error[E0407]: method `try_size_hint` is not a member of trait `arbitrary::Arbitrary`
     --> C:\Users\Devyani\.cargo\registry\src\index.crates.io-1949cf8c6b5b557f\stellar-xdr-20.1.0\src\curr\generated.rs:24660:42
      |
24660 | #[cfg_attr(feature = "arbitrary", derive(Arbitrary))]
      |                                          ^^^^^^^^^
      |                                          |
      |                                          not a member of trait `arbitrary::Arbitrary`
      |                                          help: there is an associated function with a similar name: `size_hint`
      |
      = note: this error originates in the derive macro `Arbitrary` (in Nightly builds, run with -Z macro-backtrace for more info)

error[E0433]: failed to resolve: could not find `details` in `arbitrary`
     --> C:\Users\Devyani\.cargo\registry\src\index.crates.io-1949cf8c6b5b557f\stellar-xdr-20.1.0\src\curr\generated.rs:24725:42
      |
24725 | #[cfg_attr(feature = "arbitrary", derive(Arbitrary))]
      |                                          ^^^^^^^^^ could not find `details` in `arbitrary`
      |
      = note: this error originates in the derive macro `Arbitrary` (in Nightly builds, run with -Z macro-backtrace for more info)

error[E0407]: method `try_size_hint` is not a member of trait `arbitrary::Arbitrary`
     --> C:\Users\Devyani\.cargo\registry\src\index.crates.io-1949cf8c6b5b557f\stellar-xdr-20.1.0\src\curr\generated.rs:24725:42
      |
24725 | #[cfg_attr(feature = "arbitrary", derive(Arbitrary))]
      |                                          ^^^^^^^^^
      |                                          |
      |                                          not a member of trait `arbitrary::Arbitrary`
      |                                          help: there is an associated function with a similar name: `size_hint`
      |
      = note: this error originates in the derive macro `Arbitrary` (in Nightly builds, run with -Z macro-backtrace for more info)

error[E0433]: failed to resolve: could not find `details` in `arbitrary`
     --> C:\Users\Devyani\.cargo\registry\src\index.crates.io-1949cf8c6b5b557f\stellar-xdr-20.1.0\src\curr\generated.rs:24787:42
      |
24787 | #[cfg_attr(feature = "arbitrary", derive(Arbitrary))]
      |                                          ^^^^^^^^^ could not find `details` in `arbitrary`
      |
      = note: this error originates in the derive macro `Arbitrary` (in Nightly builds, run with -Z macro-backtrace for more info)

error[E0407]: method `try_size_hint` is not a member of trait `arbitrary::Arbitrary`
     --> C:\Users\Devyani\.cargo\registry\src\index.crates.io-1949cf8c6b5b557f\stellar-xdr-20.1.0\src\curr\generated.rs:24787:42
      |
24787 | #[cfg_attr(feature = "arbitrary", derive(Arbitrary))]
      |                                          ^^^^^^^^^
      |                                          |
      |                                          not a member of trait `arbitrary::Arbitrary`
      |                                          help: there is an associated function with a similar name: `size_hint`
      |
      = note: this error originates in the derive macro `Arbitrary` (in Nightly builds, run with -Z macro-backtrace for more info)

error[E0433]: failed to resolve: could not find `details` in `arbitrary`
     --> C:\Users\Devyani\.cargo\registry\src\index.crates.io-1949cf8c6b5b557f\stellar-xdr-20.1.0\src\curr\generated.rs:24847:42
      |
24847 | #[cfg_attr(feature = "arbitrary", derive(Arbitrary))]
      |                                          ^^^^^^^^^ could not find `details` in `arbitrary`
      |
      = note: this error originates in the derive macro `Arbitrary` (in Nightly builds, run with -Z macro-backtrace for more info)

error[E0407]: method `try_size_hint` is not a member of trait `arbitrary::Arbitrary`
     --> C:\Users\Devyani\.cargo\registry\src\index.crates.io-1949cf8c6b5b557f\stellar-xdr-20.1.0\src\curr\generated.rs:24847:42
      |
24847 | #[cfg_attr(feature = "arbitrary", derive(Arbitrary))]
      |                                          ^^^^^^^^^
      |                                          |
      |                                          not a member of trait `arbitrary::Arbitrary`
      |                                          help: there is an associated function with a similar name: `size_hint`
      |
      = note: this error originates in the derive macro `Arbitrary` (in Nightly builds, run with -Z macro-backtrace for more info)

error[E0433]: failed to resolve: could not find `details` in `arbitrary`
     --> C:\Users\Devyani\.cargo\registry\src\index.crates.io-1949cf8c6b5b557f\stellar-xdr-20.1.0\src\curr\generated.rs:24903:42
      |
24903 | #[cfg_attr(feature = "arbitrary", derive(Arbitrary))]
      |                                          ^^^^^^^^^ could not find `details` in `arbitrary`
      |
      = note: this error originates in the derive macro `Arbitrary` (in Nightly builds, run with -Z macro-backtrace for more info)

error[E0407]: method `try_size_hint` is not a member of trait `arbitrary::Arbitrary`
     --> C:\Users\Devyani\.cargo\registry\src\index.crates.io-1949cf8c6b5b557f\stellar-xdr-20.1.0\src\curr\generated.rs:24903:42
      |
24903 | #[cfg_attr(feature = "arbitrary", derive(Arbitrary))]
      |                                          ^^^^^^^^^
      |                                          |
      |                                          not a member of trait `arbitrary::Arbitrary`
      |                                          help: there is an associated function with a similar name: `size_hint`
      |
      = note: this error originates in the derive macro `Arbitrary` (in Nightly builds, run with -Z macro-backtrace for more info)

error[E0433]: failed to resolve: could not find `details` in `arbitrary`
     --> C:\Users\Devyani\.cargo\registry\src\index.crates.io-1949cf8c6b5b557f\stellar-xdr-20.1.0\src\curr\generated.rs:24968:42
      |
24968 | #[cfg_attr(feature = "arbitrary", derive(Arbitrary))]
      |                                          ^^^^^^^^^ could not find `details` in `arbitrary`
      |
      = note: this error originates in the derive macro `Arbitrary` (in Nightly builds, run with -Z macro-backtrace for more info)

error[E0407]: method `try_size_hint` is not a member of trait `arbitrary::Arbitrary`
     --> C:\Users\Devyani\.cargo\registry\src\index.crates.io-1949cf8c6b5b557f\stellar-xdr-20.1.0\src\curr\generated.rs:24968:42
      |
24968 | #[cfg_attr(feature = "arbitrary", derive(Arbitrary))]
      |                                          ^^^^^^^^^
      |                                          |
      |                                          not a member of trait `arbitrary::Arbitrary`
      |                                          help: there is an associated function with a similar name: `size_hint`
      |
      = note: this error originates in the derive macro `Arbitrary` (in Nightly builds, run with -Z macro-backtrace for more info)

error[E0433]: failed to resolve: could not find `details` in `arbitrary`
     --> C:\Users\Devyani\.cargo\registry\src\index.crates.io-1949cf8c6b5b557f\stellar-xdr-20.1.0\src\curr\generated.rs:25046:42
      |
25046 | #[cfg_attr(feature = "arbitrary", derive(Arbitrary))]
      |                                          ^^^^^^^^^ could not find `details` in `arbitrary`
      |
      = note: this error originates in the derive macro `Arbitrary` (in Nightly builds, run with -Z macro-backtrace for more info)

error[E0407]: method `try_size_hint` is not a member of trait `arbitrary::Arbitrary`
     --> C:\Users\Devyani\.cargo\registry\src\index.crates.io-1949cf8c6b5b557f\stellar-xdr-20.1.0\src\curr\generated.rs:25046:42
      |
25046 | #[cfg_attr(feature = "arbitrary", derive(Arbitrary))]
      |                                          ^^^^^^^^^
      |                                          |
      |                                          not a member of trait `arbitrary::Arbitrary`
      |                                          help: there is an associated function with a similar name: `size_hint`
      |
      = note: this error originates in the derive macro `Arbitrary` (in Nightly builds, run with -Z macro-backtrace for more info)

error[E0433]: failed to resolve: could not find `details` in `arbitrary`
     --> C:\Users\Devyani\.cargo\registry\src\index.crates.io-1949cf8c6b5b557f\stellar-xdr-20.1.0\src\curr\generated.rs:25168:42
      |
25168 | #[cfg_attr(feature = "arbitrary", derive(Arbitrary))]
      |                                          ^^^^^^^^^ could not find `details` in `arbitrary`
      |
      = note: this error originates in the derive macro `Arbitrary` (in Nightly builds, run with -Z macro-backtrace for more info)

error[E0407]: method `try_size_hint` is not a member of trait `arbitrary::Arbitrary`
     --> C:\Users\Devyani\.cargo\registry\src\index.crates.io-1949cf8c6b5b557f\stellar-xdr-20.1.0\src\curr\generated.rs:25168:42
      |
25168 | #[cfg_attr(feature = "arbitrary", derive(Arbitrary))]
      |                                          ^^^^^^^^^
      |                                          |
      |                                          not a member of trait `arbitrary::Arbitrary`
      |                                          help: there is an associated function with a similar name: `size_hint`
      |
      = note: this error originates in the derive macro `Arbitrary` (in Nightly builds, run with -Z macro-backtrace for more info)

error[E0433]: failed to resolve: could not find `details` in `arbitrary`
     --> C:\Users\Devyani\.cargo\registry\src\index.crates.io-1949cf8c6b5b557f\stellar-xdr-20.1.0\src\curr\generated.rs:25216:42
      |
25216 | #[cfg_attr(feature = "arbitrary", derive(Arbitrary))]
      |                                          ^^^^^^^^^ could not find `details` in `arbitrary`
      |
      = note: this error originates in the derive macro `Arbitrary` (in Nightly builds, run with -Z macro-backtrace for more info)

error[E0407]: method `try_size_hint` is not a member of trait `arbitrary::Arbitrary`
     --> C:\Users\Devyani\.cargo\registry\src\index.crates.io-1949cf8c6b5b557f\stellar-xdr-20.1.0\src\curr\generated.rs:25216:42
      |
25216 | #[cfg_attr(feature = "arbitrary", derive(Arbitrary))]
      |                                          ^^^^^^^^^
      |                                          |
      |                                          not a member of trait `arbitrary::Arbitrary`
      |                                          help: there is an associated function with a similar name: `size_hint`
      |
      = note: this error originates in the derive macro `Arbitrary` (in Nightly builds, run with -Z macro-backtrace for more info)

error[E0433]: failed to resolve: could not find `details` in `arbitrary`
     --> C:\Users\Devyani\.cargo\registry\src\index.crates.io-1949cf8c6b5b557f\stellar-xdr-20.1.0\src\curr\generated.rs:25264:42
      |
25264 | #[cfg_attr(feature = "arbitrary", derive(Arbitrary))]
      |                                          ^^^^^^^^^ could not find `details` in `arbitrary`
      |
      = note: this error originates in the derive macro `Arbitrary` (in Nightly builds, run with -Z macro-backtrace for more info)

error[E0407]: method `try_size_hint` is not a member of trait `arbitrary::Arbitrary`
     --> C:\Users\Devyani\.cargo\registry\src\index.crates.io-1949cf8c6b5b557f\stellar-xdr-20.1.0\src\curr\generated.rs:25264:42
      |
25264 | #[cfg_attr(feature = "arbitrary", derive(Arbitrary))]
      |                                          ^^^^^^^^^
      |                                          |
      |                                          not a member of trait `arbitrary::Arbitrary`
      |                                          help: there is an associated function with a similar name: `size_hint`
      |
      = note: this error originates in the derive macro `Arbitrary` (in Nightly builds, run with -Z macro-backtrace for more info)

error[E0433]: failed to resolve: could not find `details` in `arbitrary`
     --> C:\Users\Devyani\.cargo\registry\src\index.crates.io-1949cf8c6b5b557f\stellar-xdr-20.1.0\src\curr\generated.rs:25308:42
      |
25308 | #[cfg_attr(feature = "arbitrary", derive(Arbitrary))]
      |                                          ^^^^^^^^^ could not find `details` in `arbitrary`
      |
      = note: this error originates in the derive macro `Arbitrary` (in Nightly builds, run with -Z macro-backtrace for more info)

error[E0407]: method `try_size_hint` is not a member of trait `arbitrary::Arbitrary`
     --> C:\Users\Devyani\.cargo\registry\src\index.crates.io-1949cf8c6b5b557f\stellar-xdr-20.1.0\src\curr\generated.rs:25308:42
      |
25308 | #[cfg_attr(feature = "arbitrary", derive(Arbitrary))]
      |                                          ^^^^^^^^^
      |                                          |
      |                                          not a member of trait `arbitrary::Arbitrary`
      |                                          help: there is an associated function with a similar name: `size_hint`
      |
      = note: this error originates in the derive macro `Arbitrary` (in Nightly builds, run with -Z macro-backtrace for more info)

error[E0433]: failed to resolve: could not find `details` in `arbitrary`
     --> C:\Users\Devyani\.cargo\registry\src\index.crates.io-1949cf8c6b5b557f\stellar-xdr-20.1.0\src\curr\generated.rs:25351:42
      |
25351 | #[cfg_attr(feature = "arbitrary", derive(Arbitrary))]
      |                                          ^^^^^^^^^ could not find `details` in `arbitrary`
      |
      = note: this error originates in the derive macro `Arbitrary` (in Nightly builds, run with -Z macro-backtrace for more info)

error[E0407]: method `try_size_hint` is not a member of trait `arbitrary::Arbitrary`
     --> C:\Users\Devyani\.cargo\registry\src\index.crates.io-1949cf8c6b5b557f\stellar-xdr-20.1.0\src\curr\generated.rs:25351:42
      |
25351 | #[cfg_attr(feature = "arbitrary", derive(Arbitrary))]
      |                                          ^^^^^^^^^
      |                                          |
      |                                          not a member of trait `arbitrary::Arbitrary`
      |                                          help: there is an associated function with a similar name: `size_hint`
      |
      = note: this error originates in the derive macro `Arbitrary` (in Nightly builds, run with -Z macro-backtrace for more info)

error[E0433]: failed to resolve: could not find `details` in `arbitrary`
     --> C:\Users\Devyani\.cargo\registry\src\index.crates.io-1949cf8c6b5b557f\stellar-xdr-20.1.0\src\curr\generated.rs:25398:42
      |
25398 | #[cfg_attr(feature = "arbitrary", derive(Arbitrary))]
      |                                          ^^^^^^^^^ could not find `details` in `arbitrary`
      |
      = note: this error originates in the derive macro `Arbitrary` (in Nightly builds, run with -Z macro-backtrace for more info)

error[E0407]: method `try_size_hint` is not a member of trait `arbitrary::Arbitrary`
     --> C:\Users\Devyani\.cargo\registry\src\index.crates.io-1949cf8c6b5b557f\stellar-xdr-20.1.0\src\curr\generated.rs:25398:42
      |
25398 | #[cfg_attr(feature = "arbitrary", derive(Arbitrary))]
      |                                          ^^^^^^^^^
      |                                          |
      |                                          not a member of trait `arbitrary::Arbitrary`
      |                                          help: there is an associated function with a similar name: `size_hint`
      |
      = note: this error originates in the derive macro `Arbitrary` (in Nightly builds, run with -Z macro-backtrace for more info)

error[E0433]: failed to resolve: could not find `details` in `arbitrary`
     --> C:\Users\Devyani\.cargo\registry\src\index.crates.io-1949cf8c6b5b557f\stellar-xdr-20.1.0\src\curr\generated.rs:25439:42
      |
25439 | #[cfg_attr(feature = "arbitrary", derive(Arbitrary))]
      |                                          ^^^^^^^^^ could not find `details` in `arbitrary`
      |
      = note: this error originates in the derive macro `Arbitrary` (in Nightly builds, run with -Z macro-backtrace for more info)

error[E0407]: method `try_size_hint` is not a member of trait `arbitrary::Arbitrary`
     --> C:\Users\Devyani\.cargo\registry\src\index.crates.io-1949cf8c6b5b557f\stellar-xdr-20.1.0\src\curr\generated.rs:25439:42
      |
25439 | #[cfg_attr(feature = "arbitrary", derive(Arbitrary))]
      |                                          ^^^^^^^^^
      |                                          |
      |                                          not a member of trait `arbitrary::Arbitrary`
      |                                          help: there is an associated function with a similar name: `size_hint`
      |
      = note: this error originates in the derive macro `Arbitrary` (in Nightly builds, run with -Z macro-backtrace for more info)

error[E0433]: failed to resolve: could not find `details` in `arbitrary`
     --> C:\Users\Devyani\.cargo\registry\src\index.crates.io-1949cf8c6b5b557f\stellar-xdr-20.1.0\src\curr\generated.rs:25589:42
      |
25589 | #[cfg_attr(feature = "arbitrary", derive(Arbitrary))]
      |                                          ^^^^^^^^^ could not find `details` in `arbitrary`
      |
      = note: this error originates in the derive macro `Arbitrary` (in Nightly builds, run with -Z macro-backtrace for more info)

error[E0407]: method `try_size_hint` is not a member of trait `arbitrary::Arbitrary`
     --> C:\Users\Devyani\.cargo\registry\src\index.crates.io-1949cf8c6b5b557f\stellar-xdr-20.1.0\src\curr\generated.rs:25589:42
      |
25589 | #[cfg_attr(feature = "arbitrary", derive(Arbitrary))]
      |                                          ^^^^^^^^^
      |                                          |
      |                                          not a member of trait `arbitrary::Arbitrary`
      |                                          help: there is an associated function with a similar name: `size_hint`
      |
      = note: this error originates in the derive macro `Arbitrary` (in Nightly builds, run with -Z macro-backtrace for more info)

error[E0433]: failed to resolve: could not find `details` in `arbitrary`
     --> C:\Users\Devyani\.cargo\registry\src\index.crates.io-1949cf8c6b5b557f\stellar-xdr-20.1.0\src\curr\generated.rs:25641:42
      |
25641 | #[cfg_attr(feature = "arbitrary", derive(Arbitrary))]
      |                                          ^^^^^^^^^ could not find `details` in `arbitrary`
      |
      = note: this error originates in the derive macro `Arbitrary` (in Nightly builds, run with -Z macro-backtrace for more info)

error[E0407]: method `try_size_hint` is not a member of trait `arbitrary::Arbitrary`
     --> C:\Users\Devyani\.cargo\registry\src\index.crates.io-1949cf8c6b5b557f\stellar-xdr-20.1.0\src\curr\generated.rs:25641:42
      |
25641 | #[cfg_attr(feature = "arbitrary", derive(Arbitrary))]
      |                                          ^^^^^^^^^
      |                                          |
      |                                          not a member of trait `arbitrary::Arbitrary`
      |                                          help: there is an associated function with a similar name: `size_hint`
      |
      = note: this error originates in the derive macro `Arbitrary` (in Nightly builds, run with -Z macro-backtrace for more info)

error[E0433]: failed to resolve: could not find `details` in `arbitrary`
     --> C:\Users\Devyani\.cargo\registry\src\index.crates.io-1949cf8c6b5b557f\stellar-xdr-20.1.0\src\curr\generated.rs:25751:42
      |
25751 | #[cfg_attr(feature = "arbitrary", derive(Arbitrary))]
      |                                          ^^^^^^^^^ could not find `details` in `arbitrary`
      |
      = note: this error originates in the derive macro `Arbitrary` (in Nightly builds, run with -Z macro-backtrace for more info)

error[E0407]: method `try_size_hint` is not a member of trait `arbitrary::Arbitrary`
     --> C:\Users\Devyani\.cargo\registry\src\index.crates.io-1949cf8c6b5b557f\stellar-xdr-20.1.0\src\curr\generated.rs:25751:42
      |
25751 | #[cfg_attr(feature = "arbitrary", derive(Arbitrary))]
      |                                          ^^^^^^^^^
      |                                          |
      |                                          not a member of trait `arbitrary::Arbitrary`
      |                                          help: there is an associated function with a similar name: `size_hint`
      |
      = note: this error originates in the derive macro `Arbitrary` (in Nightly builds, run with -Z macro-backtrace for more info)

error[E0433]: failed to resolve: could not find `details` in `arbitrary`
     --> C:\Users\Devyani\.cargo\registry\src\index.crates.io-1949cf8c6b5b557f\stellar-xdr-20.1.0\src\curr\generated.rs:25798:42
      |
25798 | #[cfg_attr(feature = "arbitrary", derive(Arbitrary))]
      |                                          ^^^^^^^^^ could not find `details` in `arbitrary`
      |
      = note: this error originates in the derive macro `Arbitrary` (in Nightly builds, run with -Z macro-backtrace for more info)

error[E0407]: method `try_size_hint` is not a member of trait `arbitrary::Arbitrary`
     --> C:\Users\Devyani\.cargo\registry\src\index.crates.io-1949cf8c6b5b557f\stellar-xdr-20.1.0\src\curr\generated.rs:25798:42
      |
25798 | #[cfg_attr(feature = "arbitrary", derive(Arbitrary))]
      |                                          ^^^^^^^^^
      |                                          |
      |                                          not a member of trait `arbitrary::Arbitrary`
      |                                          help: there is an associated function with a similar name: `size_hint`
      |
      = note: this error originates in the derive macro `Arbitrary` (in Nightly builds, run with -Z macro-backtrace for more info)

error[E0433]: failed to resolve: could not find `details` in `arbitrary`
     --> C:\Users\Devyani\.cargo\registry\src\index.crates.io-1949cf8c6b5b557f\stellar-xdr-20.1.0\src\curr\generated.rs:25843:42
      |
25843 | #[cfg_attr(feature = "arbitrary", derive(Arbitrary))]
      |                                          ^^^^^^^^^ could not find `details` in `arbitrary`
      |
      = note: this error originates in the derive macro `Arbitrary` (in Nightly builds, run with -Z macro-backtrace for more info)

error[E0407]: method `try_size_hint` is not a member of trait `arbitrary::Arbitrary`
     --> C:\Users\Devyani\.cargo\registry\src\index.crates.io-1949cf8c6b5b557f\stellar-xdr-20.1.0\src\curr\generated.rs:25843:42
      |
25843 | #[cfg_attr(feature = "arbitrary", derive(Arbitrary))]
      |                                          ^^^^^^^^^
      |                                          |
      |                                          not a member of trait `arbitrary::Arbitrary`
      |                                          help: there is an associated function with a similar name: `size_hint`
      |
      = note: this error originates in the derive macro `Arbitrary` (in Nightly builds, run with -Z macro-backtrace for more info)

error[E0433]: failed to resolve: could not find `details` in `arbitrary`
     --> C:\Users\Devyani\.cargo\registry\src\index.crates.io-1949cf8c6b5b557f\stellar-xdr-20.1.0\src\curr\generated.rs:25905:42
      |
25905 | #[cfg_attr(feature = "arbitrary", derive(Arbitrary))]
      |                                          ^^^^^^^^^ could not find `details` in `arbitrary`
      |
      = note: this error originates in the derive macro `Arbitrary` (in Nightly builds, run with -Z macro-backtrace for more info)

error[E0407]: method `try_size_hint` is not a member of trait `arbitrary::Arbitrary`
     --> C:\Users\Devyani\.cargo\registry\src\index.crates.io-1949cf8c6b5b557f\stellar-xdr-20.1.0\src\curr\generated.rs:25905:42
      |
25905 | #[cfg_attr(feature = "arbitrary", derive(Arbitrary))]
      |                                          ^^^^^^^^^
      |                                          |
      |                                          not a member of trait `arbitrary::Arbitrary`
      |                                          help: there is an associated function with a similar name: `size_hint`
      |
      = note: this error originates in the derive macro `Arbitrary` (in Nightly builds, run with -Z macro-backtrace for more info)

error[E0433]: failed to resolve: could not find `details` in `arbitrary`
     --> C:\Users\Devyani\.cargo\registry\src\index.crates.io-1949cf8c6b5b557f\stellar-xdr-20.1.0\src\curr\generated.rs:25961:42
      |
25961 | #[cfg_attr(feature = "arbitrary", derive(Arbitrary))]
      |                                          ^^^^^^^^^ could not find `details` in `arbitrary`
      |
      = note: this error originates in the derive macro `Arbitrary` (in Nightly builds, run with -Z macro-backtrace for more info)

error[E0407]: method `try_size_hint` is not a member of trait `arbitrary::Arbitrary`
     --> C:\Users\Devyani\.cargo\registry\src\index.crates.io-1949cf8c6b5b557f\stellar-xdr-20.1.0\src\curr\generated.rs:25961:42
      |
25961 | #[cfg_attr(feature = "arbitrary", derive(Arbitrary))]
      |                                          ^^^^^^^^^
      |                                          |
      |                                          not a member of trait `arbitrary::Arbitrary`
      |                                          help: there is an associated function with a similar name: `size_hint`
      |
      = note: this error originates in the derive macro `Arbitrary` (in Nightly builds, run with -Z macro-backtrace for more info)

error[E0433]: failed to resolve: could not find `details` in `arbitrary`
     --> C:\Users\Devyani\.cargo\registry\src\index.crates.io-1949cf8c6b5b557f\stellar-xdr-20.1.0\src\curr\generated.rs:26234:42
      |
26234 | #[cfg_attr(feature = "arbitrary", derive(Arbitrary))]
      |                                          ^^^^^^^^^ could not find `details` in `arbitrary`
      |
      = note: this error originates in the derive macro `Arbitrary` (in Nightly builds, run with -Z macro-backtrace for more info)

error[E0407]: method `try_size_hint` is not a member of trait `arbitrary::Arbitrary`
     --> C:\Users\Devyani\.cargo\registry\src\index.crates.io-1949cf8c6b5b557f\stellar-xdr-20.1.0\src\curr\generated.rs:26234:42
      |
26234 | #[cfg_attr(feature = "arbitrary", derive(Arbitrary))]
      |                                          ^^^^^^^^^
      |                                          |
      |                                          not a member of trait `arbitrary::Arbitrary`
      |                                          help: there is an associated function with a similar name: `size_hint`
      |
      = note: this error originates in the derive macro `Arbitrary` (in Nightly builds, run with -Z macro-backtrace for more info)

error[E0433]: failed to resolve: could not find `details` in `arbitrary`
     --> C:\Users\Devyani\.cargo\registry\src\index.crates.io-1949cf8c6b5b557f\stellar-xdr-20.1.0\src\curr\generated.rs:26286:42
      |
26286 | #[cfg_attr(feature = "arbitrary", derive(Arbitrary))]
      |                                          ^^^^^^^^^ could not find `details` in `arbitrary`
      |
      = note: this error originates in the derive macro `Arbitrary` (in Nightly builds, run with -Z macro-backtrace for more info)

error[E0407]: method `try_size_hint` is not a member of trait `arbitrary::Arbitrary`
     --> C:\Users\Devyani\.cargo\registry\src\index.crates.io-1949cf8c6b5b557f\stellar-xdr-20.1.0\src\curr\generated.rs:26286:42
      |
26286 | #[cfg_attr(feature = "arbitrary", derive(Arbitrary))]
      |                                          ^^^^^^^^^
      |                                          |
      |                                          not a member of trait `arbitrary::Arbitrary`
      |                                          help: there is an associated function with a similar name: `size_hint`
      |
      = note: this error originates in the derive macro `Arbitrary` (in Nightly builds, run with -Z macro-backtrace for more info)

error[E0433]: failed to resolve: could not find `details` in `arbitrary`
     --> C:\Users\Devyani\.cargo\registry\src\index.crates.io-1949cf8c6b5b557f\stellar-xdr-20.1.0\src\curr\generated.rs:26395:42
      |
26395 | #[cfg_attr(feature = "arbitrary", derive(Arbitrary))]
      |                                          ^^^^^^^^^ could not find `details` in `arbitrary`
      |
      = note: this error originates in the derive macro `Arbitrary` (in Nightly builds, run with -Z macro-backtrace for more info)

error[E0407]: method `try_size_hint` is not a member of trait `arbitrary::Arbitrary`
     --> C:\Users\Devyani\.cargo\registry\src\index.crates.io-1949cf8c6b5b557f\stellar-xdr-20.1.0\src\curr\generated.rs:26395:42
      |
26395 | #[cfg_attr(feature = "arbitrary", derive(Arbitrary))]
      |                                          ^^^^^^^^^
      |                                          |
      |                                          not a member of trait `arbitrary::Arbitrary`
      |                                          help: there is an associated function with a similar name: `size_hint`
      |
      = note: this error originates in the derive macro `Arbitrary` (in Nightly builds, run with -Z macro-backtrace for more info)

error[E0433]: failed to resolve: could not find `details` in `arbitrary`
     --> C:\Users\Devyani\.cargo\registry\src\index.crates.io-1949cf8c6b5b557f\stellar-xdr-20.1.0\src\curr\generated.rs:26440:42
      |
26440 | #[cfg_attr(feature = "arbitrary", derive(Arbitrary))]
      |                                          ^^^^^^^^^ could not find `details` in `arbitrary`
      |
      = note: this error originates in the derive macro `Arbitrary` (in Nightly builds, run with -Z macro-backtrace for more info)

error[E0407]: method `try_size_hint` is not a member of trait `arbitrary::Arbitrary`
     --> C:\Users\Devyani\.cargo\registry\src\index.crates.io-1949cf8c6b5b557f\stellar-xdr-20.1.0\src\curr\generated.rs:26440:42
      |
26440 | #[cfg_attr(feature = "arbitrary", derive(Arbitrary))]
      |                                          ^^^^^^^^^
      |                                          |
      |                                          not a member of trait `arbitrary::Arbitrary`
      |                                          help: there is an associated function with a similar name: `size_hint`
      |
      = note: this error originates in the derive macro `Arbitrary` (in Nightly builds, run with -Z macro-backtrace for more info)

error[E0433]: failed to resolve: could not find `details` in `arbitrary`
     --> C:\Users\Devyani\.cargo\registry\src\index.crates.io-1949cf8c6b5b557f\stellar-xdr-20.1.0\src\curr\generated.rs:26493:42
      |
26493 | #[cfg_attr(feature = "arbitrary", derive(Arbitrary))]
      |                                          ^^^^^^^^^ could not find `details` in `arbitrary`
      |
      = note: this error originates in the derive macro `Arbitrary` (in Nightly builds, run with -Z macro-backtrace for more info)

error[E0407]: method `try_size_hint` is not a member of trait `arbitrary::Arbitrary`
     --> C:\Users\Devyani\.cargo\registry\src\index.crates.io-1949cf8c6b5b557f\stellar-xdr-20.1.0\src\curr\generated.rs:26493:42
      |
26493 | #[cfg_attr(feature = "arbitrary", derive(Arbitrary))]
      |                                          ^^^^^^^^^
      |                                          |
      |                                          not a member of trait `arbitrary::Arbitrary`
      |                                          help: there is an associated function with a similar name: `size_hint`
      |
      = note: this error originates in the derive macro `Arbitrary` (in Nightly builds, run with -Z macro-backtrace for more info)

error[E0433]: failed to resolve: could not find `details` in `arbitrary`
     --> C:\Users\Devyani\.cargo\registry\src\index.crates.io-1949cf8c6b5b557f\stellar-xdr-20.1.0\src\curr\generated.rs:26724:42
      |
26724 | #[cfg_attr(feature = "arbitrary", derive(Arbitrary))]
      |                                          ^^^^^^^^^ could not find `details` in `arbitrary`
      |
      = note: this error originates in the derive macro `Arbitrary` (in Nightly builds, run with -Z macro-backtrace for more info)

error[E0407]: method `try_size_hint` is not a member of trait `arbitrary::Arbitrary`
     --> C:\Users\Devyani\.cargo\registry\src\index.crates.io-1949cf8c6b5b557f\stellar-xdr-20.1.0\src\curr\generated.rs:26724:42
      |
26724 | #[cfg_attr(feature = "arbitrary", derive(Arbitrary))]
      |                                          ^^^^^^^^^
      |                                          |
      |                                          not a member of trait `arbitrary::Arbitrary`
      |                                          help: there is an associated function with a similar name: `size_hint`
      |
      = note: this error originates in the derive macro `Arbitrary` (in Nightly builds, run with -Z macro-backtrace for more info)

error[E0433]: failed to resolve: could not find `details` in `arbitrary`
     --> C:\Users\Devyani\.cargo\registry\src\index.crates.io-1949cf8c6b5b557f\stellar-xdr-20.1.0\src\curr\generated.rs:26836:42
      |
26836 | #[cfg_attr(feature = "arbitrary", derive(Arbitrary))]
      |                                          ^^^^^^^^^ could not find `details` in `arbitrary`
      |
      = note: this error originates in the derive macro `Arbitrary` (in Nightly builds, run with -Z macro-backtrace for more info)

error[E0407]: method `try_size_hint` is not a member of trait `arbitrary::Arbitrary`
     --> C:\Users\Devyani\.cargo\registry\src\index.crates.io-1949cf8c6b5b557f\stellar-xdr-20.1.0\src\curr\generated.rs:26836:42
      |
26836 | #[cfg_attr(feature = "arbitrary", derive(Arbitrary))]
      |                                          ^^^^^^^^^
      |                                          |
      |                                          not a member of trait `arbitrary::Arbitrary`
      |                                          help: there is an associated function with a similar name: `size_hint`
      |
      = note: this error originates in the derive macro `Arbitrary` (in Nightly builds, run with -Z macro-backtrace for more info)

error[E0433]: failed to resolve: could not find `details` in `arbitrary`
     --> C:\Users\Devyani\.cargo\registry\src\index.crates.io-1949cf8c6b5b557f\stellar-xdr-20.1.0\src\curr\generated.rs:26883:42
      |
26883 | #[cfg_attr(feature = "arbitrary", derive(Arbitrary))]
      |                                          ^^^^^^^^^ could not find `details` in `arbitrary`
      |
      = note: this error originates in the derive macro `Arbitrary` (in Nightly builds, run with -Z macro-backtrace for more info)

error[E0407]: method `try_size_hint` is not a member of trait `arbitrary::Arbitrary`
     --> C:\Users\Devyani\.cargo\registry\src\index.crates.io-1949cf8c6b5b557f\stellar-xdr-20.1.0\src\curr\generated.rs:26883:42
      |
26883 | #[cfg_attr(feature = "arbitrary", derive(Arbitrary))]
      |                                          ^^^^^^^^^
      |                                          |
      |                                          not a member of trait `arbitrary::Arbitrary`
      |                                          help: there is an associated function with a similar name: `size_hint`
      |
      = note: this error originates in the derive macro `Arbitrary` (in Nightly builds, run with -Z macro-backtrace for more info)

error[E0433]: failed to resolve: could not find `details` in `arbitrary`
     --> C:\Users\Devyani\.cargo\registry\src\index.crates.io-1949cf8c6b5b557f\stellar-xdr-20.1.0\src\curr\generated.rs:27045:42
      |
27045 | #[cfg_attr(feature = "arbitrary", derive(Arbitrary))]
      |                                          ^^^^^^^^^ could not find `details` in `arbitrary`
      |
      = note: this error originates in the derive macro `Arbitrary` (in Nightly builds, run with -Z macro-backtrace for more info)

error[E0407]: method `try_size_hint` is not a member of trait `arbitrary::Arbitrary`
     --> C:\Users\Devyani\.cargo\registry\src\index.crates.io-1949cf8c6b5b557f\stellar-xdr-20.1.0\src\curr\generated.rs:27045:42
      |
27045 | #[cfg_attr(feature = "arbitrary", derive(Arbitrary))]
      |                                          ^^^^^^^^^
      |                                          |
      |                                          not a member of trait `arbitrary::Arbitrary`
      |                                          help: there is an associated function with a similar name: `size_hint`
      |
      = note: this error originates in the derive macro `Arbitrary` (in Nightly builds, run with -Z macro-backtrace for more info)

error[E0433]: failed to resolve: could not find `details` in `arbitrary`
     --> C:\Users\Devyani\.cargo\registry\src\index.crates.io-1949cf8c6b5b557f\stellar-xdr-20.1.0\src\curr\generated.rs:27154:42
      |
27154 | #[cfg_attr(feature = "arbitrary", derive(Arbitrary))]
      |                                          ^^^^^^^^^ could not find `details` in `arbitrary`
      |
      = note: this error originates in the derive macro `Arbitrary` (in Nightly builds, run with -Z macro-backtrace for more info)

error[E0407]: method `try_size_hint` is not a member of trait `arbitrary::Arbitrary`
     --> C:\Users\Devyani\.cargo\registry\src\index.crates.io-1949cf8c6b5b557f\stellar-xdr-20.1.0\src\curr\generated.rs:27154:42
      |
27154 | #[cfg_attr(feature = "arbitrary", derive(Arbitrary))]
      |                                          ^^^^^^^^^
      |                                          |
      |                                          not a member of trait `arbitrary::Arbitrary`
      |                                          help: there is an associated function with a similar name: `size_hint`
      |
      = note: this error originates in the derive macro `Arbitrary` (in Nightly builds, run with -Z macro-backtrace for more info)

error[E0433]: failed to resolve: could not find `details` in `arbitrary`
     --> C:\Users\Devyani\.cargo\registry\src\index.crates.io-1949cf8c6b5b557f\stellar-xdr-20.1.0\src\curr\generated.rs:27201:42
      |
27201 | #[cfg_attr(feature = "arbitrary", derive(Arbitrary))]
      |                                          ^^^^^^^^^ could not find `details` in `arbitrary`
      |
      = note: this error originates in the derive macro `Arbitrary` (in Nightly builds, run with -Z macro-backtrace for more info)

error[E0407]: method `try_size_hint` is not a member of trait `arbitrary::Arbitrary`
     --> C:\Users\Devyani\.cargo\registry\src\index.crates.io-1949cf8c6b5b557f\stellar-xdr-20.1.0\src\curr\generated.rs:27201:42
      |
27201 | #[cfg_attr(feature = "arbitrary", derive(Arbitrary))]
      |                                          ^^^^^^^^^
      |                                          |
      |                                          not a member of trait `arbitrary::Arbitrary`
      |                                          help: there is an associated function with a similar name: `size_hint`
      |
      = note: this error originates in the derive macro `Arbitrary` (in Nightly builds, run with -Z macro-backtrace for more info)

error[E0433]: failed to resolve: could not find `details` in `arbitrary`
     --> C:\Users\Devyani\.cargo\registry\src\index.crates.io-1949cf8c6b5b557f\stellar-xdr-20.1.0\src\curr\generated.rs:27246:42
      |
27246 | #[cfg_attr(feature = "arbitrary", derive(Arbitrary))]
      |                                          ^^^^^^^^^ could not find `details` in `arbitrary`
      |
      = note: this error originates in the derive macro `Arbitrary` (in Nightly builds, run with -Z macro-backtrace for more info)

error[E0407]: method `try_size_hint` is not a member of trait `arbitrary::Arbitrary`
     --> C:\Users\Devyani\.cargo\registry\src\index.crates.io-1949cf8c6b5b557f\stellar-xdr-20.1.0\src\curr\generated.rs:27246:42
      |
27246 | #[cfg_attr(feature = "arbitrary", derive(Arbitrary))]
      |                                          ^^^^^^^^^
      |                                          |
      |                                          not a member of trait `arbitrary::Arbitrary`
      |                                          help: there is an associated function with a similar name: `size_hint`
      |
      = note: this error originates in the derive macro `Arbitrary` (in Nightly builds, run with -Z macro-backtrace for more info)

error[E0433]: failed to resolve: could not find `details` in `arbitrary`
     --> C:\Users\Devyani\.cargo\registry\src\index.crates.io-1949cf8c6b5b557f\stellar-xdr-20.1.0\src\curr\generated.rs:27290:42
      |
27290 | #[cfg_attr(feature = "arbitrary", derive(Arbitrary))]
      |                                          ^^^^^^^^^ could not find `details` in `arbitrary`
      |
      = note: this error originates in the derive macro `Arbitrary` (in Nightly builds, run with -Z macro-backtrace for more info)

error[E0407]: method `try_size_hint` is not a member of trait `arbitrary::Arbitrary`
     --> C:\Users\Devyani\.cargo\registry\src\index.crates.io-1949cf8c6b5b557f\stellar-xdr-20.1.0\src\curr\generated.rs:27290:42
      |
27290 | #[cfg_attr(feature = "arbitrary", derive(Arbitrary))]
      |                                          ^^^^^^^^^
      |                                          |
      |                                          not a member of trait `arbitrary::Arbitrary`
      |                                          help: there is an associated function with a similar name: `size_hint`
      |
      = note: this error originates in the derive macro `Arbitrary` (in Nightly builds, run with -Z macro-backtrace for more info)

error[E0433]: failed to resolve: could not find `details` in `arbitrary`
     --> C:\Users\Devyani\.cargo\registry\src\index.crates.io-1949cf8c6b5b557f\stellar-xdr-20.1.0\src\curr\generated.rs:27385:42
      |
27385 | #[cfg_attr(feature = "arbitrary", derive(Arbitrary))]
      |                                          ^^^^^^^^^ could not find `details` in `arbitrary`
      |
      = note: this error originates in the derive macro `Arbitrary` (in Nightly builds, run with -Z macro-backtrace for more info)

error[E0407]: method `try_size_hint` is not a member of trait `arbitrary::Arbitrary`
     --> C:\Users\Devyani\.cargo\registry\src\index.crates.io-1949cf8c6b5b557f\stellar-xdr-20.1.0\src\curr\generated.rs:27385:42
      |
27385 | #[cfg_attr(feature = "arbitrary", derive(Arbitrary))]
      |                                          ^^^^^^^^^
      |                                          |
      |                                          not a member of trait `arbitrary::Arbitrary`
      |                                          help: there is an associated function with a similar name: `size_hint`
      |
      = note: this error originates in the derive macro `Arbitrary` (in Nightly builds, run with -Z macro-backtrace for more info)

error[E0433]: failed to resolve: could not find `details` in `arbitrary`
     --> C:\Users\Devyani\.cargo\registry\src\index.crates.io-1949cf8c6b5b557f\stellar-xdr-20.1.0\src\curr\generated.rs:27765:42
      |
27765 | #[cfg_attr(feature = "arbitrary", derive(Arbitrary))]
      |                                          ^^^^^^^^^ could not find `details` in `arbitrary`
      |
      = note: this error originates in the derive macro `Arbitrary` (in Nightly builds, run with -Z macro-backtrace for more info)

error[E0407]: method `try_size_hint` is not a member of trait `arbitrary::Arbitrary`
     --> C:\Users\Devyani\.cargo\registry\src\index.crates.io-1949cf8c6b5b557f\stellar-xdr-20.1.0\src\curr\generated.rs:27765:42
      |
27765 | #[cfg_attr(feature = "arbitrary", derive(Arbitrary))]
      |                                          ^^^^^^^^^
      |                                          |
      |                                          not a member of trait `arbitrary::Arbitrary`
      |                                          help: there is an associated function with a similar name: `size_hint`
      |
      = note: this error originates in the derive macro `Arbitrary` (in Nightly builds, run with -Z macro-backtrace for more info)

error[E0433]: failed to resolve: could not find `details` in `arbitrary`
     --> C:\Users\Devyani\.cargo\registry\src\index.crates.io-1949cf8c6b5b557f\stellar-xdr-20.1.0\src\curr\generated.rs:27811:42
      |
27811 | #[cfg_attr(feature = "arbitrary", derive(Arbitrary))]
      |                                          ^^^^^^^^^ could not find `details` in `arbitrary`
      |
      = note: this error originates in the derive macro `Arbitrary` (in Nightly builds, run with -Z macro-backtrace for more info)

error[E0407]: method `try_size_hint` is not a member of trait `arbitrary::Arbitrary`
     --> C:\Users\Devyani\.cargo\registry\src\index.crates.io-1949cf8c6b5b557f\stellar-xdr-20.1.0\src\curr\generated.rs:27811:42
      |
27811 | #[cfg_attr(feature = "arbitrary", derive(Arbitrary))]
      |                                          ^^^^^^^^^
      |                                          |
      |                                          not a member of trait `arbitrary::Arbitrary`
      |                                          help: there is an associated function with a similar name: `size_hint`
      |
      = note: this error originates in the derive macro `Arbitrary` (in Nightly builds, run with -Z macro-backtrace for more info)

error[E0433]: failed to resolve: could not find `details` in `arbitrary`
     --> C:\Users\Devyani\.cargo\registry\src\index.crates.io-1949cf8c6b5b557f\stellar-xdr-20.1.0\src\curr\generated.rs:27862:42
      |
27862 | #[cfg_attr(feature = "arbitrary", derive(Arbitrary))]
      |                                          ^^^^^^^^^ could not find `details` in `arbitrary`
      |
      = note: this error originates in the derive macro `Arbitrary` (in Nightly builds, run with -Z macro-backtrace for more info)

error[E0407]: method `try_size_hint` is not a member of trait `arbitrary::Arbitrary`
     --> C:\Users\Devyani\.cargo\registry\src\index.crates.io-1949cf8c6b5b557f\stellar-xdr-20.1.0\src\curr\generated.rs:27862:42
      |
27862 | #[cfg_attr(feature = "arbitrary", derive(Arbitrary))]
      |                                          ^^^^^^^^^
      |                                          |
      |                                          not a member of trait `arbitrary::Arbitrary`
      |                                          help: there is an associated function with a similar name: `size_hint`
      |
      = note: this error originates in the derive macro `Arbitrary` (in Nightly builds, run with -Z macro-backtrace for more info)

error[E0433]: failed to resolve: could not find `details` in `arbitrary`
     --> C:\Users\Devyani\.cargo\registry\src\index.crates.io-1949cf8c6b5b557f\stellar-xdr-20.1.0\src\curr\generated.rs:27916:42
      |
27916 | #[cfg_attr(feature = "arbitrary", derive(Arbitrary))]
      |                                          ^^^^^^^^^ could not find `details` in `arbitrary`
      |
      = note: this error originates in the derive macro `Arbitrary` (in Nightly builds, run with -Z macro-backtrace for more info)

error[E0407]: method `try_size_hint` is not a member of trait `arbitrary::Arbitrary`
     --> C:\Users\Devyani\.cargo\registry\src\index.crates.io-1949cf8c6b5b557f\stellar-xdr-20.1.0\src\curr\generated.rs:27916:42
      |
27916 | #[cfg_attr(feature = "arbitrary", derive(Arbitrary))]
      |                                          ^^^^^^^^^
      |                                          |
      |                                          not a member of trait `arbitrary::Arbitrary`
      |                                          help: there is an associated function with a similar name: `size_hint`
      |
      = note: this error originates in the derive macro `Arbitrary` (in Nightly builds, run with -Z macro-backtrace for more info)

error[E0433]: failed to resolve: could not find `details` in `arbitrary`
     --> C:\Users\Devyani\.cargo\registry\src\index.crates.io-1949cf8c6b5b557f\stellar-xdr-20.1.0\src\curr\generated.rs:27963:42
      |
27963 | #[cfg_attr(feature = "arbitrary", derive(Arbitrary))]
      |                                          ^^^^^^^^^ could not find `details` in `arbitrary`
      |
      = note: this error originates in the derive macro `Arbitrary` (in Nightly builds, run with -Z macro-backtrace for more info)

error[E0407]: method `try_size_hint` is not a member of trait `arbitrary::Arbitrary`
     --> C:\Users\Devyani\.cargo\registry\src\index.crates.io-1949cf8c6b5b557f\stellar-xdr-20.1.0\src\curr\generated.rs:27963:42
      |
27963 | #[cfg_attr(feature = "arbitrary", derive(Arbitrary))]
      |                                          ^^^^^^^^^
      |                                          |
      |                                          not a member of trait `arbitrary::Arbitrary`
      |                                          help: there is an associated function with a similar name: `size_hint`
      |
      = note: this error originates in the derive macro `Arbitrary` (in Nightly builds, run with -Z macro-backtrace for more info)

error[E0433]: failed to resolve: could not find `details` in `arbitrary`
     --> C:\Users\Devyani\.cargo\registry\src\index.crates.io-1949cf8c6b5b557f\stellar-xdr-20.1.0\src\curr\generated.rs:28043:42
      |
28043 | #[cfg_attr(feature = "arbitrary", derive(Arbitrary))]
      |                                          ^^^^^^^^^ could not find `details` in `arbitrary`
      |
      = note: this error originates in the derive macro `Arbitrary` (in Nightly builds, run with -Z macro-backtrace for more info)

error[E0407]: method `try_size_hint` is not a member of trait `arbitrary::Arbitrary`
     --> C:\Users\Devyani\.cargo\registry\src\index.crates.io-1949cf8c6b5b557f\stellar-xdr-20.1.0\src\curr\generated.rs:28043:42
      |
28043 | #[cfg_attr(feature = "arbitrary", derive(Arbitrary))]
      |                                          ^^^^^^^^^
      |                                          |
      |                                          not a member of trait `arbitrary::Arbitrary`
      |                                          help: there is an associated function with a similar name: `size_hint`
      |
      = note: this error originates in the derive macro `Arbitrary` (in Nightly builds, run with -Z macro-backtrace for more info)

error[E0433]: failed to resolve: could not find `details` in `arbitrary`
     --> C:\Users\Devyani\.cargo\registry\src\index.crates.io-1949cf8c6b5b557f\stellar-xdr-20.1.0\src\curr\generated.rs:28305:42
      |
28305 | #[cfg_attr(feature = "arbitrary", derive(Arbitrary))]
      |                                          ^^^^^^^^^ could not find `details` in `arbitrary`
      |
      = note: this error originates in the derive macro `Arbitrary` (in Nightly builds, run with -Z macro-backtrace for more info)

error[E0407]: method `try_size_hint` is not a member of trait `arbitrary::Arbitrary`
     --> C:\Users\Devyani\.cargo\registry\src\index.crates.io-1949cf8c6b5b557f\stellar-xdr-20.1.0\src\curr\generated.rs:28305:42
      |
28305 | #[cfg_attr(feature = "arbitrary", derive(Arbitrary))]
      |                                          ^^^^^^^^^
      |                                          |
      |                                          not a member of trait `arbitrary::Arbitrary`
      |                                          help: there is an associated function with a similar name: `size_hint`
      |
      = note: this error originates in the derive macro `Arbitrary` (in Nightly builds, run with -Z macro-backtrace for more info)

error[E0433]: failed to resolve: could not find `details` in `arbitrary`
     --> C:\Users\Devyani\.cargo\registry\src\index.crates.io-1949cf8c6b5b557f\stellar-xdr-20.1.0\src\curr\generated.rs:28430:42
      |
28430 | #[cfg_attr(feature = "arbitrary", derive(Arbitrary))]
      |                                          ^^^^^^^^^ could not find `details` in `arbitrary`
      |
      = note: this error originates in the derive macro `Arbitrary` (in Nightly builds, run with -Z macro-backtrace for more info)

error[E0407]: method `try_size_hint` is not a member of trait `arbitrary::Arbitrary`
     --> C:\Users\Devyani\.cargo\registry\src\index.crates.io-1949cf8c6b5b557f\stellar-xdr-20.1.0\src\curr\generated.rs:28430:42
      |
28430 | #[cfg_attr(feature = "arbitrary", derive(Arbitrary))]
      |                                          ^^^^^^^^^
      |                                          |
      |                                          not a member of trait `arbitrary::Arbitrary`
      |                                          help: there is an associated function with a similar name: `size_hint`
      |
      = note: this error originates in the derive macro `Arbitrary` (in Nightly builds, run with -Z macro-backtrace for more info)

error[E0433]: failed to resolve: could not find `details` in `arbitrary`
     --> C:\Users\Devyani\.cargo\registry\src\index.crates.io-1949cf8c6b5b557f\stellar-xdr-20.1.0\src\curr\generated.rs:28475:42
      |
28475 | #[cfg_attr(feature = "arbitrary", derive(Arbitrary))]
      |                                          ^^^^^^^^^ could not find `details` in `arbitrary`
      |
      = note: this error originates in the derive macro `Arbitrary` (in Nightly builds, run with -Z macro-backtrace for more info)

error[E0407]: method `try_size_hint` is not a member of trait `arbitrary::Arbitrary`
     --> C:\Users\Devyani\.cargo\registry\src\index.crates.io-1949cf8c6b5b557f\stellar-xdr-20.1.0\src\curr\generated.rs:28475:42
      |
28475 | #[cfg_attr(feature = "arbitrary", derive(Arbitrary))]
      |                                          ^^^^^^^^^
      |                                          |
      |                                          not a member of trait `arbitrary::Arbitrary`
      |                                          help: there is an associated function with a similar name: `size_hint`
      |
      = note: this error originates in the derive macro `Arbitrary` (in Nightly builds, run with -Z macro-backtrace for more info)

error[E0433]: failed to resolve: could not find `details` in `arbitrary`
     --> C:\Users\Devyani\.cargo\registry\src\index.crates.io-1949cf8c6b5b557f\stellar-xdr-20.1.0\src\curr\generated.rs:28547:42
      |
28547 | #[cfg_attr(feature = "arbitrary", derive(Arbitrary))]
      |                                          ^^^^^^^^^ could not find `details` in `arbitrary`
      |
      = note: this error originates in the derive macro `Arbitrary` (in Nightly builds, run with -Z macro-backtrace for more info)

error[E0407]: method `try_size_hint` is not a member of trait `arbitrary::Arbitrary`
     --> C:\Users\Devyani\.cargo\registry\src\index.crates.io-1949cf8c6b5b557f\stellar-xdr-20.1.0\src\curr\generated.rs:28547:42
      |
28547 | #[cfg_attr(feature = "arbitrary", derive(Arbitrary))]
      |                                          ^^^^^^^^^
      |                                          |
      |                                          not a member of trait `arbitrary::Arbitrary`
      |                                          help: there is an associated function with a similar name: `size_hint`
      |
      = note: this error originates in the derive macro `Arbitrary` (in Nightly builds, run with -Z macro-backtrace for more info)

error[E0433]: failed to resolve: could not find `details` in `arbitrary`
     --> C:\Users\Devyani\.cargo\registry\src\index.crates.io-1949cf8c6b5b557f\stellar-xdr-20.1.0\src\curr\generated.rs:28722:42
      |
28722 | #[cfg_attr(feature = "arbitrary", derive(Arbitrary))]
      |                                          ^^^^^^^^^ could not find `details` in `arbitrary`
      |
      = note: this error originates in the derive macro `Arbitrary` (in Nightly builds, run with -Z macro-backtrace for more info)

error[E0407]: method `try_size_hint` is not a member of trait `arbitrary::Arbitrary`
     --> C:\Users\Devyani\.cargo\registry\src\index.crates.io-1949cf8c6b5b557f\stellar-xdr-20.1.0\src\curr\generated.rs:28722:42
      |
28722 | #[cfg_attr(feature = "arbitrary", derive(Arbitrary))]
      |                                          ^^^^^^^^^
      |                                          |
      |                                          not a member of trait `arbitrary::Arbitrary`
      |                                          help: there is an associated function with a similar name: `size_hint`
      |
      = note: this error originates in the derive macro `Arbitrary` (in Nightly builds, run with -Z macro-backtrace for more info)

error[E0433]: failed to resolve: could not find `details` in `arbitrary`
     --> C:\Users\Devyani\.cargo\registry\src\index.crates.io-1949cf8c6b5b557f\stellar-xdr-20.1.0\src\curr\generated.rs:28835:42
      |
28835 | #[cfg_attr(feature = "arbitrary", derive(Arbitrary))]
      |                                          ^^^^^^^^^ could not find `details` in `arbitrary`
      |
      = note: this error originates in the derive macro `Arbitrary` (in Nightly builds, run with -Z macro-backtrace for more info)

error[E0407]: method `try_size_hint` is not a member of trait `arbitrary::Arbitrary`
     --> C:\Users\Devyani\.cargo\registry\src\index.crates.io-1949cf8c6b5b557f\stellar-xdr-20.1.0\src\curr\generated.rs:28835:42
      |
28835 | #[cfg_attr(feature = "arbitrary", derive(Arbitrary))]
      |                                          ^^^^^^^^^
      |                                          |
      |                                          not a member of trait `arbitrary::Arbitrary`
      |                                          help: there is an associated function with a similar name: `size_hint`
      |
      = note: this error originates in the derive macro `Arbitrary` (in Nightly builds, run with -Z macro-backtrace for more info)

error[E0433]: failed to resolve: could not find `details` in `arbitrary`
     --> C:\Users\Devyani\.cargo\registry\src\index.crates.io-1949cf8c6b5b557f\stellar-xdr-20.1.0\src\curr\generated.rs:28887:42
      |
28887 | #[cfg_attr(feature = "arbitrary", derive(Arbitrary))]
      |                                          ^^^^^^^^^ could not find `details` in `arbitrary`
      |
      = note: this error originates in the derive macro `Arbitrary` (in Nightly builds, run with -Z macro-backtrace for more info)

error[E0407]: method `try_size_hint` is not a member of trait `arbitrary::Arbitrary`
     --> C:\Users\Devyani\.cargo\registry\src\index.crates.io-1949cf8c6b5b557f\stellar-xdr-20.1.0\src\curr\generated.rs:28887:42
      |
28887 | #[cfg_attr(feature = "arbitrary", derive(Arbitrary))]
      |                                          ^^^^^^^^^
      |                                          |
      |                                          not a member of trait `arbitrary::Arbitrary`
      |                                          help: there is an associated function with a similar name: `size_hint`
      |
      = note: this error originates in the derive macro `Arbitrary` (in Nightly builds, run with -Z macro-backtrace for more info)

error[E0433]: failed to resolve: could not find `details` in `arbitrary`
     --> C:\Users\Devyani\.cargo\registry\src\index.crates.io-1949cf8c6b5b557f\stellar-xdr-20.1.0\src\curr\generated.rs:28948:42
      |
28948 | #[cfg_attr(feature = "arbitrary", derive(Arbitrary))]
      |                                          ^^^^^^^^^ could not find `details` in `arbitrary`
      |
      = note: this error originates in the derive macro `Arbitrary` (in Nightly builds, run with -Z macro-backtrace for more info)

error[E0407]: method `try_size_hint` is not a member of trait `arbitrary::Arbitrary`
     --> C:\Users\Devyani\.cargo\registry\src\index.crates.io-1949cf8c6b5b557f\stellar-xdr-20.1.0\src\curr\generated.rs:28948:42
      |
28948 | #[cfg_attr(feature = "arbitrary", derive(Arbitrary))]
      |                                          ^^^^^^^^^
      |                                          |
      |                                          not a member of trait `arbitrary::Arbitrary`
      |                                          help: there is an associated function with a similar name: `size_hint`
      |
      = note: this error originates in the derive macro `Arbitrary` (in Nightly builds, run with -Z macro-backtrace for more info)

error[E0433]: failed to resolve: could not find `details` in `arbitrary`
     --> C:\Users\Devyani\.cargo\registry\src\index.crates.io-1949cf8c6b5b557f\stellar-xdr-20.1.0\src\curr\generated.rs:29106:42
      |
29106 | #[cfg_attr(feature = "arbitrary", derive(Arbitrary))]
      |                                          ^^^^^^^^^ could not find `details` in `arbitrary`
      |
      = note: this error originates in the derive macro `Arbitrary` (in Nightly builds, run with -Z macro-backtrace for more info)

error[E0407]: method `try_size_hint` is not a member of trait `arbitrary::Arbitrary`
     --> C:\Users\Devyani\.cargo\registry\src\index.crates.io-1949cf8c6b5b557f\stellar-xdr-20.1.0\src\curr\generated.rs:29106:42
      |
29106 | #[cfg_attr(feature = "arbitrary", derive(Arbitrary))]
      |                                          ^^^^^^^^^
      |                                          |
      |                                          not a member of trait `arbitrary::Arbitrary`
      |                                          help: there is an associated function with a similar name: `size_hint`
      |
      = note: this error originates in the derive macro `Arbitrary` (in Nightly builds, run with -Z macro-backtrace for more info)

error[E0433]: failed to resolve: could not find `details` in `arbitrary`
     --> C:\Users\Devyani\.cargo\registry\src\index.crates.io-1949cf8c6b5b557f\stellar-xdr-20.1.0\src\curr\generated.rs:29168:42
      |
29168 | #[cfg_attr(feature = "arbitrary", derive(Arbitrary))]
      |                                          ^^^^^^^^^ could not find `details` in `arbitrary`
      |
      = note: this error originates in the derive macro `Arbitrary` (in Nightly builds, run with -Z macro-backtrace for more info)

error[E0407]: method `try_size_hint` is not a member of trait `arbitrary::Arbitrary`
     --> C:\Users\Devyani\.cargo\registry\src\index.crates.io-1949cf8c6b5b557f\stellar-xdr-20.1.0\src\curr\generated.rs:29168:42
      |
29168 | #[cfg_attr(feature = "arbitrary", derive(Arbitrary))]
      |                                          ^^^^^^^^^
      |                                          |
      |                                          not a member of trait `arbitrary::Arbitrary`
      |                                          help: there is an associated function with a similar name: `size_hint`
      |
      = note: this error originates in the derive macro `Arbitrary` (in Nightly builds, run with -Z macro-backtrace for more info)

error[E0433]: failed to resolve: could not find `details` in `arbitrary`
     --> C:\Users\Devyani\.cargo\registry\src\index.crates.io-1949cf8c6b5b557f\stellar-xdr-20.1.0\src\curr\generated.rs:29216:42
      |
29216 | #[cfg_attr(feature = "arbitrary", derive(Arbitrary))]
      |                                          ^^^^^^^^^ could not find `details` in `arbitrary`
      |
      = note: this error originates in the derive macro `Arbitrary` (in Nightly builds, run with -Z macro-backtrace for more info)

error[E0407]: method `try_size_hint` is not a member of trait `arbitrary::Arbitrary`
     --> C:\Users\Devyani\.cargo\registry\src\index.crates.io-1949cf8c6b5b557f\stellar-xdr-20.1.0\src\curr\generated.rs:29216:42
      |
29216 | #[cfg_attr(feature = "arbitrary", derive(Arbitrary))]
      |                                          ^^^^^^^^^
      |                                          |
      |                                          not a member of trait `arbitrary::Arbitrary`
      |                                          help: there is an associated function with a similar name: `size_hint`
      |
      = note: this error originates in the derive macro `Arbitrary` (in Nightly builds, run with -Z macro-backtrace for more info)

error[E0433]: failed to resolve: could not find `details` in `arbitrary`
     --> C:\Users\Devyani\.cargo\registry\src\index.crates.io-1949cf8c6b5b557f\stellar-xdr-20.1.0\src\curr\generated.rs:29343:42
      |
29343 | #[cfg_attr(feature = "arbitrary", derive(Arbitrary))]
      |                                          ^^^^^^^^^ could not find `details` in `arbitrary`
      |
      = note: this error originates in the derive macro `Arbitrary` (in Nightly builds, run with -Z macro-backtrace for more info)

error[E0407]: method `try_size_hint` is not a member of trait `arbitrary::Arbitrary`
     --> C:\Users\Devyani\.cargo\registry\src\index.crates.io-1949cf8c6b5b557f\stellar-xdr-20.1.0\src\curr\generated.rs:29343:42
      |
29343 | #[cfg_attr(feature = "arbitrary", derive(Arbitrary))]
      |                                          ^^^^^^^^^
      |                                          |
      |                                          not a member of trait `arbitrary::Arbitrary`
      |                                          help: there is an associated function with a similar name: `size_hint`
      |
      = note: this error originates in the derive macro `Arbitrary` (in Nightly builds, run with -Z macro-backtrace for more info)

error[E0433]: failed to resolve: could not find `details` in `arbitrary`
     --> C:\Users\Devyani\.cargo\registry\src\index.crates.io-1949cf8c6b5b557f\stellar-xdr-20.1.0\src\curr\generated.rs:29405:42
      |
29405 | #[cfg_attr(feature = "arbitrary", derive(Arbitrary))]
      |                                          ^^^^^^^^^ could not find `details` in `arbitrary`
      |
      = note: this error originates in the derive macro `Arbitrary` (in Nightly builds, run with -Z macro-backtrace for more info)

error[E0407]: method `try_size_hint` is not a member of trait `arbitrary::Arbitrary`
     --> C:\Users\Devyani\.cargo\registry\src\index.crates.io-1949cf8c6b5b557f\stellar-xdr-20.1.0\src\curr\generated.rs:29405:42
      |
29405 | #[cfg_attr(feature = "arbitrary", derive(Arbitrary))]
      |                                          ^^^^^^^^^
      |                                          |
      |                                          not a member of trait `arbitrary::Arbitrary`
      |                                          help: there is an associated function with a similar name: `size_hint`
      |
      = note: this error originates in the derive macro `Arbitrary` (in Nightly builds, run with -Z macro-backtrace for more info)

error[E0433]: failed to resolve: could not find `details` in `arbitrary`
     --> C:\Users\Devyani\.cargo\registry\src\index.crates.io-1949cf8c6b5b557f\stellar-xdr-20.1.0\src\curr\generated.rs:29451:42
      |
29451 | #[cfg_attr(feature = "arbitrary", derive(Arbitrary))]
      |                                          ^^^^^^^^^ could not find `details` in `arbitrary`
      |
      = note: this error originates in the derive macro `Arbitrary` (in Nightly builds, run with -Z macro-backtrace for more info)

error[E0407]: method `try_size_hint` is not a member of trait `arbitrary::Arbitrary`
     --> C:\Users\Devyani\.cargo\registry\src\index.crates.io-1949cf8c6b5b557f\stellar-xdr-20.1.0\src\curr\generated.rs:29451:42
      |
29451 | #[cfg_attr(feature = "arbitrary", derive(Arbitrary))]
      |                                          ^^^^^^^^^
      |                                          |
      |                                          not a member of trait `arbitrary::Arbitrary`
      |                                          help: there is an associated function with a similar name: `size_hint`
      |
      = note: this error originates in the derive macro `Arbitrary` (in Nightly builds, run with -Z macro-backtrace for more info)

error[E0433]: failed to resolve: could not find `details` in `arbitrary`
     --> C:\Users\Devyani\.cargo\registry\src\index.crates.io-1949cf8c6b5b557f\stellar-xdr-20.1.0\src\curr\generated.rs:29662:42
      |
29662 | #[cfg_attr(feature = "arbitrary", derive(Arbitrary))]
      |                                          ^^^^^^^^^ could not find `details` in `arbitrary`
      |
      = note: this error originates in the derive macro `Arbitrary` (in Nightly builds, run with -Z macro-backtrace for more info)

error[E0407]: method `try_size_hint` is not a member of trait `arbitrary::Arbitrary`
     --> C:\Users\Devyani\.cargo\registry\src\index.crates.io-1949cf8c6b5b557f\stellar-xdr-20.1.0\src\curr\generated.rs:29662:42
      |
29662 | #[cfg_attr(feature = "arbitrary", derive(Arbitrary))]
      |                                          ^^^^^^^^^
      |                                          |
      |                                          not a member of trait `arbitrary::Arbitrary`
      |                                          help: there is an associated function with a similar name: `size_hint`
      |
      = note: this error originates in the derive macro `Arbitrary` (in Nightly builds, run with -Z macro-backtrace for more info)

error[E0433]: failed to resolve: could not find `details` in `arbitrary`
     --> C:\Users\Devyani\.cargo\registry\src\index.crates.io-1949cf8c6b5b557f\stellar-xdr-20.1.0\src\curr\generated.rs:29715:42
      |
29715 | #[cfg_attr(feature = "arbitrary", derive(Arbitrary))]
      |                                          ^^^^^^^^^ could not find `details` in `arbitrary`
      |
      = note: this error originates in the derive macro `Arbitrary` (in Nightly builds, run with -Z macro-backtrace for more info)

error[E0407]: method `try_size_hint` is not a member of trait `arbitrary::Arbitrary`
     --> C:\Users\Devyani\.cargo\registry\src\index.crates.io-1949cf8c6b5b557f\stellar-xdr-20.1.0\src\curr\generated.rs:29715:42
      |
29715 | #[cfg_attr(feature = "arbitrary", derive(Arbitrary))]
      |                                          ^^^^^^^^^
      |                                          |
      |                                          not a member of trait `arbitrary::Arbitrary`
      |                                          help: there is an associated function with a similar name: `size_hint`
      |
      = note: this error originates in the derive macro `Arbitrary` (in Nightly builds, run with -Z macro-backtrace for more info)

error[E0433]: failed to resolve: could not find `details` in `arbitrary`
     --> C:\Users\Devyani\.cargo\registry\src\index.crates.io-1949cf8c6b5b557f\stellar-xdr-20.1.0\src\curr\generated.rs:29765:42
      |
29765 | #[cfg_attr(feature = "arbitrary", derive(Arbitrary))]
      |                                          ^^^^^^^^^ could not find `details` in `arbitrary`
      |
      = note: this error originates in the derive macro `Arbitrary` (in Nightly builds, run with -Z macro-backtrace for more info)

error[E0407]: method `try_size_hint` is not a member of trait `arbitrary::Arbitrary`
     --> C:\Users\Devyani\.cargo\registry\src\index.crates.io-1949cf8c6b5b557f\stellar-xdr-20.1.0\src\curr\generated.rs:29765:42
      |
29765 | #[cfg_attr(feature = "arbitrary", derive(Arbitrary))]
      |                                          ^^^^^^^^^
      |                                          |
      |                                          not a member of trait `arbitrary::Arbitrary`
      |                                          help: there is an associated function with a similar name: `size_hint`
      |
      = note: this error originates in the derive macro `Arbitrary` (in Nightly builds, run with -Z macro-backtrace for more info)

error[E0433]: failed to resolve: could not find `details` in `arbitrary`
     --> C:\Users\Devyani\.cargo\registry\src\index.crates.io-1949cf8c6b5b557f\stellar-xdr-20.1.0\src\curr\generated.rs:29884:42
      |
29884 | #[cfg_attr(feature = "arbitrary", derive(Arbitrary))]
      |                                          ^^^^^^^^^ could not find `details` in `arbitrary`
      |
      = note: this error originates in the derive macro `Arbitrary` (in Nightly builds, run with -Z macro-backtrace for more info)

error[E0407]: method `try_size_hint` is not a member of trait `arbitrary::Arbitrary`
     --> C:\Users\Devyani\.cargo\registry\src\index.crates.io-1949cf8c6b5b557f\stellar-xdr-20.1.0\src\curr\generated.rs:29884:42
      |
29884 | #[cfg_attr(feature = "arbitrary", derive(Arbitrary))]
      |                                          ^^^^^^^^^
      |                                          |
      |                                          not a member of trait `arbitrary::Arbitrary`
      |                                          help: there is an associated function with a similar name: `size_hint`
      |
      = note: this error originates in the derive macro `Arbitrary` (in Nightly builds, run with -Z macro-backtrace for more info)

error[E0433]: failed to resolve: could not find `details` in `arbitrary`
     --> C:\Users\Devyani\.cargo\registry\src\index.crates.io-1949cf8c6b5b557f\stellar-xdr-20.1.0\src\curr\generated.rs:29996:42
      |
29996 | #[cfg_attr(feature = "arbitrary", derive(Arbitrary))]
      |                                          ^^^^^^^^^ could not find `details` in `arbitrary`
      |
      = note: this error originates in the derive macro `Arbitrary` (in Nightly builds, run with -Z macro-backtrace for more info)

error[E0407]: method `try_size_hint` is not a member of trait `arbitrary::Arbitrary`
     --> C:\Users\Devyani\.cargo\registry\src\index.crates.io-1949cf8c6b5b557f\stellar-xdr-20.1.0\src\curr\generated.rs:29996:42
      |
29996 | #[cfg_attr(feature = "arbitrary", derive(Arbitrary))]
      |                                          ^^^^^^^^^
      |                                          |
      |                                          not a member of trait `arbitrary::Arbitrary`
      |                                          help: there is an associated function with a similar name: `size_hint`
      |
      = note: this error originates in the derive macro `Arbitrary` (in Nightly builds, run with -Z macro-backtrace for more info)

error[E0433]: failed to resolve: could not find `details` in `arbitrary`
     --> C:\Users\Devyani\.cargo\registry\src\index.crates.io-1949cf8c6b5b557f\stellar-xdr-20.1.0\src\curr\generated.rs:30163:42
      |
30163 | #[cfg_attr(feature = "arbitrary", derive(Arbitrary))]
      |                                          ^^^^^^^^^ could not find `details` in `arbitrary`
      |
      = note: this error originates in the derive macro `Arbitrary` (in Nightly builds, run with -Z macro-backtrace for more info)

error[E0407]: method `try_size_hint` is not a member of trait `arbitrary::Arbitrary`
     --> C:\Users\Devyani\.cargo\registry\src\index.crates.io-1949cf8c6b5b557f\stellar-xdr-20.1.0\src\curr\generated.rs:30163:42
      |
30163 | #[cfg_attr(feature = "arbitrary", derive(Arbitrary))]
      |                                          ^^^^^^^^^
      |                                          |
      |                                          not a member of trait `arbitrary::Arbitrary`
      |                                          help: there is an associated function with a similar name: `size_hint`
      |
      = note: this error originates in the derive macro `Arbitrary` (in Nightly builds, run with -Z macro-backtrace for more info)

error[E0433]: failed to resolve: could not find `details` in `arbitrary`
     --> C:\Users\Devyani\.cargo\registry\src\index.crates.io-1949cf8c6b5b557f\stellar-xdr-20.1.0\src\curr\generated.rs:30229:42
      |
30229 | #[cfg_attr(feature = "arbitrary", derive(Arbitrary))]
      |                                          ^^^^^^^^^ could not find `details` in `arbitrary`
      |
      = note: this error originates in the derive macro `Arbitrary` (in Nightly builds, run with -Z macro-backtrace for more info)

error[E0407]: method `try_size_hint` is not a member of trait `arbitrary::Arbitrary`
     --> C:\Users\Devyani\.cargo\registry\src\index.crates.io-1949cf8c6b5b557f\stellar-xdr-20.1.0\src\curr\generated.rs:30229:42
      |
30229 | #[cfg_attr(feature = "arbitrary", derive(Arbitrary))]
      |                                          ^^^^^^^^^
      |                                          |
      |                                          not a member of trait `arbitrary::Arbitrary`
      |                                          help: there is an associated function with a similar name: `size_hint`
      |
      = note: this error originates in the derive macro `Arbitrary` (in Nightly builds, run with -Z macro-backtrace for more info)

error[E0433]: failed to resolve: could not find `details` in `arbitrary`
     --> C:\Users\Devyani\.cargo\registry\src\index.crates.io-1949cf8c6b5b557f\stellar-xdr-20.1.0\src\curr\generated.rs:30293:42
      |
30293 | #[cfg_attr(feature = "arbitrary", derive(Arbitrary))]
      |                                          ^^^^^^^^^ could not find `details` in `arbitrary`
      |
      = note: this error originates in the derive macro `Arbitrary` (in Nightly builds, run with -Z macro-backtrace for more info)

error[E0407]: method `try_size_hint` is not a member of trait `arbitrary::Arbitrary`
     --> C:\Users\Devyani\.cargo\registry\src\index.crates.io-1949cf8c6b5b557f\stellar-xdr-20.1.0\src\curr\generated.rs:30293:42
      |
30293 | #[cfg_attr(feature = "arbitrary", derive(Arbitrary))]
      |                                          ^^^^^^^^^
      |                                          |
      |                                          not a member of trait `arbitrary::Arbitrary`
      |                                          help: there is an associated function with a similar name: `size_hint`
      |
      = note: this error originates in the derive macro `Arbitrary` (in Nightly builds, run with -Z macro-backtrace for more info)

error[E0433]: failed to resolve: could not find `details` in `arbitrary`
     --> C:\Users\Devyani\.cargo\registry\src\index.crates.io-1949cf8c6b5b557f\stellar-xdr-20.1.0\src\curr\generated.rs:30352:42
      |
30352 | #[cfg_attr(feature = "arbitrary", derive(Arbitrary))]
      |                                          ^^^^^^^^^ could not find `details` in `arbitrary`
      |
      = note: this error originates in the derive macro `Arbitrary` (in Nightly builds, run with -Z macro-backtrace for more info)

error[E0407]: method `try_size_hint` is not a member of trait `arbitrary::Arbitrary`
     --> C:\Users\Devyani\.cargo\registry\src\index.crates.io-1949cf8c6b5b557f\stellar-xdr-20.1.0\src\curr\generated.rs:30352:42
      |
30352 | #[cfg_attr(feature = "arbitrary", derive(Arbitrary))]
      |                                          ^^^^^^^^^
      |                                          |
      |                                          not a member of trait `arbitrary::Arbitrary`
      |                                          help: there is an associated function with a similar name: `size_hint`
      |
      = note: this error originates in the derive macro `Arbitrary` (in Nightly builds, run with -Z macro-backtrace for more info)

error[E0433]: failed to resolve: could not find `details` in `arbitrary`
     --> C:\Users\Devyani\.cargo\registry\src\index.crates.io-1949cf8c6b5b557f\stellar-xdr-20.1.0\src\curr\generated.rs:31266:42
      |
31266 | #[cfg_attr(feature = "arbitrary", derive(Arbitrary))]
      |                                          ^^^^^^^^^ could not find `details` in `arbitrary`
      |
      = note: this error originates in the derive macro `Arbitrary` (in Nightly builds, run with -Z macro-backtrace for more info)

error[E0407]: method `try_size_hint` is not a member of trait `arbitrary::Arbitrary`
     --> C:\Users\Devyani\.cargo\registry\src\index.crates.io-1949cf8c6b5b557f\stellar-xdr-20.1.0\src\curr\generated.rs:31266:42
      |
31266 | #[cfg_attr(feature = "arbitrary", derive(Arbitrary))]
      |                                          ^^^^^^^^^
      |                                          |
      |                                          not a member of trait `arbitrary::Arbitrary`
      |                                          help: there is an associated function with a similar name: `size_hint`
      |
      = note: this error originates in the derive macro `Arbitrary` (in Nightly builds, run with -Z macro-backtrace for more info)

error[E0433]: failed to resolve: could not find `details` in `arbitrary`
     --> C:\Users\Devyani\.cargo\registry\src\index.crates.io-1949cf8c6b5b557f\stellar-xdr-20.1.0\src\curr\generated.rs:31314:42
      |
31314 | #[cfg_attr(feature = "arbitrary", derive(Arbitrary))]
      |                                          ^^^^^^^^^ could not find `details` in `arbitrary`
      |
      = note: this error originates in the derive macro `Arbitrary` (in Nightly builds, run with -Z macro-backtrace for more info)

error[E0407]: method `try_size_hint` is not a member of trait `arbitrary::Arbitrary`
     --> C:\Users\Devyani\.cargo\registry\src\index.crates.io-1949cf8c6b5b557f\stellar-xdr-20.1.0\src\curr\generated.rs:31314:42
      |
31314 | #[cfg_attr(feature = "arbitrary", derive(Arbitrary))]
      |                                          ^^^^^^^^^
      |                                          |
      |                                          not a member of trait `arbitrary::Arbitrary`
      |                                          help: there is an associated function with a similar name: `size_hint`
      |
      = note: this error originates in the derive macro `Arbitrary` (in Nightly builds, run with -Z macro-backtrace for more info)

error[E0433]: failed to resolve: could not find `details` in `arbitrary`
     --> C:\Users\Devyani\.cargo\registry\src\index.crates.io-1949cf8c6b5b557f\stellar-xdr-20.1.0\src\curr\generated.rs:31380:42
      |
31380 | #[cfg_attr(feature = "arbitrary", derive(Arbitrary))]
      |                                          ^^^^^^^^^ could not find `details` in `arbitrary`
      |
      = note: this error originates in the derive macro `Arbitrary` (in Nightly builds, run with -Z macro-backtrace for more info)

error[E0407]: method `try_size_hint` is not a member of trait `arbitrary::Arbitrary`
     --> C:\Users\Devyani\.cargo\registry\src\index.crates.io-1949cf8c6b5b557f\stellar-xdr-20.1.0\src\curr\generated.rs:31380:42
      |
31380 | #[cfg_attr(feature = "arbitrary", derive(Arbitrary))]
      |                                          ^^^^^^^^^
      |                                          |
      |                                          not a member of trait `arbitrary::Arbitrary`
      |                                          help: there is an associated function with a similar name: `size_hint`
      |
      = note: this error originates in the derive macro `Arbitrary` (in Nightly builds, run with -Z macro-backtrace for more info)

error[E0433]: failed to resolve: could not find `details` in `arbitrary`
     --> C:\Users\Devyani\.cargo\registry\src\index.crates.io-1949cf8c6b5b557f\stellar-xdr-20.1.0\src\curr\generated.rs:31758:42
      |
31758 | #[cfg_attr(feature = "arbitrary", derive(Arbitrary))]
      |                                          ^^^^^^^^^ could not find `details` in `arbitrary`
      |
      = note: this error originates in the derive macro `Arbitrary` (in Nightly builds, run with -Z macro-backtrace for more info)

error[E0407]: method `try_size_hint` is not a member of trait `arbitrary::Arbitrary`
     --> C:\Users\Devyani\.cargo\registry\src\index.crates.io-1949cf8c6b5b557f\stellar-xdr-20.1.0\src\curr\generated.rs:31758:42
      |
31758 | #[cfg_attr(feature = "arbitrary", derive(Arbitrary))]
      |                                          ^^^^^^^^^
      |                                          |
      |                                          not a member of trait `arbitrary::Arbitrary`
      |                                          help: there is an associated function with a similar name: `size_hint`
      |
      = note: this error originates in the derive macro `Arbitrary` (in Nightly builds, run with -Z macro-backtrace for more info)

error[E0433]: failed to resolve: could not find `details` in `arbitrary`
     --> C:\Users\Devyani\.cargo\registry\src\index.crates.io-1949cf8c6b5b557f\stellar-xdr-20.1.0\src\curr\generated.rs:31823:42
      |
31823 | #[cfg_attr(feature = "arbitrary", derive(Arbitrary))]
      |                                          ^^^^^^^^^ could not find `details` in `arbitrary`
      |
      = note: this error originates in the derive macro `Arbitrary` (in Nightly builds, run with -Z macro-backtrace for more info)

error[E0407]: method `try_size_hint` is not a member of trait `arbitrary::Arbitrary`
     --> C:\Users\Devyani\.cargo\registry\src\index.crates.io-1949cf8c6b5b557f\stellar-xdr-20.1.0\src\curr\generated.rs:31823:42
      |
31823 | #[cfg_attr(feature = "arbitrary", derive(Arbitrary))]
      |                                          ^^^^^^^^^
      |                                          |
      |                                          not a member of trait `arbitrary::Arbitrary`
      |                                          help: there is an associated function with a similar name: `size_hint`
      |
      = note: this error originates in the derive macro `Arbitrary` (in Nightly builds, run with -Z macro-backtrace for more info)

error[E0433]: failed to resolve: could not find `details` in `arbitrary`
     --> C:\Users\Devyani\.cargo\registry\src\index.crates.io-1949cf8c6b5b557f\stellar-xdr-20.1.0\src\curr\generated.rs:32317:42
      |
32317 | #[cfg_attr(feature = "arbitrary", derive(Arbitrary))]
      |                                          ^^^^^^^^^ could not find `details` in `arbitrary`
      |
      = note: this error originates in the derive macro `Arbitrary` (in Nightly builds, run with -Z macro-backtrace for more info)

error[E0407]: method `try_size_hint` is not a member of trait `arbitrary::Arbitrary`
     --> C:\Users\Devyani\.cargo\registry\src\index.crates.io-1949cf8c6b5b557f\stellar-xdr-20.1.0\src\curr\generated.rs:32317:42
      |
32317 | #[cfg_attr(feature = "arbitrary", derive(Arbitrary))]
      |                                          ^^^^^^^^^
      |                                          |
      |                                          not a member of trait `arbitrary::Arbitrary`
      |                                          help: there is an associated function with a similar name: `size_hint`
      |
      = note: this error originates in the derive macro `Arbitrary` (in Nightly builds, run with -Z macro-backtrace for more info)

error[E0433]: failed to resolve: could not find `details` in `arbitrary`
     --> C:\Users\Devyani\.cargo\registry\src\index.crates.io-1949cf8c6b5b557f\stellar-xdr-20.1.0\src\curr\generated.rs:32440:42
      |
32440 | #[cfg_attr(feature = "arbitrary", derive(Arbitrary))]
      |                                          ^^^^^^^^^ could not find `details` in `arbitrary`
      |
      = note: this error originates in the derive macro `Arbitrary` (in Nightly builds, run with -Z macro-backtrace for more info)

error[E0407]: method `try_size_hint` is not a member of trait `arbitrary::Arbitrary`
     --> C:\Users\Devyani\.cargo\registry\src\index.crates.io-1949cf8c6b5b557f\stellar-xdr-20.1.0\src\curr\generated.rs:32440:42
      |
32440 | #[cfg_attr(feature = "arbitrary", derive(Arbitrary))]
      |                                          ^^^^^^^^^
      |                                          |
      |                                          not a member of trait `arbitrary::Arbitrary`
      |                                          help: there is an associated function with a similar name: `size_hint`
      |
      = note: this error originates in the derive macro `Arbitrary` (in Nightly builds, run with -Z macro-backtrace for more info)

error[E0433]: failed to resolve: could not find `details` in `arbitrary`
     --> C:\Users\Devyani\.cargo\registry\src\index.crates.io-1949cf8c6b5b557f\stellar-xdr-20.1.0\src\curr\generated.rs:32499:42
      |
32499 | #[cfg_attr(feature = "arbitrary", derive(Arbitrary))]
      |                                          ^^^^^^^^^ could not find `details` in `arbitrary`
      |
      = note: this error originates in the derive macro `Arbitrary` (in Nightly builds, run with -Z macro-backtrace for more info)

error[E0407]: method `try_size_hint` is not a member of trait `arbitrary::Arbitrary`
     --> C:\Users\Devyani\.cargo\registry\src\index.crates.io-1949cf8c6b5b557f\stellar-xdr-20.1.0\src\curr\generated.rs:32499:42
      |
32499 | #[cfg_attr(feature = "arbitrary", derive(Arbitrary))]
      |                                          ^^^^^^^^^
      |                                          |
      |                                          not a member of trait `arbitrary::Arbitrary`
      |                                          help: there is an associated function with a similar name: `size_hint`
      |
      = note: this error originates in the derive macro `Arbitrary` (in Nightly builds, run with -Z macro-backtrace for more info)

error[E0433]: failed to resolve: could not find `details` in `arbitrary`
     --> C:\Users\Devyani\.cargo\registry\src\index.crates.io-1949cf8c6b5b557f\stellar-xdr-20.1.0\src\curr\generated.rs:32887:42
      |
32887 | #[cfg_attr(feature = "arbitrary", derive(Arbitrary))]
      |                                          ^^^^^^^^^ could not find `details` in `arbitrary`
      |
      = note: this error originates in the derive macro `Arbitrary` (in Nightly builds, run with -Z macro-backtrace for more info)

error[E0407]: method `try_size_hint` is not a member of trait `arbitrary::Arbitrary`
     --> C:\Users\Devyani\.cargo\registry\src\index.crates.io-1949cf8c6b5b557f\stellar-xdr-20.1.0\src\curr\generated.rs:32887:42
      |
32887 | #[cfg_attr(feature = "arbitrary", derive(Arbitrary))]
      |                                          ^^^^^^^^^
      |                                          |
      |                                          not a member of trait `arbitrary::Arbitrary`
      |                                          help: there is an associated function with a similar name: `size_hint`
      |
      = note: this error originates in the derive macro `Arbitrary` (in Nightly builds, run with -Z macro-backtrace for more info)

error[E0433]: failed to resolve: could not find `details` in `arbitrary`
     --> C:\Users\Devyani\.cargo\registry\src\index.crates.io-1949cf8c6b5b557f\stellar-xdr-20.1.0\src\curr\generated.rs:34216:42
      |
34216 | #[cfg_attr(feature = "arbitrary", derive(Arbitrary))]
      |                                          ^^^^^^^^^ could not find `details` in `arbitrary`
      |
      = note: this error originates in the derive macro `Arbitrary` (in Nightly builds, run with -Z macro-backtrace for more info)

error[E0407]: method `try_size_hint` is not a member of trait `arbitrary::Arbitrary`
     --> C:\Users\Devyani\.cargo\registry\src\index.crates.io-1949cf8c6b5b557f\stellar-xdr-20.1.0\src\curr\generated.rs:34216:42
      |
34216 | #[cfg_attr(feature = "arbitrary", derive(Arbitrary))]
      |                                          ^^^^^^^^^
      |                                          |
      |                                          not a member of trait `arbitrary::Arbitrary`
      |                                          help: there is an associated function with a similar name: `size_hint`
      |
      = note: this error originates in the derive macro `Arbitrary` (in Nightly builds, run with -Z macro-backtrace for more info)

error[E0433]: failed to resolve: could not find `details` in `arbitrary`
     --> C:\Users\Devyani\.cargo\registry\src\index.crates.io-1949cf8c6b5b557f\stellar-xdr-20.1.0\src\curr\generated.rs:34476:42
      |
34476 | #[cfg_attr(feature = "arbitrary", derive(Arbitrary))]
      |                                          ^^^^^^^^^ could not find `details` in `arbitrary`
      |
      = note: this error originates in the derive macro `Arbitrary` (in Nightly builds, run with -Z macro-backtrace for more info)

error[E0407]: method `try_size_hint` is not a member of trait `arbitrary::Arbitrary`
     --> C:\Users\Devyani\.cargo\registry\src\index.crates.io-1949cf8c6b5b557f\stellar-xdr-20.1.0\src\curr\generated.rs:34476:42
      |
34476 | #[cfg_attr(feature = "arbitrary", derive(Arbitrary))]
      |                                          ^^^^^^^^^
      |                                          |
      |                                          not a member of trait `arbitrary::Arbitrary`
      |                                          help: there is an associated function with a similar name: `size_hint`
      |
      = note: this error originates in the derive macro `Arbitrary` (in Nightly builds, run with -Z macro-backtrace for more info)

error[E0433]: failed to resolve: could not find `details` in `arbitrary`
     --> C:\Users\Devyani\.cargo\registry\src\index.crates.io-1949cf8c6b5b557f\stellar-xdr-20.1.0\src\curr\generated.rs:34524:42
      |
34524 | #[cfg_attr(feature = "arbitrary", derive(Arbitrary))]
      |                                          ^^^^^^^^^ could not find `details` in `arbitrary`
      |
      = note: this error originates in the derive macro `Arbitrary` (in Nightly builds, run with -Z macro-backtrace for more info)

error[E0407]: method `try_size_hint` is not a member of trait `arbitrary::Arbitrary`
     --> C:\Users\Devyani\.cargo\registry\src\index.crates.io-1949cf8c6b5b557f\stellar-xdr-20.1.0\src\curr\generated.rs:34524:42
      |
34524 | #[cfg_attr(feature = "arbitrary", derive(Arbitrary))]
      |                                          ^^^^^^^^^
      |                                          |
      |                                          not a member of trait `arbitrary::Arbitrary`
      |                                          help: there is an associated function with a similar name: `size_hint`
      |
      = note: this error originates in the derive macro `Arbitrary` (in Nightly builds, run with -Z macro-backtrace for more info)

error[E0433]: failed to resolve: could not find `details` in `arbitrary`
     --> C:\Users\Devyani\.cargo\registry\src\index.crates.io-1949cf8c6b5b557f\stellar-xdr-20.1.0\src\curr\generated.rs:35264:42
      |
35264 | #[cfg_attr(feature = "arbitrary", derive(Arbitrary))]
      |                                          ^^^^^^^^^ could not find `details` in `arbitrary`
      |
      = note: this error originates in the derive macro `Arbitrary` (in Nightly builds, run with -Z macro-backtrace for more info)

error[E0407]: method `try_size_hint` is not a member of trait `arbitrary::Arbitrary`
     --> C:\Users\Devyani\.cargo\registry\src\index.crates.io-1949cf8c6b5b557f\stellar-xdr-20.1.0\src\curr\generated.rs:35264:42
      |
35264 | #[cfg_attr(feature = "arbitrary", derive(Arbitrary))]
      |                                          ^^^^^^^^^
      |                                          |
      |                                          not a member of trait `arbitrary::Arbitrary`
      |                                          help: there is an associated function with a similar name: `size_hint`
      |
      = note: this error originates in the derive macro `Arbitrary` (in Nightly builds, run with -Z macro-backtrace for more info)

error[E0433]: failed to resolve: could not find `details` in `arbitrary`
     --> C:\Users\Devyani\.cargo\registry\src\index.crates.io-1949cf8c6b5b557f\stellar-xdr-20.1.0\src\curr\generated.rs:37993:42
      |
37993 | #[cfg_attr(feature = "arbitrary", derive(Arbitrary))]
      |                                          ^^^^^^^^^ could not find `details` in `arbitrary`
      |
      = note: this error originates in the derive macro `Arbitrary` (in Nightly builds, run with -Z macro-backtrace for more info)

error[E0407]: method `try_size_hint` is not a member of trait `arbitrary::Arbitrary`
     --> C:\Users\Devyani\.cargo\registry\src\index.crates.io-1949cf8c6b5b557f\stellar-xdr-20.1.0\src\curr\generated.rs:37993:42
      |
37993 | #[cfg_attr(feature = "arbitrary", derive(Arbitrary))]
      |                                          ^^^^^^^^^
      |                                          |
      |                                          not a member of trait `arbitrary::Arbitrary`
      |                                          help: there is an associated function with a similar name: `size_hint`
      |
      = note: this error originates in the derive macro `Arbitrary` (in Nightly builds, run with -Z macro-backtrace for more info)

error[E0433]: failed to resolve: could not find `details` in `arbitrary`
     --> C:\Users\Devyani\.cargo\registry\src\index.crates.io-1949cf8c6b5b557f\stellar-xdr-20.1.0\src\curr\generated.rs:38851:42
      |
38851 | #[cfg_attr(feature = "arbitrary", derive(Arbitrary))]
      |                                          ^^^^^^^^^ could not find `details` in `arbitrary`
      |
      = note: this error originates in the derive macro `Arbitrary` (in Nightly builds, run with -Z macro-backtrace for more info)

error[E0407]: method `try_size_hint` is not a member of trait `arbitrary::Arbitrary`
     --> C:\Users\Devyani\.cargo\registry\src\index.crates.io-1949cf8c6b5b557f\stellar-xdr-20.1.0\src\curr\generated.rs:38851:42
      |
38851 | #[cfg_attr(feature = "arbitrary", derive(Arbitrary))]
      |                                          ^^^^^^^^^
      |                                          |
      |                                          not a member of trait `arbitrary::Arbitrary`
      |                                          help: there is an associated function with a similar name: `size_hint`
      |
      = note: this error originates in the derive macro `Arbitrary` (in Nightly builds, run with -Z macro-backtrace for more info)

error[E0433]: failed to resolve: could not find `details` in `arbitrary`
     --> C:\Users\Devyani\.cargo\registry\src\index.crates.io-1949cf8c6b5b557f\stellar-xdr-20.1.0\src\curr\generated.rs:39239:42
      |
39239 | #[cfg_attr(feature = "arbitrary", derive(Arbitrary))]
      |                                          ^^^^^^^^^ could not find `details` in `arbitrary`
      |
      = note: this error originates in the derive macro `Arbitrary` (in Nightly builds, run with -Z macro-backtrace for more info)

error[E0407]: method `try_size_hint` is not a member of trait `arbitrary::Arbitrary`
     --> C:\Users\Devyani\.cargo\registry\src\index.crates.io-1949cf8c6b5b557f\stellar-xdr-20.1.0\src\curr\generated.rs:39239:42
      |
39239 | #[cfg_attr(feature = "arbitrary", derive(Arbitrary))]
      |                                          ^^^^^^^^^
      |                                          |
      |                                          not a member of trait `arbitrary::Arbitrary`
      |                                          help: there is an associated function with a similar name: `size_hint`
      |
      = note: this error originates in the derive macro `Arbitrary` (in Nightly builds, run with -Z macro-backtrace for more info)

error[E0433]: failed to resolve: could not find `details` in `arbitrary`
     --> C:\Users\Devyani\.cargo\registry\src\index.crates.io-1949cf8c6b5b557f\stellar-xdr-20.1.0\src\curr\generated.rs:39621:42
      |
39621 | #[cfg_attr(feature = "arbitrary", derive(Arbitrary))]
      |                                          ^^^^^^^^^ could not find `details` in `arbitrary`
      |
      = note: this error originates in the derive macro `Arbitrary` (in Nightly builds, run with -Z macro-backtrace for more info)

error[E0407]: method `try_size_hint` is not a member of trait `arbitrary::Arbitrary`
     --> C:\Users\Devyani\.cargo\registry\src\index.crates.io-1949cf8c6b5b557f\stellar-xdr-20.1.0\src\curr\generated.rs:39621:42
      |
39621 | #[cfg_attr(feature = "arbitrary", derive(Arbitrary))]
      |                                          ^^^^^^^^^
      |                                          |
      |                                          not a member of trait `arbitrary::Arbitrary`
      |                                          help: there is an associated function with a similar name: `size_hint`
      |
      = note: this error originates in the derive macro `Arbitrary` (in Nightly builds, run with -Z macro-backtrace for more info)

error[E0433]: failed to resolve: could not find `details` in `arbitrary`
     --> C:\Users\Devyani\.cargo\registry\src\index.crates.io-1949cf8c6b5b557f\stellar-xdr-20.1.0\src\curr\generated.rs:39974:42
      |
39974 | #[cfg_attr(feature = "arbitrary", derive(Arbitrary))]
      |                                          ^^^^^^^^^ could not find `details` in `arbitrary`
      |
      = note: this error originates in the derive macro `Arbitrary` (in Nightly builds, run with -Z macro-backtrace for more info)

error[E0407]: method `try_size_hint` is not a member of trait `arbitrary::Arbitrary`
     --> C:\Users\Devyani\.cargo\registry\src\index.crates.io-1949cf8c6b5b557f\stellar-xdr-20.1.0\src\curr\generated.rs:39974:42
      |
39974 | #[cfg_attr(feature = "arbitrary", derive(Arbitrary))]
      |                                          ^^^^^^^^^
      |                                          |
      |                                          not a member of trait `arbitrary::Arbitrary`
      |                                          help: there is an associated function with a similar name: `size_hint`
      |
      = note: this error originates in the derive macro `Arbitrary` (in Nightly builds, run with -Z macro-backtrace for more info)

error[E0433]: failed to resolve: could not find `details` in `arbitrary`
     --> C:\Users\Devyani\.cargo\registry\src\index.crates.io-1949cf8c6b5b557f\stellar-xdr-20.1.0\src\curr\generated.rs:40022:42
      |
40022 | #[cfg_attr(feature = "arbitrary", derive(Arbitrary))]
      |                                          ^^^^^^^^^ could not find `details` in `arbitrary`
      |
      = note: this error originates in the derive macro `Arbitrary` (in Nightly builds, run with -Z macro-backtrace for more info)

error[E0407]: method `try_size_hint` is not a member of trait `arbitrary::Arbitrary`
     --> C:\Users\Devyani\.cargo\registry\src\index.crates.io-1949cf8c6b5b557f\stellar-xdr-20.1.0\src\curr\generated.rs:40022:42
      |
40022 | #[cfg_attr(feature = "arbitrary", derive(Arbitrary))]
      |                                          ^^^^^^^^^
      |                                          |
      |                                          not a member of trait `arbitrary::Arbitrary`
      |                                          help: there is an associated function with a similar name: `size_hint`
      |
      = note: this error originates in the derive macro `Arbitrary` (in Nightly builds, run with -Z macro-backtrace for more info)

error[E0433]: failed to resolve: could not find `details` in `arbitrary`
     --> C:\Users\Devyani\.cargo\registry\src\index.crates.io-1949cf8c6b5b557f\stellar-xdr-20.1.0\src\curr\generated.rs:40089:42
      |
40089 | #[cfg_attr(feature = "arbitrary", derive(Arbitrary))]
      |                                          ^^^^^^^^^ could not find `details` in `arbitrary`
      |
      = note: this error originates in the derive macro `Arbitrary` (in Nightly builds, run with -Z macro-backtrace for more info)

error[E0407]: method `try_size_hint` is not a member of trait `arbitrary::Arbitrary`
     --> C:\Users\Devyani\.cargo\registry\src\index.crates.io-1949cf8c6b5b557f\stellar-xdr-20.1.0\src\curr\generated.rs:40089:42
      |
40089 | #[cfg_attr(feature = "arbitrary", derive(Arbitrary))]
      |                                          ^^^^^^^^^
      |                                          |
      |                                          not a member of trait `arbitrary::Arbitrary`
      |                                          help: there is an associated function with a similar name: `size_hint`
      |
      = note: this error originates in the derive macro `Arbitrary` (in Nightly builds, run with -Z macro-backtrace for more info)

error[E0433]: failed to resolve: could not find `details` in `arbitrary`
     --> C:\Users\Devyani\.cargo\registry\src\index.crates.io-1949cf8c6b5b557f\stellar-xdr-20.1.0\src\curr\generated.rs:40461:42
      |
40461 | #[cfg_attr(feature = "arbitrary", derive(Arbitrary))]
      |                                          ^^^^^^^^^ could not find `details` in `arbitrary`
      |
      = note: this error originates in the derive macro `Arbitrary` (in Nightly builds, run with -Z macro-backtrace for more info)

error[E0407]: method `try_size_hint` is not a member of trait `arbitrary::Arbitrary`
     --> C:\Users\Devyani\.cargo\registry\src\index.crates.io-1949cf8c6b5b557f\stellar-xdr-20.1.0\src\curr\generated.rs:40461:42
      |
40461 | #[cfg_attr(feature = "arbitrary", derive(Arbitrary))]
      |                                          ^^^^^^^^^
      |                                          |
      |                                          not a member of trait `arbitrary::Arbitrary`
      |                                          help: there is an associated function with a similar name: `size_hint`
      |
      = note: this error originates in the derive macro `Arbitrary` (in Nightly builds, run with -Z macro-backtrace for more info)

error[E0433]: failed to resolve: could not find `details` in `arbitrary`
     --> C:\Users\Devyani\.cargo\registry\src\index.crates.io-1949cf8c6b5b557f\stellar-xdr-20.1.0\src\curr\generated.rs:40505:42
      |
40505 | #[cfg_attr(feature = "arbitrary", derive(Arbitrary))]
      |                                          ^^^^^^^^^ could not find `details` in `arbitrary`
      |
      = note: this error originates in the derive macro `Arbitrary` (in Nightly builds, run with -Z macro-backtrace for more info)

error[E0407]: method `try_size_hint` is not a member of trait `arbitrary::Arbitrary`
     --> C:\Users\Devyani\.cargo\registry\src\index.crates.io-1949cf8c6b5b557f\stellar-xdr-20.1.0\src\curr\generated.rs:40505:42
      |
40505 | #[cfg_attr(feature = "arbitrary", derive(Arbitrary))]
      |                                          ^^^^^^^^^
      |                                          |
      |                                          not a member of trait `arbitrary::Arbitrary`
      |                                          help: there is an associated function with a similar name: `size_hint`
      |
      = note: this error originates in the derive macro `Arbitrary` (in Nightly builds, run with -Z macro-backtrace for more info)

error[E0433]: failed to resolve: could not find `details` in `arbitrary`
     --> C:\Users\Devyani\.cargo\registry\src\index.crates.io-1949cf8c6b5b557f\stellar-xdr-20.1.0\src\curr\generated.rs:40623:42
      |
40623 | #[cfg_attr(feature = "arbitrary", derive(Arbitrary))]
      |                                          ^^^^^^^^^ could not find `details` in `arbitrary`
      |
      = note: this error originates in the derive macro `Arbitrary` (in Nightly builds, run with -Z macro-backtrace for more info)

error[E0407]: method `try_size_hint` is not a member of trait `arbitrary::Arbitrary`
     --> C:\Users\Devyani\.cargo\registry\src\index.crates.io-1949cf8c6b5b557f\stellar-xdr-20.1.0\src\curr\generated.rs:40623:42
      |
40623 | #[cfg_attr(feature = "arbitrary", derive(Arbitrary))]
      |                                          ^^^^^^^^^
      |                                          |
      |                                          not a member of trait `arbitrary::Arbitrary`
      |                                          help: there is an associated function with a similar name: `size_hint`
      |
      = note: this error originates in the derive macro `Arbitrary` (in Nightly builds, run with -Z macro-backtrace for more info)

error[E0433]: failed to resolve: could not find `details` in `arbitrary`
     --> C:\Users\Devyani\.cargo\registry\src\index.crates.io-1949cf8c6b5b557f\stellar-xdr-20.1.0\src\curr\generated.rs:40773:42
      |
40773 | #[cfg_attr(feature = "arbitrary", derive(Arbitrary))]
      |                                          ^^^^^^^^^ could not find `details` in `arbitrary`
      |
      = note: this error originates in the derive macro `Arbitrary` (in Nightly builds, run with -Z macro-backtrace for more info)

error[E0407]: method `try_size_hint` is not a member of trait `arbitrary::Arbitrary`
     --> C:\Users\Devyani\.cargo\registry\src\index.crates.io-1949cf8c6b5b557f\stellar-xdr-20.1.0\src\curr\generated.rs:40773:42
      |
40773 | #[cfg_attr(feature = "arbitrary", derive(Arbitrary))]
      |                                          ^^^^^^^^^
      |                                          |
      |                                          not a member of trait `arbitrary::Arbitrary`
      |                                          help: there is an associated function with a similar name: `size_hint`
      |
      = note: this error originates in the derive macro `Arbitrary` (in Nightly builds, run with -Z macro-backtrace for more info)

error[E0433]: failed to resolve: could not find `details` in `arbitrary`
     --> C:\Users\Devyani\.cargo\registry\src\index.crates.io-1949cf8c6b5b557f\stellar-xdr-20.1.0\src\curr\generated.rs:40828:42
      |
40828 | #[cfg_attr(feature = "arbitrary", derive(Arbitrary))]
      |                                          ^^^^^^^^^ could not find `details` in `arbitrary`
      |
      = note: this error originates in the derive macro `Arbitrary` (in Nightly builds, run with -Z macro-backtrace for more info)

error[E0407]: method `try_size_hint` is not a member of trait `arbitrary::Arbitrary`
     --> C:\Users\Devyani\.cargo\registry\src\index.crates.io-1949cf8c6b5b557f\stellar-xdr-20.1.0\src\curr\generated.rs:40828:42
      |
40828 | #[cfg_attr(feature = "arbitrary", derive(Arbitrary))]
      |                                          ^^^^^^^^^
      |                                          |
      |                                          not a member of trait `arbitrary::Arbitrary`
      |                                          help: there is an associated function with a similar name: `size_hint`
      |
      = note: this error originates in the derive macro `Arbitrary` (in Nightly builds, run with -Z macro-backtrace for more info)

error[E0433]: failed to resolve: could not find `details` in `arbitrary`
     --> C:\Users\Devyani\.cargo\registry\src\index.crates.io-1949cf8c6b5b557f\stellar-xdr-20.1.0\src\curr\generated.rs:41339:42
      |
41339 | #[cfg_attr(feature = "arbitrary", derive(Arbitrary))]
      |                                          ^^^^^^^^^ could not find `details` in `arbitrary`
      |
      = note: this error originates in the derive macro `Arbitrary` (in Nightly builds, run with -Z macro-backtrace for more info)

error[E0407]: method `try_size_hint` is not a member of trait `arbitrary::Arbitrary`
     --> C:\Users\Devyani\.cargo\registry\src\index.crates.io-1949cf8c6b5b557f\stellar-xdr-20.1.0\src\curr\generated.rs:41339:42
      |
41339 | #[cfg_attr(feature = "arbitrary", derive(Arbitrary))]
      |                                          ^^^^^^^^^
      |                                          |
      |                                          not a member of trait `arbitrary::Arbitrary`
      |                                          help: there is an associated function with a similar name: `size_hint`
      |
      = note: this error originates in the derive macro `Arbitrary` (in Nightly builds, run with -Z macro-backtrace for more info)

error[E0433]: failed to resolve: could not find `details` in `arbitrary`
     --> C:\Users\Devyani\.cargo\registry\src\index.crates.io-1949cf8c6b5b557f\stellar-xdr-20.1.0\src\curr\generated.rs:41441:42
      |
41441 | #[cfg_attr(feature = "arbitrary", derive(Arbitrary))]
      |                                          ^^^^^^^^^ could not find `details` in `arbitrary`
      |
      = note: this error originates in the derive macro `Arbitrary` (in Nightly builds, run with -Z macro-backtrace for more info)

error[E0407]: method `try_size_hint` is not a member of trait `arbitrary::Arbitrary`
     --> C:\Users\Devyani\.cargo\registry\src\index.crates.io-1949cf8c6b5b557f\stellar-xdr-20.1.0\src\curr\generated.rs:41441:42
      |
41441 | #[cfg_attr(feature = "arbitrary", derive(Arbitrary))]
      |                                          ^^^^^^^^^
      |                                          |
      |                                          not a member of trait `arbitrary::Arbitrary`
      |                                          help: there is an associated function with a similar name: `size_hint`
      |
      = note: this error originates in the derive macro `Arbitrary` (in Nightly builds, run with -Z macro-backtrace for more info)

error[E0433]: failed to resolve: could not find `details` in `arbitrary`
     --> C:\Users\Devyani\.cargo\registry\src\index.crates.io-1949cf8c6b5b557f\stellar-xdr-20.1.0\src\curr\generated.rs:41500:42
      |
41500 | #[cfg_attr(feature = "arbitrary", derive(Arbitrary))]
      |                                          ^^^^^^^^^ could not find `details` in `arbitrary`
      |
      = note: this error originates in the derive macro `Arbitrary` (in Nightly builds, run with -Z macro-backtrace for more info)

error[E0407]: method `try_size_hint` is not a member of trait `arbitrary::Arbitrary`
     --> C:\Users\Devyani\.cargo\registry\src\index.crates.io-1949cf8c6b5b557f\stellar-xdr-20.1.0\src\curr\generated.rs:41500:42
      |
41500 | #[cfg_attr(feature = "arbitrary", derive(Arbitrary))]
      |                                          ^^^^^^^^^
      |                                          |
      |                                          not a member of trait `arbitrary::Arbitrary`
      |                                          help: there is an associated function with a similar name: `size_hint`
      |
      = note: this error originates in the derive macro `Arbitrary` (in Nightly builds, run with -Z macro-backtrace for more info)

error[E0433]: failed to resolve: could not find `details` in `arbitrary`
     --> C:\Users\Devyani\.cargo\registry\src\index.crates.io-1949cf8c6b5b557f\stellar-xdr-20.1.0\src\curr\generated.rs:41617:42
      |
41617 | #[cfg_attr(feature = "arbitrary", derive(Arbitrary))]
      |                                          ^^^^^^^^^ could not find `details` in `arbitrary`
      |
      = note: this error originates in the derive macro `Arbitrary` (in Nightly builds, run with -Z macro-backtrace for more info)

error[E0407]: method `try_size_hint` is not a member of trait `arbitrary::Arbitrary`
     --> C:\Users\Devyani\.cargo\registry\src\index.crates.io-1949cf8c6b5b557f\stellar-xdr-20.1.0\src\curr\generated.rs:41617:42
      |
41617 | #[cfg_attr(feature = "arbitrary", derive(Arbitrary))]
      |                                          ^^^^^^^^^
      |                                          |
      |                                          not a member of trait `arbitrary::Arbitrary`
      |                                          help: there is an associated function with a similar name: `size_hint`
      |
      = note: this error originates in the derive macro `Arbitrary` (in Nightly builds, run with -Z macro-backtrace for more info)

error[E0433]: failed to resolve: could not find `details` in `arbitrary`
     --> C:\Users\Devyani\.cargo\registry\src\index.crates.io-1949cf8c6b5b557f\stellar-xdr-20.1.0\src\curr\generated.rs:41722:42
      |
41722 | #[cfg_attr(feature = "arbitrary", derive(Arbitrary))]
      |                                          ^^^^^^^^^ could not find `details` in `arbitrary`
      |
      = note: this error originates in the derive macro `Arbitrary` (in Nightly builds, run with -Z macro-backtrace for more info)

error[E0407]: method `try_size_hint` is not a member of trait `arbitrary::Arbitrary`
     --> C:\Users\Devyani\.cargo\registry\src\index.crates.io-1949cf8c6b5b557f\stellar-xdr-20.1.0\src\curr\generated.rs:41722:42
      |
41722 | #[cfg_attr(feature = "arbitrary", derive(Arbitrary))]
      |                                          ^^^^^^^^^
      |                                          |
      |                                          not a member of trait `arbitrary::Arbitrary`
      |                                          help: there is an associated function with a similar name: `size_hint`
      |
      = note: this error originates in the derive macro `Arbitrary` (in Nightly builds, run with -Z macro-backtrace for more info)

error[E0433]: failed to resolve: could not find `details` in `arbitrary`
     --> C:\Users\Devyani\.cargo\registry\src\index.crates.io-1949cf8c6b5b557f\stellar-xdr-20.1.0\src\curr\generated.rs:41840:42
      |
41840 | #[cfg_attr(feature = "arbitrary", derive(Arbitrary))]
      |                                          ^^^^^^^^^ could not find `details` in `arbitrary`
      |
      = note: this error originates in the derive macro `Arbitrary` (in Nightly builds, run with -Z macro-backtrace for more info)

error[E0407]: method `try_size_hint` is not a member of trait `arbitrary::Arbitrary`
     --> C:\Users\Devyani\.cargo\registry\src\index.crates.io-1949cf8c6b5b557f\stellar-xdr-20.1.0\src\curr\generated.rs:41840:42
      |
41840 | #[cfg_attr(feature = "arbitrary", derive(Arbitrary))]
      |                                          ^^^^^^^^^
      |                                          |
      |                                          not a member of trait `arbitrary::Arbitrary`
      |                                          help: there is an associated function with a similar name: `size_hint`
      |
      = note: this error originates in the derive macro `Arbitrary` (in Nightly builds, run with -Z macro-backtrace for more info)

error[E0433]: failed to resolve: could not find `details` in `arbitrary`
     --> C:\Users\Devyani\.cargo\registry\src\index.crates.io-1949cf8c6b5b557f\stellar-xdr-20.1.0\src\curr\generated.rs:41894:42
      |
41894 | #[cfg_attr(feature = "arbitrary", derive(Arbitrary))]
      |                                          ^^^^^^^^^ could not find `details` in `arbitrary`
      |
      = note: this error originates in the derive macro `Arbitrary` (in Nightly builds, run with -Z macro-backtrace for more info)

error[E0407]: method `try_size_hint` is not a member of trait `arbitrary::Arbitrary`
     --> C:\Users\Devyani\.cargo\registry\src\index.crates.io-1949cf8c6b5b557f\stellar-xdr-20.1.0\src\curr\generated.rs:41894:42
      |
41894 | #[cfg_attr(feature = "arbitrary", derive(Arbitrary))]
      |                                          ^^^^^^^^^
      |                                          |
      |                                          not a member of trait `arbitrary::Arbitrary`
      |                                          help: there is an associated function with a similar name: `size_hint`
      |
      = note: this error originates in the derive macro `Arbitrary` (in Nightly builds, run with -Z macro-backtrace for more info)

error[E0433]: failed to resolve: could not find `details` in `arbitrary`
     --> C:\Users\Devyani\.cargo\registry\src\index.crates.io-1949cf8c6b5b557f\stellar-xdr-20.1.0\src\curr\generated.rs:41951:42
      |
41951 | #[cfg_attr(feature = "arbitrary", derive(Arbitrary))]
      |                                          ^^^^^^^^^ could not find `details` in `arbitrary`
      |
      = note: this error originates in the derive macro `Arbitrary` (in Nightly builds, run with -Z macro-backtrace for more info)

error[E0407]: method `try_size_hint` is not a member of trait `arbitrary::Arbitrary`
     --> C:\Users\Devyani\.cargo\registry\src\index.crates.io-1949cf8c6b5b557f\stellar-xdr-20.1.0\src\curr\generated.rs:41951:42
      |
41951 | #[cfg_attr(feature = "arbitrary", derive(Arbitrary))]
      |                                          ^^^^^^^^^
      |                                          |
      |                                          not a member of trait `arbitrary::Arbitrary`
      |                                          help: there is an associated function with a similar name: `size_hint`
      |
      = note: this error originates in the derive macro `Arbitrary` (in Nightly builds, run with -Z macro-backtrace for more info)

error[E0433]: failed to resolve: could not find `details` in `arbitrary`
     --> C:\Users\Devyani\.cargo\registry\src\index.crates.io-1949cf8c6b5b557f\stellar-xdr-20.1.0\src\curr\generated.rs:41992:42
      |
41992 | #[cfg_attr(feature = "arbitrary", derive(Arbitrary))]
      |                                          ^^^^^^^^^ could not find `details` in `arbitrary`
      |
      = note: this error originates in the derive macro `Arbitrary` (in Nightly builds, run with -Z macro-backtrace for more info)

error[E0407]: method `try_size_hint` is not a member of trait `arbitrary::Arbitrary`
     --> C:\Users\Devyani\.cargo\registry\src\index.crates.io-1949cf8c6b5b557f\stellar-xdr-20.1.0\src\curr\generated.rs:41992:42
      |
41992 | #[cfg_attr(feature = "arbitrary", derive(Arbitrary))]
      |                                          ^^^^^^^^^
      |                                          |
      |                                          not a member of trait `arbitrary::Arbitrary`
      |                                          help: there is an associated function with a similar name: `size_hint`
      |
      = note: this error originates in the derive macro `Arbitrary` (in Nightly builds, run with -Z macro-backtrace for more info)

error[E0433]: failed to resolve: could not find `details` in `arbitrary`
     --> C:\Users\Devyani\.cargo\registry\src\index.crates.io-1949cf8c6b5b557f\stellar-xdr-20.1.0\src\curr\generated.rs:42033:42
      |
42033 | #[cfg_attr(feature = "arbitrary", derive(Arbitrary))]
      |                                          ^^^^^^^^^ could not find `details` in `arbitrary`
      |
      = note: this error originates in the derive macro `Arbitrary` (in Nightly builds, run with -Z macro-backtrace for more info)

error[E0407]: method `try_size_hint` is not a member of trait `arbitrary::Arbitrary`
     --> C:\Users\Devyani\.cargo\registry\src\index.crates.io-1949cf8c6b5b557f\stellar-xdr-20.1.0\src\curr\generated.rs:42033:42
      |
42033 | #[cfg_attr(feature = "arbitrary", derive(Arbitrary))]
      |                                          ^^^^^^^^^
      |                                          |
      |                                          not a member of trait `arbitrary::Arbitrary`
      |                                          help: there is an associated function with a similar name: `size_hint`
      |
      = note: this error originates in the derive macro `Arbitrary` (in Nightly builds, run with -Z macro-backtrace for more info)

error[E0433]: failed to resolve: could not find `details` in `arbitrary`
     --> C:\Users\Devyani\.cargo\registry\src\index.crates.io-1949cf8c6b5b557f\stellar-xdr-20.1.0\src\curr\generated.rs:42074:42
      |
42074 | #[cfg_attr(feature = "arbitrary", derive(Arbitrary))]
      |                                          ^^^^^^^^^ could not find `details` in `arbitrary`
      |
      = note: this error originates in the derive macro `Arbitrary` (in Nightly builds, run with -Z macro-backtrace for more info)

error[E0407]: method `try_size_hint` is not a member of trait `arbitrary::Arbitrary`
     --> C:\Users\Devyani\.cargo\registry\src\index.crates.io-1949cf8c6b5b557f\stellar-xdr-20.1.0\src\curr\generated.rs:42074:42
      |
42074 | #[cfg_attr(feature = "arbitrary", derive(Arbitrary))]
      |                                          ^^^^^^^^^
      |                                          |
      |                                          not a member of trait `arbitrary::Arbitrary`
      |                                          help: there is an associated function with a similar name: `size_hint`
      |
      = note: this error originates in the derive macro `Arbitrary` (in Nightly builds, run with -Z macro-backtrace for more info)

error[E0425]: cannot find type `MaxRecursionReached` in crate `arbitrary`
   --> C:\Users\Devyani\.cargo\registry\src\index.crates.io-1949cf8c6b5b557f\stellar-xdr-20.1.0\src\curr\generated.rs:935:42
    |
935 | #[cfg_attr(feature = "arbitrary", derive(Arbitrary))]
    |                                          ^^^^^^^^^ not found in `arbitrary`
    |
    = note: this error originates in the derive macro `Arbitrary` (in Nightly builds, run with -Z macro-backtrace for more info)

error[E0425]: cannot find function `try_recursion_guard` in module `arbitrary::size_hint`
   --> C:\Users\Devyani\.cargo\registry\src\index.crates.io-1949cf8c6b5b557f\stellar-xdr-20.1.0\src\curr\generated.rs:935:42
    |
935 |   #[cfg_attr(feature = "arbitrary", derive(Arbitrary))]
    |                                            ^^^^^^^^^
    |
   ::: C:\Users\Devyani\.cargo\registry\src\index.crates.io-1949cf8c6b5b557f\arbitrary-1.3.2\src\size_hint.rs:12:1
    |
 12 | / pub fn recursion_guard(
 13 | |     depth: usize,
 14 | |     f: impl FnOnce(usize) -> (usize, Option<usize>),
 15 | | ) -> (usize, Option<usize>) {
    | |___________________________- similarly named function `recursion_guard` defined here
    |
    = note: this error originates in the derive macro `Arbitrary` (in Nightly builds, run with -Z macro-backtrace for more info)

error[E0576]: cannot find method or associated constant `try_size_hint` in trait `arbitrary::Arbitrary`
   --> C:\Users\Devyani\.cargo\registry\src\index.crates.io-1949cf8c6b5b557f\stellar-xdr-20.1.0\src\curr\generated.rs:935:42
    |
935 | #[cfg_attr(feature = "arbitrary", derive(Arbitrary))]
    |                                          ^^^^^^^^^
    |
   ::: C:\Users\Devyani\.cargo\registry\src\index.crates.io-1949cf8c6b5b557f\arbitrary-1.3.2\src\lib.rs:277:5
    |
277 |     fn size_hint(depth: usize) -> (usize, Option<usize>) {
    |     ---------------------------------------------------- similarly named associated function `size_hint` defined here
    |
    = note: this error originates in the derive macro `Arbitrary` (in Nightly builds, run with -Z macro-backtrace for more info)

error[E0425]: cannot find type `MaxRecursionReached` in crate `arbitrary`
    --> C:\Users\Devyani\.cargo\registry\src\index.crates.io-1949cf8c6b5b557f\stellar-xdr-20.1.0\src\curr\generated.rs:1342:42
     |
1342 | #[cfg_attr(feature = "arbitrary", derive(Arbitrary))]
     |                                          ^^^^^^^^^ not found in `arbitrary`
     |
     = note: this error originates in the derive macro `Arbitrary` (in Nightly builds, run with -Z macro-backtrace for more info)

error[E0425]: cannot find function `try_recursion_guard` in module `arbitrary::size_hint`
    --> C:\Users\Devyani\.cargo\registry\src\index.crates.io-1949cf8c6b5b557f\stellar-xdr-20.1.0\src\curr\generated.rs:1342:42
     |
1342 |   #[cfg_attr(feature = "arbitrary", derive(Arbitrary))]
     |                                            ^^^^^^^^^
     |
    ::: C:\Users\Devyani\.cargo\registry\src\index.crates.io-1949cf8c6b5b557f\arbitrary-1.3.2\src\size_hint.rs:12:1
     |
  12 | / pub fn recursion_guard(
  13 | |     depth: usize,
  14 | |     f: impl FnOnce(usize) -> (usize, Option<usize>),
  15 | | ) -> (usize, Option<usize>) {
     | |___________________________- similarly named function `recursion_guard` defined here
     |
     = note: this error originates in the derive macro `Arbitrary` (in Nightly builds, run with -Z macro-backtrace for more info)

error[E0576]: cannot find method or associated constant `try_size_hint` in trait `arbitrary::Arbitrary`
    --> C:\Users\Devyani\.cargo\registry\src\index.crates.io-1949cf8c6b5b557f\stellar-xdr-20.1.0\src\curr\generated.rs:1342:42
     |
1342 | #[cfg_attr(feature = "arbitrary", derive(Arbitrary))]
     |                                          ^^^^^^^^^
     |
    ::: C:\Users\Devyani\.cargo\registry\src\index.crates.io-1949cf8c6b5b557f\arbitrary-1.3.2\src\lib.rs:277:5
     |
 277 |     fn size_hint(depth: usize) -> (usize, Option<usize>) {
     |     ---------------------------------------------------- similarly named associated function `size_hint` defined here
     |
     = note: this error originates in the derive macro `Arbitrary` (in Nightly builds, run with -Z macro-backtrace for more info)

error[E0425]: cannot find type `MaxRecursionReached` in crate `arbitrary`
    --> C:\Users\Devyani\.cargo\registry\src\index.crates.io-1949cf8c6b5b557f\stellar-xdr-20.1.0\src\curr\generated.rs:1723:42
     |
1723 | #[cfg_attr(feature = "arbitrary", derive(Arbitrary))]
     |                                          ^^^^^^^^^ not found in `arbitrary`
     |
     = note: this error originates in the derive macro `Arbitrary` (in Nightly builds, run with -Z macro-backtrace for more info)

error[E0425]: cannot find function `try_recursion_guard` in module `arbitrary::size_hint`
    --> C:\Users\Devyani\.cargo\registry\src\index.crates.io-1949cf8c6b5b557f\stellar-xdr-20.1.0\src\curr\generated.rs:1723:42
     |
1723 |   #[cfg_attr(feature = "arbitrary", derive(Arbitrary))]
     |                                            ^^^^^^^^^
     |
    ::: C:\Users\Devyani\.cargo\registry\src\index.crates.io-1949cf8c6b5b557f\arbitrary-1.3.2\src\size_hint.rs:12:1
     |
  12 | / pub fn recursion_guard(
  13 | |     depth: usize,
  14 | |     f: impl FnOnce(usize) -> (usize, Option<usize>),
  15 | | ) -> (usize, Option<usize>) {
     | |___________________________- similarly named function `recursion_guard` defined here
     |
     = note: this error originates in the derive macro `Arbitrary` (in Nightly builds, run with -Z macro-backtrace for more info)

error[E0576]: cannot find method or associated constant `try_size_hint` in trait `arbitrary::Arbitrary`
    --> C:\Users\Devyani\.cargo\registry\src\index.crates.io-1949cf8c6b5b557f\stellar-xdr-20.1.0\src\curr\generated.rs:1723:42
     |
1723 | #[cfg_attr(feature = "arbitrary", derive(Arbitrary))]
     |                                          ^^^^^^^^^
     |
    ::: C:\Users\Devyani\.cargo\registry\src\index.crates.io-1949cf8c6b5b557f\arbitrary-1.3.2\src\lib.rs:277:5
     |
 277 |     fn size_hint(depth: usize) -> (usize, Option<usize>) {
     |     ---------------------------------------------------- similarly named associated function `size_hint` defined here
     |
     = note: this error originates in the derive macro `Arbitrary` (in Nightly builds, run with -Z macro-backtrace for more info)

error[E0425]: cannot find type `MaxRecursionReached` in crate `arbitrary`
    --> C:\Users\Devyani\.cargo\registry\src\index.crates.io-1949cf8c6b5b557f\stellar-xdr-20.1.0\src\curr\generated.rs:2754:42
     |
2754 | #[cfg_attr(feature = "arbitrary", derive(Arbitrary))]
     |                                          ^^^^^^^^^ not found in `arbitrary`
     |
     = note: this error originates in the derive macro `Arbitrary` (in Nightly builds, run with -Z macro-backtrace for more info)

error[E0425]: cannot find function `try_recursion_guard` in module `arbitrary::size_hint`
    --> C:\Users\Devyani\.cargo\registry\src\index.crates.io-1949cf8c6b5b557f\stellar-xdr-20.1.0\src\curr\generated.rs:2754:42
     |
2754 |   #[cfg_attr(feature = "arbitrary", derive(Arbitrary))]
     |                                            ^^^^^^^^^
     |
    ::: C:\Users\Devyani\.cargo\registry\src\index.crates.io-1949cf8c6b5b557f\arbitrary-1.3.2\src\size_hint.rs:12:1
     |
  12 | / pub fn recursion_guard(
  13 | |     depth: usize,
  14 | |     f: impl FnOnce(usize) -> (usize, Option<usize>),
  15 | | ) -> (usize, Option<usize>) {
     | |___________________________- similarly named function `recursion_guard` defined here
     |
     = note: this error originates in the derive macro `Arbitrary` (in Nightly builds, run with -Z macro-backtrace for more info)

error[E0576]: cannot find method or associated constant `try_size_hint` in trait `arbitrary::Arbitrary`
    --> C:\Users\Devyani\.cargo\registry\src\index.crates.io-1949cf8c6b5b557f\stellar-xdr-20.1.0\src\curr\generated.rs:2754:42
     |
2754 | #[cfg_attr(feature = "arbitrary", derive(Arbitrary))]
     |                                          ^^^^^^^^^
     |
    ::: C:\Users\Devyani\.cargo\registry\src\index.crates.io-1949cf8c6b5b557f\arbitrary-1.3.2\src\lib.rs:277:5
     |
 277 |     fn size_hint(depth: usize) -> (usize, Option<usize>) {
     |     ---------------------------------------------------- similarly named associated function `size_hint` defined here
     |
     = note: this error originates in the derive macro `Arbitrary` (in Nightly builds, run with -Z macro-backtrace for more info)

error[E0425]: cannot find type `MaxRecursionReached` in crate `arbitrary`
    --> C:\Users\Devyani\.cargo\registry\src\index.crates.io-1949cf8c6b5b557f\stellar-xdr-20.1.0\src\curr\generated.rs:2863:42
     |
2863 | #[cfg_attr(feature = "arbitrary", derive(Arbitrary))]
     |                                          ^^^^^^^^^ not found in `arbitrary`
     |
     = note: this error originates in the derive macro `Arbitrary` (in Nightly builds, run with -Z macro-backtrace for more info)

error[E0425]: cannot find function `try_recursion_guard` in module `arbitrary::size_hint`
    --> C:\Users\Devyani\.cargo\registry\src\index.crates.io-1949cf8c6b5b557f\stellar-xdr-20.1.0\src\curr\generated.rs:2863:42
     |
2863 |   #[cfg_attr(feature = "arbitrary", derive(Arbitrary))]
     |                                            ^^^^^^^^^
     |
    ::: C:\Users\Devyani\.cargo\registry\src\index.crates.io-1949cf8c6b5b557f\arbitrary-1.3.2\src\size_hint.rs:12:1
     |
  12 | / pub fn recursion_guard(
  13 | |     depth: usize,
  14 | |     f: impl FnOnce(usize) -> (usize, Option<usize>),
  15 | | ) -> (usize, Option<usize>) {
     | |___________________________- similarly named function `recursion_guard` defined here
     |
     = note: this error originates in the derive macro `Arbitrary` (in Nightly builds, run with -Z macro-backtrace for more info)

error[E0576]: cannot find method or associated constant `try_size_hint` in trait `arbitrary::Arbitrary`
    --> C:\Users\Devyani\.cargo\registry\src\index.crates.io-1949cf8c6b5b557f\stellar-xdr-20.1.0\src\curr\generated.rs:2863:42
     |
2863 | #[cfg_attr(feature = "arbitrary", derive(Arbitrary))]
     |                                          ^^^^^^^^^
     |
    ::: C:\Users\Devyani\.cargo\registry\src\index.crates.io-1949cf8c6b5b557f\arbitrary-1.3.2\src\lib.rs:277:5
     |
 277 |     fn size_hint(depth: usize) -> (usize, Option<usize>) {
     |     ---------------------------------------------------- similarly named associated function `size_hint` defined here
     |
     = note: this error originates in the derive macro `Arbitrary` (in Nightly builds, run with -Z macro-backtrace for more info)

error[E0425]: cannot find type `MaxRecursionReached` in crate `arbitrary`
    --> C:\Users\Devyani\.cargo\registry\src\index.crates.io-1949cf8c6b5b557f\stellar-xdr-20.1.0\src\curr\generated.rs:3027:42
     |
3027 | #[cfg_attr(feature = "arbitrary", derive(Arbitrary))]
     |                                          ^^^^^^^^^ not found in `arbitrary`
     |
     = note: this error originates in the derive macro `Arbitrary` (in Nightly builds, run with -Z macro-backtrace for more info)

error[E0425]: cannot find function `try_recursion_guard` in module `arbitrary::size_hint`
    --> C:\Users\Devyani\.cargo\registry\src\index.crates.io-1949cf8c6b5b557f\stellar-xdr-20.1.0\src\curr\generated.rs:3027:42
     |
3027 |   #[cfg_attr(feature = "arbitrary", derive(Arbitrary))]
     |                                            ^^^^^^^^^
     |
    ::: C:\Users\Devyani\.cargo\registry\src\index.crates.io-1949cf8c6b5b557f\arbitrary-1.3.2\src\size_hint.rs:12:1
     |
  12 | / pub fn recursion_guard(
  13 | |     depth: usize,
  14 | |     f: impl FnOnce(usize) -> (usize, Option<usize>),
  15 | | ) -> (usize, Option<usize>) {
     | |___________________________- similarly named function `recursion_guard` defined here
     |
     = note: this error originates in the derive macro `Arbitrary` (in Nightly builds, run with -Z macro-backtrace for more info)

error[E0576]: cannot find method or associated constant `try_size_hint` in trait `arbitrary::Arbitrary`
    --> C:\Users\Devyani\.cargo\registry\src\index.crates.io-1949cf8c6b5b557f\stellar-xdr-20.1.0\src\curr\generated.rs:3027:42
     |
3027 | #[cfg_attr(feature = "arbitrary", derive(Arbitrary))]
     |                                          ^^^^^^^^^
     |
    ::: C:\Users\Devyani\.cargo\registry\src\index.crates.io-1949cf8c6b5b557f\arbitrary-1.3.2\src\lib.rs:277:5
     |
 277 |     fn size_hint(depth: usize) -> (usize, Option<usize>) {
     |     ---------------------------------------------------- similarly named associated function `size_hint` defined here
     |
     = note: this error originates in the derive macro `Arbitrary` (in Nightly builds, run with -Z macro-backtrace for more info)

error[E0425]: cannot find type `MaxRecursionReached` in crate `arbitrary`
    --> C:\Users\Devyani\.cargo\registry\src\index.crates.io-1949cf8c6b5b557f\stellar-xdr-20.1.0\src\curr\generated.rs:3079:42
     |
3079 | #[cfg_attr(feature = "arbitrary", derive(Arbitrary))]
     |                                          ^^^^^^^^^ not found in `arbitrary`
     |
     = note: this error originates in the derive macro `Arbitrary` (in Nightly builds, run with -Z macro-backtrace for more info)

error[E0425]: cannot find function `try_recursion_guard` in module `arbitrary::size_hint`
    --> C:\Users\Devyani\.cargo\registry\src\index.crates.io-1949cf8c6b5b557f\stellar-xdr-20.1.0\src\curr\generated.rs:3079:42
     |
3079 |   #[cfg_attr(feature = "arbitrary", derive(Arbitrary))]
     |                                            ^^^^^^^^^
     |
    ::: C:\Users\Devyani\.cargo\registry\src\index.crates.io-1949cf8c6b5b557f\arbitrary-1.3.2\src\size_hint.rs:12:1
     |
  12 | / pub fn recursion_guard(
  13 | |     depth: usize,
  14 | |     f: impl FnOnce(usize) -> (usize, Option<usize>),
  15 | | ) -> (usize, Option<usize>) {
     | |___________________________- similarly named function `recursion_guard` defined here
     |
     = note: this error originates in the derive macro `Arbitrary` (in Nightly builds, run with -Z macro-backtrace for more info)

error[E0576]: cannot find method or associated constant `try_size_hint` in trait `arbitrary::Arbitrary`
    --> C:\Users\Devyani\.cargo\registry\src\index.crates.io-1949cf8c6b5b557f\stellar-xdr-20.1.0\src\curr\generated.rs:3079:42
     |
3079 | #[cfg_attr(feature = "arbitrary", derive(Arbitrary))]
     |                                          ^^^^^^^^^
     |
    ::: C:\Users\Devyani\.cargo\registry\src\index.crates.io-1949cf8c6b5b557f\arbitrary-1.3.2\src\lib.rs:277:5
     |
 277 |     fn size_hint(depth: usize) -> (usize, Option<usize>) {
     |     ---------------------------------------------------- similarly named associated function `size_hint` defined here
     |
     = note: this error originates in the derive macro `Arbitrary` (in Nightly builds, run with -Z macro-backtrace for more info)

error[E0425]: cannot find type `MaxRecursionReached` in crate `arbitrary`
    --> C:\Users\Devyani\.cargo\registry\src\index.crates.io-1949cf8c6b5b557f\stellar-xdr-20.1.0\src\curr\generated.rs:3139:42
     |
3139 | #[cfg_attr(feature = "arbitrary", derive(Arbitrary))]
     |                                          ^^^^^^^^^ not found in `arbitrary`
     |
     = note: this error originates in the derive macro `Arbitrary` (in Nightly builds, run with -Z macro-backtrace for more info)

error[E0425]: cannot find function `try_recursion_guard` in module `arbitrary::size_hint`
    --> C:\Users\Devyani\.cargo\registry\src\index.crates.io-1949cf8c6b5b557f\stellar-xdr-20.1.0\src\curr\generated.rs:3139:42
     |
3139 |   #[cfg_attr(feature = "arbitrary", derive(Arbitrary))]
     |                                            ^^^^^^^^^
     |
    ::: C:\Users\Devyani\.cargo\registry\src\index.crates.io-1949cf8c6b5b557f\arbitrary-1.3.2\src\size_hint.rs:12:1
     |
  12 | / pub fn recursion_guard(
  13 | |     depth: usize,
  14 | |     f: impl FnOnce(usize) -> (usize, Option<usize>),
  15 | | ) -> (usize, Option<usize>) {
     | |___________________________- similarly named function `recursion_guard` defined here
     |
     = note: this error originates in the derive macro `Arbitrary` (in Nightly builds, run with -Z macro-backtrace for more info)

error[E0576]: cannot find method or associated constant `try_size_hint` in trait `arbitrary::Arbitrary`
    --> C:\Users\Devyani\.cargo\registry\src\index.crates.io-1949cf8c6b5b557f\stellar-xdr-20.1.0\src\curr\generated.rs:3139:42
     |
3139 | #[cfg_attr(feature = "arbitrary", derive(Arbitrary))]
     |                                          ^^^^^^^^^
     |
    ::: C:\Users\Devyani\.cargo\registry\src\index.crates.io-1949cf8c6b5b557f\arbitrary-1.3.2\src\lib.rs:277:5
     |
 277 |     fn size_hint(depth: usize) -> (usize, Option<usize>) {
     |     ---------------------------------------------------- similarly named associated function `size_hint` defined here
     |
     = note: this error originates in the derive macro `Arbitrary` (in Nightly builds, run with -Z macro-backtrace for more info)

error[E0425]: cannot find type `MaxRecursionReached` in crate `arbitrary`
    --> C:\Users\Devyani\.cargo\registry\src\index.crates.io-1949cf8c6b5b557f\stellar-xdr-20.1.0\src\curr\generated.rs:3194:42
     |
3194 | #[cfg_attr(feature = "arbitrary", derive(Arbitrary))]
     |                                          ^^^^^^^^^ not found in `arbitrary`
     |
     = note: this error originates in the derive macro `Arbitrary` (in Nightly builds, run with -Z macro-backtrace for more info)

error[E0425]: cannot find function `try_recursion_guard` in module `arbitrary::size_hint`
    --> C:\Users\Devyani\.cargo\registry\src\index.crates.io-1949cf8c6b5b557f\stellar-xdr-20.1.0\src\curr\generated.rs:3194:42
     |
3194 |   #[cfg_attr(feature = "arbitrary", derive(Arbitrary))]
     |                                            ^^^^^^^^^
     |
    ::: C:\Users\Devyani\.cargo\registry\src\index.crates.io-1949cf8c6b5b557f\arbitrary-1.3.2\src\size_hint.rs:12:1
     |
  12 | / pub fn recursion_guard(
  13 | |     depth: usize,
  14 | |     f: impl FnOnce(usize) -> (usize, Option<usize>),
  15 | | ) -> (usize, Option<usize>) {
     | |___________________________- similarly named function `recursion_guard` defined here
     |
     = note: this error originates in the derive macro `Arbitrary` (in Nightly builds, run with -Z macro-backtrace for more info)

error[E0576]: cannot find method or associated constant `try_size_hint` in trait `arbitrary::Arbitrary`
    --> C:\Users\Devyani\.cargo\registry\src\index.crates.io-1949cf8c6b5b557f\stellar-xdr-20.1.0\src\curr\generated.rs:3194:42
     |
3194 | #[cfg_attr(feature = "arbitrary", derive(Arbitrary))]
     |                                          ^^^^^^^^^
     |
    ::: C:\Users\Devyani\.cargo\registry\src\index.crates.io-1949cf8c6b5b557f\arbitrary-1.3.2\src\lib.rs:277:5
     |
 277 |     fn size_hint(depth: usize) -> (usize, Option<usize>) {
     |     ---------------------------------------------------- similarly named associated function `size_hint` defined here
     |
     = note: this error originates in the derive macro `Arbitrary` (in Nightly builds, run with -Z macro-backtrace for more info)

error[E0425]: cannot find type `MaxRecursionReached` in crate `arbitrary`
    --> C:\Users\Devyani\.cargo\registry\src\index.crates.io-1949cf8c6b5b557f\stellar-xdr-20.1.0\src\curr\generated.rs:3269:42
     |
3269 | #[cfg_attr(feature = "arbitrary", derive(Arbitrary))]
     |                                          ^^^^^^^^^ not found in `arbitrary`
     |
     = note: this error originates in the derive macro `Arbitrary` (in Nightly builds, run with -Z macro-backtrace for more info)

error[E0425]: cannot find function `try_recursion_guard` in module `arbitrary::size_hint`
    --> C:\Users\Devyani\.cargo\registry\src\index.crates.io-1949cf8c6b5b557f\stellar-xdr-20.1.0\src\curr\generated.rs:3269:42
     |
3269 |   #[cfg_attr(feature = "arbitrary", derive(Arbitrary))]
     |                                            ^^^^^^^^^
     |
    ::: C:\Users\Devyani\.cargo\registry\src\index.crates.io-1949cf8c6b5b557f\arbitrary-1.3.2\src\size_hint.rs:12:1
     |
  12 | / pub fn recursion_guard(
  13 | |     depth: usize,
  14 | |     f: impl FnOnce(usize) -> (usize, Option<usize>),
  15 | | ) -> (usize, Option<usize>) {
     | |___________________________- similarly named function `recursion_guard` defined here
     |
     = note: this error originates in the derive macro `Arbitrary` (in Nightly builds, run with -Z macro-backtrace for more info)

error[E0576]: cannot find method or associated constant `try_size_hint` in trait `arbitrary::Arbitrary`
    --> C:\Users\Devyani\.cargo\registry\src\index.crates.io-1949cf8c6b5b557f\stellar-xdr-20.1.0\src\curr\generated.rs:3269:42
     |
3269 | #[cfg_attr(feature = "arbitrary", derive(Arbitrary))]
     |                                          ^^^^^^^^^
     |
    ::: C:\Users\Devyani\.cargo\registry\src\index.crates.io-1949cf8c6b5b557f\arbitrary-1.3.2\src\lib.rs:277:5
     |
 277 |     fn size_hint(depth: usize) -> (usize, Option<usize>) {
     |     ---------------------------------------------------- similarly named associated function `size_hint` defined here
     |
     = note: this error originates in the derive macro `Arbitrary` (in Nightly builds, run with -Z macro-backtrace for more info)

error[E0425]: cannot find type `MaxRecursionReached` in crate `arbitrary`
    --> C:\Users\Devyani\.cargo\registry\src\index.crates.io-1949cf8c6b5b557f\stellar-xdr-20.1.0\src\curr\generated.rs:3423:42
     |
3423 | #[cfg_attr(feature = "arbitrary", derive(Arbitrary))]
     |                                          ^^^^^^^^^ not found in `arbitrary`
     |
     = note: this error originates in the derive macro `Arbitrary` (in Nightly builds, run with -Z macro-backtrace for more info)

error[E0425]: cannot find function `try_recursion_guard` in module `arbitrary::size_hint`
    --> C:\Users\Devyani\.cargo\registry\src\index.crates.io-1949cf8c6b5b557f\stellar-xdr-20.1.0\src\curr\generated.rs:3423:42
     |
3423 |   #[cfg_attr(feature = "arbitrary", derive(Arbitrary))]
     |                                            ^^^^^^^^^
     |
    ::: C:\Users\Devyani\.cargo\registry\src\index.crates.io-1949cf8c6b5b557f\arbitrary-1.3.2\src\size_hint.rs:12:1
     |
  12 | / pub fn recursion_guard(
  13 | |     depth: usize,
  14 | |     f: impl FnOnce(usize) -> (usize, Option<usize>),
  15 | | ) -> (usize, Option<usize>) {
     | |___________________________- similarly named function `recursion_guard` defined here
     |
     = note: this error originates in the derive macro `Arbitrary` (in Nightly builds, run with -Z macro-backtrace for more info)

error[E0576]: cannot find method or associated constant `try_size_hint` in trait `arbitrary::Arbitrary`
    --> C:\Users\Devyani\.cargo\registry\src\index.crates.io-1949cf8c6b5b557f\stellar-xdr-20.1.0\src\curr\generated.rs:3423:42
     |
3423 | #[cfg_attr(feature = "arbitrary", derive(Arbitrary))]
     |                                          ^^^^^^^^^
     |
    ::: C:\Users\Devyani\.cargo\registry\src\index.crates.io-1949cf8c6b5b557f\arbitrary-1.3.2\src\lib.rs:277:5
     |
 277 |     fn size_hint(depth: usize) -> (usize, Option<usize>) {
     |     ---------------------------------------------------- similarly named associated function `size_hint` defined here
     |
     = note: this error originates in the derive macro `Arbitrary` (in Nightly builds, run with -Z macro-backtrace for more info)

error[E0425]: cannot find type `MaxRecursionReached` in crate `arbitrary`
    --> C:\Users\Devyani\.cargo\registry\src\index.crates.io-1949cf8c6b5b557f\stellar-xdr-20.1.0\src\curr\generated.rs:3471:42
     |
3471 | #[cfg_attr(feature = "arbitrary", derive(Arbitrary))]
     |                                          ^^^^^^^^^ not found in `arbitrary`
     |
     = note: this error originates in the derive macro `Arbitrary` (in Nightly builds, run with -Z macro-backtrace for more info)

error[E0425]: cannot find function `try_recursion_guard` in module `arbitrary::size_hint`
    --> C:\Users\Devyani\.cargo\registry\src\index.crates.io-1949cf8c6b5b557f\stellar-xdr-20.1.0\src\curr\generated.rs:3471:42
     |
3471 |   #[cfg_attr(feature = "arbitrary", derive(Arbitrary))]
     |                                            ^^^^^^^^^
     |
    ::: C:\Users\Devyani\.cargo\registry\src\index.crates.io-1949cf8c6b5b557f\arbitrary-1.3.2\src\size_hint.rs:12:1
     |
  12 | / pub fn recursion_guard(
  13 | |     depth: usize,
  14 | |     f: impl FnOnce(usize) -> (usize, Option<usize>),
  15 | | ) -> (usize, Option<usize>) {
     | |___________________________- similarly named function `recursion_guard` defined here
     |
     = note: this error originates in the derive macro `Arbitrary` (in Nightly builds, run with -Z macro-backtrace for more info)

error[E0576]: cannot find method or associated constant `try_size_hint` in trait `arbitrary::Arbitrary`
    --> C:\Users\Devyani\.cargo\registry\src\index.crates.io-1949cf8c6b5b557f\stellar-xdr-20.1.0\src\curr\generated.rs:3471:42
     |
3471 | #[cfg_attr(feature = "arbitrary", derive(Arbitrary))]
     |                                          ^^^^^^^^^
     |
    ::: C:\Users\Devyani\.cargo\registry\src\index.crates.io-1949cf8c6b5b557f\arbitrary-1.3.2\src\lib.rs:277:5
     |
 277 |     fn size_hint(depth: usize) -> (usize, Option<usize>) {
     |     ---------------------------------------------------- similarly named associated function `size_hint` defined here
     |
     = note: this error originates in the derive macro `Arbitrary` (in Nightly builds, run with -Z macro-backtrace for more info)

error[E0425]: cannot find type `MaxRecursionReached` in crate `arbitrary`
    --> C:\Users\Devyani\.cargo\registry\src\index.crates.io-1949cf8c6b5b557f\stellar-xdr-20.1.0\src\curr\generated.rs:3517:42
     |
3517 | #[cfg_attr(feature = "arbitrary", derive(Arbitrary))]
     |                                          ^^^^^^^^^ not found in `arbitrary`
     |
     = note: this error originates in the derive macro `Arbitrary` (in Nightly builds, run with -Z macro-backtrace for more info)

error[E0425]: cannot find function `try_recursion_guard` in module `arbitrary::size_hint`
    --> C:\Users\Devyani\.cargo\registry\src\index.crates.io-1949cf8c6b5b557f\stellar-xdr-20.1.0\src\curr\generated.rs:3517:42
     |
3517 |   #[cfg_attr(feature = "arbitrary", derive(Arbitrary))]
     |                                            ^^^^^^^^^
     |
    ::: C:\Users\Devyani\.cargo\registry\src\index.crates.io-1949cf8c6b5b557f\arbitrary-1.3.2\src\size_hint.rs:12:1
     |
  12 | / pub fn recursion_guard(
  13 | |     depth: usize,
  14 | |     f: impl FnOnce(usize) -> (usize, Option<usize>),
  15 | | ) -> (usize, Option<usize>) {
     | |___________________________- similarly named function `recursion_guard` defined here
     |
     = note: this error originates in the derive macro `Arbitrary` (in Nightly builds, run with -Z macro-backtrace for more info)

error[E0576]: cannot find method or associated constant `try_size_hint` in trait `arbitrary::Arbitrary`
    --> C:\Users\Devyani\.cargo\registry\src\index.crates.io-1949cf8c6b5b557f\stellar-xdr-20.1.0\src\curr\generated.rs:3517:42
     |
3517 | #[cfg_attr(feature = "arbitrary", derive(Arbitrary))]
     |                                          ^^^^^^^^^
     |
    ::: C:\Users\Devyani\.cargo\registry\src\index.crates.io-1949cf8c6b5b557f\arbitrary-1.3.2\src\lib.rs:277:5
     |
 277 |     fn size_hint(depth: usize) -> (usize, Option<usize>) {
     |     ---------------------------------------------------- similarly named associated function `size_hint` defined here
     |
     = note: this error originates in the derive macro `Arbitrary` (in Nightly builds, run with -Z macro-backtrace for more info)

error[E0425]: cannot find type `MaxRecursionReached` in crate `arbitrary`
    --> C:\Users\Devyani\.cargo\registry\src\index.crates.io-1949cf8c6b5b557f\stellar-xdr-20.1.0\src\curr\generated.rs:3565:42
     |
3565 | #[cfg_attr(feature = "arbitrary", derive(Arbitrary))]
     |                                          ^^^^^^^^^ not found in `arbitrary`
     |
     = note: this error originates in the derive macro `Arbitrary` (in Nightly builds, run with -Z macro-backtrace for more info)

error[E0425]: cannot find function `try_recursion_guard` in module `arbitrary::size_hint`
    --> C:\Users\Devyani\.cargo\registry\src\index.crates.io-1949cf8c6b5b557f\stellar-xdr-20.1.0\src\curr\generated.rs:3565:42
     |
3565 |   #[cfg_attr(feature = "arbitrary", derive(Arbitrary))]
     |                                            ^^^^^^^^^
     |
    ::: C:\Users\Devyani\.cargo\registry\src\index.crates.io-1949cf8c6b5b557f\arbitrary-1.3.2\src\size_hint.rs:12:1
     |
  12 | / pub fn recursion_guard(
  13 | |     depth: usize,
  14 | |     f: impl FnOnce(usize) -> (usize, Option<usize>),
  15 | | ) -> (usize, Option<usize>) {
     | |___________________________- similarly named function `recursion_guard` defined here
     |
     = note: this error originates in the derive macro `Arbitrary` (in Nightly builds, run with -Z macro-backtrace for more info)

error[E0576]: cannot find method or associated constant `try_size_hint` in trait `arbitrary::Arbitrary`
    --> C:\Users\Devyani\.cargo\registry\src\index.crates.io-1949cf8c6b5b557f\stellar-xdr-20.1.0\src\curr\generated.rs:3565:42
     |
3565 | #[cfg_attr(feature = "arbitrary", derive(Arbitrary))]
     |                                          ^^^^^^^^^
     |
    ::: C:\Users\Devyani\.cargo\registry\src\index.crates.io-1949cf8c6b5b557f\arbitrary-1.3.2\src\lib.rs:277:5
     |
 277 |     fn size_hint(depth: usize) -> (usize, Option<usize>) {
     |     ---------------------------------------------------- similarly named associated function `size_hint` defined here
     |
     = note: this error originates in the derive macro `Arbitrary` (in Nightly builds, run with -Z macro-backtrace for more info)

error[E0425]: cannot find type `MaxRecursionReached` in crate `arbitrary`
    --> C:\Users\Devyani\.cargo\registry\src\index.crates.io-1949cf8c6b5b557f\stellar-xdr-20.1.0\src\curr\generated.rs:3615:42
     |
3615 | #[cfg_attr(feature = "arbitrary", derive(Arbitrary))]
     |                                          ^^^^^^^^^ not found in `arbitrary`
     |
     = note: this error originates in the derive macro `Arbitrary` (in Nightly builds, run with -Z macro-backtrace for more info)

error[E0425]: cannot find function `try_recursion_guard` in module `arbitrary::size_hint`
    --> C:\Users\Devyani\.cargo\registry\src\index.crates.io-1949cf8c6b5b557f\stellar-xdr-20.1.0\src\curr\generated.rs:3615:42
     |
3615 |   #[cfg_attr(feature = "arbitrary", derive(Arbitrary))]
     |                                            ^^^^^^^^^
     |
    ::: C:\Users\Devyani\.cargo\registry\src\index.crates.io-1949cf8c6b5b557f\arbitrary-1.3.2\src\size_hint.rs:12:1
     |
  12 | / pub fn recursion_guard(
  13 | |     depth: usize,
  14 | |     f: impl FnOnce(usize) -> (usize, Option<usize>),
  15 | | ) -> (usize, Option<usize>) {
     | |___________________________- similarly named function `recursion_guard` defined here
     |
     = note: this error originates in the derive macro `Arbitrary` (in Nightly builds, run with -Z macro-backtrace for more info)

error[E0576]: cannot find method or associated constant `try_size_hint` in trait `arbitrary::Arbitrary`
    --> C:\Users\Devyani\.cargo\registry\src\index.crates.io-1949cf8c6b5b557f\stellar-xdr-20.1.0\src\curr\generated.rs:3615:42
     |
3615 | #[cfg_attr(feature = "arbitrary", derive(Arbitrary))]
     |                                          ^^^^^^^^^
     |
    ::: C:\Users\Devyani\.cargo\registry\src\index.crates.io-1949cf8c6b5b557f\arbitrary-1.3.2\src\lib.rs:277:5
     |
 277 |     fn size_hint(depth: usize) -> (usize, Option<usize>) {
     |     ---------------------------------------------------- similarly named associated function `size_hint` defined here
     |
     = note: this error originates in the derive macro `Arbitrary` (in Nightly builds, run with -Z macro-backtrace for more info)

error[E0425]: cannot find type `MaxRecursionReached` in crate `arbitrary`
    --> C:\Users\Devyani\.cargo\registry\src\index.crates.io-1949cf8c6b5b557f\stellar-xdr-20.1.0\src\curr\generated.rs:3696:42
     |
3696 | #[cfg_attr(feature = "arbitrary", derive(Arbitrary))]
     |                                          ^^^^^^^^^ not found in `arbitrary`
     |
     = note: this error originates in the derive macro `Arbitrary` (in Nightly builds, run with -Z macro-backtrace for more info)

error[E0425]: cannot find function `try_recursion_guard` in module `arbitrary::size_hint`
    --> C:\Users\Devyani\.cargo\registry\src\index.crates.io-1949cf8c6b5b557f\stellar-xdr-20.1.0\src\curr\generated.rs:3696:42
     |
3696 |   #[cfg_attr(feature = "arbitrary", derive(Arbitrary))]
     |                                            ^^^^^^^^^
     |
    ::: C:\Users\Devyani\.cargo\registry\src\index.crates.io-1949cf8c6b5b557f\arbitrary-1.3.2\src\size_hint.rs:12:1
     |
  12 | / pub fn recursion_guard(
  13 | |     depth: usize,
  14 | |     f: impl FnOnce(usize) -> (usize, Option<usize>),
  15 | | ) -> (usize, Option<usize>) {
     | |___________________________- similarly named function `recursion_guard` defined here
     |
     = note: this error originates in the derive macro `Arbitrary` (in Nightly builds, run with -Z macro-backtrace for more info)

error[E0576]: cannot find method or associated constant `try_size_hint` in trait `arbitrary::Arbitrary`
    --> C:\Users\Devyani\.cargo\registry\src\index.crates.io-1949cf8c6b5b557f\stellar-xdr-20.1.0\src\curr\generated.rs:3696:42
     |
3696 | #[cfg_attr(feature = "arbitrary", derive(Arbitrary))]
     |                                          ^^^^^^^^^
     |
    ::: C:\Users\Devyani\.cargo\registry\src\index.crates.io-1949cf8c6b5b557f\arbitrary-1.3.2\src\lib.rs:277:5
     |
 277 |     fn size_hint(depth: usize) -> (usize, Option<usize>) {
     |     ---------------------------------------------------- similarly named associated function `size_hint` defined here
     |
     = note: this error originates in the derive macro `Arbitrary` (in Nightly builds, run with -Z macro-backtrace for more info)

error[E0425]: cannot find type `MaxRecursionReached` in crate `arbitrary`
    --> C:\Users\Devyani\.cargo\registry\src\index.crates.io-1949cf8c6b5b557f\stellar-xdr-20.1.0\src\curr\generated.rs:3779:42
     |
3779 | #[cfg_attr(feature = "arbitrary", derive(Arbitrary))]
     |                                          ^^^^^^^^^ not found in `arbitrary`
     |
     = note: this error originates in the derive macro `Arbitrary` (in Nightly builds, run with -Z macro-backtrace for more info)

error[E0425]: cannot find function `try_recursion_guard` in module `arbitrary::size_hint`
    --> C:\Users\Devyani\.cargo\registry\src\index.crates.io-1949cf8c6b5b557f\stellar-xdr-20.1.0\src\curr\generated.rs:3779:42
     |
3779 |   #[cfg_attr(feature = "arbitrary", derive(Arbitrary))]
     |                                            ^^^^^^^^^
     |
    ::: C:\Users\Devyani\.cargo\registry\src\index.crates.io-1949cf8c6b5b557f\arbitrary-1.3.2\src\size_hint.rs:12:1
     |
  12 | / pub fn recursion_guard(
  13 | |     depth: usize,
  14 | |     f: impl FnOnce(usize) -> (usize, Option<usize>),
  15 | | ) -> (usize, Option<usize>) {
     | |___________________________- similarly named function `recursion_guard` defined here
     |
     = note: this error originates in the derive macro `Arbitrary` (in Nightly builds, run with -Z macro-backtrace for more info)

error[E0576]: cannot find method or associated constant `try_size_hint` in trait `arbitrary::Arbitrary`
    --> C:\Users\Devyani\.cargo\registry\src\index.crates.io-1949cf8c6b5b557f\stellar-xdr-20.1.0\src\curr\generated.rs:3779:42
     |
3779 | #[cfg_attr(feature = "arbitrary", derive(Arbitrary))]
     |                                          ^^^^^^^^^
     |
    ::: C:\Users\Devyani\.cargo\registry\src\index.crates.io-1949cf8c6b5b557f\arbitrary-1.3.2\src\lib.rs:277:5
     |
 277 |     fn size_hint(depth: usize) -> (usize, Option<usize>) {
     |     ---------------------------------------------------- similarly named associated function `size_hint` defined here
     |
     = note: this error originates in the derive macro `Arbitrary` (in Nightly builds, run with -Z macro-backtrace for more info)

error[E0425]: cannot find type `MaxRecursionReached` in crate `arbitrary`
    --> C:\Users\Devyani\.cargo\registry\src\index.crates.io-1949cf8c6b5b557f\stellar-xdr-20.1.0\src\curr\generated.rs:3823:42
     |
3823 | #[cfg_attr(feature = "arbitrary", derive(Arbitrary))]
     |                                          ^^^^^^^^^ not found in `arbitrary`
     |
     = note: this error originates in the derive macro `Arbitrary` (in Nightly builds, run with -Z macro-backtrace for more info)

error[E0425]: cannot find function `try_recursion_guard` in module `arbitrary::size_hint`
    --> C:\Users\Devyani\.cargo\registry\src\index.crates.io-1949cf8c6b5b557f\stellar-xdr-20.1.0\src\curr\generated.rs:3823:42
     |
3823 |   #[cfg_attr(feature = "arbitrary", derive(Arbitrary))]
     |                                            ^^^^^^^^^
     |
    ::: C:\Users\Devyani\.cargo\registry\src\index.crates.io-1949cf8c6b5b557f\arbitrary-1.3.2\src\size_hint.rs:12:1
     |
  12 | / pub fn recursion_guard(
  13 | |     depth: usize,
  14 | |     f: impl FnOnce(usize) -> (usize, Option<usize>),
  15 | | ) -> (usize, Option<usize>) {
     | |___________________________- similarly named function `recursion_guard` defined here
     |
     = note: this error originates in the derive macro `Arbitrary` (in Nightly builds, run with -Z macro-backtrace for more info)

error[E0576]: cannot find method or associated constant `try_size_hint` in trait `arbitrary::Arbitrary`
    --> C:\Users\Devyani\.cargo\registry\src\index.crates.io-1949cf8c6b5b557f\stellar-xdr-20.1.0\src\curr\generated.rs:3823:42
     |
3823 | #[cfg_attr(feature = "arbitrary", derive(Arbitrary))]
     |                                          ^^^^^^^^^
     |
    ::: C:\Users\Devyani\.cargo\registry\src\index.crates.io-1949cf8c6b5b557f\arbitrary-1.3.2\src\lib.rs:277:5
     |
 277 |     fn size_hint(depth: usize) -> (usize, Option<usize>) {
     |     ---------------------------------------------------- similarly named associated function `size_hint` defined here
     |
     = note: this error originates in the derive macro `Arbitrary` (in Nightly builds, run with -Z macro-backtrace for more info)

error[E0425]: cannot find type `MaxRecursionReached` in crate `arbitrary`
    --> C:\Users\Devyani\.cargo\registry\src\index.crates.io-1949cf8c6b5b557f\stellar-xdr-20.1.0\src\curr\generated.rs:3873:42
     |
3873 | #[cfg_attr(feature = "arbitrary", derive(Arbitrary))]
     |                                          ^^^^^^^^^ not found in `arbitrary`
     |
     = note: this error originates in the derive macro `Arbitrary` (in Nightly builds, run with -Z macro-backtrace for more info)

error[E0425]: cannot find function `try_recursion_guard` in module `arbitrary::size_hint`
    --> C:\Users\Devyani\.cargo\registry\src\index.crates.io-1949cf8c6b5b557f\stellar-xdr-20.1.0\src\curr\generated.rs:3873:42
     |
3873 |   #[cfg_attr(feature = "arbitrary", derive(Arbitrary))]
     |                                            ^^^^^^^^^
     |
    ::: C:\Users\Devyani\.cargo\registry\src\index.crates.io-1949cf8c6b5b557f\arbitrary-1.3.2\src\size_hint.rs:12:1
     |
  12 | / pub fn recursion_guard(
  13 | |     depth: usize,
  14 | |     f: impl FnOnce(usize) -> (usize, Option<usize>),
  15 | | ) -> (usize, Option<usize>) {
     | |___________________________- similarly named function `recursion_guard` defined here
     |
     = note: this error originates in the derive macro `Arbitrary` (in Nightly builds, run with -Z macro-backtrace for more info)

error[E0576]: cannot find method or associated constant `try_size_hint` in trait `arbitrary::Arbitrary`
    --> C:\Users\Devyani\.cargo\registry\src\index.crates.io-1949cf8c6b5b557f\stellar-xdr-20.1.0\src\curr\generated.rs:3873:42
     |
3873 | #[cfg_attr(feature = "arbitrary", derive(Arbitrary))]
     |                                          ^^^^^^^^^
     |
    ::: C:\Users\Devyani\.cargo\registry\src\index.crates.io-1949cf8c6b5b557f\arbitrary-1.3.2\src\lib.rs:277:5
     |
 277 |     fn size_hint(depth: usize) -> (usize, Option<usize>) {
     |     ---------------------------------------------------- similarly named associated function `size_hint` defined here
     |
     = note: this error originates in the derive macro `Arbitrary` (in Nightly builds, run with -Z macro-backtrace for more info)

error[E0425]: cannot find type `MaxRecursionReached` in crate `arbitrary`
    --> C:\Users\Devyani\.cargo\registry\src\index.crates.io-1949cf8c6b5b557f\stellar-xdr-20.1.0\src\curr\generated.rs:4186:42
     |
4186 | #[cfg_attr(feature = "arbitrary", derive(Arbitrary))]
     |                                          ^^^^^^^^^ not found in `arbitrary`
     |
     = note: this error originates in the derive macro `Arbitrary` (in Nightly builds, run with -Z macro-backtrace for more info)

error[E0425]: cannot find function `try_recursion_guard` in module `arbitrary::size_hint`
    --> C:\Users\Devyani\.cargo\registry\src\index.crates.io-1949cf8c6b5b557f\stellar-xdr-20.1.0\src\curr\generated.rs:4186:42
     |
4186 |   #[cfg_attr(feature = "arbitrary", derive(Arbitrary))]
     |                                            ^^^^^^^^^
     |
    ::: C:\Users\Devyani\.cargo\registry\src\index.crates.io-1949cf8c6b5b557f\arbitrary-1.3.2\src\size_hint.rs:12:1
     |
  12 | / pub fn recursion_guard(
  13 | |     depth: usize,
  14 | |     f: impl FnOnce(usize) -> (usize, Option<usize>),
  15 | | ) -> (usize, Option<usize>) {
     | |___________________________- similarly named function `recursion_guard` defined here
     |
     = note: this error originates in the derive macro `Arbitrary` (in Nightly builds, run with -Z macro-backtrace for more info)

error[E0576]: cannot find method or associated constant `try_size_hint` in trait `arbitrary::Arbitrary`
    --> C:\Users\Devyani\.cargo\registry\src\index.crates.io-1949cf8c6b5b557f\stellar-xdr-20.1.0\src\curr\generated.rs:4186:42
     |
4186 | #[cfg_attr(feature = "arbitrary", derive(Arbitrary))]
     |                                          ^^^^^^^^^
     |
    ::: C:\Users\Devyani\.cargo\registry\src\index.crates.io-1949cf8c6b5b557f\arbitrary-1.3.2\src\lib.rs:277:5
     |
 277 |     fn size_hint(depth: usize) -> (usize, Option<usize>) {
     |     ---------------------------------------------------- similarly named associated function `size_hint` defined here
     |
     = note: this error originates in the derive macro `Arbitrary` (in Nightly builds, run with -Z macro-backtrace for more info)

error[E0425]: cannot find type `MaxRecursionReached` in crate `arbitrary`
    --> C:\Users\Devyani\.cargo\registry\src\index.crates.io-1949cf8c6b5b557f\stellar-xdr-20.1.0\src\curr\generated.rs:4253:42
     |
4253 | #[cfg_attr(feature = "arbitrary", derive(Arbitrary))]
     |                                          ^^^^^^^^^ not found in `arbitrary`
     |
     = note: this error originates in the derive macro `Arbitrary` (in Nightly builds, run with -Z macro-backtrace for more info)

error[E0425]: cannot find function `try_recursion_guard` in module `arbitrary::size_hint`
    --> C:\Users\Devyani\.cargo\registry\src\index.crates.io-1949cf8c6b5b557f\stellar-xdr-20.1.0\src\curr\generated.rs:4253:42
     |
4253 |   #[cfg_attr(feature = "arbitrary", derive(Arbitrary))]
     |                                            ^^^^^^^^^
     |
    ::: C:\Users\Devyani\.cargo\registry\src\index.crates.io-1949cf8c6b5b557f\arbitrary-1.3.2\src\size_hint.rs:12:1
     |
  12 | / pub fn recursion_guard(
  13 | |     depth: usize,
  14 | |     f: impl FnOnce(usize) -> (usize, Option<usize>),
  15 | | ) -> (usize, Option<usize>) {
     | |___________________________- similarly named function `recursion_guard` defined here
     |
     = note: this error originates in the derive macro `Arbitrary` (in Nightly builds, run with -Z macro-backtrace for more info)

error[E0576]: cannot find method or associated constant `try_size_hint` in trait `arbitrary::Arbitrary`
    --> C:\Users\Devyani\.cargo\registry\src\index.crates.io-1949cf8c6b5b557f\stellar-xdr-20.1.0\src\curr\generated.rs:4253:42
     |
4253 | #[cfg_attr(feature = "arbitrary", derive(Arbitrary))]
     |                                          ^^^^^^^^^
     |
    ::: C:\Users\Devyani\.cargo\registry\src\index.crates.io-1949cf8c6b5b557f\arbitrary-1.3.2\src\lib.rs:277:5
     |
 277 |     fn size_hint(depth: usize) -> (usize, Option<usize>) {
     |     ---------------------------------------------------- similarly named associated function `size_hint` defined here
     |
     = note: this error originates in the derive macro `Arbitrary` (in Nightly builds, run with -Z macro-backtrace for more info)

error[E0425]: cannot find type `MaxRecursionReached` in crate `arbitrary`
    --> C:\Users\Devyani\.cargo\registry\src\index.crates.io-1949cf8c6b5b557f\stellar-xdr-20.1.0\src\curr\generated.rs:4322:42
     |
4322 | #[cfg_attr(feature = "arbitrary", derive(Arbitrary))]
     |                                          ^^^^^^^^^ not found in `arbitrary`
     |
     = note: this error originates in the derive macro `Arbitrary` (in Nightly builds, run with -Z macro-backtrace for more info)

error[E0425]: cannot find function `try_recursion_guard` in module `arbitrary::size_hint`
    --> C:\Users\Devyani\.cargo\registry\src\index.crates.io-1949cf8c6b5b557f\stellar-xdr-20.1.0\src\curr\generated.rs:4322:42
     |
4322 |   #[cfg_attr(feature = "arbitrary", derive(Arbitrary))]
     |                                            ^^^^^^^^^
     |
    ::: C:\Users\Devyani\.cargo\registry\src\index.crates.io-1949cf8c6b5b557f\arbitrary-1.3.2\src\size_hint.rs:12:1
     |
  12 | / pub fn recursion_guard(
  13 | |     depth: usize,
  14 | |     f: impl FnOnce(usize) -> (usize, Option<usize>),
  15 | | ) -> (usize, Option<usize>) {
     | |___________________________- similarly named function `recursion_guard` defined here
     |
     = note: this error originates in the derive macro `Arbitrary` (in Nightly builds, run with -Z macro-backtrace for more info)

error[E0576]: cannot find method or associated constant `try_size_hint` in trait `arbitrary::Arbitrary`
    --> C:\Users\Devyani\.cargo\registry\src\index.crates.io-1949cf8c6b5b557f\stellar-xdr-20.1.0\src\curr\generated.rs:4322:42
     |
4322 | #[cfg_attr(feature = "arbitrary", derive(Arbitrary))]
     |                                          ^^^^^^^^^
     |
    ::: C:\Users\Devyani\.cargo\registry\src\index.crates.io-1949cf8c6b5b557f\arbitrary-1.3.2\src\lib.rs:277:5
     |
 277 |     fn size_hint(depth: usize) -> (usize, Option<usize>) {
     |     ---------------------------------------------------- similarly named associated function `size_hint` defined here
     |
     = note: this error originates in the derive macro `Arbitrary` (in Nightly builds, run with -Z macro-backtrace for more info)

error[E0425]: cannot find type `MaxRecursionReached` in crate `arbitrary`
    --> C:\Users\Devyani\.cargo\registry\src\index.crates.io-1949cf8c6b5b557f\stellar-xdr-20.1.0\src\curr\generated.rs:4374:42
     |
4374 | #[cfg_attr(feature = "arbitrary", derive(Arbitrary))]
     |                                          ^^^^^^^^^ not found in `arbitrary`
     |
     = note: this error originates in the derive macro `Arbitrary` (in Nightly builds, run with -Z macro-backtrace for more info)

error[E0425]: cannot find function `try_recursion_guard` in module `arbitrary::size_hint`
    --> C:\Users\Devyani\.cargo\registry\src\index.crates.io-1949cf8c6b5b557f\stellar-xdr-20.1.0\src\curr\generated.rs:4374:42
     |
4374 |   #[cfg_attr(feature = "arbitrary", derive(Arbitrary))]
     |                                            ^^^^^^^^^
     |
    ::: C:\Users\Devyani\.cargo\registry\src\index.crates.io-1949cf8c6b5b557f\arbitrary-1.3.2\src\size_hint.rs:12:1
     |
  12 | / pub fn recursion_guard(
  13 | |     depth: usize,
  14 | |     f: impl FnOnce(usize) -> (usize, Option<usize>),
  15 | | ) -> (usize, Option<usize>) {
     | |___________________________- similarly named function `recursion_guard` defined here
     |
     = note: this error originates in the derive macro `Arbitrary` (in Nightly builds, run with -Z macro-backtrace for more info)

error[E0576]: cannot find method or associated constant `try_size_hint` in trait `arbitrary::Arbitrary`
    --> C:\Users\Devyani\.cargo\registry\src\index.crates.io-1949cf8c6b5b557f\stellar-xdr-20.1.0\src\curr\generated.rs:4374:42
     |
4374 | #[cfg_attr(feature = "arbitrary", derive(Arbitrary))]
     |                                          ^^^^^^^^^
     |
    ::: C:\Users\Devyani\.cargo\registry\src\index.crates.io-1949cf8c6b5b557f\arbitrary-1.3.2\src\lib.rs:277:5
     |
 277 |     fn size_hint(depth: usize) -> (usize, Option<usize>) {
     |     ---------------------------------------------------- similarly named associated function `size_hint` defined here
     |
     = note: this error originates in the derive macro `Arbitrary` (in Nightly builds, run with -Z macro-backtrace for more info)

error[E0425]: cannot find type `MaxRecursionReached` in crate `arbitrary`
    --> C:\Users\Devyani\.cargo\registry\src\index.crates.io-1949cf8c6b5b557f\stellar-xdr-20.1.0\src\curr\generated.rs:4693:42
     |
4693 | #[cfg_attr(feature = "arbitrary", derive(Arbitrary))]
     |                                          ^^^^^^^^^ not found in `arbitrary`
     |
     = note: this error originates in the derive macro `Arbitrary` (in Nightly builds, run with -Z macro-backtrace for more info)

error[E0425]: cannot find function `try_recursion_guard` in module `arbitrary::size_hint`
    --> C:\Users\Devyani\.cargo\registry\src\index.crates.io-1949cf8c6b5b557f\stellar-xdr-20.1.0\src\curr\generated.rs:4693:42
     |
4693 |   #[cfg_attr(feature = "arbitrary", derive(Arbitrary))]
     |                                            ^^^^^^^^^
     |
    ::: C:\Users\Devyani\.cargo\registry\src\index.crates.io-1949cf8c6b5b557f\arbitrary-1.3.2\src\size_hint.rs:12:1
     |
  12 | / pub fn recursion_guard(
  13 | |     depth: usize,
  14 | |     f: impl FnOnce(usize) -> (usize, Option<usize>),
  15 | | ) -> (usize, Option<usize>) {
     | |___________________________- similarly named function `recursion_guard` defined here
     |
     = note: this error originates in the derive macro `Arbitrary` (in Nightly builds, run with -Z macro-backtrace for more info)

error[E0576]: cannot find method or associated constant `try_size_hint` in trait `arbitrary::Arbitrary`
    --> C:\Users\Devyani\.cargo\registry\src\index.crates.io-1949cf8c6b5b557f\stellar-xdr-20.1.0\src\curr\generated.rs:4693:42
     |
4693 | #[cfg_attr(feature = "arbitrary", derive(Arbitrary))]
     |                                          ^^^^^^^^^
     |
    ::: C:\Users\Devyani\.cargo\registry\src\index.crates.io-1949cf8c6b5b557f\arbitrary-1.3.2\src\lib.rs:277:5
     |
 277 |     fn size_hint(depth: usize) -> (usize, Option<usize>) {
     |     ---------------------------------------------------- similarly named associated function `size_hint` defined here
     |
     = note: this error originates in the derive macro `Arbitrary` (in Nightly builds, run with -Z macro-backtrace for more info)

error[E0425]: cannot find type `MaxRecursionReached` in crate `arbitrary`
    --> C:\Users\Devyani\.cargo\registry\src\index.crates.io-1949cf8c6b5b557f\stellar-xdr-20.1.0\src\curr\generated.rs:5021:42
     |
5021 | #[cfg_attr(feature = "arbitrary", derive(Arbitrary))]
     |                                          ^^^^^^^^^ not found in `arbitrary`
     |
     = note: this error originates in the derive macro `Arbitrary` (in Nightly builds, run with -Z macro-backtrace for more info)

error[E0425]: cannot find function `try_recursion_guard` in module `arbitrary::size_hint`
    --> C:\Users\Devyani\.cargo\registry\src\index.crates.io-1949cf8c6b5b557f\stellar-xdr-20.1.0\src\curr\generated.rs:5021:42
     |
5021 |   #[cfg_attr(feature = "arbitrary", derive(Arbitrary))]
     |                                            ^^^^^^^^^
     |
    ::: C:\Users\Devyani\.cargo\registry\src\index.crates.io-1949cf8c6b5b557f\arbitrary-1.3.2\src\size_hint.rs:12:1
     |
  12 | / pub fn recursion_guard(
  13 | |     depth: usize,
  14 | |     f: impl FnOnce(usize) -> (usize, Option<usize>),
  15 | | ) -> (usize, Option<usize>) {
     | |___________________________- similarly named function `recursion_guard` defined here
     |
     = note: this error originates in the derive macro `Arbitrary` (in Nightly builds, run with -Z macro-backtrace for more info)

error[E0576]: cannot find method or associated constant `try_size_hint` in trait `arbitrary::Arbitrary`
    --> C:\Users\Devyani\.cargo\registry\src\index.crates.io-1949cf8c6b5b557f\stellar-xdr-20.1.0\src\curr\generated.rs:5021:42
     |
5021 | #[cfg_attr(feature = "arbitrary", derive(Arbitrary))]
     |                                          ^^^^^^^^^
     |
    ::: C:\Users\Devyani\.cargo\registry\src\index.crates.io-1949cf8c6b5b557f\arbitrary-1.3.2\src\lib.rs:277:5
     |
 277 |     fn size_hint(depth: usize) -> (usize, Option<usize>) {
     |     ---------------------------------------------------- similarly named associated function `size_hint` defined here
     |
     = note: this error originates in the derive macro `Arbitrary` (in Nightly builds, run with -Z macro-backtrace for more info)

error[E0425]: cannot find type `MaxRecursionReached` in crate `arbitrary`
    --> C:\Users\Devyani\.cargo\registry\src\index.crates.io-1949cf8c6b5b557f\stellar-xdr-20.1.0\src\curr\generated.rs:5122:42
     |
5122 | #[cfg_attr(feature = "arbitrary", derive(Arbitrary))]
     |                                          ^^^^^^^^^ not found in `arbitrary`
     |
     = note: this error originates in the derive macro `Arbitrary` (in Nightly builds, run with -Z macro-backtrace for more info)

error[E0425]: cannot find function `try_recursion_guard` in module `arbitrary::size_hint`
    --> C:\Users\Devyani\.cargo\registry\src\index.crates.io-1949cf8c6b5b557f\stellar-xdr-20.1.0\src\curr\generated.rs:5122:42
     |
5122 |   #[cfg_attr(feature = "arbitrary", derive(Arbitrary))]
     |                                            ^^^^^^^^^
     |
    ::: C:\Users\Devyani\.cargo\registry\src\index.crates.io-1949cf8c6b5b557f\arbitrary-1.3.2\src\size_hint.rs:12:1
     |
  12 | / pub fn recursion_guard(
  13 | |     depth: usize,
  14 | |     f: impl FnOnce(usize) -> (usize, Option<usize>),
  15 | | ) -> (usize, Option<usize>) {
     | |___________________________- similarly named function `recursion_guard` defined here
     |
     = note: this error originates in the derive macro `Arbitrary` (in Nightly builds, run with -Z macro-backtrace for more info)

error[E0576]: cannot find method or associated constant `try_size_hint` in trait `arbitrary::Arbitrary`
    --> C:\Users\Devyani\.cargo\registry\src\index.crates.io-1949cf8c6b5b557f\stellar-xdr-20.1.0\src\curr\generated.rs:5122:42
     |
5122 | #[cfg_attr(feature = "arbitrary", derive(Arbitrary))]
     |                                          ^^^^^^^^^
     |
    ::: C:\Users\Devyani\.cargo\registry\src\index.crates.io-1949cf8c6b5b557f\arbitrary-1.3.2\src\lib.rs:277:5
     |
 277 |     fn size_hint(depth: usize) -> (usize, Option<usize>) {
     |     ---------------------------------------------------- similarly named associated function `size_hint` defined here
     |
     = note: this error originates in the derive macro `Arbitrary` (in Nightly builds, run with -Z macro-backtrace for more info)

error[E0425]: cannot find type `MaxRecursionReached` in crate `arbitrary`
    --> C:\Users\Devyani\.cargo\registry\src\index.crates.io-1949cf8c6b5b557f\stellar-xdr-20.1.0\src\curr\generated.rs:5269:42
     |
5269 | #[cfg_attr(feature = "arbitrary", derive(Arbitrary))]
     |                                          ^^^^^^^^^ not found in `arbitrary`
     |
     = note: this error originates in the derive macro `Arbitrary` (in Nightly builds, run with -Z macro-backtrace for more info)

error[E0425]: cannot find function `try_recursion_guard` in module `arbitrary::size_hint`
    --> C:\Users\Devyani\.cargo\registry\src\index.crates.io-1949cf8c6b5b557f\stellar-xdr-20.1.0\src\curr\generated.rs:5269:42
     |
5269 |   #[cfg_attr(feature = "arbitrary", derive(Arbitrary))]
     |                                            ^^^^^^^^^
     |
    ::: C:\Users\Devyani\.cargo\registry\src\index.crates.io-1949cf8c6b5b557f\arbitrary-1.3.2\src\size_hint.rs:12:1
     |
  12 | / pub fn recursion_guard(
  13 | |     depth: usize,
  14 | |     f: impl FnOnce(usize) -> (usize, Option<usize>),
  15 | | ) -> (usize, Option<usize>) {
     | |___________________________- similarly named function `recursion_guard` defined here
     |
     = note: this error originates in the derive macro `Arbitrary` (in Nightly builds, run with -Z macro-backtrace for more info)

error[E0576]: cannot find method or associated constant `try_size_hint` in trait `arbitrary::Arbitrary`
    --> C:\Users\Devyani\.cargo\registry\src\index.crates.io-1949cf8c6b5b557f\stellar-xdr-20.1.0\src\curr\generated.rs:5269:42
     |
5269 | #[cfg_attr(feature = "arbitrary", derive(Arbitrary))]
     |                                          ^^^^^^^^^
     |
    ::: C:\Users\Devyani\.cargo\registry\src\index.crates.io-1949cf8c6b5b557f\arbitrary-1.3.2\src\lib.rs:277:5
     |
 277 |     fn size_hint(depth: usize) -> (usize, Option<usize>) {
     |     ---------------------------------------------------- similarly named associated function `size_hint` defined here
     |
     = note: this error originates in the derive macro `Arbitrary` (in Nightly builds, run with -Z macro-backtrace for more info)

error[E0425]: cannot find type `MaxRecursionReached` in crate `arbitrary`
    --> C:\Users\Devyani\.cargo\registry\src\index.crates.io-1949cf8c6b5b557f\stellar-xdr-20.1.0\src\curr\generated.rs:5630:42
     |
5630 | #[cfg_attr(feature = "arbitrary", derive(Arbitrary))]
     |                                          ^^^^^^^^^ not found in `arbitrary`
     |
     = note: this error originates in the derive macro `Arbitrary` (in Nightly builds, run with -Z macro-backtrace for more info)

error[E0425]: cannot find function `try_recursion_guard` in module `arbitrary::size_hint`
    --> C:\Users\Devyani\.cargo\registry\src\index.crates.io-1949cf8c6b5b557f\stellar-xdr-20.1.0\src\curr\generated.rs:5630:42
     |
5630 |   #[cfg_attr(feature = "arbitrary", derive(Arbitrary))]
     |                                            ^^^^^^^^^
     |
    ::: C:\Users\Devyani\.cargo\registry\src\index.crates.io-1949cf8c6b5b557f\arbitrary-1.3.2\src\size_hint.rs:12:1
     |
  12 | / pub fn recursion_guard(
  13 | |     depth: usize,
  14 | |     f: impl FnOnce(usize) -> (usize, Option<usize>),
  15 | | ) -> (usize, Option<usize>) {
     | |___________________________- similarly named function `recursion_guard` defined here
     |
     = note: this error originates in the derive macro `Arbitrary` (in Nightly builds, run with -Z macro-backtrace for more info)

error[E0576]: cannot find method or associated constant `try_size_hint` in trait `arbitrary::Arbitrary`
    --> C:\Users\Devyani\.cargo\registry\src\index.crates.io-1949cf8c6b5b557f\stellar-xdr-20.1.0\src\curr\generated.rs:5630:42
     |
5630 | #[cfg_attr(feature = "arbitrary", derive(Arbitrary))]
     |                                          ^^^^^^^^^
     |
    ::: C:\Users\Devyani\.cargo\registry\src\index.crates.io-1949cf8c6b5b557f\arbitrary-1.3.2\src\lib.rs:277:5
     |
 277 |     fn size_hint(depth: usize) -> (usize, Option<usize>) {
     |     ---------------------------------------------------- similarly named associated function `size_hint` defined here
     |
     = note: this error originates in the derive macro `Arbitrary` (in Nightly builds, run with -Z macro-backtrace for more info)

error[E0425]: cannot find type `MaxRecursionReached` in crate `arbitrary`
    --> C:\Users\Devyani\.cargo\registry\src\index.crates.io-1949cf8c6b5b557f\stellar-xdr-20.1.0\src\curr\generated.rs:5672:42
     |
5672 | #[cfg_attr(feature = "arbitrary", derive(Arbitrary))]
     |                                          ^^^^^^^^^ not found in `arbitrary`
     |
     = note: this error originates in the derive macro `Arbitrary` (in Nightly builds, run with -Z macro-backtrace for more info)

error[E0425]: cannot find function `try_recursion_guard` in module `arbitrary::size_hint`
    --> C:\Users\Devyani\.cargo\registry\src\index.crates.io-1949cf8c6b5b557f\stellar-xdr-20.1.0\src\curr\generated.rs:5672:42
     |
5672 |   #[cfg_attr(feature = "arbitrary", derive(Arbitrary))]
     |                                            ^^^^^^^^^
     |
    ::: C:\Users\Devyani\.cargo\registry\src\index.crates.io-1949cf8c6b5b557f\arbitrary-1.3.2\src\size_hint.rs:12:1
     |
  12 | / pub fn recursion_guard(
  13 | |     depth: usize,
  14 | |     f: impl FnOnce(usize) -> (usize, Option<usize>),
  15 | | ) -> (usize, Option<usize>) {
     | |___________________________- similarly named function `recursion_guard` defined here
     |
     = note: this error originates in the derive macro `Arbitrary` (in Nightly builds, run with -Z macro-backtrace for more info)

error[E0576]: cannot find method or associated constant `try_size_hint` in trait `arbitrary::Arbitrary`
    --> C:\Users\Devyani\.cargo\registry\src\index.crates.io-1949cf8c6b5b557f\stellar-xdr-20.1.0\src\curr\generated.rs:5672:42
     |
5672 | #[cfg_attr(feature = "arbitrary", derive(Arbitrary))]
     |                                          ^^^^^^^^^
     |
    ::: C:\Users\Devyani\.cargo\registry\src\index.crates.io-1949cf8c6b5b557f\arbitrary-1.3.2\src\lib.rs:277:5
     |
 277 |     fn size_hint(depth: usize) -> (usize, Option<usize>) {
     |     ---------------------------------------------------- similarly named associated function `size_hint` defined here
     |
     = note: this error originates in the derive macro `Arbitrary` (in Nightly builds, run with -Z macro-backtrace for more info)

error[E0425]: cannot find type `MaxRecursionReached` in crate `arbitrary`
    --> C:\Users\Devyani\.cargo\registry\src\index.crates.io-1949cf8c6b5b557f\stellar-xdr-20.1.0\src\curr\generated.rs:5716:42
     |
5716 | #[cfg_attr(feature = "arbitrary", derive(Arbitrary))]
     |                                          ^^^^^^^^^ not found in `arbitrary`
     |
     = note: this error originates in the derive macro `Arbitrary` (in Nightly builds, run with -Z macro-backtrace for more info)

error[E0425]: cannot find function `try_recursion_guard` in module `arbitrary::size_hint`
    --> C:\Users\Devyani\.cargo\registry\src\index.crates.io-1949cf8c6b5b557f\stellar-xdr-20.1.0\src\curr\generated.rs:5716:42
     |
5716 |   #[cfg_attr(feature = "arbitrary", derive(Arbitrary))]
     |                                            ^^^^^^^^^
     |
    ::: C:\Users\Devyani\.cargo\registry\src\index.crates.io-1949cf8c6b5b557f\arbitrary-1.3.2\src\size_hint.rs:12:1
     |
  12 | / pub fn recursion_guard(
  13 | |     depth: usize,
  14 | |     f: impl FnOnce(usize) -> (usize, Option<usize>),
  15 | | ) -> (usize, Option<usize>) {
     | |___________________________- similarly named function `recursion_guard` defined here
     |
     = note: this error originates in the derive macro `Arbitrary` (in Nightly builds, run with -Z macro-backtrace for more info)

error[E0576]: cannot find method or associated constant `try_size_hint` in trait `arbitrary::Arbitrary`
    --> C:\Users\Devyani\.cargo\registry\src\index.crates.io-1949cf8c6b5b557f\stellar-xdr-20.1.0\src\curr\generated.rs:5716:42
     |
5716 | #[cfg_attr(feature = "arbitrary", derive(Arbitrary))]
     |                                          ^^^^^^^^^
     |
    ::: C:\Users\Devyani\.cargo\registry\src\index.crates.io-1949cf8c6b5b557f\arbitrary-1.3.2\src\lib.rs:277:5
     |
 277 |     fn size_hint(depth: usize) -> (usize, Option<usize>) {
     |     ---------------------------------------------------- similarly named associated function `size_hint` defined here
     |
     = note: this error originates in the derive macro `Arbitrary` (in Nightly builds, run with -Z macro-backtrace for more info)

error[E0425]: cannot find type `MaxRecursionReached` in crate `arbitrary`
    --> C:\Users\Devyani\.cargo\registry\src\index.crates.io-1949cf8c6b5b557f\stellar-xdr-20.1.0\src\curr\generated.rs:5758:42
     |
5758 | #[cfg_attr(feature = "arbitrary", derive(Arbitrary))]
     |                                          ^^^^^^^^^ not found in `arbitrary`
     |
     = note: this error originates in the derive macro `Arbitrary` (in Nightly builds, run with -Z macro-backtrace for more info)

error[E0425]: cannot find function `try_recursion_guard` in module `arbitrary::size_hint`
    --> C:\Users\Devyani\.cargo\registry\src\index.crates.io-1949cf8c6b5b557f\stellar-xdr-20.1.0\src\curr\generated.rs:5758:42
     |
5758 |   #[cfg_attr(feature = "arbitrary", derive(Arbitrary))]
     |                                            ^^^^^^^^^
     |
    ::: C:\Users\Devyani\.cargo\registry\src\index.crates.io-1949cf8c6b5b557f\arbitrary-1.3.2\src\size_hint.rs:12:1
     |
  12 | / pub fn recursion_guard(
  13 | |     depth: usize,
  14 | |     f: impl FnOnce(usize) -> (usize, Option<usize>),
  15 | | ) -> (usize, Option<usize>) {
     | |___________________________- similarly named function `recursion_guard` defined here
     |
     = note: this error originates in the derive macro `Arbitrary` (in Nightly builds, run with -Z macro-backtrace for more info)

error[E0576]: cannot find method or associated constant `try_size_hint` in trait `arbitrary::Arbitrary`
    --> C:\Users\Devyani\.cargo\registry\src\index.crates.io-1949cf8c6b5b557f\stellar-xdr-20.1.0\src\curr\generated.rs:5758:42
     |
5758 | #[cfg_attr(feature = "arbitrary", derive(Arbitrary))]
     |                                          ^^^^^^^^^
     |
    ::: C:\Users\Devyani\.cargo\registry\src\index.crates.io-1949cf8c6b5b557f\arbitrary-1.3.2\src\lib.rs:277:5
     |
 277 |     fn size_hint(depth: usize) -> (usize, Option<usize>) {
     |     ---------------------------------------------------- similarly named associated function `size_hint` defined here
     |
     = note: this error originates in the derive macro `Arbitrary` (in Nightly builds, run with -Z macro-backtrace for more info)

error[E0425]: cannot find type `MaxRecursionReached` in crate `arbitrary`
    --> C:\Users\Devyani\.cargo\registry\src\index.crates.io-1949cf8c6b5b557f\stellar-xdr-20.1.0\src\curr\generated.rs:5802:42
     |
5802 | #[cfg_attr(feature = "arbitrary", derive(Arbitrary))]
     |                                          ^^^^^^^^^ not found in `arbitrary`
     |
     = note: this error originates in the derive macro `Arbitrary` (in Nightly builds, run with -Z macro-backtrace for more info)

error[E0425]: cannot find function `try_recursion_guard` in module `arbitrary::size_hint`
    --> C:\Users\Devyani\.cargo\registry\src\index.crates.io-1949cf8c6b5b557f\stellar-xdr-20.1.0\src\curr\generated.rs:5802:42
     |
5802 |   #[cfg_attr(feature = "arbitrary", derive(Arbitrary))]
     |                                            ^^^^^^^^^
     |
    ::: C:\Users\Devyani\.cargo\registry\src\index.crates.io-1949cf8c6b5b557f\arbitrary-1.3.2\src\size_hint.rs:12:1
     |
  12 | / pub fn recursion_guard(
  13 | |     depth: usize,
  14 | |     f: impl FnOnce(usize) -> (usize, Option<usize>),
  15 | | ) -> (usize, Option<usize>) {
     | |___________________________- similarly named function `recursion_guard` defined here
     |
     = note: this error originates in the derive macro `Arbitrary` (in Nightly builds, run with -Z macro-backtrace for more info)

error[E0576]: cannot find method or associated constant `try_size_hint` in trait `arbitrary::Arbitrary`
    --> C:\Users\Devyani\.cargo\registry\src\index.crates.io-1949cf8c6b5b557f\stellar-xdr-20.1.0\src\curr\generated.rs:5802:42
     |
5802 | #[cfg_attr(feature = "arbitrary", derive(Arbitrary))]
     |                                          ^^^^^^^^^
     |
    ::: C:\Users\Devyani\.cargo\registry\src\index.crates.io-1949cf8c6b5b557f\arbitrary-1.3.2\src\lib.rs:277:5
     |
 277 |     fn size_hint(depth: usize) -> (usize, Option<usize>) {
     |     ---------------------------------------------------- similarly named associated function `size_hint` defined here
     |
     = note: this error originates in the derive macro `Arbitrary` (in Nightly builds, run with -Z macro-backtrace for more info)

error[E0425]: cannot find type `MaxRecursionReached` in crate `arbitrary`
    --> C:\Users\Devyani\.cargo\registry\src\index.crates.io-1949cf8c6b5b557f\stellar-xdr-20.1.0\src\curr\generated.rs:5843:42
     |
5843 | #[cfg_attr(feature = "arbitrary", derive(Arbitrary))]
     |                                          ^^^^^^^^^ not found in `arbitrary`
     |
     = note: this error originates in the derive macro `Arbitrary` (in Nightly builds, run with -Z macro-backtrace for more info)

error[E0425]: cannot find function `try_recursion_guard` in module `arbitrary::size_hint`
    --> C:\Users\Devyani\.cargo\registry\src\index.crates.io-1949cf8c6b5b557f\stellar-xdr-20.1.0\src\curr\generated.rs:5843:42
     |
5843 |   #[cfg_attr(feature = "arbitrary", derive(Arbitrary))]
     |                                            ^^^^^^^^^
     |
    ::: C:\Users\Devyani\.cargo\registry\src\index.crates.io-1949cf8c6b5b557f\arbitrary-1.3.2\src\size_hint.rs:12:1
     |
  12 | / pub fn recursion_guard(
  13 | |     depth: usize,
  14 | |     f: impl FnOnce(usize) -> (usize, Option<usize>),
  15 | | ) -> (usize, Option<usize>) {
     | |___________________________- similarly named function `recursion_guard` defined here
     |
     = note: this error originates in the derive macro `Arbitrary` (in Nightly builds, run with -Z macro-backtrace for more info)

error[E0576]: cannot find method or associated constant `try_size_hint` in trait `arbitrary::Arbitrary`
    --> C:\Users\Devyani\.cargo\registry\src\index.crates.io-1949cf8c6b5b557f\stellar-xdr-20.1.0\src\curr\generated.rs:5843:42
     |
5843 | #[cfg_attr(feature = "arbitrary", derive(Arbitrary))]
     |                                          ^^^^^^^^^
     |
    ::: C:\Users\Devyani\.cargo\registry\src\index.crates.io-1949cf8c6b5b557f\arbitrary-1.3.2\src\lib.rs:277:5
     |
 277 |     fn size_hint(depth: usize) -> (usize, Option<usize>) {
     |     ---------------------------------------------------- similarly named associated function `size_hint` defined here
     |
     = note: this error originates in the derive macro `Arbitrary` (in Nightly builds, run with -Z macro-backtrace for more info)

error[E0425]: cannot find type `MaxRecursionReached` in crate `arbitrary`
    --> C:\Users\Devyani\.cargo\registry\src\index.crates.io-1949cf8c6b5b557f\stellar-xdr-20.1.0\src\curr\generated.rs:5884:42
     |
5884 | #[cfg_attr(feature = "arbitrary", derive(Arbitrary))]
     |                                          ^^^^^^^^^ not found in `arbitrary`
     |
     = note: this error originates in the derive macro `Arbitrary` (in Nightly builds, run with -Z macro-backtrace for more info)

error[E0425]: cannot find function `try_recursion_guard` in module `arbitrary::size_hint`
    --> C:\Users\Devyani\.cargo\registry\src\index.crates.io-1949cf8c6b5b557f\stellar-xdr-20.1.0\src\curr\generated.rs:5884:42
     |
5884 |   #[cfg_attr(feature = "arbitrary", derive(Arbitrary))]
     |                                            ^^^^^^^^^
     |
    ::: C:\Users\Devyani\.cargo\registry\src\index.crates.io-1949cf8c6b5b557f\arbitrary-1.3.2\src\size_hint.rs:12:1
     |
  12 | / pub fn recursion_guard(
  13 | |     depth: usize,
  14 | |     f: impl FnOnce(usize) -> (usize, Option<usize>),
  15 | | ) -> (usize, Option<usize>) {
     | |___________________________- similarly named function `recursion_guard` defined here
     |
     = note: this error originates in the derive macro `Arbitrary` (in Nightly builds, run with -Z macro-backtrace for more info)

error[E0576]: cannot find method or associated constant `try_size_hint` in trait `arbitrary::Arbitrary`
    --> C:\Users\Devyani\.cargo\registry\src\index.crates.io-1949cf8c6b5b557f\stellar-xdr-20.1.0\src\curr\generated.rs:5884:42
     |
5884 | #[cfg_attr(feature = "arbitrary", derive(Arbitrary))]
     |                                          ^^^^^^^^^
     |
    ::: C:\Users\Devyani\.cargo\registry\src\index.crates.io-1949cf8c6b5b557f\arbitrary-1.3.2\src\lib.rs:277:5
     |
 277 |     fn size_hint(depth: usize) -> (usize, Option<usize>) {
     |     ---------------------------------------------------- similarly named associated function `size_hint` defined here
     |
     = note: this error originates in the derive macro `Arbitrary` (in Nightly builds, run with -Z macro-backtrace for more info)

error[E0425]: cannot find type `MaxRecursionReached` in crate `arbitrary`
    --> C:\Users\Devyani\.cargo\registry\src\index.crates.io-1949cf8c6b5b557f\stellar-xdr-20.1.0\src\curr\generated.rs:5958:42
     |
5958 | #[cfg_attr(feature = "arbitrary", derive(Arbitrary))]
     |                                          ^^^^^^^^^ not found in `arbitrary`
     |
     = note: this error originates in the derive macro `Arbitrary` (in Nightly builds, run with -Z macro-backtrace for more info)

error[E0425]: cannot find function `try_recursion_guard` in module `arbitrary::size_hint`
    --> C:\Users\Devyani\.cargo\registry\src\index.crates.io-1949cf8c6b5b557f\stellar-xdr-20.1.0\src\curr\generated.rs:5958:42
     |
5958 |   #[cfg_attr(feature = "arbitrary", derive(Arbitrary))]
     |                                            ^^^^^^^^^
     |
    ::: C:\Users\Devyani\.cargo\registry\src\index.crates.io-1949cf8c6b5b557f\arbitrary-1.3.2\src\size_hint.rs:12:1
     |
  12 | / pub fn recursion_guard(
  13 | |     depth: usize,
  14 | |     f: impl FnOnce(usize) -> (usize, Option<usize>),
  15 | | ) -> (usize, Option<usize>) {
     | |___________________________- similarly named function `recursion_guard` defined here
     |
     = note: this error originates in the derive macro `Arbitrary` (in Nightly builds, run with -Z macro-backtrace for more info)

error[E0576]: cannot find method or associated constant `try_size_hint` in trait `arbitrary::Arbitrary`
    --> C:\Users\Devyani\.cargo\registry\src\index.crates.io-1949cf8c6b5b557f\stellar-xdr-20.1.0\src\curr\generated.rs:5958:42
     |
5958 | #[cfg_attr(feature = "arbitrary", derive(Arbitrary))]
     |                                          ^^^^^^^^^
     |
    ::: C:\Users\Devyani\.cargo\registry\src\index.crates.io-1949cf8c6b5b557f\arbitrary-1.3.2\src\lib.rs:277:5
     |
 277 |     fn size_hint(depth: usize) -> (usize, Option<usize>) {
     |     ---------------------------------------------------- similarly named associated function `size_hint` defined here
     |
     = note: this error originates in the derive macro `Arbitrary` (in Nightly builds, run with -Z macro-backtrace for more info)

error[E0425]: cannot find type `MaxRecursionReached` in crate `arbitrary`
    --> C:\Users\Devyani\.cargo\registry\src\index.crates.io-1949cf8c6b5b557f\stellar-xdr-20.1.0\src\curr\generated.rs:6230:42
     |
6230 | #[cfg_attr(feature = "arbitrary", derive(Arbitrary))]
     |                                          ^^^^^^^^^ not found in `arbitrary`
     |
     = note: this error originates in the derive macro `Arbitrary` (in Nightly builds, run with -Z macro-backtrace for more info)

error[E0425]: cannot find function `try_recursion_guard` in module `arbitrary::size_hint`
    --> C:\Users\Devyani\.cargo\registry\src\index.crates.io-1949cf8c6b5b557f\stellar-xdr-20.1.0\src\curr\generated.rs:6230:42
     |
6230 |   #[cfg_attr(feature = "arbitrary", derive(Arbitrary))]
     |                                            ^^^^^^^^^
     |
    ::: C:\Users\Devyani\.cargo\registry\src\index.crates.io-1949cf8c6b5b557f\arbitrary-1.3.2\src\size_hint.rs:12:1
     |
  12 | / pub fn recursion_guard(
  13 | |     depth: usize,
  14 | |     f: impl FnOnce(usize) -> (usize, Option<usize>),
  15 | | ) -> (usize, Option<usize>) {
     | |___________________________- similarly named function `recursion_guard` defined here
     |
     = note: this error originates in the derive macro `Arbitrary` (in Nightly builds, run with -Z macro-backtrace for more info)

error[E0576]: cannot find method or associated constant `try_size_hint` in trait `arbitrary::Arbitrary`
    --> C:\Users\Devyani\.cargo\registry\src\index.crates.io-1949cf8c6b5b557f\stellar-xdr-20.1.0\src\curr\generated.rs:6230:42
     |
6230 | #[cfg_attr(feature = "arbitrary", derive(Arbitrary))]
     |                                          ^^^^^^^^^
     |
    ::: C:\Users\Devyani\.cargo\registry\src\index.crates.io-1949cf8c6b5b557f\arbitrary-1.3.2\src\lib.rs:277:5
     |
 277 |     fn size_hint(depth: usize) -> (usize, Option<usize>) {
     |     ---------------------------------------------------- similarly named associated function `size_hint` defined here
     |
     = note: this error originates in the derive macro `Arbitrary` (in Nightly builds, run with -Z macro-backtrace for more info)

error[E0425]: cannot find type `MaxRecursionReached` in crate `arbitrary`
    --> C:\Users\Devyani\.cargo\registry\src\index.crates.io-1949cf8c6b5b557f\stellar-xdr-20.1.0\src\curr\generated.rs:6280:42
     |
6280 | #[cfg_attr(feature = "arbitrary", derive(Arbitrary))]
     |                                          ^^^^^^^^^ not found in `arbitrary`
     |
     = note: this error originates in the derive macro `Arbitrary` (in Nightly builds, run with -Z macro-backtrace for more info)

error[E0425]: cannot find function `try_recursion_guard` in module `arbitrary::size_hint`
    --> C:\Users\Devyani\.cargo\registry\src\index.crates.io-1949cf8c6b5b557f\stellar-xdr-20.1.0\src\curr\generated.rs:6280:42
     |
6280 |   #[cfg_attr(feature = "arbitrary", derive(Arbitrary))]
     |                                            ^^^^^^^^^
     |
    ::: C:\Users\Devyani\.cargo\registry\src\index.crates.io-1949cf8c6b5b557f\arbitrary-1.3.2\src\size_hint.rs:12:1
     |
  12 | / pub fn recursion_guard(
  13 | |     depth: usize,
  14 | |     f: impl FnOnce(usize) -> (usize, Option<usize>),
  15 | | ) -> (usize, Option<usize>) {
     | |___________________________- similarly named function `recursion_guard` defined here
     |
     = note: this error originates in the derive macro `Arbitrary` (in Nightly builds, run with -Z macro-backtrace for more info)

error[E0576]: cannot find method or associated constant `try_size_hint` in trait `arbitrary::Arbitrary`
    --> C:\Users\Devyani\.cargo\registry\src\index.crates.io-1949cf8c6b5b557f\stellar-xdr-20.1.0\src\curr\generated.rs:6280:42
     |
6280 | #[cfg_attr(feature = "arbitrary", derive(Arbitrary))]
     |                                          ^^^^^^^^^
     |
    ::: C:\Users\Devyani\.cargo\registry\src\index.crates.io-1949cf8c6b5b557f\arbitrary-1.3.2\src\lib.rs:277:5
     |
 277 |     fn size_hint(depth: usize) -> (usize, Option<usize>) {
     |     ---------------------------------------------------- similarly named associated function `size_hint` defined here
     |
     = note: this error originates in the derive macro `Arbitrary` (in Nightly builds, run with -Z macro-backtrace for more info)

error[E0425]: cannot find type `MaxRecursionReached` in crate `arbitrary`
    --> C:\Users\Devyani\.cargo\registry\src\index.crates.io-1949cf8c6b5b557f\stellar-xdr-20.1.0\src\curr\generated.rs:6331:42
     |
6331 | #[cfg_attr(feature = "arbitrary", derive(Arbitrary))]
     |                                          ^^^^^^^^^ not found in `arbitrary`
     |
     = note: this error originates in the derive macro `Arbitrary` (in Nightly builds, run with -Z macro-backtrace for more info)

error[E0425]: cannot find function `try_recursion_guard` in module `arbitrary::size_hint`
    --> C:\Users\Devyani\.cargo\registry\src\index.crates.io-1949cf8c6b5b557f\stellar-xdr-20.1.0\src\curr\generated.rs:6331:42
     |
6331 |   #[cfg_attr(feature = "arbitrary", derive(Arbitrary))]
     |                                            ^^^^^^^^^
     |
    ::: C:\Users\Devyani\.cargo\registry\src\index.crates.io-1949cf8c6b5b557f\arbitrary-1.3.2\src\size_hint.rs:12:1
     |
  12 | / pub fn recursion_guard(
  13 | |     depth: usize,
  14 | |     f: impl FnOnce(usize) -> (usize, Option<usize>),
  15 | | ) -> (usize, Option<usize>) {
     | |___________________________- similarly named function `recursion_guard` defined here
     |
     = note: this error originates in the derive macro `Arbitrary` (in Nightly builds, run with -Z macro-backtrace for more info)

error[E0576]: cannot find method or associated constant `try_size_hint` in trait `arbitrary::Arbitrary`
    --> C:\Users\Devyani\.cargo\registry\src\index.crates.io-1949cf8c6b5b557f\stellar-xdr-20.1.0\src\curr\generated.rs:6331:42
     |
6331 | #[cfg_attr(feature = "arbitrary", derive(Arbitrary))]
     |                                          ^^^^^^^^^
     |
    ::: C:\Users\Devyani\.cargo\registry\src\index.crates.io-1949cf8c6b5b557f\arbitrary-1.3.2\src\lib.rs:277:5
     |
 277 |     fn size_hint(depth: usize) -> (usize, Option<usize>) {
     |     ---------------------------------------------------- similarly named associated function `size_hint` defined here
     |
     = note: this error originates in the derive macro `Arbitrary` (in Nightly builds, run with -Z macro-backtrace for more info)

error[E0425]: cannot find type `MaxRecursionReached` in crate `arbitrary`
    --> C:\Users\Devyani\.cargo\registry\src\index.crates.io-1949cf8c6b5b557f\stellar-xdr-20.1.0\src\curr\generated.rs:6377:42
     |
6377 | #[cfg_attr(feature = "arbitrary", derive(Arbitrary))]
     |                                          ^^^^^^^^^ not found in `arbitrary`
     |
     = note: this error originates in the derive macro `Arbitrary` (in Nightly builds, run with -Z macro-backtrace for more info)

error[E0425]: cannot find function `try_recursion_guard` in module `arbitrary::size_hint`
    --> C:\Users\Devyani\.cargo\registry\src\index.crates.io-1949cf8c6b5b557f\stellar-xdr-20.1.0\src\curr\generated.rs:6377:42
     |
6377 |   #[cfg_attr(feature = "arbitrary", derive(Arbitrary))]
     |                                            ^^^^^^^^^
     |
    ::: C:\Users\Devyani\.cargo\registry\src\index.crates.io-1949cf8c6b5b557f\arbitrary-1.3.2\src\size_hint.rs:12:1
     |
  12 | / pub fn recursion_guard(
  13 | |     depth: usize,
  14 | |     f: impl FnOnce(usize) -> (usize, Option<usize>),
  15 | | ) -> (usize, Option<usize>) {
     | |___________________________- similarly named function `recursion_guard` defined here
     |
     = note: this error originates in the derive macro `Arbitrary` (in Nightly builds, run with -Z macro-backtrace for more info)

error[E0576]: cannot find method or associated constant `try_size_hint` in trait `arbitrary::Arbitrary`
    --> C:\Users\Devyani\.cargo\registry\src\index.crates.io-1949cf8c6b5b557f\stellar-xdr-20.1.0\src\curr\generated.rs:6377:42
     |
6377 | #[cfg_attr(feature = "arbitrary", derive(Arbitrary))]
     |                                          ^^^^^^^^^
     |
    ::: C:\Users\Devyani\.cargo\registry\src\index.crates.io-1949cf8c6b5b557f\arbitrary-1.3.2\src\lib.rs:277:5
     |
 277 |     fn size_hint(depth: usize) -> (usize, Option<usize>) {
     |     ---------------------------------------------------- similarly named associated function `size_hint` defined here
     |
     = note: this error originates in the derive macro `Arbitrary` (in Nightly builds, run with -Z macro-backtrace for more info)

error[E0425]: cannot find type `MaxRecursionReached` in crate `arbitrary`
    --> C:\Users\Devyani\.cargo\registry\src\index.crates.io-1949cf8c6b5b557f\stellar-xdr-20.1.0\src\curr\generated.rs:6536:42
     |
6536 | #[cfg_attr(feature = "arbitrary", derive(Arbitrary))]
     |                                          ^^^^^^^^^ not found in `arbitrary`
     |
     = note: this error originates in the derive macro `Arbitrary` (in Nightly builds, run with -Z macro-backtrace for more info)

error[E0425]: cannot find function `try_recursion_guard` in module `arbitrary::size_hint`
    --> C:\Users\Devyani\.cargo\registry\src\index.crates.io-1949cf8c6b5b557f\stellar-xdr-20.1.0\src\curr\generated.rs:6536:42
     |
6536 |   #[cfg_attr(feature = "arbitrary", derive(Arbitrary))]
     |                                            ^^^^^^^^^
     |
    ::: C:\Users\Devyani\.cargo\registry\src\index.crates.io-1949cf8c6b5b557f\arbitrary-1.3.2\src\size_hint.rs:12:1
     |
  12 | / pub fn recursion_guard(
  13 | |     depth: usize,
  14 | |     f: impl FnOnce(usize) -> (usize, Option<usize>),
  15 | | ) -> (usize, Option<usize>) {
     | |___________________________- similarly named function `recursion_guard` defined here
     |
     = note: this error originates in the derive macro `Arbitrary` (in Nightly builds, run with -Z macro-backtrace for more info)

error[E0576]: cannot find method or associated constant `try_size_hint` in trait `arbitrary::Arbitrary`
    --> C:\Users\Devyani\.cargo\registry\src\index.crates.io-1949cf8c6b5b557f\stellar-xdr-20.1.0\src\curr\generated.rs:6536:42
     |
6536 | #[cfg_attr(feature = "arbitrary", derive(Arbitrary))]
     |                                          ^^^^^^^^^
     |
    ::: C:\Users\Devyani\.cargo\registry\src\index.crates.io-1949cf8c6b5b557f\arbitrary-1.3.2\src\lib.rs:277:5
     |
 277 |     fn size_hint(depth: usize) -> (usize, Option<usize>) {
     |     ---------------------------------------------------- similarly named associated function `size_hint` defined here
     |
     = note: this error originates in the derive macro `Arbitrary` (in Nightly builds, run with -Z macro-backtrace for more info)

error[E0425]: cannot find type `MaxRecursionReached` in crate `arbitrary`
    --> C:\Users\Devyani\.cargo\registry\src\index.crates.io-1949cf8c6b5b557f\stellar-xdr-20.1.0\src\curr\generated.rs:6649:42
     |
6649 | #[cfg_attr(feature = "arbitrary", derive(Arbitrary))]
     |                                          ^^^^^^^^^ not found in `arbitrary`
     |
     = note: this error originates in the derive macro `Arbitrary` (in Nightly builds, run with -Z macro-backtrace for more info)

error[E0425]: cannot find function `try_recursion_guard` in module `arbitrary::size_hint`
    --> C:\Users\Devyani\.cargo\registry\src\index.crates.io-1949cf8c6b5b557f\stellar-xdr-20.1.0\src\curr\generated.rs:6649:42
     |
6649 |   #[cfg_attr(feature = "arbitrary", derive(Arbitrary))]
     |                                            ^^^^^^^^^
     |
    ::: C:\Users\Devyani\.cargo\registry\src\index.crates.io-1949cf8c6b5b557f\arbitrary-1.3.2\src\size_hint.rs:12:1
     |
  12 | / pub fn recursion_guard(
  13 | |     depth: usize,
  14 | |     f: impl FnOnce(usize) -> (usize, Option<usize>),
  15 | | ) -> (usize, Option<usize>) {
     | |___________________________- similarly named function `recursion_guard` defined here
     |
     = note: this error originates in the derive macro `Arbitrary` (in Nightly builds, run with -Z macro-backtrace for more info)

error[E0576]: cannot find method or associated constant `try_size_hint` in trait `arbitrary::Arbitrary`
    --> C:\Users\Devyani\.cargo\registry\src\index.crates.io-1949cf8c6b5b557f\stellar-xdr-20.1.0\src\curr\generated.rs:6649:42
     |
6649 | #[cfg_attr(feature = "arbitrary", derive(Arbitrary))]
     |                                          ^^^^^^^^^
     |
    ::: C:\Users\Devyani\.cargo\registry\src\index.crates.io-1949cf8c6b5b557f\arbitrary-1.3.2\src\lib.rs:277:5
     |
 277 |     fn size_hint(depth: usize) -> (usize, Option<usize>) {
     |     ---------------------------------------------------- similarly named associated function `size_hint` defined here
     |
     = note: this error originates in the derive macro `Arbitrary` (in Nightly builds, run with -Z macro-backtrace for more info)

error[E0425]: cannot find type `MaxRecursionReached` in crate `arbitrary`
    --> C:\Users\Devyani\.cargo\registry\src\index.crates.io-1949cf8c6b5b557f\stellar-xdr-20.1.0\src\curr\generated.rs:6701:42
     |
6701 | #[cfg_attr(feature = "arbitrary", derive(Arbitrary))]
     |                                          ^^^^^^^^^ not found in `arbitrary`
     |
     = note: this error originates in the derive macro `Arbitrary` (in Nightly builds, run with -Z macro-backtrace for more info)

error[E0425]: cannot find function `try_recursion_guard` in module `arbitrary::size_hint`
    --> C:\Users\Devyani\.cargo\registry\src\index.crates.io-1949cf8c6b5b557f\stellar-xdr-20.1.0\src\curr\generated.rs:6701:42
     |
6701 |   #[cfg_attr(feature = "arbitrary", derive(Arbitrary))]
     |                                            ^^^^^^^^^
     |
    ::: C:\Users\Devyani\.cargo\registry\src\index.crates.io-1949cf8c6b5b557f\arbitrary-1.3.2\src\size_hint.rs:12:1
     |
  12 | / pub fn recursion_guard(
  13 | |     depth: usize,
  14 | |     f: impl FnOnce(usize) -> (usize, Option<usize>),
  15 | | ) -> (usize, Option<usize>) {
     | |___________________________- similarly named function `recursion_guard` defined here
     |
     = note: this error originates in the derive macro `Arbitrary` (in Nightly builds, run with -Z macro-backtrace for more info)

error[E0576]: cannot find method or associated constant `try_size_hint` in trait `arbitrary::Arbitrary`
    --> C:\Users\Devyani\.cargo\registry\src\index.crates.io-1949cf8c6b5b557f\stellar-xdr-20.1.0\src\curr\generated.rs:6701:42
     |
6701 | #[cfg_attr(feature = "arbitrary", derive(Arbitrary))]
     |                                          ^^^^^^^^^
     |
    ::: C:\Users\Devyani\.cargo\registry\src\index.crates.io-1949cf8c6b5b557f\arbitrary-1.3.2\src\lib.rs:277:5
     |
 277 |     fn size_hint(depth: usize) -> (usize, Option<usize>) {
     |     ---------------------------------------------------- similarly named associated function `size_hint` defined here
     |
     = note: this error originates in the derive macro `Arbitrary` (in Nightly builds, run with -Z macro-backtrace for more info)

error[E0425]: cannot find type `MaxRecursionReached` in crate `arbitrary`
    --> C:\Users\Devyani\.cargo\registry\src\index.crates.io-1949cf8c6b5b557f\stellar-xdr-20.1.0\src\curr\generated.rs:6751:42
     |
6751 | #[cfg_attr(feature = "arbitrary", derive(Arbitrary))]
     |                                          ^^^^^^^^^ not found in `arbitrary`
     |
     = note: this error originates in the derive macro `Arbitrary` (in Nightly builds, run with -Z macro-backtrace for more info)

error[E0425]: cannot find function `try_recursion_guard` in module `arbitrary::size_hint`
    --> C:\Users\Devyani\.cargo\registry\src\index.crates.io-1949cf8c6b5b557f\stellar-xdr-20.1.0\src\curr\generated.rs:6751:42
     |
6751 |   #[cfg_attr(feature = "arbitrary", derive(Arbitrary))]
     |                                            ^^^^^^^^^
     |
    ::: C:\Users\Devyani\.cargo\registry\src\index.crates.io-1949cf8c6b5b557f\arbitrary-1.3.2\src\size_hint.rs:12:1
     |
  12 | / pub fn recursion_guard(
  13 | |     depth: usize,
  14 | |     f: impl FnOnce(usize) -> (usize, Option<usize>),
  15 | | ) -> (usize, Option<usize>) {
     | |___________________________- similarly named function `recursion_guard` defined here
     |
     = note: this error originates in the derive macro `Arbitrary` (in Nightly builds, run with -Z macro-backtrace for more info)

error[E0576]: cannot find method or associated constant `try_size_hint` in trait `arbitrary::Arbitrary`
    --> C:\Users\Devyani\.cargo\registry\src\index.crates.io-1949cf8c6b5b557f\stellar-xdr-20.1.0\src\curr\generated.rs:6751:42
     |
6751 | #[cfg_attr(feature = "arbitrary", derive(Arbitrary))]
     |                                          ^^^^^^^^^
     |
    ::: C:\Users\Devyani\.cargo\registry\src\index.crates.io-1949cf8c6b5b557f\arbitrary-1.3.2\src\lib.rs:277:5
     |
 277 |     fn size_hint(depth: usize) -> (usize, Option<usize>) {
     |     ---------------------------------------------------- similarly named associated function `size_hint` defined here
     |
     = note: this error originates in the derive macro `Arbitrary` (in Nightly builds, run with -Z macro-backtrace for more info)

error[E0425]: cannot find type `MaxRecursionReached` in crate `arbitrary`
    --> C:\Users\Devyani\.cargo\registry\src\index.crates.io-1949cf8c6b5b557f\stellar-xdr-20.1.0\src\curr\generated.rs:6803:42
     |
6803 | #[cfg_attr(feature = "arbitrary", derive(Arbitrary))]
     |                                          ^^^^^^^^^ not found in `arbitrary`
     |
     = note: this error originates in the derive macro `Arbitrary` (in Nightly builds, run with -Z macro-backtrace for more info)

error[E0425]: cannot find function `try_recursion_guard` in module `arbitrary::size_hint`
    --> C:\Users\Devyani\.cargo\registry\src\index.crates.io-1949cf8c6b5b557f\stellar-xdr-20.1.0\src\curr\generated.rs:6803:42
     |
6803 |   #[cfg_attr(feature = "arbitrary", derive(Arbitrary))]
     |                                            ^^^^^^^^^
     |
    ::: C:\Users\Devyani\.cargo\registry\src\index.crates.io-1949cf8c6b5b557f\arbitrary-1.3.2\src\size_hint.rs:12:1
     |
  12 | / pub fn recursion_guard(
  13 | |     depth: usize,
  14 | |     f: impl FnOnce(usize) -> (usize, Option<usize>),
  15 | | ) -> (usize, Option<usize>) {
     | |___________________________- similarly named function `recursion_guard` defined here
     |
     = note: this error originates in the derive macro `Arbitrary` (in Nightly builds, run with -Z macro-backtrace for more info)

error[E0576]: cannot find method or associated constant `try_size_hint` in trait `arbitrary::Arbitrary`
    --> C:\Users\Devyani\.cargo\registry\src\index.crates.io-1949cf8c6b5b557f\stellar-xdr-20.1.0\src\curr\generated.rs:6803:42
     |
6803 | #[cfg_attr(feature = "arbitrary", derive(Arbitrary))]
     |                                          ^^^^^^^^^
     |
    ::: C:\Users\Devyani\.cargo\registry\src\index.crates.io-1949cf8c6b5b557f\arbitrary-1.3.2\src\lib.rs:277:5
     |
 277 |     fn size_hint(depth: usize) -> (usize, Option<usize>) {
     |     ---------------------------------------------------- similarly named associated function `size_hint` defined here
     |
     = note: this error originates in the derive macro `Arbitrary` (in Nightly builds, run with -Z macro-backtrace for more info)

error[E0425]: cannot find type `MaxRecursionReached` in crate `arbitrary`
    --> C:\Users\Devyani\.cargo\registry\src\index.crates.io-1949cf8c6b5b557f\stellar-xdr-20.1.0\src\curr\generated.rs:6853:42
     |
6853 | #[cfg_attr(feature = "arbitrary", derive(Arbitrary))]
     |                                          ^^^^^^^^^ not found in `arbitrary`
     |
     = note: this error originates in the derive macro `Arbitrary` (in Nightly builds, run with -Z macro-backtrace for more info)

error[E0425]: cannot find function `try_recursion_guard` in module `arbitrary::size_hint`
    --> C:\Users\Devyani\.cargo\registry\src\index.crates.io-1949cf8c6b5b557f\stellar-xdr-20.1.0\src\curr\generated.rs:6853:42
     |
6853 |   #[cfg_attr(feature = "arbitrary", derive(Arbitrary))]
     |                                            ^^^^^^^^^
     |
    ::: C:\Users\Devyani\.cargo\registry\src\index.crates.io-1949cf8c6b5b557f\arbitrary-1.3.2\src\size_hint.rs:12:1
     |
  12 | / pub fn recursion_guard(
  13 | |     depth: usize,
  14 | |     f: impl FnOnce(usize) -> (usize, Option<usize>),
  15 | | ) -> (usize, Option<usize>) {
     | |___________________________- similarly named function `recursion_guard` defined here
     |
     = note: this error originates in the derive macro `Arbitrary` (in Nightly builds, run with -Z macro-backtrace for more info)

error[E0576]: cannot find method or associated constant `try_size_hint` in trait `arbitrary::Arbitrary`
    --> C:\Users\Devyani\.cargo\registry\src\index.crates.io-1949cf8c6b5b557f\stellar-xdr-20.1.0\src\curr\generated.rs:6853:42
     |
6853 | #[cfg_attr(feature = "arbitrary", derive(Arbitrary))]
     |                                          ^^^^^^^^^
     |
    ::: C:\Users\Devyani\.cargo\registry\src\index.crates.io-1949cf8c6b5b557f\arbitrary-1.3.2\src\lib.rs:277:5
     |
 277 |     fn size_hint(depth: usize) -> (usize, Option<usize>) {
     |     ---------------------------------------------------- similarly named associated function `size_hint` defined here
     |
     = note: this error originates in the derive macro `Arbitrary` (in Nightly builds, run with -Z macro-backtrace for more info)

error[E0425]: cannot find type `MaxRecursionReached` in crate `arbitrary`
    --> C:\Users\Devyani\.cargo\registry\src\index.crates.io-1949cf8c6b5b557f\stellar-xdr-20.1.0\src\curr\generated.rs:6905:42
     |
6905 | #[cfg_attr(feature = "arbitrary", derive(Arbitrary))]
     |                                          ^^^^^^^^^ not found in `arbitrary`
     |
     = note: this error originates in the derive macro `Arbitrary` (in Nightly builds, run with -Z macro-backtrace for more info)

error[E0425]: cannot find function `try_recursion_guard` in module `arbitrary::size_hint`
    --> C:\Users\Devyani\.cargo\registry\src\index.crates.io-1949cf8c6b5b557f\stellar-xdr-20.1.0\src\curr\generated.rs:6905:42
     |
6905 |   #[cfg_attr(feature = "arbitrary", derive(Arbitrary))]
     |                                            ^^^^^^^^^
     |
    ::: C:\Users\Devyani\.cargo\registry\src\index.crates.io-1949cf8c6b5b557f\arbitrary-1.3.2\src\size_hint.rs:12:1
     |
  12 | / pub fn recursion_guard(
  13 | |     depth: usize,
  14 | |     f: impl FnOnce(usize) -> (usize, Option<usize>),
  15 | | ) -> (usize, Option<usize>) {
     | |___________________________- similarly named function `recursion_guard` defined here
     |
     = note: this error originates in the derive macro `Arbitrary` (in Nightly builds, run with -Z macro-backtrace for more info)

error[E0576]: cannot find method or associated constant `try_size_hint` in trait `arbitrary::Arbitrary`
    --> C:\Users\Devyani\.cargo\registry\src\index.crates.io-1949cf8c6b5b557f\stellar-xdr-20.1.0\src\curr\generated.rs:6905:42
     |
6905 | #[cfg_attr(feature = "arbitrary", derive(Arbitrary))]
     |                                          ^^^^^^^^^
     |
    ::: C:\Users\Devyani\.cargo\registry\src\index.crates.io-1949cf8c6b5b557f\arbitrary-1.3.2\src\lib.rs:277:5
     |
 277 |     fn size_hint(depth: usize) -> (usize, Option<usize>) {
     |     ---------------------------------------------------- similarly named associated function `size_hint` defined here
     |
     = note: this error originates in the derive macro `Arbitrary` (in Nightly builds, run with -Z macro-backtrace for more info)

error[E0425]: cannot find type `MaxRecursionReached` in crate `arbitrary`
    --> C:\Users\Devyani\.cargo\registry\src\index.crates.io-1949cf8c6b5b557f\stellar-xdr-20.1.0\src\curr\generated.rs:6955:42
     |
6955 | #[cfg_attr(feature = "arbitrary", derive(Arbitrary))]
     |                                          ^^^^^^^^^ not found in `arbitrary`
     |
     = note: this error originates in the derive macro `Arbitrary` (in Nightly builds, run with -Z macro-backtrace for more info)

error[E0425]: cannot find function `try_recursion_guard` in module `arbitrary::size_hint`
    --> C:\Users\Devyani\.cargo\registry\src\index.crates.io-1949cf8c6b5b557f\stellar-xdr-20.1.0\src\curr\generated.rs:6955:42
     |
6955 |   #[cfg_attr(feature = "arbitrary", derive(Arbitrary))]
     |                                            ^^^^^^^^^
     |
    ::: C:\Users\Devyani\.cargo\registry\src\index.crates.io-1949cf8c6b5b557f\arbitrary-1.3.2\src\size_hint.rs:12:1
     |
  12 | / pub fn recursion_guard(
  13 | |     depth: usize,
  14 | |     f: impl FnOnce(usize) -> (usize, Option<usize>),
  15 | | ) -> (usize, Option<usize>) {
     | |___________________________- similarly named function `recursion_guard` defined here
     |
     = note: this error originates in the derive macro `Arbitrary` (in Nightly builds, run with -Z macro-backtrace for more info)

error[E0576]: cannot find method or associated constant `try_size_hint` in trait `arbitrary::Arbitrary`
    --> C:\Users\Devyani\.cargo\registry\src\index.crates.io-1949cf8c6b5b557f\stellar-xdr-20.1.0\src\curr\generated.rs:6955:42
     |
6955 | #[cfg_attr(feature = "arbitrary", derive(Arbitrary))]
     |                                          ^^^^^^^^^
     |
    ::: C:\Users\Devyani\.cargo\registry\src\index.crates.io-1949cf8c6b5b557f\arbitrary-1.3.2\src\lib.rs:277:5
     |
 277 |     fn size_hint(depth: usize) -> (usize, Option<usize>) {
     |     ---------------------------------------------------- similarly named associated function `size_hint` defined here
     |
     = note: this error originates in the derive macro `Arbitrary` (in Nightly builds, run with -Z macro-backtrace for more info)

error[E0425]: cannot find type `MaxRecursionReached` in crate `arbitrary`
    --> C:\Users\Devyani\.cargo\registry\src\index.crates.io-1949cf8c6b5b557f\stellar-xdr-20.1.0\src\curr\generated.rs:7144:42
     |
7144 | #[cfg_attr(feature = "arbitrary", derive(Arbitrary))]
     |                                          ^^^^^^^^^ not found in `arbitrary`
     |
     = note: this error originates in the derive macro `Arbitrary` (in Nightly builds, run with -Z macro-backtrace for more info)

error[E0425]: cannot find function `try_recursion_guard` in module `arbitrary::size_hint`
    --> C:\Users\Devyani\.cargo\registry\src\index.crates.io-1949cf8c6b5b557f\stellar-xdr-20.1.0\src\curr\generated.rs:7144:42
     |
7144 |   #[cfg_attr(feature = "arbitrary", derive(Arbitrary))]
     |                                            ^^^^^^^^^
     |
    ::: C:\Users\Devyani\.cargo\registry\src\index.crates.io-1949cf8c6b5b557f\arbitrary-1.3.2\src\size_hint.rs:12:1
     |
  12 | / pub fn recursion_guard(
  13 | |     depth: usize,
  14 | |     f: impl FnOnce(usize) -> (usize, Option<usize>),
  15 | | ) -> (usize, Option<usize>) {
     | |___________________________- similarly named function `recursion_guard` defined here
     |
     = note: this error originates in the derive macro `Arbitrary` (in Nightly builds, run with -Z macro-backtrace for more info)

error[E0576]: cannot find method or associated constant `try_size_hint` in trait `arbitrary::Arbitrary`
    --> C:\Users\Devyani\.cargo\registry\src\index.crates.io-1949cf8c6b5b557f\stellar-xdr-20.1.0\src\curr\generated.rs:7144:42
     |
7144 | #[cfg_attr(feature = "arbitrary", derive(Arbitrary))]
     |                                          ^^^^^^^^^
     |
    ::: C:\Users\Devyani\.cargo\registry\src\index.crates.io-1949cf8c6b5b557f\arbitrary-1.3.2\src\lib.rs:277:5
     |
 277 |     fn size_hint(depth: usize) -> (usize, Option<usize>) {
     |     ---------------------------------------------------- similarly named associated function `size_hint` defined here
     |
     = note: this error originates in the derive macro `Arbitrary` (in Nightly builds, run with -Z macro-backtrace for more info)

error[E0425]: cannot find type `MaxRecursionReached` in crate `arbitrary`
    --> C:\Users\Devyani\.cargo\registry\src\index.crates.io-1949cf8c6b5b557f\stellar-xdr-20.1.0\src\curr\generated.rs:7858:42
     |
7858 | #[cfg_attr(feature = "arbitrary", derive(Arbitrary))]
     |                                          ^^^^^^^^^ not found in `arbitrary`
     |
     = note: this error originates in the derive macro `Arbitrary` (in Nightly builds, run with -Z macro-backtrace for more info)

error[E0425]: cannot find function `try_recursion_guard` in module `arbitrary::size_hint`
    --> C:\Users\Devyani\.cargo\registry\src\index.crates.io-1949cf8c6b5b557f\stellar-xdr-20.1.0\src\curr\generated.rs:7858:42
     |
7858 |   #[cfg_attr(feature = "arbitrary", derive(Arbitrary))]
     |                                            ^^^^^^^^^
     |
    ::: C:\Users\Devyani\.cargo\registry\src\index.crates.io-1949cf8c6b5b557f\arbitrary-1.3.2\src\size_hint.rs:12:1
     |
  12 | / pub fn recursion_guard(
  13 | |     depth: usize,
  14 | |     f: impl FnOnce(usize) -> (usize, Option<usize>),
  15 | | ) -> (usize, Option<usize>) {
     | |___________________________- similarly named function `recursion_guard` defined here
     |
     = note: this error originates in the derive macro `Arbitrary` (in Nightly builds, run with -Z macro-backtrace for more info)

error[E0576]: cannot find method or associated constant `try_size_hint` in trait `arbitrary::Arbitrary`
    --> C:\Users\Devyani\.cargo\registry\src\index.crates.io-1949cf8c6b5b557f\stellar-xdr-20.1.0\src\curr\generated.rs:7858:42
     |
7858 | #[cfg_attr(feature = "arbitrary", derive(Arbitrary))]
     |                                          ^^^^^^^^^
     |
    ::: C:\Users\Devyani\.cargo\registry\src\index.crates.io-1949cf8c6b5b557f\arbitrary-1.3.2\src\lib.rs:277:5
     |
 277 |     fn size_hint(depth: usize) -> (usize, Option<usize>) {
     |     ---------------------------------------------------- similarly named associated function `size_hint` defined here
     |
     = note: this error originates in the derive macro `Arbitrary` (in Nightly builds, run with -Z macro-backtrace for more info)

error[E0425]: cannot find type `MaxRecursionReached` in crate `arbitrary`
    --> C:\Users\Devyani\.cargo\registry\src\index.crates.io-1949cf8c6b5b557f\stellar-xdr-20.1.0\src\curr\generated.rs:8015:42
     |
8015 | #[cfg_attr(feature = "arbitrary", derive(Arbitrary))]
     |                                          ^^^^^^^^^ not found in `arbitrary`
     |
     = note: this error originates in the derive macro `Arbitrary` (in Nightly builds, run with -Z macro-backtrace for more info)

error[E0425]: cannot find function `try_recursion_guard` in module `arbitrary::size_hint`
    --> C:\Users\Devyani\.cargo\registry\src\index.crates.io-1949cf8c6b5b557f\stellar-xdr-20.1.0\src\curr\generated.rs:8015:42
     |
8015 |   #[cfg_attr(feature = "arbitrary", derive(Arbitrary))]
     |                                            ^^^^^^^^^
     |
    ::: C:\Users\Devyani\.cargo\registry\src\index.crates.io-1949cf8c6b5b557f\arbitrary-1.3.2\src\size_hint.rs:12:1
     |
  12 | / pub fn recursion_guard(
  13 | |     depth: usize,
  14 | |     f: impl FnOnce(usize) -> (usize, Option<usize>),
  15 | | ) -> (usize, Option<usize>) {
     | |___________________________- similarly named function `recursion_guard` defined here
     |
     = note: this error originates in the derive macro `Arbitrary` (in Nightly builds, run with -Z macro-backtrace for more info)

error[E0576]: cannot find method or associated constant `try_size_hint` in trait `arbitrary::Arbitrary`
    --> C:\Users\Devyani\.cargo\registry\src\index.crates.io-1949cf8c6b5b557f\stellar-xdr-20.1.0\src\curr\generated.rs:8015:42
     |
8015 | #[cfg_attr(feature = "arbitrary", derive(Arbitrary))]
     |                                          ^^^^^^^^^
     |
    ::: C:\Users\Devyani\.cargo\registry\src\index.crates.io-1949cf8c6b5b557f\arbitrary-1.3.2\src\lib.rs:277:5
     |
 277 |     fn size_hint(depth: usize) -> (usize, Option<usize>) {
     |     ---------------------------------------------------- similarly named associated function `size_hint` defined here
     |
     = note: this error originates in the derive macro `Arbitrary` (in Nightly builds, run with -Z macro-backtrace for more info)

error[E0425]: cannot find type `MaxRecursionReached` in crate `arbitrary`
    --> C:\Users\Devyani\.cargo\registry\src\index.crates.io-1949cf8c6b5b557f\stellar-xdr-20.1.0\src\curr\generated.rs:8059:42
     |
8059 | #[cfg_attr(feature = "arbitrary", derive(Arbitrary))]
     |                                          ^^^^^^^^^ not found in `arbitrary`
     |
     = note: this error originates in the derive macro `Arbitrary` (in Nightly builds, run with -Z macro-backtrace for more info)

error[E0425]: cannot find function `try_recursion_guard` in module `arbitrary::size_hint`
    --> C:\Users\Devyani\.cargo\registry\src\index.crates.io-1949cf8c6b5b557f\stellar-xdr-20.1.0\src\curr\generated.rs:8059:42
     |
8059 |   #[cfg_attr(feature = "arbitrary", derive(Arbitrary))]
     |                                            ^^^^^^^^^
     |
    ::: C:\Users\Devyani\.cargo\registry\src\index.crates.io-1949cf8c6b5b557f\arbitrary-1.3.2\src\size_hint.rs:12:1
     |
  12 | / pub fn recursion_guard(
  13 | |     depth: usize,
  14 | |     f: impl FnOnce(usize) -> (usize, Option<usize>),
  15 | | ) -> (usize, Option<usize>) {
     | |___________________________- similarly named function `recursion_guard` defined here
     |
     = note: this error originates in the derive macro `Arbitrary` (in Nightly builds, run with -Z macro-backtrace for more info)

error[E0576]: cannot find method or associated constant `try_size_hint` in trait `arbitrary::Arbitrary`
    --> C:\Users\Devyani\.cargo\registry\src\index.crates.io-1949cf8c6b5b557f\stellar-xdr-20.1.0\src\curr\generated.rs:8059:42
     |
8059 | #[cfg_attr(feature = "arbitrary", derive(Arbitrary))]
     |                                          ^^^^^^^^^
     |
    ::: C:\Users\Devyani\.cargo\registry\src\index.crates.io-1949cf8c6b5b557f\arbitrary-1.3.2\src\lib.rs:277:5
     |
 277 |     fn size_hint(depth: usize) -> (usize, Option<usize>) {
     |     ---------------------------------------------------- similarly named associated function `size_hint` defined here
     |
     = note: this error originates in the derive macro `Arbitrary` (in Nightly builds, run with -Z macro-backtrace for more info)

error[E0425]: cannot find type `MaxRecursionReached` in crate `arbitrary`
    --> C:\Users\Devyani\.cargo\registry\src\index.crates.io-1949cf8c6b5b557f\stellar-xdr-20.1.0\src\curr\generated.rs:8105:42
     |
8105 | #[cfg_attr(feature = "arbitrary", derive(Arbitrary))]
     |                                          ^^^^^^^^^ not found in `arbitrary`
     |
     = note: this error originates in the derive macro `Arbitrary` (in Nightly builds, run with -Z macro-backtrace for more info)

error[E0425]: cannot find function `try_recursion_guard` in module `arbitrary::size_hint`
    --> C:\Users\Devyani\.cargo\registry\src\index.crates.io-1949cf8c6b5b557f\stellar-xdr-20.1.0\src\curr\generated.rs:8105:42
     |
8105 |   #[cfg_attr(feature = "arbitrary", derive(Arbitrary))]
     |                                            ^^^^^^^^^
     |
    ::: C:\Users\Devyani\.cargo\registry\src\index.crates.io-1949cf8c6b5b557f\arbitrary-1.3.2\src\size_hint.rs:12:1
     |
  12 | / pub fn recursion_guard(
  13 | |     depth: usize,
  14 | |     f: impl FnOnce(usize) -> (usize, Option<usize>),
  15 | | ) -> (usize, Option<usize>) {
     | |___________________________- similarly named function `recursion_guard` defined here
     |
     = note: this error originates in the derive macro `Arbitrary` (in Nightly builds, run with -Z macro-backtrace for more info)

error[E0576]: cannot find method or associated constant `try_size_hint` in trait `arbitrary::Arbitrary`
    --> C:\Users\Devyani\.cargo\registry\src\index.crates.io-1949cf8c6b5b557f\stellar-xdr-20.1.0\src\curr\generated.rs:8105:42
     |
8105 | #[cfg_attr(feature = "arbitrary", derive(Arbitrary))]
     |                                          ^^^^^^^^^
     |
    ::: C:\Users\Devyani\.cargo\registry\src\index.crates.io-1949cf8c6b5b557f\arbitrary-1.3.2\src\lib.rs:277:5
     |
 277 |     fn size_hint(depth: usize) -> (usize, Option<usize>) {
     |     ---------------------------------------------------- similarly named associated function `size_hint` defined here
     |
     = note: this error originates in the derive macro `Arbitrary` (in Nightly builds, run with -Z macro-backtrace for more info)

error[E0425]: cannot find type `MaxRecursionReached` in crate `arbitrary`
    --> C:\Users\Devyani\.cargo\registry\src\index.crates.io-1949cf8c6b5b557f\stellar-xdr-20.1.0\src\curr\generated.rs:8157:42
     |
8157 | #[cfg_attr(feature = "arbitrary", derive(Arbitrary))]
     |                                          ^^^^^^^^^ not found in `arbitrary`
     |
     = note: this error originates in the derive macro `Arbitrary` (in Nightly builds, run with -Z macro-backtrace for more info)

error[E0425]: cannot find function `try_recursion_guard` in module `arbitrary::size_hint`
    --> C:\Users\Devyani\.cargo\registry\src\index.crates.io-1949cf8c6b5b557f\stellar-xdr-20.1.0\src\curr\generated.rs:8157:42
     |
8157 |   #[cfg_attr(feature = "arbitrary", derive(Arbitrary))]
     |                                            ^^^^^^^^^
     |
    ::: C:\Users\Devyani\.cargo\registry\src\index.crates.io-1949cf8c6b5b557f\arbitrary-1.3.2\src\size_hint.rs:12:1
     |
  12 | / pub fn recursion_guard(
  13 | |     depth: usize,
  14 | |     f: impl FnOnce(usize) -> (usize, Option<usize>),
  15 | | ) -> (usize, Option<usize>) {
     | |___________________________- similarly named function `recursion_guard` defined here
     |
     = note: this error originates in the derive macro `Arbitrary` (in Nightly builds, run with -Z macro-backtrace for more info)

error[E0576]: cannot find method or associated constant `try_size_hint` in trait `arbitrary::Arbitrary`
    --> C:\Users\Devyani\.cargo\registry\src\index.crates.io-1949cf8c6b5b557f\stellar-xdr-20.1.0\src\curr\generated.rs:8157:42
     |
8157 | #[cfg_attr(feature = "arbitrary", derive(Arbitrary))]
     |                                          ^^^^^^^^^
     |
    ::: C:\Users\Devyani\.cargo\registry\src\index.crates.io-1949cf8c6b5b557f\arbitrary-1.3.2\src\lib.rs:277:5
     |
 277 |     fn size_hint(depth: usize) -> (usize, Option<usize>) {
     |     ---------------------------------------------------- similarly named associated function `size_hint` defined here
     |
     = note: this error originates in the derive macro `Arbitrary` (in Nightly builds, run with -Z macro-backtrace for more info)

error[E0425]: cannot find type `MaxRecursionReached` in crate `arbitrary`
    --> C:\Users\Devyani\.cargo\registry\src\index.crates.io-1949cf8c6b5b557f\stellar-xdr-20.1.0\src\curr\generated.rs:8319:42
     |
8319 | #[cfg_attr(feature = "arbitrary", derive(Arbitrary))]
     |                                          ^^^^^^^^^ not found in `arbitrary`
     |
     = note: this error originates in the derive macro `Arbitrary` (in Nightly builds, run with -Z macro-backtrace for more info)

error[E0425]: cannot find function `try_recursion_guard` in module `arbitrary::size_hint`
    --> C:\Users\Devyani\.cargo\registry\src\index.crates.io-1949cf8c6b5b557f\stellar-xdr-20.1.0\src\curr\generated.rs:8319:42
     |
8319 |   #[cfg_attr(feature = "arbitrary", derive(Arbitrary))]
     |                                            ^^^^^^^^^
     |
    ::: C:\Users\Devyani\.cargo\registry\src\index.crates.io-1949cf8c6b5b557f\arbitrary-1.3.2\src\size_hint.rs:12:1
     |
  12 | / pub fn recursion_guard(
  13 | |     depth: usize,
  14 | |     f: impl FnOnce(usize) -> (usize, Option<usize>),
  15 | | ) -> (usize, Option<usize>) {
     | |___________________________- similarly named function `recursion_guard` defined here
     |
     = note: this error originates in the derive macro `Arbitrary` (in Nightly builds, run with -Z macro-backtrace for more info)

error[E0576]: cannot find method or associated constant `try_size_hint` in trait `arbitrary::Arbitrary`
    --> C:\Users\Devyani\.cargo\registry\src\index.crates.io-1949cf8c6b5b557f\stellar-xdr-20.1.0\src\curr\generated.rs:8319:42
     |
8319 | #[cfg_attr(feature = "arbitrary", derive(Arbitrary))]
     |                                          ^^^^^^^^^
     |
    ::: C:\Users\Devyani\.cargo\registry\src\index.crates.io-1949cf8c6b5b557f\arbitrary-1.3.2\src\lib.rs:277:5
     |
 277 |     fn size_hint(depth: usize) -> (usize, Option<usize>) {
     |     ---------------------------------------------------- similarly named associated function `size_hint` defined here
     |
     = note: this error originates in the derive macro `Arbitrary` (in Nightly builds, run with -Z macro-backtrace for more info)

error[E0425]: cannot find type `MaxRecursionReached` in crate `arbitrary`
    --> C:\Users\Devyani\.cargo\registry\src\index.crates.io-1949cf8c6b5b557f\stellar-xdr-20.1.0\src\curr\generated.rs:8534:42
     |
8534 | #[cfg_attr(feature = "arbitrary", derive(Arbitrary))]
     |                                          ^^^^^^^^^ not found in `arbitrary`
     |
     = note: this error originates in the derive macro `Arbitrary` (in Nightly builds, run with -Z macro-backtrace for more info)

error[E0425]: cannot find function `try_recursion_guard` in module `arbitrary::size_hint`
    --> C:\Users\Devyani\.cargo\registry\src\index.crates.io-1949cf8c6b5b557f\stellar-xdr-20.1.0\src\curr\generated.rs:8534:42
     |
8534 |   #[cfg_attr(feature = "arbitrary", derive(Arbitrary))]
     |                                            ^^^^^^^^^
     |
    ::: C:\Users\Devyani\.cargo\registry\src\index.crates.io-1949cf8c6b5b557f\arbitrary-1.3.2\src\size_hint.rs:12:1
     |
  12 | / pub fn recursion_guard(
  13 | |     depth: usize,
  14 | |     f: impl FnOnce(usize) -> (usize, Option<usize>),
  15 | | ) -> (usize, Option<usize>) {
     | |___________________________- similarly named function `recursion_guard` defined here
     |
     = note: this error originates in the derive macro `Arbitrary` (in Nightly builds, run with -Z macro-backtrace for more info)

error[E0576]: cannot find method or associated constant `try_size_hint` in trait `arbitrary::Arbitrary`
    --> C:\Users\Devyani\.cargo\registry\src\index.crates.io-1949cf8c6b5b557f\stellar-xdr-20.1.0\src\curr\generated.rs:8534:42
     |
8534 | #[cfg_attr(feature = "arbitrary", derive(Arbitrary))]
     |                                          ^^^^^^^^^
     |
    ::: C:\Users\Devyani\.cargo\registry\src\index.crates.io-1949cf8c6b5b557f\arbitrary-1.3.2\src\lib.rs:277:5
     |
 277 |     fn size_hint(depth: usize) -> (usize, Option<usize>) {
     |     ---------------------------------------------------- similarly named associated function `size_hint` defined here
     |
     = note: this error originates in the derive macro `Arbitrary` (in Nightly builds, run with -Z macro-backtrace for more info)

error[E0425]: cannot find type `MaxRecursionReached` in crate `arbitrary`
    --> C:\Users\Devyani\.cargo\registry\src\index.crates.io-1949cf8c6b5b557f\stellar-xdr-20.1.0\src\curr\generated.rs:8641:42
     |
8641 | #[cfg_attr(feature = "arbitrary", derive(Arbitrary))]
     |                                          ^^^^^^^^^ not found in `arbitrary`
     |
     = note: this error originates in the derive macro `Arbitrary` (in Nightly builds, run with -Z macro-backtrace for more info)

error[E0425]: cannot find function `try_recursion_guard` in module `arbitrary::size_hint`
    --> C:\Users\Devyani\.cargo\registry\src\index.crates.io-1949cf8c6b5b557f\stellar-xdr-20.1.0\src\curr\generated.rs:8641:42
     |
8641 |   #[cfg_attr(feature = "arbitrary", derive(Arbitrary))]
     |                                            ^^^^^^^^^
     |
    ::: C:\Users\Devyani\.cargo\registry\src\index.crates.io-1949cf8c6b5b557f\arbitrary-1.3.2\src\size_hint.rs:12:1
     |
  12 | / pub fn recursion_guard(
  13 | |     depth: usize,
  14 | |     f: impl FnOnce(usize) -> (usize, Option<usize>),
  15 | | ) -> (usize, Option<usize>) {
     | |___________________________- similarly named function `recursion_guard` defined here
     |
     = note: this error originates in the derive macro `Arbitrary` (in Nightly builds, run with -Z macro-backtrace for more info)

error[E0576]: cannot find method or associated constant `try_size_hint` in trait `arbitrary::Arbitrary`
    --> C:\Users\Devyani\.cargo\registry\src\index.crates.io-1949cf8c6b5b557f\stellar-xdr-20.1.0\src\curr\generated.rs:8641:42
     |
8641 | #[cfg_attr(feature = "arbitrary", derive(Arbitrary))]
     |                                          ^^^^^^^^^
     |
    ::: C:\Users\Devyani\.cargo\registry\src\index.crates.io-1949cf8c6b5b557f\arbitrary-1.3.2\src\lib.rs:277:5
     |
 277 |     fn size_hint(depth: usize) -> (usize, Option<usize>) {
     |     ---------------------------------------------------- similarly named associated function `size_hint` defined here
     |
     = note: this error originates in the derive macro `Arbitrary` (in Nightly builds, run with -Z macro-backtrace for more info)

error[E0425]: cannot find type `MaxRecursionReached` in crate `arbitrary`
    --> C:\Users\Devyani\.cargo\registry\src\index.crates.io-1949cf8c6b5b557f\stellar-xdr-20.1.0\src\curr\generated.rs:8746:42
     |
8746 | #[cfg_attr(feature = "arbitrary", derive(Arbitrary))]
     |                                          ^^^^^^^^^ not found in `arbitrary`
     |
     = note: this error originates in the derive macro `Arbitrary` (in Nightly builds, run with -Z macro-backtrace for more info)

error[E0425]: cannot find function `try_recursion_guard` in module `arbitrary::size_hint`
    --> C:\Users\Devyani\.cargo\registry\src\index.crates.io-1949cf8c6b5b557f\stellar-xdr-20.1.0\src\curr\generated.rs:8746:42
     |
8746 |   #[cfg_attr(feature = "arbitrary", derive(Arbitrary))]
     |                                            ^^^^^^^^^
     |
    ::: C:\Users\Devyani\.cargo\registry\src\index.crates.io-1949cf8c6b5b557f\arbitrary-1.3.2\src\size_hint.rs:12:1
     |
  12 | / pub fn recursion_guard(
  13 | |     depth: usize,
  14 | |     f: impl FnOnce(usize) -> (usize, Option<usize>),
  15 | | ) -> (usize, Option<usize>) {
     | |___________________________- similarly named function `recursion_guard` defined here
     |
     = note: this error originates in the derive macro `Arbitrary` (in Nightly builds, run with -Z macro-backtrace for more info)

error[E0576]: cannot find method or associated constant `try_size_hint` in trait `arbitrary::Arbitrary`
    --> C:\Users\Devyani\.cargo\registry\src\index.crates.io-1949cf8c6b5b557f\stellar-xdr-20.1.0\src\curr\generated.rs:8746:42
     |
8746 | #[cfg_attr(feature = "arbitrary", derive(Arbitrary))]
     |                                          ^^^^^^^^^
     |
    ::: C:\Users\Devyani\.cargo\registry\src\index.crates.io-1949cf8c6b5b557f\arbitrary-1.3.2\src\lib.rs:277:5
     |
 277 |     fn size_hint(depth: usize) -> (usize, Option<usize>) {
     |     ---------------------------------------------------- similarly named associated function `size_hint` defined here
     |
     = note: this error originates in the derive macro `Arbitrary` (in Nightly builds, run with -Z macro-backtrace for more info)

error[E0425]: cannot find type `MaxRecursionReached` in crate `arbitrary`
    --> C:\Users\Devyani\.cargo\registry\src\index.crates.io-1949cf8c6b5b557f\stellar-xdr-20.1.0\src\curr\generated.rs:8851:42
     |
8851 | #[cfg_attr(feature = "arbitrary", derive(Arbitrary))]
     |                                          ^^^^^^^^^ not found in `arbitrary`
     |
     = note: this error originates in the derive macro `Arbitrary` (in Nightly builds, run with -Z macro-backtrace for more info)

error[E0425]: cannot find function `try_recursion_guard` in module `arbitrary::size_hint`
    --> C:\Users\Devyani\.cargo\registry\src\index.crates.io-1949cf8c6b5b557f\stellar-xdr-20.1.0\src\curr\generated.rs:8851:42
     |
8851 |   #[cfg_attr(feature = "arbitrary", derive(Arbitrary))]
     |                                            ^^^^^^^^^
     |
    ::: C:\Users\Devyani\.cargo\registry\src\index.crates.io-1949cf8c6b5b557f\arbitrary-1.3.2\src\size_hint.rs:12:1
     |
  12 | / pub fn recursion_guard(
  13 | |     depth: usize,
  14 | |     f: impl FnOnce(usize) -> (usize, Option<usize>),
  15 | | ) -> (usize, Option<usize>) {
     | |___________________________- similarly named function `recursion_guard` defined here
     |
     = note: this error originates in the derive macro `Arbitrary` (in Nightly builds, run with -Z macro-backtrace for more info)

error[E0576]: cannot find method or associated constant `try_size_hint` in trait `arbitrary::Arbitrary`
    --> C:\Users\Devyani\.cargo\registry\src\index.crates.io-1949cf8c6b5b557f\stellar-xdr-20.1.0\src\curr\generated.rs:8851:42
     |
8851 | #[cfg_attr(feature = "arbitrary", derive(Arbitrary))]
     |                                          ^^^^^^^^^
     |
    ::: C:\Users\Devyani\.cargo\registry\src\index.crates.io-1949cf8c6b5b557f\arbitrary-1.3.2\src\lib.rs:277:5
     |
 277 |     fn size_hint(depth: usize) -> (usize, Option<usize>) {
     |     ---------------------------------------------------- similarly named associated function `size_hint` defined here
     |
     = note: this error originates in the derive macro `Arbitrary` (in Nightly builds, run with -Z macro-backtrace for more info)

error[E0425]: cannot find type `MaxRecursionReached` in crate `arbitrary`
    --> C:\Users\Devyani\.cargo\registry\src\index.crates.io-1949cf8c6b5b557f\stellar-xdr-20.1.0\src\curr\generated.rs:8956:42
     |
8956 | #[cfg_attr(feature = "arbitrary", derive(Arbitrary))]
     |                                          ^^^^^^^^^ not found in `arbitrary`
     |
     = note: this error originates in the derive macro `Arbitrary` (in Nightly builds, run with -Z macro-backtrace for more info)

error[E0425]: cannot find function `try_recursion_guard` in module `arbitrary::size_hint`
    --> C:\Users\Devyani\.cargo\registry\src\index.crates.io-1949cf8c6b5b557f\stellar-xdr-20.1.0\src\curr\generated.rs:8956:42
     |
8956 |   #[cfg_attr(feature = "arbitrary", derive(Arbitrary))]
     |                                            ^^^^^^^^^
     |
    ::: C:\Users\Devyani\.cargo\registry\src\index.crates.io-1949cf8c6b5b557f\arbitrary-1.3.2\src\size_hint.rs:12:1
     |
  12 | / pub fn recursion_guard(
  13 | |     depth: usize,
  14 | |     f: impl FnOnce(usize) -> (usize, Option<usize>),
  15 | | ) -> (usize, Option<usize>) {
     | |___________________________- similarly named function `recursion_guard` defined here
     |
     = note: this error originates in the derive macro `Arbitrary` (in Nightly builds, run with -Z macro-backtrace for more info)

error[E0576]: cannot find method or associated constant `try_size_hint` in trait `arbitrary::Arbitrary`
    --> C:\Users\Devyani\.cargo\registry\src\index.crates.io-1949cf8c6b5b557f\stellar-xdr-20.1.0\src\curr\generated.rs:8956:42
     |
8956 | #[cfg_attr(feature = "arbitrary", derive(Arbitrary))]
     |                                          ^^^^^^^^^
     |
    ::: C:\Users\Devyani\.cargo\registry\src\index.crates.io-1949cf8c6b5b557f\arbitrary-1.3.2\src\lib.rs:277:5
     |
 277 |     fn size_hint(depth: usize) -> (usize, Option<usize>) {
     |     ---------------------------------------------------- similarly named associated function `size_hint` defined here
     |
     = note: this error originates in the derive macro `Arbitrary` (in Nightly builds, run with -Z macro-backtrace for more info)

error[E0425]: cannot find type `MaxRecursionReached` in crate `arbitrary`
    --> C:\Users\Devyani\.cargo\registry\src\index.crates.io-1949cf8c6b5b557f\stellar-xdr-20.1.0\src\curr\generated.rs:9061:42
     |
9061 | #[cfg_attr(feature = "arbitrary", derive(Arbitrary))]
     |                                          ^^^^^^^^^ not found in `arbitrary`
     |
     = note: this error originates in the derive macro `Arbitrary` (in Nightly builds, run with -Z macro-backtrace for more info)

error[E0425]: cannot find function `try_recursion_guard` in module `arbitrary::size_hint`
    --> C:\Users\Devyani\.cargo\registry\src\index.crates.io-1949cf8c6b5b557f\stellar-xdr-20.1.0\src\curr\generated.rs:9061:42
     |
9061 |   #[cfg_attr(feature = "arbitrary", derive(Arbitrary))]
     |                                            ^^^^^^^^^
     |
    ::: C:\Users\Devyani\.cargo\registry\src\index.crates.io-1949cf8c6b5b557f\arbitrary-1.3.2\src\size_hint.rs:12:1
     |
  12 | / pub fn recursion_guard(
  13 | |     depth: usize,
  14 | |     f: impl FnOnce(usize) -> (usize, Option<usize>),
  15 | | ) -> (usize, Option<usize>) {
     | |___________________________- similarly named function `recursion_guard` defined here
     |
     = note: this error originates in the derive macro `Arbitrary` (in Nightly builds, run with -Z macro-backtrace for more info)

error[E0576]: cannot find method or associated constant `try_size_hint` in trait `arbitrary::Arbitrary`
    --> C:\Users\Devyani\.cargo\registry\src\index.crates.io-1949cf8c6b5b557f\stellar-xdr-20.1.0\src\curr\generated.rs:9061:42
     |
9061 | #[cfg_attr(feature = "arbitrary", derive(Arbitrary))]
     |                                          ^^^^^^^^^
     |
    ::: C:\Users\Devyani\.cargo\registry\src\index.crates.io-1949cf8c6b5b557f\arbitrary-1.3.2\src\lib.rs:277:5
     |
 277 |     fn size_hint(depth: usize) -> (usize, Option<usize>) {
     |     ---------------------------------------------------- similarly named associated function `size_hint` defined here
     |
     = note: this error originates in the derive macro `Arbitrary` (in Nightly builds, run with -Z macro-backtrace for more info)

error[E0425]: cannot find type `MaxRecursionReached` in crate `arbitrary`
    --> C:\Users\Devyani\.cargo\registry\src\index.crates.io-1949cf8c6b5b557f\stellar-xdr-20.1.0\src\curr\generated.rs:9168:42
     |
9168 | #[cfg_attr(feature = "arbitrary", derive(Arbitrary))]
     |                                          ^^^^^^^^^ not found in `arbitrary`
     |
     = note: this error originates in the derive macro `Arbitrary` (in Nightly builds, run with -Z macro-backtrace for more info)

error[E0425]: cannot find function `try_recursion_guard` in module `arbitrary::size_hint`
    --> C:\Users\Devyani\.cargo\registry\src\index.crates.io-1949cf8c6b5b557f\stellar-xdr-20.1.0\src\curr\generated.rs:9168:42
     |
9168 |   #[cfg_attr(feature = "arbitrary", derive(Arbitrary))]
     |                                            ^^^^^^^^^
     |
    ::: C:\Users\Devyani\.cargo\registry\src\index.crates.io-1949cf8c6b5b557f\arbitrary-1.3.2\src\size_hint.rs:12:1
     |
  12 | / pub fn recursion_guard(
  13 | |     depth: usize,
  14 | |     f: impl FnOnce(usize) -> (usize, Option<usize>),
  15 | | ) -> (usize, Option<usize>) {
     | |___________________________- similarly named function `recursion_guard` defined here
     |
     = note: this error originates in the derive macro `Arbitrary` (in Nightly builds, run with -Z macro-backtrace for more info)

error[E0576]: cannot find method or associated constant `try_size_hint` in trait `arbitrary::Arbitrary`
    --> C:\Users\Devyani\.cargo\registry\src\index.crates.io-1949cf8c6b5b557f\stellar-xdr-20.1.0\src\curr\generated.rs:9168:42
     |
9168 | #[cfg_attr(feature = "arbitrary", derive(Arbitrary))]
     |                                          ^^^^^^^^^
     |
    ::: C:\Users\Devyani\.cargo\registry\src\index.crates.io-1949cf8c6b5b557f\arbitrary-1.3.2\src\lib.rs:277:5
     |
 277 |     fn size_hint(depth: usize) -> (usize, Option<usize>) {
     |     ---------------------------------------------------- similarly named associated function `size_hint` defined here
     |
     = note: this error originates in the derive macro `Arbitrary` (in Nightly builds, run with -Z macro-backtrace for more info)

error[E0425]: cannot find type `MaxRecursionReached` in crate `arbitrary`
    --> C:\Users\Devyani\.cargo\registry\src\index.crates.io-1949cf8c6b5b557f\stellar-xdr-20.1.0\src\curr\generated.rs:9209:42
     |
9209 | #[cfg_attr(feature = "arbitrary", derive(Arbitrary))]
     |                                          ^^^^^^^^^ not found in `arbitrary`
     |
     = note: this error originates in the derive macro `Arbitrary` (in Nightly builds, run with -Z macro-backtrace for more info)

error[E0425]: cannot find function `try_recursion_guard` in module `arbitrary::size_hint`
    --> C:\Users\Devyani\.cargo\registry\src\index.crates.io-1949cf8c6b5b557f\stellar-xdr-20.1.0\src\curr\generated.rs:9209:42
     |
9209 |   #[cfg_attr(feature = "arbitrary", derive(Arbitrary))]
     |                                            ^^^^^^^^^
     |
    ::: C:\Users\Devyani\.cargo\registry\src\index.crates.io-1949cf8c6b5b557f\arbitrary-1.3.2\src\size_hint.rs:12:1
     |
  12 | / pub fn recursion_guard(
  13 | |     depth: usize,
  14 | |     f: impl FnOnce(usize) -> (usize, Option<usize>),
  15 | | ) -> (usize, Option<usize>) {
     | |___________________________- similarly named function `recursion_guard` defined here
     |
     = note: this error originates in the derive macro `Arbitrary` (in Nightly builds, run with -Z macro-backtrace for more info)

error[E0576]: cannot find method or associated constant `try_size_hint` in trait `arbitrary::Arbitrary`
    --> C:\Users\Devyani\.cargo\registry\src\index.crates.io-1949cf8c6b5b557f\stellar-xdr-20.1.0\src\curr\generated.rs:9209:42
     |
9209 | #[cfg_attr(feature = "arbitrary", derive(Arbitrary))]
     |                                          ^^^^^^^^^
     |
    ::: C:\Users\Devyani\.cargo\registry\src\index.crates.io-1949cf8c6b5b557f\arbitrary-1.3.2\src\lib.rs:277:5
     |
 277 |     fn size_hint(depth: usize) -> (usize, Option<usize>) {
     |     ---------------------------------------------------- similarly named associated function `size_hint` defined here
     |
     = note: this error originates in the derive macro `Arbitrary` (in Nightly builds, run with -Z macro-backtrace for more info)

error[E0425]: cannot find type `MaxRecursionReached` in crate `arbitrary`
    --> C:\Users\Devyani\.cargo\registry\src\index.crates.io-1949cf8c6b5b557f\stellar-xdr-20.1.0\src\curr\generated.rs:9311:42
     |
9311 | #[cfg_attr(feature = "arbitrary", derive(Arbitrary))]
     |                                          ^^^^^^^^^ not found in `arbitrary`
     |
     = note: this error originates in the derive macro `Arbitrary` (in Nightly builds, run with -Z macro-backtrace for more info)

error[E0425]: cannot find function `try_recursion_guard` in module `arbitrary::size_hint`
    --> C:\Users\Devyani\.cargo\registry\src\index.crates.io-1949cf8c6b5b557f\stellar-xdr-20.1.0\src\curr\generated.rs:9311:42
     |
9311 |   #[cfg_attr(feature = "arbitrary", derive(Arbitrary))]
     |                                            ^^^^^^^^^
     |
    ::: C:\Users\Devyani\.cargo\registry\src\index.crates.io-1949cf8c6b5b557f\arbitrary-1.3.2\src\size_hint.rs:12:1
     |
  12 | / pub fn recursion_guard(
  13 | |     depth: usize,
  14 | |     f: impl FnOnce(usize) -> (usize, Option<usize>),
  15 | | ) -> (usize, Option<usize>) {
     | |___________________________- similarly named function `recursion_guard` defined here
     |
     = note: this error originates in the derive macro `Arbitrary` (in Nightly builds, run with -Z macro-backtrace for more info)

error[E0576]: cannot find method or associated constant `try_size_hint` in trait `arbitrary::Arbitrary`
    --> C:\Users\Devyani\.cargo\registry\src\index.crates.io-1949cf8c6b5b557f\stellar-xdr-20.1.0\src\curr\generated.rs:9311:42
     |
9311 | #[cfg_attr(feature = "arbitrary", derive(Arbitrary))]
     |                                          ^^^^^^^^^
     |
    ::: C:\Users\Devyani\.cargo\registry\src\index.crates.io-1949cf8c6b5b557f\arbitrary-1.3.2\src\lib.rs:277:5
     |
 277 |     fn size_hint(depth: usize) -> (usize, Option<usize>) {
     |     ---------------------------------------------------- similarly named associated function `size_hint` defined here
     |
     = note: this error originates in the derive macro `Arbitrary` (in Nightly builds, run with -Z macro-backtrace for more info)

error[E0425]: cannot find type `MaxRecursionReached` in crate `arbitrary`
    --> C:\Users\Devyani\.cargo\registry\src\index.crates.io-1949cf8c6b5b557f\stellar-xdr-20.1.0\src\curr\generated.rs:9563:42
     |
9563 | #[cfg_attr(feature = "arbitrary", derive(Arbitrary))]
     |                                          ^^^^^^^^^ not found in `arbitrary`
     |
     = note: this error originates in the derive macro `Arbitrary` (in Nightly builds, run with -Z macro-backtrace for more info)

error[E0425]: cannot find function `try_recursion_guard` in module `arbitrary::size_hint`
    --> C:\Users\Devyani\.cargo\registry\src\index.crates.io-1949cf8c6b5b557f\stellar-xdr-20.1.0\src\curr\generated.rs:9563:42
     |
9563 |   #[cfg_attr(feature = "arbitrary", derive(Arbitrary))]
     |                                            ^^^^^^^^^
     |
    ::: C:\Users\Devyani\.cargo\registry\src\index.crates.io-1949cf8c6b5b557f\arbitrary-1.3.2\src\size_hint.rs:12:1
     |
  12 | / pub fn recursion_guard(
  13 | |     depth: usize,
  14 | |     f: impl FnOnce(usize) -> (usize, Option<usize>),
  15 | | ) -> (usize, Option<usize>) {
     | |___________________________- similarly named function `recursion_guard` defined here
     |
     = note: this error originates in the derive macro `Arbitrary` (in Nightly builds, run with -Z macro-backtrace for more info)

error[E0576]: cannot find method or associated constant `try_size_hint` in trait `arbitrary::Arbitrary`
    --> C:\Users\Devyani\.cargo\registry\src\index.crates.io-1949cf8c6b5b557f\stellar-xdr-20.1.0\src\curr\generated.rs:9563:42
     |
9563 | #[cfg_attr(feature = "arbitrary", derive(Arbitrary))]
     |                                          ^^^^^^^^^
     |
    ::: C:\Users\Devyani\.cargo\registry\src\index.crates.io-1949cf8c6b5b557f\arbitrary-1.3.2\src\lib.rs:277:5
     |
 277 |     fn size_hint(depth: usize) -> (usize, Option<usize>) {
     |     ---------------------------------------------------- similarly named associated function `size_hint` defined here
     |
     = note: this error originates in the derive macro `Arbitrary` (in Nightly builds, run with -Z macro-backtrace for more info)

error[E0425]: cannot find type `MaxRecursionReached` in crate `arbitrary`
    --> C:\Users\Devyani\.cargo\registry\src\index.crates.io-1949cf8c6b5b557f\stellar-xdr-20.1.0\src\curr\generated.rs:9611:42
     |
9611 | #[cfg_attr(feature = "arbitrary", derive(Arbitrary))]
     |                                          ^^^^^^^^^ not found in `arbitrary`
     |
     = note: this error originates in the derive macro `Arbitrary` (in Nightly builds, run with -Z macro-backtrace for more info)

error[E0425]: cannot find function `try_recursion_guard` in module `arbitrary::size_hint`
    --> C:\Users\Devyani\.cargo\registry\src\index.crates.io-1949cf8c6b5b557f\stellar-xdr-20.1.0\src\curr\generated.rs:9611:42
     |
9611 |   #[cfg_attr(feature = "arbitrary", derive(Arbitrary))]
     |                                            ^^^^^^^^^
     |
    ::: C:\Users\Devyani\.cargo\registry\src\index.crates.io-1949cf8c6b5b557f\arbitrary-1.3.2\src\size_hint.rs:12:1
     |
  12 | / pub fn recursion_guard(
  13 | |     depth: usize,
  14 | |     f: impl FnOnce(usize) -> (usize, Option<usize>),
  15 | | ) -> (usize, Option<usize>) {
     | |___________________________- similarly named function `recursion_guard` defined here
     |
     = note: this error originates in the derive macro `Arbitrary` (in Nightly builds, run with -Z macro-backtrace for more info)

error[E0576]: cannot find method or associated constant `try_size_hint` in trait `arbitrary::Arbitrary`
    --> C:\Users\Devyani\.cargo\registry\src\index.crates.io-1949cf8c6b5b557f\stellar-xdr-20.1.0\src\curr\generated.rs:9611:42
     |
9611 | #[cfg_attr(feature = "arbitrary", derive(Arbitrary))]
     |                                          ^^^^^^^^^
     |
    ::: C:\Users\Devyani\.cargo\registry\src\index.crates.io-1949cf8c6b5b557f\arbitrary-1.3.2\src\lib.rs:277:5
     |
 277 |     fn size_hint(depth: usize) -> (usize, Option<usize>) {
     |     ---------------------------------------------------- similarly named associated function `size_hint` defined here
     |
     = note: this error originates in the derive macro `Arbitrary` (in Nightly builds, run with -Z macro-backtrace for more info)

error[E0425]: cannot find type `MaxRecursionReached` in crate `arbitrary`
    --> C:\Users\Devyani\.cargo\registry\src\index.crates.io-1949cf8c6b5b557f\stellar-xdr-20.1.0\src\curr\generated.rs:9716:42
     |
9716 | #[cfg_attr(feature = "arbitrary", derive(Arbitrary))]
     |                                          ^^^^^^^^^ not found in `arbitrary`
     |
     = note: this error originates in the derive macro `Arbitrary` (in Nightly builds, run with -Z macro-backtrace for more info)

error[E0425]: cannot find function `try_recursion_guard` in module `arbitrary::size_hint`
    --> C:\Users\Devyani\.cargo\registry\src\index.crates.io-1949cf8c6b5b557f\stellar-xdr-20.1.0\src\curr\generated.rs:9716:42
     |
9716 |   #[cfg_attr(feature = "arbitrary", derive(Arbitrary))]
     |                                            ^^^^^^^^^
     |
    ::: C:\Users\Devyani\.cargo\registry\src\index.crates.io-1949cf8c6b5b557f\arbitrary-1.3.2\src\size_hint.rs:12:1
     |
  12 | / pub fn recursion_guard(
  13 | |     depth: usize,
  14 | |     f: impl FnOnce(usize) -> (usize, Option<usize>),
  15 | | ) -> (usize, Option<usize>) {
     | |___________________________- similarly named function `recursion_guard` defined here
     |
     = note: this error originates in the derive macro `Arbitrary` (in Nightly builds, run with -Z macro-backtrace for more info)

error[E0576]: cannot find method or associated constant `try_size_hint` in trait `arbitrary::Arbitrary`
    --> C:\Users\Devyani\.cargo\registry\src\index.crates.io-1949cf8c6b5b557f\stellar-xdr-20.1.0\src\curr\generated.rs:9716:42
     |
9716 | #[cfg_attr(feature = "arbitrary", derive(Arbitrary))]
     |                                          ^^^^^^^^^
     |
    ::: C:\Users\Devyani\.cargo\registry\src\index.crates.io-1949cf8c6b5b557f\arbitrary-1.3.2\src\lib.rs:277:5
     |
 277 |     fn size_hint(depth: usize) -> (usize, Option<usize>) {
     |     ---------------------------------------------------- similarly named associated function `size_hint` defined here
     |
     = note: this error originates in the derive macro `Arbitrary` (in Nightly builds, run with -Z macro-backtrace for more info)

error[E0425]: cannot find type `MaxRecursionReached` in crate `arbitrary`
    --> C:\Users\Devyani\.cargo\registry\src\index.crates.io-1949cf8c6b5b557f\stellar-xdr-20.1.0\src\curr\generated.rs:9765:42
     |
9765 | #[cfg_attr(feature = "arbitrary", derive(Arbitrary))]
     |                                          ^^^^^^^^^ not found in `arbitrary`
     |
     = note: this error originates in the derive macro `Arbitrary` (in Nightly builds, run with -Z macro-backtrace for more info)

error[E0425]: cannot find function `try_recursion_guard` in module `arbitrary::size_hint`
    --> C:\Users\Devyani\.cargo\registry\src\index.crates.io-1949cf8c6b5b557f\stellar-xdr-20.1.0\src\curr\generated.rs:9765:42
     |
9765 |   #[cfg_attr(feature = "arbitrary", derive(Arbitrary))]
     |                                            ^^^^^^^^^
     |
    ::: C:\Users\Devyani\.cargo\registry\src\index.crates.io-1949cf8c6b5b557f\arbitrary-1.3.2\src\size_hint.rs:12:1
     |
  12 | / pub fn recursion_guard(
  13 | |     depth: usize,
  14 | |     f: impl FnOnce(usize) -> (usize, Option<usize>),
  15 | | ) -> (usize, Option<usize>) {
     | |___________________________- similarly named function `recursion_guard` defined here
     |
     = note: this error originates in the derive macro `Arbitrary` (in Nightly builds, run with -Z macro-backtrace for more info)

error[E0576]: cannot find method or associated constant `try_size_hint` in trait `arbitrary::Arbitrary`
    --> C:\Users\Devyani\.cargo\registry\src\index.crates.io-1949cf8c6b5b557f\stellar-xdr-20.1.0\src\curr\generated.rs:9765:42
     |
9765 | #[cfg_attr(feature = "arbitrary", derive(Arbitrary))]
     |                                          ^^^^^^^^^
     |
    ::: C:\Users\Devyani\.cargo\registry\src\index.crates.io-1949cf8c6b5b557f\arbitrary-1.3.2\src\lib.rs:277:5
     |
 277 |     fn size_hint(depth: usize) -> (usize, Option<usize>) {
     |     ---------------------------------------------------- similarly named associated function `size_hint` defined here
     |
     = note: this error originates in the derive macro `Arbitrary` (in Nightly builds, run with -Z macro-backtrace for more info)

error[E0425]: cannot find type `MaxRecursionReached` in crate `arbitrary`
    --> C:\Users\Devyani\.cargo\registry\src\index.crates.io-1949cf8c6b5b557f\stellar-xdr-20.1.0\src\curr\generated.rs:9814:42
     |
9814 | #[cfg_attr(feature = "arbitrary", derive(Arbitrary))]
     |                                          ^^^^^^^^^ not found in `arbitrary`
     |
     = note: this error originates in the derive macro `Arbitrary` (in Nightly builds, run with -Z macro-backtrace for more info)

error[E0425]: cannot find function `try_recursion_guard` in module `arbitrary::size_hint`
    --> C:\Users\Devyani\.cargo\registry\src\index.crates.io-1949cf8c6b5b557f\stellar-xdr-20.1.0\src\curr\generated.rs:9814:42
     |
9814 |   #[cfg_attr(feature = "arbitrary", derive(Arbitrary))]
     |                                            ^^^^^^^^^
     |
    ::: C:\Users\Devyani\.cargo\registry\src\index.crates.io-1949cf8c6b5b557f\arbitrary-1.3.2\src\size_hint.rs:12:1
     |
  12 | / pub fn recursion_guard(
  13 | |     depth: usize,
  14 | |     f: impl FnOnce(usize) -> (usize, Option<usize>),
  15 | | ) -> (usize, Option<usize>) {
     | |___________________________- similarly named function `recursion_guard` defined here
     |
     = note: this error originates in the derive macro `Arbitrary` (in Nightly builds, run with -Z macro-backtrace for more info)

error[E0576]: cannot find method or associated constant `try_size_hint` in trait `arbitrary::Arbitrary`
    --> C:\Users\Devyani\.cargo\registry\src\index.crates.io-1949cf8c6b5b557f\stellar-xdr-20.1.0\src\curr\generated.rs:9814:42
     |
9814 | #[cfg_attr(feature = "arbitrary", derive(Arbitrary))]
     |                                          ^^^^^^^^^
     |
    ::: C:\Users\Devyani\.cargo\registry\src\index.crates.io-1949cf8c6b5b557f\arbitrary-1.3.2\src\lib.rs:277:5
     |
 277 |     fn size_hint(depth: usize) -> (usize, Option<usize>) {
     |     ---------------------------------------------------- similarly named associated function `size_hint` defined here
     |
     = note: this error originates in the derive macro `Arbitrary` (in Nightly builds, run with -Z macro-backtrace for more info)

error[E0425]: cannot find type `MaxRecursionReached` in crate `arbitrary`
    --> C:\Users\Devyani\.cargo\registry\src\index.crates.io-1949cf8c6b5b557f\stellar-xdr-20.1.0\src\curr\generated.rs:9862:42
     |
9862 | #[cfg_attr(feature = "arbitrary", derive(Arbitrary))]
     |                                          ^^^^^^^^^ not found in `arbitrary`
     |
     = note: this error originates in the derive macro `Arbitrary` (in Nightly builds, run with -Z macro-backtrace for more info)

error[E0425]: cannot find function `try_recursion_guard` in module `arbitrary::size_hint`
    --> C:\Users\Devyani\.cargo\registry\src\index.crates.io-1949cf8c6b5b557f\stellar-xdr-20.1.0\src\curr\generated.rs:9862:42
     |
9862 |   #[cfg_attr(feature = "arbitrary", derive(Arbitrary))]
     |                                            ^^^^^^^^^
     |
    ::: C:\Users\Devyani\.cargo\registry\src\index.crates.io-1949cf8c6b5b557f\arbitrary-1.3.2\src\size_hint.rs:12:1
     |
  12 | / pub fn recursion_guard(
  13 | |     depth: usize,
  14 | |     f: impl FnOnce(usize) -> (usize, Option<usize>),
  15 | | ) -> (usize, Option<usize>) {
     | |___________________________- similarly named function `recursion_guard` defined here
     |
     = note: this error originates in the derive macro `Arbitrary` (in Nightly builds, run with -Z macro-backtrace for more info)

error[E0576]: cannot find method or associated constant `try_size_hint` in trait `arbitrary::Arbitrary`
    --> C:\Users\Devyani\.cargo\registry\src\index.crates.io-1949cf8c6b5b557f\stellar-xdr-20.1.0\src\curr\generated.rs:9862:42
     |
9862 | #[cfg_attr(feature = "arbitrary", derive(Arbitrary))]
     |                                          ^^^^^^^^^
     |
    ::: C:\Users\Devyani\.cargo\registry\src\index.crates.io-1949cf8c6b5b557f\arbitrary-1.3.2\src\lib.rs:277:5
     |
 277 |     fn size_hint(depth: usize) -> (usize, Option<usize>) {
     |     ---------------------------------------------------- similarly named associated function `size_hint` defined here
     |
     = note: this error originates in the derive macro `Arbitrary` (in Nightly builds, run with -Z macro-backtrace for more info)

error[E0425]: cannot find type `MaxRecursionReached` in crate `arbitrary`
    --> C:\Users\Devyani\.cargo\registry\src\index.crates.io-1949cf8c6b5b557f\stellar-xdr-20.1.0\src\curr\generated.rs:9962:42
     |
9962 | #[cfg_attr(feature = "arbitrary", derive(Arbitrary))]
     |                                          ^^^^^^^^^ not found in `arbitrary`
     |
     = note: this error originates in the derive macro `Arbitrary` (in Nightly builds, run with -Z macro-backtrace for more info)

error[E0425]: cannot find function `try_recursion_guard` in module `arbitrary::size_hint`
    --> C:\Users\Devyani\.cargo\registry\src\index.crates.io-1949cf8c6b5b557f\stellar-xdr-20.1.0\src\curr\generated.rs:9962:42
     |
9962 |   #[cfg_attr(feature = "arbitrary", derive(Arbitrary))]
     |                                            ^^^^^^^^^
     |
    ::: C:\Users\Devyani\.cargo\registry\src\index.crates.io-1949cf8c6b5b557f\arbitrary-1.3.2\src\size_hint.rs:12:1
     |
  12 | / pub fn recursion_guard(
  13 | |     depth: usize,
  14 | |     f: impl FnOnce(usize) -> (usize, Option<usize>),
  15 | | ) -> (usize, Option<usize>) {
     | |___________________________- similarly named function `recursion_guard` defined here
     |
     = note: this error originates in the derive macro `Arbitrary` (in Nightly builds, run with -Z macro-backtrace for more info)

error[E0576]: cannot find method or associated constant `try_size_hint` in trait `arbitrary::Arbitrary`
    --> C:\Users\Devyani\.cargo\registry\src\index.crates.io-1949cf8c6b5b557f\stellar-xdr-20.1.0\src\curr\generated.rs:9962:42
     |
9962 | #[cfg_attr(feature = "arbitrary", derive(Arbitrary))]
     |                                          ^^^^^^^^^
     |
    ::: C:\Users\Devyani\.cargo\registry\src\index.crates.io-1949cf8c6b5b557f\arbitrary-1.3.2\src\lib.rs:277:5
     |
 277 |     fn size_hint(depth: usize) -> (usize, Option<usize>) {
     |     ---------------------------------------------------- similarly named associated function `size_hint` defined here
     |
     = note: this error originates in the derive macro `Arbitrary` (in Nightly builds, run with -Z macro-backtrace for more info)

error[E0425]: cannot find type `MaxRecursionReached` in crate `arbitrary`
     --> C:\Users\Devyani\.cargo\registry\src\index.crates.io-1949cf8c6b5b557f\stellar-xdr-20.1.0\src\curr\generated.rs:10080:42
      |
10080 | #[cfg_attr(feature = "arbitrary", derive(Arbitrary))]
      |                                          ^^^^^^^^^ not found in `arbitrary`
      |
      = note: this error originates in the derive macro `Arbitrary` (in Nightly builds, run with -Z macro-backtrace for more info)

error[E0425]: cannot find function `try_recursion_guard` in module `arbitrary::size_hint`
     --> C:\Users\Devyani\.cargo\registry\src\index.crates.io-1949cf8c6b5b557f\stellar-xdr-20.1.0\src\curr\generated.rs:10080:42
      |
10080 |   #[cfg_attr(feature = "arbitrary", derive(Arbitrary))]
      |                                            ^^^^^^^^^
      |
     ::: C:\Users\Devyani\.cargo\registry\src\index.crates.io-1949cf8c6b5b557f\arbitrary-1.3.2\src\size_hint.rs:12:1
      |
   12 | / pub fn recursion_guard(
   13 | |     depth: usize,
   14 | |     f: impl FnOnce(usize) -> (usize, Option<usize>),
   15 | | ) -> (usize, Option<usize>) {
      | |___________________________- similarly named function `recursion_guard` defined here
      |
      = note: this error originates in the derive macro `Arbitrary` (in Nightly builds, run with -Z macro-backtrace for more info)

error[E0576]: cannot find method or associated constant `try_size_hint` in trait `arbitrary::Arbitrary`
     --> C:\Users\Devyani\.cargo\registry\src\index.crates.io-1949cf8c6b5b557f\stellar-xdr-20.1.0\src\curr\generated.rs:10080:42
      |
10080 | #[cfg_attr(feature = "arbitrary", derive(Arbitrary))]
      |                                          ^^^^^^^^^
      |
     ::: C:\Users\Devyani\.cargo\registry\src\index.crates.io-1949cf8c6b5b557f\arbitrary-1.3.2\src\lib.rs:277:5
      |
  277 |     fn size_hint(depth: usize) -> (usize, Option<usize>) {
      |     ---------------------------------------------------- similarly named associated function `size_hint` defined here
      |
      = note: this error originates in the derive macro `Arbitrary` (in Nightly builds, run with -Z macro-backtrace for more info)

error[E0425]: cannot find type `MaxRecursionReached` in crate `arbitrary`
     --> C:\Users\Devyani\.cargo\registry\src\index.crates.io-1949cf8c6b5b557f\stellar-xdr-20.1.0\src\curr\generated.rs:10185:42
      |
10185 | #[cfg_attr(feature = "arbitrary", derive(Arbitrary))]
      |                                          ^^^^^^^^^ not found in `arbitrary`
      |
      = note: this error originates in the derive macro `Arbitrary` (in Nightly builds, run with -Z macro-backtrace for more info)

error[E0425]: cannot find function `try_recursion_guard` in module `arbitrary::size_hint`
     --> C:\Users\Devyani\.cargo\registry\src\index.crates.io-1949cf8c6b5b557f\stellar-xdr-20.1.0\src\curr\generated.rs:10185:42
      |
10185 |   #[cfg_attr(feature = "arbitrary", derive(Arbitrary))]
      |                                            ^^^^^^^^^
      |
     ::: C:\Users\Devyani\.cargo\registry\src\index.crates.io-1949cf8c6b5b557f\arbitrary-1.3.2\src\size_hint.rs:12:1
      |
   12 | / pub fn recursion_guard(
   13 | |     depth: usize,
   14 | |     f: impl FnOnce(usize) -> (usize, Option<usize>),
   15 | | ) -> (usize, Option<usize>) {
      | |___________________________- similarly named function `recursion_guard` defined here
      |
      = note: this error originates in the derive macro `Arbitrary` (in Nightly builds, run with -Z macro-backtrace for more info)

error[E0576]: cannot find method or associated constant `try_size_hint` in trait `arbitrary::Arbitrary`
     --> C:\Users\Devyani\.cargo\registry\src\index.crates.io-1949cf8c6b5b557f\stellar-xdr-20.1.0\src\curr\generated.rs:10185:42
      |
10185 | #[cfg_attr(feature = "arbitrary", derive(Arbitrary))]
      |                                          ^^^^^^^^^
      |
     ::: C:\Users\Devyani\.cargo\registry\src\index.crates.io-1949cf8c6b5b557f\arbitrary-1.3.2\src\lib.rs:277:5
      |
  277 |     fn size_hint(depth: usize) -> (usize, Option<usize>) {
      |     ---------------------------------------------------- similarly named associated function `size_hint` defined here
      |
      = note: this error originates in the derive macro `Arbitrary` (in Nightly builds, run with -Z macro-backtrace for more info)

error[E0425]: cannot find type `MaxRecursionReached` in crate `arbitrary`
     --> C:\Users\Devyani\.cargo\registry\src\index.crates.io-1949cf8c6b5b557f\stellar-xdr-20.1.0\src\curr\generated.rs:10290:42
      |
10290 | #[cfg_attr(feature = "arbitrary", derive(Arbitrary))]
      |                                          ^^^^^^^^^ not found in `arbitrary`
      |
      = note: this error originates in the derive macro `Arbitrary` (in Nightly builds, run with -Z macro-backtrace for more info)

error[E0425]: cannot find function `try_recursion_guard` in module `arbitrary::size_hint`
     --> C:\Users\Devyani\.cargo\registry\src\index.crates.io-1949cf8c6b5b557f\stellar-xdr-20.1.0\src\curr\generated.rs:10290:42
      |
10290 |   #[cfg_attr(feature = "arbitrary", derive(Arbitrary))]
      |                                            ^^^^^^^^^
      |
     ::: C:\Users\Devyani\.cargo\registry\src\index.crates.io-1949cf8c6b5b557f\arbitrary-1.3.2\src\size_hint.rs:12:1
      |
   12 | / pub fn recursion_guard(
   13 | |     depth: usize,
   14 | |     f: impl FnOnce(usize) -> (usize, Option<usize>),
   15 | | ) -> (usize, Option<usize>) {
      | |___________________________- similarly named function `recursion_guard` defined here
      |
      = note: this error originates in the derive macro `Arbitrary` (in Nightly builds, run with -Z macro-backtrace for more info)

error[E0576]: cannot find method or associated constant `try_size_hint` in trait `arbitrary::Arbitrary`
     --> C:\Users\Devyani\.cargo\registry\src\index.crates.io-1949cf8c6b5b557f\stellar-xdr-20.1.0\src\curr\generated.rs:10290:42
      |
10290 | #[cfg_attr(feature = "arbitrary", derive(Arbitrary))]
      |                                          ^^^^^^^^^
      |
     ::: C:\Users\Devyani\.cargo\registry\src\index.crates.io-1949cf8c6b5b557f\arbitrary-1.3.2\src\lib.rs:277:5
      |
  277 |     fn size_hint(depth: usize) -> (usize, Option<usize>) {
      |     ---------------------------------------------------- similarly named associated function `size_hint` defined here
      |
      = note: this error originates in the derive macro `Arbitrary` (in Nightly builds, run with -Z macro-backtrace for more info)

error[E0425]: cannot find type `MaxRecursionReached` in crate `arbitrary`
     --> C:\Users\Devyani\.cargo\registry\src\index.crates.io-1949cf8c6b5b557f\stellar-xdr-20.1.0\src\curr\generated.rs:10345:42
      |
10345 | #[cfg_attr(feature = "arbitrary", derive(Arbitrary))]
      |                                          ^^^^^^^^^ not found in `arbitrary`
      |
      = note: this error originates in the derive macro `Arbitrary` (in Nightly builds, run with -Z macro-backtrace for more info)

error[E0425]: cannot find function `try_recursion_guard` in module `arbitrary::size_hint`
     --> C:\Users\Devyani\.cargo\registry\src\index.crates.io-1949cf8c6b5b557f\stellar-xdr-20.1.0\src\curr\generated.rs:10345:42
      |
10345 |   #[cfg_attr(feature = "arbitrary", derive(Arbitrary))]
      |                                            ^^^^^^^^^
      |
     ::: C:\Users\Devyani\.cargo\registry\src\index.crates.io-1949cf8c6b5b557f\arbitrary-1.3.2\src\size_hint.rs:12:1
      |
   12 | / pub fn recursion_guard(
   13 | |     depth: usize,
   14 | |     f: impl FnOnce(usize) -> (usize, Option<usize>),
   15 | | ) -> (usize, Option<usize>) {
      | |___________________________- similarly named function `recursion_guard` defined here
      |
      = note: this error originates in the derive macro `Arbitrary` (in Nightly builds, run with -Z macro-backtrace for more info)

error[E0576]: cannot find method or associated constant `try_size_hint` in trait `arbitrary::Arbitrary`
     --> C:\Users\Devyani\.cargo\registry\src\index.crates.io-1949cf8c6b5b557f\stellar-xdr-20.1.0\src\curr\generated.rs:10345:42
      |
10345 | #[cfg_attr(feature = "arbitrary", derive(Arbitrary))]
      |                                          ^^^^^^^^^
      |
     ::: C:\Users\Devyani\.cargo\registry\src\index.crates.io-1949cf8c6b5b557f\arbitrary-1.3.2\src\lib.rs:277:5
      |
  277 |     fn size_hint(depth: usize) -> (usize, Option<usize>) {
      |     ---------------------------------------------------- similarly named associated function `size_hint` defined here
      |
      = note: this error originates in the derive macro `Arbitrary` (in Nightly builds, run with -Z macro-backtrace for more info)

error[E0425]: cannot find type `MaxRecursionReached` in crate `arbitrary`
     --> C:\Users\Devyani\.cargo\registry\src\index.crates.io-1949cf8c6b5b557f\stellar-xdr-20.1.0\src\curr\generated.rs:10450:42
      |
10450 | #[cfg_attr(feature = "arbitrary", derive(Arbitrary))]
      |                                          ^^^^^^^^^ not found in `arbitrary`
      |
      = note: this error originates in the derive macro `Arbitrary` (in Nightly builds, run with -Z macro-backtrace for more info)

error[E0425]: cannot find function `try_recursion_guard` in module `arbitrary::size_hint`
     --> C:\Users\Devyani\.cargo\registry\src\index.crates.io-1949cf8c6b5b557f\stellar-xdr-20.1.0\src\curr\generated.rs:10450:42
      |
10450 |   #[cfg_attr(feature = "arbitrary", derive(Arbitrary))]
      |                                            ^^^^^^^^^
      |
     ::: C:\Users\Devyani\.cargo\registry\src\index.crates.io-1949cf8c6b5b557f\arbitrary-1.3.2\src\size_hint.rs:12:1
      |
   12 | / pub fn recursion_guard(
   13 | |     depth: usize,
   14 | |     f: impl FnOnce(usize) -> (usize, Option<usize>),
   15 | | ) -> (usize, Option<usize>) {
      | |___________________________- similarly named function `recursion_guard` defined here
      |
      = note: this error originates in the derive macro `Arbitrary` (in Nightly builds, run with -Z macro-backtrace for more info)

error[E0576]: cannot find method or associated constant `try_size_hint` in trait `arbitrary::Arbitrary`
     --> C:\Users\Devyani\.cargo\registry\src\index.crates.io-1949cf8c6b5b557f\stellar-xdr-20.1.0\src\curr\generated.rs:10450:42
      |
10450 | #[cfg_attr(feature = "arbitrary", derive(Arbitrary))]
      |                                          ^^^^^^^^^
      |
     ::: C:\Users\Devyani\.cargo\registry\src\index.crates.io-1949cf8c6b5b557f\arbitrary-1.3.2\src\lib.rs:277:5
      |
  277 |     fn size_hint(depth: usize) -> (usize, Option<usize>) {
      |     ---------------------------------------------------- similarly named associated function `size_hint` defined here
      |
      = note: this error originates in the derive macro `Arbitrary` (in Nightly builds, run with -Z macro-backtrace for more info)

error[E0425]: cannot find type `MaxRecursionReached` in crate `arbitrary`
     --> C:\Users\Devyani\.cargo\registry\src\index.crates.io-1949cf8c6b5b557f\stellar-xdr-20.1.0\src\curr\generated.rs:10505:42
      |
10505 | #[cfg_attr(feature = "arbitrary", derive(Arbitrary))]
      |                                          ^^^^^^^^^ not found in `arbitrary`
      |
      = note: this error originates in the derive macro `Arbitrary` (in Nightly builds, run with -Z macro-backtrace for more info)

error[E0425]: cannot find function `try_recursion_guard` in module `arbitrary::size_hint`
     --> C:\Users\Devyani\.cargo\registry\src\index.crates.io-1949cf8c6b5b557f\stellar-xdr-20.1.0\src\curr\generated.rs:10505:42
      |
10505 |   #[cfg_attr(feature = "arbitrary", derive(Arbitrary))]
      |                                            ^^^^^^^^^
      |
     ::: C:\Users\Devyani\.cargo\registry\src\index.crates.io-1949cf8c6b5b557f\arbitrary-1.3.2\src\size_hint.rs:12:1
      |
   12 | / pub fn recursion_guard(
   13 | |     depth: usize,
   14 | |     f: impl FnOnce(usize) -> (usize, Option<usize>),
   15 | | ) -> (usize, Option<usize>) {
      | |___________________________- similarly named function `recursion_guard` defined here
      |
      = note: this error originates in the derive macro `Arbitrary` (in Nightly builds, run with -Z macro-backtrace for more info)

error[E0576]: cannot find method or associated constant `try_size_hint` in trait `arbitrary::Arbitrary`
     --> C:\Users\Devyani\.cargo\registry\src\index.crates.io-1949cf8c6b5b557f\stellar-xdr-20.1.0\src\curr\generated.rs:10505:42
      |
10505 | #[cfg_attr(feature = "arbitrary", derive(Arbitrary))]
      |                                          ^^^^^^^^^
      |
     ::: C:\Users\Devyani\.cargo\registry\src\index.crates.io-1949cf8c6b5b557f\arbitrary-1.3.2\src\lib.rs:277:5
      |
  277 |     fn size_hint(depth: usize) -> (usize, Option<usize>) {
      |     ---------------------------------------------------- similarly named associated function `size_hint` defined here
      |
      = note: this error originates in the derive macro `Arbitrary` (in Nightly builds, run with -Z macro-backtrace for more info)

error[E0425]: cannot find type `MaxRecursionReached` in crate `arbitrary`
     --> C:\Users\Devyani\.cargo\registry\src\index.crates.io-1949cf8c6b5b557f\stellar-xdr-20.1.0\src\curr\generated.rs:10606:42
      |
10606 | #[cfg_attr(feature = "arbitrary", derive(Arbitrary))]
      |                                          ^^^^^^^^^ not found in `arbitrary`
      |
      = note: this error originates in the derive macro `Arbitrary` (in Nightly builds, run with -Z macro-backtrace for more info)

error[E0425]: cannot find function `try_recursion_guard` in module `arbitrary::size_hint`
     --> C:\Users\Devyani\.cargo\registry\src\index.crates.io-1949cf8c6b5b557f\stellar-xdr-20.1.0\src\curr\generated.rs:10606:42
      |
10606 |   #[cfg_attr(feature = "arbitrary", derive(Arbitrary))]
      |                                            ^^^^^^^^^
      |
     ::: C:\Users\Devyani\.cargo\registry\src\index.crates.io-1949cf8c6b5b557f\arbitrary-1.3.2\src\size_hint.rs:12:1
      |
   12 | / pub fn recursion_guard(
   13 | |     depth: usize,
   14 | |     f: impl FnOnce(usize) -> (usize, Option<usize>),
   15 | | ) -> (usize, Option<usize>) {
      | |___________________________- similarly named function `recursion_guard` defined here
      |
      = note: this error originates in the derive macro `Arbitrary` (in Nightly builds, run with -Z macro-backtrace for more info)

error[E0576]: cannot find method or associated constant `try_size_hint` in trait `arbitrary::Arbitrary`
     --> C:\Users\Devyani\.cargo\registry\src\index.crates.io-1949cf8c6b5b557f\stellar-xdr-20.1.0\src\curr\generated.rs:10606:42
      |
10606 | #[cfg_attr(feature = "arbitrary", derive(Arbitrary))]
      |                                          ^^^^^^^^^
      |
     ::: C:\Users\Devyani\.cargo\registry\src\index.crates.io-1949cf8c6b5b557f\arbitrary-1.3.2\src\lib.rs:277:5
      |
  277 |     fn size_hint(depth: usize) -> (usize, Option<usize>) {
      |     ---------------------------------------------------- similarly named associated function `size_hint` defined here
      |
      = note: this error originates in the derive macro `Arbitrary` (in Nightly builds, run with -Z macro-backtrace for more info)

error[E0425]: cannot find type `MaxRecursionReached` in crate `arbitrary`
     --> C:\Users\Devyani\.cargo\registry\src\index.crates.io-1949cf8c6b5b557f\stellar-xdr-20.1.0\src\curr\generated.rs:10836:42
      |
10836 | #[cfg_attr(feature = "arbitrary", derive(Arbitrary))]
      |                                          ^^^^^^^^^ not found in `arbitrary`
      |
      = note: this error originates in the derive macro `Arbitrary` (in Nightly builds, run with -Z macro-backtrace for more info)

error[E0425]: cannot find function `try_recursion_guard` in module `arbitrary::size_hint`
     --> C:\Users\Devyani\.cargo\registry\src\index.crates.io-1949cf8c6b5b557f\stellar-xdr-20.1.0\src\curr\generated.rs:10836:42
      |
10836 |   #[cfg_attr(feature = "arbitrary", derive(Arbitrary))]
      |                                            ^^^^^^^^^
      |
     ::: C:\Users\Devyani\.cargo\registry\src\index.crates.io-1949cf8c6b5b557f\arbitrary-1.3.2\src\size_hint.rs:12:1
      |
   12 | / pub fn recursion_guard(
   13 | |     depth: usize,
   14 | |     f: impl FnOnce(usize) -> (usize, Option<usize>),
   15 | | ) -> (usize, Option<usize>) {
      | |___________________________- similarly named function `recursion_guard` defined here
      |
      = note: this error originates in the derive macro `Arbitrary` (in Nightly builds, run with -Z macro-backtrace for more info)

error[E0576]: cannot find method or associated constant `try_size_hint` in trait `arbitrary::Arbitrary`
     --> C:\Users\Devyani\.cargo\registry\src\index.crates.io-1949cf8c6b5b557f\stellar-xdr-20.1.0\src\curr\generated.rs:10836:42
      |
10836 | #[cfg_attr(feature = "arbitrary", derive(Arbitrary))]
      |                                          ^^^^^^^^^
      |
     ::: C:\Users\Devyani\.cargo\registry\src\index.crates.io-1949cf8c6b5b557f\arbitrary-1.3.2\src\lib.rs:277:5
      |
  277 |     fn size_hint(depth: usize) -> (usize, Option<usize>) {
      |     ---------------------------------------------------- similarly named associated function `size_hint` defined here
      |
      = note: this error originates in the derive macro `Arbitrary` (in Nightly builds, run with -Z macro-backtrace for more info)

error[E0425]: cannot find type `MaxRecursionReached` in crate `arbitrary`
     --> C:\Users\Devyani\.cargo\registry\src\index.crates.io-1949cf8c6b5b557f\stellar-xdr-20.1.0\src\curr\generated.rs:10939:42
      |
10939 | #[cfg_attr(feature = "arbitrary", derive(Arbitrary))]
      |                                          ^^^^^^^^^ not found in `arbitrary`
      |
      = note: this error originates in the derive macro `Arbitrary` (in Nightly builds, run with -Z macro-backtrace for more info)

error[E0425]: cannot find function `try_recursion_guard` in module `arbitrary::size_hint`
     --> C:\Users\Devyani\.cargo\registry\src\index.crates.io-1949cf8c6b5b557f\stellar-xdr-20.1.0\src\curr\generated.rs:10939:42
      |
10939 |   #[cfg_attr(feature = "arbitrary", derive(Arbitrary))]
      |                                            ^^^^^^^^^
      |
     ::: C:\Users\Devyani\.cargo\registry\src\index.crates.io-1949cf8c6b5b557f\arbitrary-1.3.2\src\size_hint.rs:12:1
      |
   12 | / pub fn recursion_guard(
   13 | |     depth: usize,
   14 | |     f: impl FnOnce(usize) -> (usize, Option<usize>),
   15 | | ) -> (usize, Option<usize>) {
      | |___________________________- similarly named function `recursion_guard` defined here
      |
      = note: this error originates in the derive macro `Arbitrary` (in Nightly builds, run with -Z macro-backtrace for more info)

error[E0576]: cannot find method or associated constant `try_size_hint` in trait `arbitrary::Arbitrary`
     --> C:\Users\Devyani\.cargo\registry\src\index.crates.io-1949cf8c6b5b557f\stellar-xdr-20.1.0\src\curr\generated.rs:10939:42
      |
10939 | #[cfg_attr(feature = "arbitrary", derive(Arbitrary))]
      |                                          ^^^^^^^^^
      |
     ::: C:\Users\Devyani\.cargo\registry\src\index.crates.io-1949cf8c6b5b557f\arbitrary-1.3.2\src\lib.rs:277:5
      |
  277 |     fn size_hint(depth: usize) -> (usize, Option<usize>) {
      |     ---------------------------------------------------- similarly named associated function `size_hint` defined here
      |
      = note: this error originates in the derive macro `Arbitrary` (in Nightly builds, run with -Z macro-backtrace for more info)

error[E0425]: cannot find type `MaxRecursionReached` in crate `arbitrary`
     --> C:\Users\Devyani\.cargo\registry\src\index.crates.io-1949cf8c6b5b557f\stellar-xdr-20.1.0\src\curr\generated.rs:10984:42
      |
10984 | #[cfg_attr(feature = "arbitrary", derive(Arbitrary))]
      |                                          ^^^^^^^^^ not found in `arbitrary`
      |
      = note: this error originates in the derive macro `Arbitrary` (in Nightly builds, run with -Z macro-backtrace for more info)

error[E0425]: cannot find function `try_recursion_guard` in module `arbitrary::size_hint`
     --> C:\Users\Devyani\.cargo\registry\src\index.crates.io-1949cf8c6b5b557f\stellar-xdr-20.1.0\src\curr\generated.rs:10984:42
      |
10984 |   #[cfg_attr(feature = "arbitrary", derive(Arbitrary))]
      |                                            ^^^^^^^^^
      |
     ::: C:\Users\Devyani\.cargo\registry\src\index.crates.io-1949cf8c6b5b557f\arbitrary-1.3.2\src\size_hint.rs:12:1
      |
   12 | / pub fn recursion_guard(
   13 | |     depth: usize,
   14 | |     f: impl FnOnce(usize) -> (usize, Option<usize>),
   15 | | ) -> (usize, Option<usize>) {
      | |___________________________- similarly named function `recursion_guard` defined here
      |
      = note: this error originates in the derive macro `Arbitrary` (in Nightly builds, run with -Z macro-backtrace for more info)

error[E0576]: cannot find method or associated constant `try_size_hint` in trait `arbitrary::Arbitrary`
     --> C:\Users\Devyani\.cargo\registry\src\index.crates.io-1949cf8c6b5b557f\stellar-xdr-20.1.0\src\curr\generated.rs:10984:42
      |
10984 | #[cfg_attr(feature = "arbitrary", derive(Arbitrary))]
      |                                          ^^^^^^^^^
      |
     ::: C:\Users\Devyani\.cargo\registry\src\index.crates.io-1949cf8c6b5b557f\arbitrary-1.3.2\src\lib.rs:277:5
      |
  277 |     fn size_hint(depth: usize) -> (usize, Option<usize>) {
      |     ---------------------------------------------------- similarly named associated function `size_hint` defined here
      |
      = note: this error originates in the derive macro `Arbitrary` (in Nightly builds, run with -Z macro-backtrace for more info)

error[E0425]: cannot find type `MaxRecursionReached` in crate `arbitrary`
     --> C:\Users\Devyani\.cargo\registry\src\index.crates.io-1949cf8c6b5b557f\stellar-xdr-20.1.0\src\curr\generated.rs:11038:42
      |
11038 | #[cfg_attr(feature = "arbitrary", derive(Arbitrary))]
      |                                          ^^^^^^^^^ not found in `arbitrary`
      |
      = note: this error originates in the derive macro `Arbitrary` (in Nightly builds, run with -Z macro-backtrace for more info)

error[E0425]: cannot find function `try_recursion_guard` in module `arbitrary::size_hint`
     --> C:\Users\Devyani\.cargo\registry\src\index.crates.io-1949cf8c6b5b557f\stellar-xdr-20.1.0\src\curr\generated.rs:11038:42
      |
11038 |   #[cfg_attr(feature = "arbitrary", derive(Arbitrary))]
      |                                            ^^^^^^^^^
      |
     ::: C:\Users\Devyani\.cargo\registry\src\index.crates.io-1949cf8c6b5b557f\arbitrary-1.3.2\src\size_hint.rs:12:1
      |
   12 | / pub fn recursion_guard(
   13 | |     depth: usize,
   14 | |     f: impl FnOnce(usize) -> (usize, Option<usize>),
   15 | | ) -> (usize, Option<usize>) {
      | |___________________________- similarly named function `recursion_guard` defined here
      |
      = note: this error originates in the derive macro `Arbitrary` (in Nightly builds, run with -Z macro-backtrace for more info)

error[E0576]: cannot find method or associated constant `try_size_hint` in trait `arbitrary::Arbitrary`
     --> C:\Users\Devyani\.cargo\registry\src\index.crates.io-1949cf8c6b5b557f\stellar-xdr-20.1.0\src\curr\generated.rs:11038:42
      |
11038 | #[cfg_attr(feature = "arbitrary", derive(Arbitrary))]
      |                                          ^^^^^^^^^
      |
     ::: C:\Users\Devyani\.cargo\registry\src\index.crates.io-1949cf8c6b5b557f\arbitrary-1.3.2\src\lib.rs:277:5
      |
  277 |     fn size_hint(depth: usize) -> (usize, Option<usize>) {
      |     ---------------------------------------------------- similarly named associated function `size_hint` defined here
      |
      = note: this error originates in the derive macro `Arbitrary` (in Nightly builds, run with -Z macro-backtrace for more info)

error[E0425]: cannot find type `MaxRecursionReached` in crate `arbitrary`
     --> C:\Users\Devyani\.cargo\registry\src\index.crates.io-1949cf8c6b5b557f\stellar-xdr-20.1.0\src\curr\generated.rs:11151:42
      |
11151 | #[cfg_attr(feature = "arbitrary", derive(Arbitrary))]
      |                                          ^^^^^^^^^ not found in `arbitrary`
      |
      = note: this error originates in the derive macro `Arbitrary` (in Nightly builds, run with -Z macro-backtrace for more info)

error[E0425]: cannot find function `try_recursion_guard` in module `arbitrary::size_hint`
     --> C:\Users\Devyani\.cargo\registry\src\index.crates.io-1949cf8c6b5b557f\stellar-xdr-20.1.0\src\curr\generated.rs:11151:42
      |
11151 |   #[cfg_attr(feature = "arbitrary", derive(Arbitrary))]
      |                                            ^^^^^^^^^
      |
     ::: C:\Users\Devyani\.cargo\registry\src\index.crates.io-1949cf8c6b5b557f\arbitrary-1.3.2\src\size_hint.rs:12:1
      |
   12 | / pub fn recursion_guard(
   13 | |     depth: usize,
   14 | |     f: impl FnOnce(usize) -> (usize, Option<usize>),
   15 | | ) -> (usize, Option<usize>) {
      | |___________________________- similarly named function `recursion_guard` defined here
      |
      = note: this error originates in the derive macro `Arbitrary` (in Nightly builds, run with -Z macro-backtrace for more info)

error[E0576]: cannot find method or associated constant `try_size_hint` in trait `arbitrary::Arbitrary`
     --> C:\Users\Devyani\.cargo\registry\src\index.crates.io-1949cf8c6b5b557f\stellar-xdr-20.1.0\src\curr\generated.rs:11151:42
      |
11151 | #[cfg_attr(feature = "arbitrary", derive(Arbitrary))]
      |                                          ^^^^^^^^^
      |
     ::: C:\Users\Devyani\.cargo\registry\src\index.crates.io-1949cf8c6b5b557f\arbitrary-1.3.2\src\lib.rs:277:5
      |
  277 |     fn size_hint(depth: usize) -> (usize, Option<usize>) {
      |     ---------------------------------------------------- similarly named associated function `size_hint` defined here
      |
      = note: this error originates in the derive macro `Arbitrary` (in Nightly builds, run with -Z macro-backtrace for more info)

error[E0425]: cannot find type `MaxRecursionReached` in crate `arbitrary`
     --> C:\Users\Devyani\.cargo\registry\src\index.crates.io-1949cf8c6b5b557f\stellar-xdr-20.1.0\src\curr\generated.rs:11196:42
      |
11196 | #[cfg_attr(feature = "arbitrary", derive(Arbitrary))]
      |                                          ^^^^^^^^^ not found in `arbitrary`
      |
      = note: this error originates in the derive macro `Arbitrary` (in Nightly builds, run with -Z macro-backtrace for more info)

error[E0425]: cannot find function `try_recursion_guard` in module `arbitrary::size_hint`
     --> C:\Users\Devyani\.cargo\registry\src\index.crates.io-1949cf8c6b5b557f\stellar-xdr-20.1.0\src\curr\generated.rs:11196:42
      |
11196 |   #[cfg_attr(feature = "arbitrary", derive(Arbitrary))]
      |                                            ^^^^^^^^^
      |
     ::: C:\Users\Devyani\.cargo\registry\src\index.crates.io-1949cf8c6b5b557f\arbitrary-1.3.2\src\size_hint.rs:12:1
      |
   12 | / pub fn recursion_guard(
   13 | |     depth: usize,
   14 | |     f: impl FnOnce(usize) -> (usize, Option<usize>),
   15 | | ) -> (usize, Option<usize>) {
      | |___________________________- similarly named function `recursion_guard` defined here
      |
      = note: this error originates in the derive macro `Arbitrary` (in Nightly builds, run with -Z macro-backtrace for more info)

error[E0576]: cannot find method or associated constant `try_size_hint` in trait `arbitrary::Arbitrary`
     --> C:\Users\Devyani\.cargo\registry\src\index.crates.io-1949cf8c6b5b557f\stellar-xdr-20.1.0\src\curr\generated.rs:11196:42
      |
11196 | #[cfg_attr(feature = "arbitrary", derive(Arbitrary))]
      |                                          ^^^^^^^^^
      |
     ::: C:\Users\Devyani\.cargo\registry\src\index.crates.io-1949cf8c6b5b557f\arbitrary-1.3.2\src\lib.rs:277:5
      |
  277 |     fn size_hint(depth: usize) -> (usize, Option<usize>) {
      |     ---------------------------------------------------- similarly named associated function `size_hint` defined here
      |
      = note: this error originates in the derive macro `Arbitrary` (in Nightly builds, run with -Z macro-backtrace for more info)

error[E0425]: cannot find type `MaxRecursionReached` in crate `arbitrary`
     --> C:\Users\Devyani\.cargo\registry\src\index.crates.io-1949cf8c6b5b557f\stellar-xdr-20.1.0\src\curr\generated.rs:11518:42
      |
11518 | #[cfg_attr(feature = "arbitrary", derive(Arbitrary))]
      |                                          ^^^^^^^^^ not found in `arbitrary`
      |
      = note: this error originates in the derive macro `Arbitrary` (in Nightly builds, run with -Z macro-backtrace for more info)

error[E0425]: cannot find function `try_recursion_guard` in module `arbitrary::size_hint`
     --> C:\Users\Devyani\.cargo\registry\src\index.crates.io-1949cf8c6b5b557f\stellar-xdr-20.1.0\src\curr\generated.rs:11518:42
      |
11518 |   #[cfg_attr(feature = "arbitrary", derive(Arbitrary))]
      |                                            ^^^^^^^^^
      |
     ::: C:\Users\Devyani\.cargo\registry\src\index.crates.io-1949cf8c6b5b557f\arbitrary-1.3.2\src\size_hint.rs:12:1
      |
   12 | / pub fn recursion_guard(
   13 | |     depth: usize,
   14 | |     f: impl FnOnce(usize) -> (usize, Option<usize>),
   15 | | ) -> (usize, Option<usize>) {
      | |___________________________- similarly named function `recursion_guard` defined here
      |
      = note: this error originates in the derive macro `Arbitrary` (in Nightly builds, run with -Z macro-backtrace for more info)

error[E0576]: cannot find method or associated constant `try_size_hint` in trait `arbitrary::Arbitrary`
     --> C:\Users\Devyani\.cargo\registry\src\index.crates.io-1949cf8c6b5b557f\stellar-xdr-20.1.0\src\curr\generated.rs:11518:42
      |
11518 | #[cfg_attr(feature = "arbitrary", derive(Arbitrary))]
      |                                          ^^^^^^^^^
      |
     ::: C:\Users\Devyani\.cargo\registry\src\index.crates.io-1949cf8c6b5b557f\arbitrary-1.3.2\src\lib.rs:277:5
      |
  277 |     fn size_hint(depth: usize) -> (usize, Option<usize>) {
      |     ---------------------------------------------------- similarly named associated function `size_hint` defined here
      |
      = note: this error originates in the derive macro `Arbitrary` (in Nightly builds, run with -Z macro-backtrace for more info)

error[E0425]: cannot find type `MaxRecursionReached` in crate `arbitrary`
     --> C:\Users\Devyani\.cargo\registry\src\index.crates.io-1949cf8c6b5b557f\stellar-xdr-20.1.0\src\curr\generated.rs:11716:42
      |
11716 | #[cfg_attr(feature = "arbitrary", derive(Arbitrary))]
      |                                          ^^^^^^^^^ not found in `arbitrary`
      |
      = note: this error originates in the derive macro `Arbitrary` (in Nightly builds, run with -Z macro-backtrace for more info)

error[E0425]: cannot find function `try_recursion_guard` in module `arbitrary::size_hint`
     --> C:\Users\Devyani\.cargo\registry\src\index.crates.io-1949cf8c6b5b557f\stellar-xdr-20.1.0\src\curr\generated.rs:11716:42
      |
11716 |   #[cfg_attr(feature = "arbitrary", derive(Arbitrary))]
      |                                            ^^^^^^^^^
      |
     ::: C:\Users\Devyani\.cargo\registry\src\index.crates.io-1949cf8c6b5b557f\arbitrary-1.3.2\src\size_hint.rs:12:1
      |
   12 | / pub fn recursion_guard(
   13 | |     depth: usize,
   14 | |     f: impl FnOnce(usize) -> (usize, Option<usize>),
   15 | | ) -> (usize, Option<usize>) {
      | |___________________________- similarly named function `recursion_guard` defined here
      |
      = note: this error originates in the derive macro `Arbitrary` (in Nightly builds, run with -Z macro-backtrace for more info)

error[E0576]: cannot find method or associated constant `try_size_hint` in trait `arbitrary::Arbitrary`
     --> C:\Users\Devyani\.cargo\registry\src\index.crates.io-1949cf8c6b5b557f\stellar-xdr-20.1.0\src\curr\generated.rs:11716:42
      |
11716 | #[cfg_attr(feature = "arbitrary", derive(Arbitrary))]
      |                                          ^^^^^^^^^
      |
     ::: C:\Users\Devyani\.cargo\registry\src\index.crates.io-1949cf8c6b5b557f\arbitrary-1.3.2\src\lib.rs:277:5
      |
  277 |     fn size_hint(depth: usize) -> (usize, Option<usize>) {
      |     ---------------------------------------------------- similarly named associated function `size_hint` defined here
      |
      = note: this error originates in the derive macro `Arbitrary` (in Nightly builds, run with -Z macro-backtrace for more info)

error[E0425]: cannot find type `MaxRecursionReached` in crate `arbitrary`
     --> C:\Users\Devyani\.cargo\registry\src\index.crates.io-1949cf8c6b5b557f\stellar-xdr-20.1.0\src\curr\generated.rs:11782:42
      |
11782 | #[cfg_attr(feature = "arbitrary", derive(Arbitrary))]
      |                                          ^^^^^^^^^ not found in `arbitrary`
      |
      = note: this error originates in the derive macro `Arbitrary` (in Nightly builds, run with -Z macro-backtrace for more info)

error[E0425]: cannot find function `try_recursion_guard` in module `arbitrary::size_hint`
     --> C:\Users\Devyani\.cargo\registry\src\index.crates.io-1949cf8c6b5b557f\stellar-xdr-20.1.0\src\curr\generated.rs:11782:42
      |
11782 |   #[cfg_attr(feature = "arbitrary", derive(Arbitrary))]
      |                                            ^^^^^^^^^
      |
     ::: C:\Users\Devyani\.cargo\registry\src\index.crates.io-1949cf8c6b5b557f\arbitrary-1.3.2\src\size_hint.rs:12:1
      |
   12 | / pub fn recursion_guard(
   13 | |     depth: usize,
   14 | |     f: impl FnOnce(usize) -> (usize, Option<usize>),
   15 | | ) -> (usize, Option<usize>) {
      | |___________________________- similarly named function `recursion_guard` defined here
      |
      = note: this error originates in the derive macro `Arbitrary` (in Nightly builds, run with -Z macro-backtrace for more info)

error[E0576]: cannot find method or associated constant `try_size_hint` in trait `arbitrary::Arbitrary`
     --> C:\Users\Devyani\.cargo\registry\src\index.crates.io-1949cf8c6b5b557f\stellar-xdr-20.1.0\src\curr\generated.rs:11782:42
      |
11782 | #[cfg_attr(feature = "arbitrary", derive(Arbitrary))]
      |                                          ^^^^^^^^^
      |
     ::: C:\Users\Devyani\.cargo\registry\src\index.crates.io-1949cf8c6b5b557f\arbitrary-1.3.2\src\lib.rs:277:5
      |
  277 |     fn size_hint(depth: usize) -> (usize, Option<usize>) {
      |     ---------------------------------------------------- similarly named associated function `size_hint` defined here
      |
      = note: this error originates in the derive macro `Arbitrary` (in Nightly builds, run with -Z macro-backtrace for more info)

error[E0425]: cannot find type `MaxRecursionReached` in crate `arbitrary`
     --> C:\Users\Devyani\.cargo\registry\src\index.crates.io-1949cf8c6b5b557f\stellar-xdr-20.1.0\src\curr\generated.rs:11833:42
      |
11833 | #[cfg_attr(feature = "arbitrary", derive(Arbitrary))]
      |                                          ^^^^^^^^^ not found in `arbitrary`
      |
      = note: this error originates in the derive macro `Arbitrary` (in Nightly builds, run with -Z macro-backtrace for more info)

error[E0425]: cannot find function `try_recursion_guard` in module `arbitrary::size_hint`
     --> C:\Users\Devyani\.cargo\registry\src\index.crates.io-1949cf8c6b5b557f\stellar-xdr-20.1.0\src\curr\generated.rs:11833:42
      |
11833 |   #[cfg_attr(feature = "arbitrary", derive(Arbitrary))]
      |                                            ^^^^^^^^^
      |
     ::: C:\Users\Devyani\.cargo\registry\src\index.crates.io-1949cf8c6b5b557f\arbitrary-1.3.2\src\size_hint.rs:12:1
      |
   12 | / pub fn recursion_guard(
   13 | |     depth: usize,
   14 | |     f: impl FnOnce(usize) -> (usize, Option<usize>),
   15 | | ) -> (usize, Option<usize>) {
      | |___________________________- similarly named function `recursion_guard` defined here
      |
      = note: this error originates in the derive macro `Arbitrary` (in Nightly builds, run with -Z macro-backtrace for more info)

error[E0576]: cannot find method or associated constant `try_size_hint` in trait `arbitrary::Arbitrary`
     --> C:\Users\Devyani\.cargo\registry\src\index.crates.io-1949cf8c6b5b557f\stellar-xdr-20.1.0\src\curr\generated.rs:11833:42
      |
11833 | #[cfg_attr(feature = "arbitrary", derive(Arbitrary))]
      |                                          ^^^^^^^^^
      |
     ::: C:\Users\Devyani\.cargo\registry\src\index.crates.io-1949cf8c6b5b557f\arbitrary-1.3.2\src\lib.rs:277:5
      |
  277 |     fn size_hint(depth: usize) -> (usize, Option<usize>) {
      |     ---------------------------------------------------- similarly named associated function `size_hint` defined here
      |
      = note: this error originates in the derive macro `Arbitrary` (in Nightly builds, run with -Z macro-backtrace for more info)

error[E0425]: cannot find type `MaxRecursionReached` in crate `arbitrary`
     --> C:\Users\Devyani\.cargo\registry\src\index.crates.io-1949cf8c6b5b557f\stellar-xdr-20.1.0\src\curr\generated.rs:11947:42
      |
11947 | #[cfg_attr(feature = "arbitrary", derive(Arbitrary))]
      |                                          ^^^^^^^^^ not found in `arbitrary`
      |
      = note: this error originates in the derive macro `Arbitrary` (in Nightly builds, run with -Z macro-backtrace for more info)

error[E0425]: cannot find function `try_recursion_guard` in module `arbitrary::size_hint`
     --> C:\Users\Devyani\.cargo\registry\src\index.crates.io-1949cf8c6b5b557f\stellar-xdr-20.1.0\src\curr\generated.rs:11947:42
      |
11947 |   #[cfg_attr(feature = "arbitrary", derive(Arbitrary))]
      |                                            ^^^^^^^^^
      |
     ::: C:\Users\Devyani\.cargo\registry\src\index.crates.io-1949cf8c6b5b557f\arbitrary-1.3.2\src\size_hint.rs:12:1
      |
   12 | / pub fn recursion_guard(
   13 | |     depth: usize,
   14 | |     f: impl FnOnce(usize) -> (usize, Option<usize>),
   15 | | ) -> (usize, Option<usize>) {
      | |___________________________- similarly named function `recursion_guard` defined here
      |
      = note: this error originates in the derive macro `Arbitrary` (in Nightly builds, run with -Z macro-backtrace for more info)

error[E0576]: cannot find method or associated constant `try_size_hint` in trait `arbitrary::Arbitrary`
     --> C:\Users\Devyani\.cargo\registry\src\index.crates.io-1949cf8c6b5b557f\stellar-xdr-20.1.0\src\curr\generated.rs:11947:42
      |
11947 | #[cfg_attr(feature = "arbitrary", derive(Arbitrary))]
      |                                          ^^^^^^^^^
      |
     ::: C:\Users\Devyani\.cargo\registry\src\index.crates.io-1949cf8c6b5b557f\arbitrary-1.3.2\src\lib.rs:277:5
      |
  277 |     fn size_hint(depth: usize) -> (usize, Option<usize>) {
      |     ---------------------------------------------------- similarly named associated function `size_hint` defined here
      |
      = note: this error originates in the derive macro `Arbitrary` (in Nightly builds, run with -Z macro-backtrace for more info)

error[E0425]: cannot find type `MaxRecursionReached` in crate `arbitrary`
     --> C:\Users\Devyani\.cargo\registry\src\index.crates.io-1949cf8c6b5b557f\stellar-xdr-20.1.0\src\curr\generated.rs:12001:42
      |
12001 | #[cfg_attr(feature = "arbitrary", derive(Arbitrary))]
      |                                          ^^^^^^^^^ not found in `arbitrary`
      |
      = note: this error originates in the derive macro `Arbitrary` (in Nightly builds, run with -Z macro-backtrace for more info)

error[E0425]: cannot find function `try_recursion_guard` in module `arbitrary::size_hint`
     --> C:\Users\Devyani\.cargo\registry\src\index.crates.io-1949cf8c6b5b557f\stellar-xdr-20.1.0\src\curr\generated.rs:12001:42
      |
12001 |   #[cfg_attr(feature = "arbitrary", derive(Arbitrary))]
      |                                            ^^^^^^^^^
      |
     ::: C:\Users\Devyani\.cargo\registry\src\index.crates.io-1949cf8c6b5b557f\arbitrary-1.3.2\src\size_hint.rs:12:1
      |
   12 | / pub fn recursion_guard(
   13 | |     depth: usize,
   14 | |     f: impl FnOnce(usize) -> (usize, Option<usize>),
   15 | | ) -> (usize, Option<usize>) {
      | |___________________________- similarly named function `recursion_guard` defined here
      |
      = note: this error originates in the derive macro `Arbitrary` (in Nightly builds, run with -Z macro-backtrace for more info)

error[E0576]: cannot find method or associated constant `try_size_hint` in trait `arbitrary::Arbitrary`
     --> C:\Users\Devyani\.cargo\registry\src\index.crates.io-1949cf8c6b5b557f\stellar-xdr-20.1.0\src\curr\generated.rs:12001:42
      |
12001 | #[cfg_attr(feature = "arbitrary", derive(Arbitrary))]
      |                                          ^^^^^^^^^
      |
     ::: C:\Users\Devyani\.cargo\registry\src\index.crates.io-1949cf8c6b5b557f\arbitrary-1.3.2\src\lib.rs:277:5
      |
  277 |     fn size_hint(depth: usize) -> (usize, Option<usize>) {
      |     ---------------------------------------------------- similarly named associated function `size_hint` defined here
      |
      = note: this error originates in the derive macro `Arbitrary` (in Nightly builds, run with -Z macro-backtrace for more info)

error[E0425]: cannot find type `MaxRecursionReached` in crate `arbitrary`
     --> C:\Users\Devyani\.cargo\registry\src\index.crates.io-1949cf8c6b5b557f\stellar-xdr-20.1.0\src\curr\generated.rs:12113:42
      |
12113 | #[cfg_attr(feature = "arbitrary", derive(Arbitrary))]
      |                                          ^^^^^^^^^ not found in `arbitrary`
      |
      = note: this error originates in the derive macro `Arbitrary` (in Nightly builds, run with -Z macro-backtrace for more info)

error[E0425]: cannot find function `try_recursion_guard` in module `arbitrary::size_hint`
     --> C:\Users\Devyani\.cargo\registry\src\index.crates.io-1949cf8c6b5b557f\stellar-xdr-20.1.0\src\curr\generated.rs:12113:42
      |
12113 |   #[cfg_attr(feature = "arbitrary", derive(Arbitrary))]
      |                                            ^^^^^^^^^
      |
     ::: C:\Users\Devyani\.cargo\registry\src\index.crates.io-1949cf8c6b5b557f\arbitrary-1.3.2\src\size_hint.rs:12:1
      |
   12 | / pub fn recursion_guard(
   13 | |     depth: usize,
   14 | |     f: impl FnOnce(usize) -> (usize, Option<usize>),
   15 | | ) -> (usize, Option<usize>) {
      | |___________________________- similarly named function `recursion_guard` defined here
      |
      = note: this error originates in the derive macro `Arbitrary` (in Nightly builds, run with -Z macro-backtrace for more info)

error[E0576]: cannot find method or associated constant `try_size_hint` in trait `arbitrary::Arbitrary`
     --> C:\Users\Devyani\.cargo\registry\src\index.crates.io-1949cf8c6b5b557f\stellar-xdr-20.1.0\src\curr\generated.rs:12113:42
      |
12113 | #[cfg_attr(feature = "arbitrary", derive(Arbitrary))]
      |                                          ^^^^^^^^^
      |
     ::: C:\Users\Devyani\.cargo\registry\src\index.crates.io-1949cf8c6b5b557f\arbitrary-1.3.2\src\lib.rs:277:5
      |
  277 |     fn size_hint(depth: usize) -> (usize, Option<usize>) {
      |     ---------------------------------------------------- similarly named associated function `size_hint` defined here
      |
      = note: this error originates in the derive macro `Arbitrary` (in Nightly builds, run with -Z macro-backtrace for more info)

error[E0425]: cannot find type `MaxRecursionReached` in crate `arbitrary`
     --> C:\Users\Devyani\.cargo\registry\src\index.crates.io-1949cf8c6b5b557f\stellar-xdr-20.1.0\src\curr\generated.rs:12161:42
      |
12161 | #[cfg_attr(feature = "arbitrary", derive(Arbitrary))]
      |                                          ^^^^^^^^^ not found in `arbitrary`
      |
      = note: this error originates in the derive macro `Arbitrary` (in Nightly builds, run with -Z macro-backtrace for more info)

error[E0425]: cannot find function `try_recursion_guard` in module `arbitrary::size_hint`
     --> C:\Users\Devyani\.cargo\registry\src\index.crates.io-1949cf8c6b5b557f\stellar-xdr-20.1.0\src\curr\generated.rs:12161:42
      |
12161 |   #[cfg_attr(feature = "arbitrary", derive(Arbitrary))]
      |                                            ^^^^^^^^^
      |
     ::: C:\Users\Devyani\.cargo\registry\src\index.crates.io-1949cf8c6b5b557f\arbitrary-1.3.2\src\size_hint.rs:12:1
      |
   12 | / pub fn recursion_guard(
   13 | |     depth: usize,
   14 | |     f: impl FnOnce(usize) -> (usize, Option<usize>),
   15 | | ) -> (usize, Option<usize>) {
      | |___________________________- similarly named function `recursion_guard` defined here
      |
      = note: this error originates in the derive macro `Arbitrary` (in Nightly builds, run with -Z macro-backtrace for more info)

error[E0576]: cannot find method or associated constant `try_size_hint` in trait `arbitrary::Arbitrary`
     --> C:\Users\Devyani\.cargo\registry\src\index.crates.io-1949cf8c6b5b557f\stellar-xdr-20.1.0\src\curr\generated.rs:12161:42
      |
12161 | #[cfg_attr(feature = "arbitrary", derive(Arbitrary))]
      |                                          ^^^^^^^^^
      |
     ::: C:\Users\Devyani\.cargo\registry\src\index.crates.io-1949cf8c6b5b557f\arbitrary-1.3.2\src\lib.rs:277:5
      |
  277 |     fn size_hint(depth: usize) -> (usize, Option<usize>) {
      |     ---------------------------------------------------- similarly named associated function `size_hint` defined here
      |
      = note: this error originates in the derive macro `Arbitrary` (in Nightly builds, run with -Z macro-backtrace for more info)

error[E0425]: cannot find type `MaxRecursionReached` in crate `arbitrary`
     --> C:\Users\Devyani\.cargo\registry\src\index.crates.io-1949cf8c6b5b557f\stellar-xdr-20.1.0\src\curr\generated.rs:12288:42
      |
12288 | #[cfg_attr(feature = "arbitrary", derive(Arbitrary))]
      |                                          ^^^^^^^^^ not found in `arbitrary`
      |
      = note: this error originates in the derive macro `Arbitrary` (in Nightly builds, run with -Z macro-backtrace for more info)

error[E0425]: cannot find function `try_recursion_guard` in module `arbitrary::size_hint`
     --> C:\Users\Devyani\.cargo\registry\src\index.crates.io-1949cf8c6b5b557f\stellar-xdr-20.1.0\src\curr\generated.rs:12288:42
      |
12288 |   #[cfg_attr(feature = "arbitrary", derive(Arbitrary))]
      |                                            ^^^^^^^^^
      |
     ::: C:\Users\Devyani\.cargo\registry\src\index.crates.io-1949cf8c6b5b557f\arbitrary-1.3.2\src\size_hint.rs:12:1
      |
   12 | / pub fn recursion_guard(
   13 | |     depth: usize,
   14 | |     f: impl FnOnce(usize) -> (usize, Option<usize>),
   15 | | ) -> (usize, Option<usize>) {
      | |___________________________- similarly named function `recursion_guard` defined here
      |
      = note: this error originates in the derive macro `Arbitrary` (in Nightly builds, run with -Z macro-backtrace for more info)

error[E0576]: cannot find method or associated constant `try_size_hint` in trait `arbitrary::Arbitrary`
     --> C:\Users\Devyani\.cargo\registry\src\index.crates.io-1949cf8c6b5b557f\stellar-xdr-20.1.0\src\curr\generated.rs:12288:42
      |
12288 | #[cfg_attr(feature = "arbitrary", derive(Arbitrary))]
      |                                          ^^^^^^^^^
      |
     ::: C:\Users\Devyani\.cargo\registry\src\index.crates.io-1949cf8c6b5b557f\arbitrary-1.3.2\src\lib.rs:277:5
      |
  277 |     fn size_hint(depth: usize) -> (usize, Option<usize>) {
      |     ---------------------------------------------------- similarly named associated function `size_hint` defined here
      |
      = note: this error originates in the derive macro `Arbitrary` (in Nightly builds, run with -Z macro-backtrace for more info)

error[E0425]: cannot find type `MaxRecursionReached` in crate `arbitrary`
     --> C:\Users\Devyani\.cargo\registry\src\index.crates.io-1949cf8c6b5b557f\stellar-xdr-20.1.0\src\curr\generated.rs:12616:42
      |
12616 | #[cfg_attr(feature = "arbitrary", derive(Arbitrary))]
      |                                          ^^^^^^^^^ not found in `arbitrary`
      |
      = note: this error originates in the derive macro `Arbitrary` (in Nightly builds, run with -Z macro-backtrace for more info)

error[E0425]: cannot find function `try_recursion_guard` in module `arbitrary::size_hint`
     --> C:\Users\Devyani\.cargo\registry\src\index.crates.io-1949cf8c6b5b557f\stellar-xdr-20.1.0\src\curr\generated.rs:12616:42
      |
12616 |   #[cfg_attr(feature = "arbitrary", derive(Arbitrary))]
      |                                            ^^^^^^^^^
      |
     ::: C:\Users\Devyani\.cargo\registry\src\index.crates.io-1949cf8c6b5b557f\arbitrary-1.3.2\src\size_hint.rs:12:1
      |
   12 | / pub fn recursion_guard(
   13 | |     depth: usize,
   14 | |     f: impl FnOnce(usize) -> (usize, Option<usize>),
   15 | | ) -> (usize, Option<usize>) {
      | |___________________________- similarly named function `recursion_guard` defined here
      |
      = note: this error originates in the derive macro `Arbitrary` (in Nightly builds, run with -Z macro-backtrace for more info)

error[E0576]: cannot find method or associated constant `try_size_hint` in trait `arbitrary::Arbitrary`
     --> C:\Users\Devyani\.cargo\registry\src\index.crates.io-1949cf8c6b5b557f\stellar-xdr-20.1.0\src\curr\generated.rs:12616:42
      |
12616 | #[cfg_attr(feature = "arbitrary", derive(Arbitrary))]
      |                                          ^^^^^^^^^
      |
     ::: C:\Users\Devyani\.cargo\registry\src\index.crates.io-1949cf8c6b5b557f\arbitrary-1.3.2\src\lib.rs:277:5
      |
  277 |     fn size_hint(depth: usize) -> (usize, Option<usize>) {
      |     ---------------------------------------------------- similarly named associated function `size_hint` defined here
      |
      = note: this error originates in the derive macro `Arbitrary` (in Nightly builds, run with -Z macro-backtrace for more info)

error[E0425]: cannot find type `MaxRecursionReached` in crate `arbitrary`
     --> C:\Users\Devyani\.cargo\registry\src\index.crates.io-1949cf8c6b5b557f\stellar-xdr-20.1.0\src\curr\generated.rs:12842:42
      |
12842 | #[cfg_attr(feature = "arbitrary", derive(Arbitrary))]
      |                                          ^^^^^^^^^ not found in `arbitrary`
      |
      = note: this error originates in the derive macro `Arbitrary` (in Nightly builds, run with -Z macro-backtrace for more info)

error[E0425]: cannot find function `try_recursion_guard` in module `arbitrary::size_hint`
     --> C:\Users\Devyani\.cargo\registry\src\index.crates.io-1949cf8c6b5b557f\stellar-xdr-20.1.0\src\curr\generated.rs:12842:42
      |
12842 |   #[cfg_attr(feature = "arbitrary", derive(Arbitrary))]
      |                                            ^^^^^^^^^
      |
     ::: C:\Users\Devyani\.cargo\registry\src\index.crates.io-1949cf8c6b5b557f\arbitrary-1.3.2\src\size_hint.rs:12:1
      |
   12 | / pub fn recursion_guard(
   13 | |     depth: usize,
   14 | |     f: impl FnOnce(usize) -> (usize, Option<usize>),
   15 | | ) -> (usize, Option<usize>) {
      | |___________________________- similarly named function `recursion_guard` defined here
      |
      = note: this error originates in the derive macro `Arbitrary` (in Nightly builds, run with -Z macro-backtrace for more info)

error[E0576]: cannot find method or associated constant `try_size_hint` in trait `arbitrary::Arbitrary`
     --> C:\Users\Devyani\.cargo\registry\src\index.crates.io-1949cf8c6b5b557f\stellar-xdr-20.1.0\src\curr\generated.rs:12842:42
      |
12842 | #[cfg_attr(feature = "arbitrary", derive(Arbitrary))]
      |                                          ^^^^^^^^^
      |
     ::: C:\Users\Devyani\.cargo\registry\src\index.crates.io-1949cf8c6b5b557f\arbitrary-1.3.2\src\lib.rs:277:5
      |
  277 |     fn size_hint(depth: usize) -> (usize, Option<usize>) {
      |     ---------------------------------------------------- similarly named associated function `size_hint` defined here
      |
      = note: this error originates in the derive macro `Arbitrary` (in Nightly builds, run with -Z macro-backtrace for more info)

error[E0425]: cannot find type `MaxRecursionReached` in crate `arbitrary`
     --> C:\Users\Devyani\.cargo\registry\src\index.crates.io-1949cf8c6b5b557f\stellar-xdr-20.1.0\src\curr\generated.rs:12890:42
      |
12890 | #[cfg_attr(feature = "arbitrary", derive(Arbitrary))]
      |                                          ^^^^^^^^^ not found in `arbitrary`
      |
      = note: this error originates in the derive macro `Arbitrary` (in Nightly builds, run with -Z macro-backtrace for more info)

error[E0425]: cannot find function `try_recursion_guard` in module `arbitrary::size_hint`
     --> C:\Users\Devyani\.cargo\registry\src\index.crates.io-1949cf8c6b5b557f\stellar-xdr-20.1.0\src\curr\generated.rs:12890:42
      |
12890 |   #[cfg_attr(feature = "arbitrary", derive(Arbitrary))]
      |                                            ^^^^^^^^^
      |
     ::: C:\Users\Devyani\.cargo\registry\src\index.crates.io-1949cf8c6b5b557f\arbitrary-1.3.2\src\size_hint.rs:12:1
      |
   12 | / pub fn recursion_guard(
   13 | |     depth: usize,
   14 | |     f: impl FnOnce(usize) -> (usize, Option<usize>),
   15 | | ) -> (usize, Option<usize>) {
      | |___________________________- similarly named function `recursion_guard` defined here
      |
      = note: this error originates in the derive macro `Arbitrary` (in Nightly builds, run with -Z macro-backtrace for more info)

error[E0576]: cannot find method or associated constant `try_size_hint` in trait `arbitrary::Arbitrary`
     --> C:\Users\Devyani\.cargo\registry\src\index.crates.io-1949cf8c6b5b557f\stellar-xdr-20.1.0\src\curr\generated.rs:12890:42
      |
12890 | #[cfg_attr(feature = "arbitrary", derive(Arbitrary))]
      |                                          ^^^^^^^^^
      |
     ::: C:\Users\Devyani\.cargo\registry\src\index.crates.io-1949cf8c6b5b557f\arbitrary-1.3.2\src\lib.rs:277:5
      |
  277 |     fn size_hint(depth: usize) -> (usize, Option<usize>) {
      |     ---------------------------------------------------- similarly named associated function `size_hint` defined here
      |
      = note: this error originates in the derive macro `Arbitrary` (in Nightly builds, run with -Z macro-backtrace for more info)

error[E0425]: cannot find type `MaxRecursionReached` in crate `arbitrary`
     --> C:\Users\Devyani\.cargo\registry\src\index.crates.io-1949cf8c6b5b557f\stellar-xdr-20.1.0\src\curr\generated.rs:13002:42
      |
13002 | #[cfg_attr(feature = "arbitrary", derive(Arbitrary))]
      |                                          ^^^^^^^^^ not found in `arbitrary`
      |
      = note: this error originates in the derive macro `Arbitrary` (in Nightly builds, run with -Z macro-backtrace for more info)

error[E0425]: cannot find function `try_recursion_guard` in module `arbitrary::size_hint`
     --> C:\Users\Devyani\.cargo\registry\src\index.crates.io-1949cf8c6b5b557f\stellar-xdr-20.1.0\src\curr\generated.rs:13002:42
      |
13002 |   #[cfg_attr(feature = "arbitrary", derive(Arbitrary))]
      |                                            ^^^^^^^^^
      |
     ::: C:\Users\Devyani\.cargo\registry\src\index.crates.io-1949cf8c6b5b557f\arbitrary-1.3.2\src\size_hint.rs:12:1
      |
   12 | / pub fn recursion_guard(
   13 | |     depth: usize,
   14 | |     f: impl FnOnce(usize) -> (usize, Option<usize>),
   15 | | ) -> (usize, Option<usize>) {
      | |___________________________- similarly named function `recursion_guard` defined here
      |
      = note: this error originates in the derive macro `Arbitrary` (in Nightly builds, run with -Z macro-backtrace for more info)

error[E0576]: cannot find method or associated constant `try_size_hint` in trait `arbitrary::Arbitrary`
     --> C:\Users\Devyani\.cargo\registry\src\index.crates.io-1949cf8c6b5b557f\stellar-xdr-20.1.0\src\curr\generated.rs:13002:42
      |
13002 | #[cfg_attr(feature = "arbitrary", derive(Arbitrary))]
      |                                          ^^^^^^^^^
      |
     ::: C:\Users\Devyani\.cargo\registry\src\index.crates.io-1949cf8c6b5b557f\arbitrary-1.3.2\src\lib.rs:277:5
      |
  277 |     fn size_hint(depth: usize) -> (usize, Option<usize>) {
      |     ---------------------------------------------------- similarly named associated function `size_hint` defined here
      |
      = note: this error originates in the derive macro `Arbitrary` (in Nightly builds, run with -Z macro-backtrace for more info)

error[E0425]: cannot find type `MaxRecursionReached` in crate `arbitrary`
     --> C:\Users\Devyani\.cargo\registry\src\index.crates.io-1949cf8c6b5b557f\stellar-xdr-20.1.0\src\curr\generated.rs:13062:42
      |
13062 | #[cfg_attr(feature = "arbitrary", derive(Arbitrary))]
      |                                          ^^^^^^^^^ not found in `arbitrary`
      |
      = note: this error originates in the derive macro `Arbitrary` (in Nightly builds, run with -Z macro-backtrace for more info)

error[E0425]: cannot find function `try_recursion_guard` in module `arbitrary::size_hint`
     --> C:\Users\Devyani\.cargo\registry\src\index.crates.io-1949cf8c6b5b557f\stellar-xdr-20.1.0\src\curr\generated.rs:13062:42
      |
13062 |   #[cfg_attr(feature = "arbitrary", derive(Arbitrary))]
      |                                            ^^^^^^^^^
      |
     ::: C:\Users\Devyani\.cargo\registry\src\index.crates.io-1949cf8c6b5b557f\arbitrary-1.3.2\src\size_hint.rs:12:1
      |
   12 | / pub fn recursion_guard(
   13 | |     depth: usize,
   14 | |     f: impl FnOnce(usize) -> (usize, Option<usize>),
   15 | | ) -> (usize, Option<usize>) {
      | |___________________________- similarly named function `recursion_guard` defined here
      |
      = note: this error originates in the derive macro `Arbitrary` (in Nightly builds, run with -Z macro-backtrace for more info)

error[E0576]: cannot find method or associated constant `try_size_hint` in trait `arbitrary::Arbitrary`
     --> C:\Users\Devyani\.cargo\registry\src\index.crates.io-1949cf8c6b5b557f\stellar-xdr-20.1.0\src\curr\generated.rs:13062:42
      |
13062 | #[cfg_attr(feature = "arbitrary", derive(Arbitrary))]
      |                                          ^^^^^^^^^
      |
     ::: C:\Users\Devyani\.cargo\registry\src\index.crates.io-1949cf8c6b5b557f\arbitrary-1.3.2\src\lib.rs:277:5
      |
  277 |     fn size_hint(depth: usize) -> (usize, Option<usize>) {
      |     ---------------------------------------------------- similarly named associated function `size_hint` defined here
      |
      = note: this error originates in the derive macro `Arbitrary` (in Nightly builds, run with -Z macro-backtrace for more info)

error[E0425]: cannot find type `MaxRecursionReached` in crate `arbitrary`
     --> C:\Users\Devyani\.cargo\registry\src\index.crates.io-1949cf8c6b5b557f\stellar-xdr-20.1.0\src\curr\generated.rs:13193:42
      |
13193 | #[cfg_attr(feature = "arbitrary", derive(Arbitrary))]
      |                                          ^^^^^^^^^ not found in `arbitrary`
      |
      = note: this error originates in the derive macro `Arbitrary` (in Nightly builds, run with -Z macro-backtrace for more info)

error[E0425]: cannot find function `try_recursion_guard` in module `arbitrary::size_hint`
     --> C:\Users\Devyani\.cargo\registry\src\index.crates.io-1949cf8c6b5b557f\stellar-xdr-20.1.0\src\curr\generated.rs:13193:42
      |
13193 |   #[cfg_attr(feature = "arbitrary", derive(Arbitrary))]
      |                                            ^^^^^^^^^
      |
     ::: C:\Users\Devyani\.cargo\registry\src\index.crates.io-1949cf8c6b5b557f\arbitrary-1.3.2\src\size_hint.rs:12:1
      |
   12 | / pub fn recursion_guard(
   13 | |     depth: usize,
   14 | |     f: impl FnOnce(usize) -> (usize, Option<usize>),
   15 | | ) -> (usize, Option<usize>) {
      | |___________________________- similarly named function `recursion_guard` defined here
      |
      = note: this error originates in the derive macro `Arbitrary` (in Nightly builds, run with -Z macro-backtrace for more info)

error[E0576]: cannot find method or associated constant `try_size_hint` in trait `arbitrary::Arbitrary`
     --> C:\Users\Devyani\.cargo\registry\src\index.crates.io-1949cf8c6b5b557f\stellar-xdr-20.1.0\src\curr\generated.rs:13193:42
      |
13193 | #[cfg_attr(feature = "arbitrary", derive(Arbitrary))]
      |                                          ^^^^^^^^^
      |
     ::: C:\Users\Devyani\.cargo\registry\src\index.crates.io-1949cf8c6b5b557f\arbitrary-1.3.2\src\lib.rs:277:5
      |
  277 |     fn size_hint(depth: usize) -> (usize, Option<usize>) {
      |     ---------------------------------------------------- similarly named associated function `size_hint` defined here
      |
      = note: this error originates in the derive macro `Arbitrary` (in Nightly builds, run with -Z macro-backtrace for more info)

error[E0425]: cannot find type `MaxRecursionReached` in crate `arbitrary`
     --> C:\Users\Devyani\.cargo\registry\src\index.crates.io-1949cf8c6b5b557f\stellar-xdr-20.1.0\src\curr\generated.rs:13480:42
      |
13480 | #[cfg_attr(feature = "arbitrary", derive(Arbitrary))]
      |                                          ^^^^^^^^^ not found in `arbitrary`
      |
      = note: this error originates in the derive macro `Arbitrary` (in Nightly builds, run with -Z macro-backtrace for more info)

error[E0425]: cannot find function `try_recursion_guard` in module `arbitrary::size_hint`
     --> C:\Users\Devyani\.cargo\registry\src\index.crates.io-1949cf8c6b5b557f\stellar-xdr-20.1.0\src\curr\generated.rs:13480:42
      |
13480 |   #[cfg_attr(feature = "arbitrary", derive(Arbitrary))]
      |                                            ^^^^^^^^^
      |
     ::: C:\Users\Devyani\.cargo\registry\src\index.crates.io-1949cf8c6b5b557f\arbitrary-1.3.2\src\size_hint.rs:12:1
      |
   12 | / pub fn recursion_guard(
   13 | |     depth: usize,
   14 | |     f: impl FnOnce(usize) -> (usize, Option<usize>),
   15 | | ) -> (usize, Option<usize>) {
      | |___________________________- similarly named function `recursion_guard` defined here
      |
      = note: this error originates in the derive macro `Arbitrary` (in Nightly builds, run with -Z macro-backtrace for more info)

error[E0576]: cannot find method or associated constant `try_size_hint` in trait `arbitrary::Arbitrary`
     --> C:\Users\Devyani\.cargo\registry\src\index.crates.io-1949cf8c6b5b557f\stellar-xdr-20.1.0\src\curr\generated.rs:13480:42
      |
13480 | #[cfg_attr(feature = "arbitrary", derive(Arbitrary))]
      |                                          ^^^^^^^^^
      |
     ::: C:\Users\Devyani\.cargo\registry\src\index.crates.io-1949cf8c6b5b557f\arbitrary-1.3.2\src\lib.rs:277:5
      |
  277 |     fn size_hint(depth: usize) -> (usize, Option<usize>) {
      |     ---------------------------------------------------- similarly named associated function `size_hint` defined here
      |
      = note: this error originates in the derive macro `Arbitrary` (in Nightly builds, run with -Z macro-backtrace for more info)

error[E0425]: cannot find type `MaxRecursionReached` in crate `arbitrary`
     --> C:\Users\Devyani\.cargo\registry\src\index.crates.io-1949cf8c6b5b557f\stellar-xdr-20.1.0\src\curr\generated.rs:13652:42
      |
13652 | #[cfg_attr(feature = "arbitrary", derive(Arbitrary))]
      |                                          ^^^^^^^^^ not found in `arbitrary`
      |
      = note: this error originates in the derive macro `Arbitrary` (in Nightly builds, run with -Z macro-backtrace for more info)

error[E0425]: cannot find function `try_recursion_guard` in module `arbitrary::size_hint`
     --> C:\Users\Devyani\.cargo\registry\src\index.crates.io-1949cf8c6b5b557f\stellar-xdr-20.1.0\src\curr\generated.rs:13652:42
      |
13652 |   #[cfg_attr(feature = "arbitrary", derive(Arbitrary))]
      |                                            ^^^^^^^^^
      |
     ::: C:\Users\Devyani\.cargo\registry\src\index.crates.io-1949cf8c6b5b557f\arbitrary-1.3.2\src\size_hint.rs:12:1
      |
   12 | / pub fn recursion_guard(
   13 | |     depth: usize,
   14 | |     f: impl FnOnce(usize) -> (usize, Option<usize>),
   15 | | ) -> (usize, Option<usize>) {
      | |___________________________- similarly named function `recursion_guard` defined here
      |
      = note: this error originates in the derive macro `Arbitrary` (in Nightly builds, run with -Z macro-backtrace for more info)

error[E0576]: cannot find method or associated constant `try_size_hint` in trait `arbitrary::Arbitrary`
     --> C:\Users\Devyani\.cargo\registry\src\index.crates.io-1949cf8c6b5b557f\stellar-xdr-20.1.0\src\curr\generated.rs:13652:42
      |
13652 | #[cfg_attr(feature = "arbitrary", derive(Arbitrary))]
      |                                          ^^^^^^^^^
      |
     ::: C:\Users\Devyani\.cargo\registry\src\index.crates.io-1949cf8c6b5b557f\arbitrary-1.3.2\src\lib.rs:277:5
      |
  277 |     fn size_hint(depth: usize) -> (usize, Option<usize>) {
      |     ---------------------------------------------------- similarly named associated function `size_hint` defined here
      |
      = note: this error originates in the derive macro `Arbitrary` (in Nightly builds, run with -Z macro-backtrace for more info)

error[E0425]: cannot find type `MaxRecursionReached` in crate `arbitrary`
     --> C:\Users\Devyani\.cargo\registry\src\index.crates.io-1949cf8c6b5b557f\stellar-xdr-20.1.0\src\curr\generated.rs:13850:42
      |
13850 | #[cfg_attr(feature = "arbitrary", derive(Arbitrary))]
      |                                          ^^^^^^^^^ not found in `arbitrary`
      |
      = note: this error originates in the derive macro `Arbitrary` (in Nightly builds, run with -Z macro-backtrace for more info)

error[E0425]: cannot find function `try_recursion_guard` in module `arbitrary::size_hint`
     --> C:\Users\Devyani\.cargo\registry\src\index.crates.io-1949cf8c6b5b557f\stellar-xdr-20.1.0\src\curr\generated.rs:13850:42
      |
13850 |   #[cfg_attr(feature = "arbitrary", derive(Arbitrary))]
      |                                            ^^^^^^^^^
      |
     ::: C:\Users\Devyani\.cargo\registry\src\index.crates.io-1949cf8c6b5b557f\arbitrary-1.3.2\src\size_hint.rs:12:1
      |
   12 | / pub fn recursion_guard(
   13 | |     depth: usize,
   14 | |     f: impl FnOnce(usize) -> (usize, Option<usize>),
   15 | | ) -> (usize, Option<usize>) {
      | |___________________________- similarly named function `recursion_guard` defined here
      |
      = note: this error originates in the derive macro `Arbitrary` (in Nightly builds, run with -Z macro-backtrace for more info)

error[E0576]: cannot find method or associated constant `try_size_hint` in trait `arbitrary::Arbitrary`
     --> C:\Users\Devyani\.cargo\registry\src\index.crates.io-1949cf8c6b5b557f\stellar-xdr-20.1.0\src\curr\generated.rs:13850:42
      |
13850 | #[cfg_attr(feature = "arbitrary", derive(Arbitrary))]
      |                                          ^^^^^^^^^
      |
     ::: C:\Users\Devyani\.cargo\registry\src\index.crates.io-1949cf8c6b5b557f\arbitrary-1.3.2\src\lib.rs:277:5
      |
  277 |     fn size_hint(depth: usize) -> (usize, Option<usize>) {
      |     ---------------------------------------------------- similarly named associated function `size_hint` defined here
      |
      = note: this error originates in the derive macro `Arbitrary` (in Nightly builds, run with -Z macro-backtrace for more info)

error[E0425]: cannot find type `MaxRecursionReached` in crate `arbitrary`
     --> C:\Users\Devyani\.cargo\registry\src\index.crates.io-1949cf8c6b5b557f\stellar-xdr-20.1.0\src\curr\generated.rs:14093:42
      |
14093 | #[cfg_attr(feature = "arbitrary", derive(Arbitrary))]
      |                                          ^^^^^^^^^ not found in `arbitrary`
      |
      = note: this error originates in the derive macro `Arbitrary` (in Nightly builds, run with -Z macro-backtrace for more info)

error[E0425]: cannot find function `try_recursion_guard` in module `arbitrary::size_hint`
     --> C:\Users\Devyani\.cargo\registry\src\index.crates.io-1949cf8c6b5b557f\stellar-xdr-20.1.0\src\curr\generated.rs:14093:42
      |
14093 |   #[cfg_attr(feature = "arbitrary", derive(Arbitrary))]
      |                                            ^^^^^^^^^
      |
     ::: C:\Users\Devyani\.cargo\registry\src\index.crates.io-1949cf8c6b5b557f\arbitrary-1.3.2\src\size_hint.rs:12:1
      |
   12 | / pub fn recursion_guard(
   13 | |     depth: usize,
   14 | |     f: impl FnOnce(usize) -> (usize, Option<usize>),
   15 | | ) -> (usize, Option<usize>) {
      | |___________________________- similarly named function `recursion_guard` defined here
      |
      = note: this error originates in the derive macro `Arbitrary` (in Nightly builds, run with -Z macro-backtrace for more info)

error[E0576]: cannot find method or associated constant `try_size_hint` in trait `arbitrary::Arbitrary`
     --> C:\Users\Devyani\.cargo\registry\src\index.crates.io-1949cf8c6b5b557f\stellar-xdr-20.1.0\src\curr\generated.rs:14093:42
      |
14093 | #[cfg_attr(feature = "arbitrary", derive(Arbitrary))]
      |                                          ^^^^^^^^^
      |
     ::: C:\Users\Devyani\.cargo\registry\src\index.crates.io-1949cf8c6b5b557f\arbitrary-1.3.2\src\lib.rs:277:5
      |
  277 |     fn size_hint(depth: usize) -> (usize, Option<usize>) {
      |     ---------------------------------------------------- similarly named associated function `size_hint` defined here
      |
      = note: this error originates in the derive macro `Arbitrary` (in Nightly builds, run with -Z macro-backtrace for more info)

error[E0425]: cannot find type `MaxRecursionReached` in crate `arbitrary`
     --> C:\Users\Devyani\.cargo\registry\src\index.crates.io-1949cf8c6b5b557f\stellar-xdr-20.1.0\src\curr\generated.rs:14143:42
      |
14143 | #[cfg_attr(feature = "arbitrary", derive(Arbitrary))]
      |                                          ^^^^^^^^^ not found in `arbitrary`
      |
      = note: this error originates in the derive macro `Arbitrary` (in Nightly builds, run with -Z macro-backtrace for more info)

error[E0425]: cannot find function `try_recursion_guard` in module `arbitrary::size_hint`
     --> C:\Users\Devyani\.cargo\registry\src\index.crates.io-1949cf8c6b5b557f\stellar-xdr-20.1.0\src\curr\generated.rs:14143:42
      |
14143 |   #[cfg_attr(feature = "arbitrary", derive(Arbitrary))]
      |                                            ^^^^^^^^^
      |
     ::: C:\Users\Devyani\.cargo\registry\src\index.crates.io-1949cf8c6b5b557f\arbitrary-1.3.2\src\size_hint.rs:12:1
      |
   12 | / pub fn recursion_guard(
   13 | |     depth: usize,
   14 | |     f: impl FnOnce(usize) -> (usize, Option<usize>),
   15 | | ) -> (usize, Option<usize>) {
      | |___________________________- similarly named function `recursion_guard` defined here
      |
      = note: this error originates in the derive macro `Arbitrary` (in Nightly builds, run with -Z macro-backtrace for more info)

error[E0576]: cannot find method or associated constant `try_size_hint` in trait `arbitrary::Arbitrary`
     --> C:\Users\Devyani\.cargo\registry\src\index.crates.io-1949cf8c6b5b557f\stellar-xdr-20.1.0\src\curr\generated.rs:14143:42
      |
14143 | #[cfg_attr(feature = "arbitrary", derive(Arbitrary))]
      |                                          ^^^^^^^^^
      |
     ::: C:\Users\Devyani\.cargo\registry\src\index.crates.io-1949cf8c6b5b557f\arbitrary-1.3.2\src\lib.rs:277:5
      |
  277 |     fn size_hint(depth: usize) -> (usize, Option<usize>) {
      |     ---------------------------------------------------- similarly named associated function `size_hint` defined here
      |
      = note: this error originates in the derive macro `Arbitrary` (in Nightly builds, run with -Z macro-backtrace for more info)

error[E0425]: cannot find type `MaxRecursionReached` in crate `arbitrary`
     --> C:\Users\Devyani\.cargo\registry\src\index.crates.io-1949cf8c6b5b557f\stellar-xdr-20.1.0\src\curr\generated.rs:14345:42
      |
14345 | #[cfg_attr(feature = "arbitrary", derive(Arbitrary))]
      |                                          ^^^^^^^^^ not found in `arbitrary`
      |
      = note: this error originates in the derive macro `Arbitrary` (in Nightly builds, run with -Z macro-backtrace for more info)

error[E0425]: cannot find function `try_recursion_guard` in module `arbitrary::size_hint`
     --> C:\Users\Devyani\.cargo\registry\src\index.crates.io-1949cf8c6b5b557f\stellar-xdr-20.1.0\src\curr\generated.rs:14345:42
      |
14345 |   #[cfg_attr(feature = "arbitrary", derive(Arbitrary))]
      |                                            ^^^^^^^^^
      |
     ::: C:\Users\Devyani\.cargo\registry\src\index.crates.io-1949cf8c6b5b557f\arbitrary-1.3.2\src\size_hint.rs:12:1
      |
   12 | / pub fn recursion_guard(
   13 | |     depth: usize,
   14 | |     f: impl FnOnce(usize) -> (usize, Option<usize>),
   15 | | ) -> (usize, Option<usize>) {
      | |___________________________- similarly named function `recursion_guard` defined here
      |
      = note: this error originates in the derive macro `Arbitrary` (in Nightly builds, run with -Z macro-backtrace for more info)

error[E0576]: cannot find method or associated constant `try_size_hint` in trait `arbitrary::Arbitrary`
     --> C:\Users\Devyani\.cargo\registry\src\index.crates.io-1949cf8c6b5b557f\stellar-xdr-20.1.0\src\curr\generated.rs:14345:42
      |
14345 | #[cfg_attr(feature = "arbitrary", derive(Arbitrary))]
      |                                          ^^^^^^^^^
      |
     ::: C:\Users\Devyani\.cargo\registry\src\index.crates.io-1949cf8c6b5b557f\arbitrary-1.3.2\src\lib.rs:277:5
      |
  277 |     fn size_hint(depth: usize) -> (usize, Option<usize>) {
      |     ---------------------------------------------------- similarly named associated function `size_hint` defined here
      |
      = note: this error originates in the derive macro `Arbitrary` (in Nightly builds, run with -Z macro-backtrace for more info)

error[E0425]: cannot find type `MaxRecursionReached` in crate `arbitrary`
     --> C:\Users\Devyani\.cargo\registry\src\index.crates.io-1949cf8c6b5b557f\stellar-xdr-20.1.0\src\curr\generated.rs:14665:42
      |
14665 | #[cfg_attr(feature = "arbitrary", derive(Arbitrary))]
      |                                          ^^^^^^^^^ not found in `arbitrary`
      |
      = note: this error originates in the derive macro `Arbitrary` (in Nightly builds, run with -Z macro-backtrace for more info)

error[E0425]: cannot find function `try_recursion_guard` in module `arbitrary::size_hint`
     --> C:\Users\Devyani\.cargo\registry\src\index.crates.io-1949cf8c6b5b557f\stellar-xdr-20.1.0\src\curr\generated.rs:14665:42
      |
14665 |   #[cfg_attr(feature = "arbitrary", derive(Arbitrary))]
      |                                            ^^^^^^^^^
      |
     ::: C:\Users\Devyani\.cargo\registry\src\index.crates.io-1949cf8c6b5b557f\arbitrary-1.3.2\src\size_hint.rs:12:1
      |
   12 | / pub fn recursion_guard(
   13 | |     depth: usize,
   14 | |     f: impl FnOnce(usize) -> (usize, Option<usize>),
   15 | | ) -> (usize, Option<usize>) {
      | |___________________________- similarly named function `recursion_guard` defined here
      |
      = note: this error originates in the derive macro `Arbitrary` (in Nightly builds, run with -Z macro-backtrace for more info)

error[E0576]: cannot find method or associated constant `try_size_hint` in trait `arbitrary::Arbitrary`
     --> C:\Users\Devyani\.cargo\registry\src\index.crates.io-1949cf8c6b5b557f\stellar-xdr-20.1.0\src\curr\generated.rs:14665:42
      |
14665 | #[cfg_attr(feature = "arbitrary", derive(Arbitrary))]
      |                                          ^^^^^^^^^
      |
     ::: C:\Users\Devyani\.cargo\registry\src\index.crates.io-1949cf8c6b5b557f\arbitrary-1.3.2\src\lib.rs:277:5
      |
  277 |     fn size_hint(depth: usize) -> (usize, Option<usize>) {
      |     ---------------------------------------------------- similarly named associated function `size_hint` defined here
      |
      = note: this error originates in the derive macro `Arbitrary` (in Nightly builds, run with -Z macro-backtrace for more info)

error[E0425]: cannot find type `MaxRecursionReached` in crate `arbitrary`
     --> C:\Users\Devyani\.cargo\registry\src\index.crates.io-1949cf8c6b5b557f\stellar-xdr-20.1.0\src\curr\generated.rs:14713:42
      |
14713 | #[cfg_attr(feature = "arbitrary", derive(Arbitrary))]
      |                                          ^^^^^^^^^ not found in `arbitrary`
      |
      = note: this error originates in the derive macro `Arbitrary` (in Nightly builds, run with -Z macro-backtrace for more info)

error[E0425]: cannot find function `try_recursion_guard` in module `arbitrary::size_hint`
     --> C:\Users\Devyani\.cargo\registry\src\index.crates.io-1949cf8c6b5b557f\stellar-xdr-20.1.0\src\curr\generated.rs:14713:42
      |
14713 |   #[cfg_attr(feature = "arbitrary", derive(Arbitrary))]
      |                                            ^^^^^^^^^
      |
     ::: C:\Users\Devyani\.cargo\registry\src\index.crates.io-1949cf8c6b5b557f\arbitrary-1.3.2\src\size_hint.rs:12:1
      |
   12 | / pub fn recursion_guard(
   13 | |     depth: usize,
   14 | |     f: impl FnOnce(usize) -> (usize, Option<usize>),
   15 | | ) -> (usize, Option<usize>) {
      | |___________________________- similarly named function `recursion_guard` defined here
      |
      = note: this error originates in the derive macro `Arbitrary` (in Nightly builds, run with -Z macro-backtrace for more info)

error[E0576]: cannot find method or associated constant `try_size_hint` in trait `arbitrary::Arbitrary`
     --> C:\Users\Devyani\.cargo\registry\src\index.crates.io-1949cf8c6b5b557f\stellar-xdr-20.1.0\src\curr\generated.rs:14713:42
      |
14713 | #[cfg_attr(feature = "arbitrary", derive(Arbitrary))]
      |                                          ^^^^^^^^^
      |
     ::: C:\Users\Devyani\.cargo\registry\src\index.crates.io-1949cf8c6b5b557f\arbitrary-1.3.2\src\lib.rs:277:5
      |
  277 |     fn size_hint(depth: usize) -> (usize, Option<usize>) {
      |     ---------------------------------------------------- similarly named associated function `size_hint` defined here
      |
      = note: this error originates in the derive macro `Arbitrary` (in Nightly builds, run with -Z macro-backtrace for more info)

error[E0425]: cannot find type `MaxRecursionReached` in crate `arbitrary`
     --> C:\Users\Devyani\.cargo\registry\src\index.crates.io-1949cf8c6b5b557f\stellar-xdr-20.1.0\src\curr\generated.rs:14836:42
      |
14836 | #[cfg_attr(feature = "arbitrary", derive(Arbitrary))]
      |                                          ^^^^^^^^^ not found in `arbitrary`
      |
      = note: this error originates in the derive macro `Arbitrary` (in Nightly builds, run with -Z macro-backtrace for more info)

error[E0425]: cannot find function `try_recursion_guard` in module `arbitrary::size_hint`
     --> C:\Users\Devyani\.cargo\registry\src\index.crates.io-1949cf8c6b5b557f\stellar-xdr-20.1.0\src\curr\generated.rs:14836:42
      |
14836 |   #[cfg_attr(feature = "arbitrary", derive(Arbitrary))]
      |                                            ^^^^^^^^^
      |
     ::: C:\Users\Devyani\.cargo\registry\src\index.crates.io-1949cf8c6b5b557f\arbitrary-1.3.2\src\size_hint.rs:12:1
      |
   12 | / pub fn recursion_guard(
   13 | |     depth: usize,
   14 | |     f: impl FnOnce(usize) -> (usize, Option<usize>),
   15 | | ) -> (usize, Option<usize>) {
      | |___________________________- similarly named function `recursion_guard` defined here
      |
      = note: this error originates in the derive macro `Arbitrary` (in Nightly builds, run with -Z macro-backtrace for more info)

error[E0576]: cannot find method or associated constant `try_size_hint` in trait `arbitrary::Arbitrary`
     --> C:\Users\Devyani\.cargo\registry\src\index.crates.io-1949cf8c6b5b557f\stellar-xdr-20.1.0\src\curr\generated.rs:14836:42
      |
14836 | #[cfg_attr(feature = "arbitrary", derive(Arbitrary))]
      |                                          ^^^^^^^^^
      |
     ::: C:\Users\Devyani\.cargo\registry\src\index.crates.io-1949cf8c6b5b557f\arbitrary-1.3.2\src\lib.rs:277:5
      |
  277 |     fn size_hint(depth: usize) -> (usize, Option<usize>) {
      |     ---------------------------------------------------- similarly named associated function `size_hint` defined here
      |
      = note: this error originates in the derive macro `Arbitrary` (in Nightly builds, run with -Z macro-backtrace for more info)

error[E0425]: cannot find type `MaxRecursionReached` in crate `arbitrary`
     --> C:\Users\Devyani\.cargo\registry\src\index.crates.io-1949cf8c6b5b557f\stellar-xdr-20.1.0\src\curr\generated.rs:14891:42
      |
14891 | #[cfg_attr(feature = "arbitrary", derive(Arbitrary))]
      |                                          ^^^^^^^^^ not found in `arbitrary`
      |
      = note: this error originates in the derive macro `Arbitrary` (in Nightly builds, run with -Z macro-backtrace for more info)

error[E0425]: cannot find function `try_recursion_guard` in module `arbitrary::size_hint`
     --> C:\Users\Devyani\.cargo\registry\src\index.crates.io-1949cf8c6b5b557f\stellar-xdr-20.1.0\src\curr\generated.rs:14891:42
      |
14891 |   #[cfg_attr(feature = "arbitrary", derive(Arbitrary))]
      |                                            ^^^^^^^^^
      |
     ::: C:\Users\Devyani\.cargo\registry\src\index.crates.io-1949cf8c6b5b557f\arbitrary-1.3.2\src\size_hint.rs:12:1
      |
   12 | / pub fn recursion_guard(
   13 | |     depth: usize,
   14 | |     f: impl FnOnce(usize) -> (usize, Option<usize>),
   15 | | ) -> (usize, Option<usize>) {
      | |___________________________- similarly named function `recursion_guard` defined here
      |
      = note: this error originates in the derive macro `Arbitrary` (in Nightly builds, run with -Z macro-backtrace for more info)

error[E0576]: cannot find method or associated constant `try_size_hint` in trait `arbitrary::Arbitrary`
     --> C:\Users\Devyani\.cargo\registry\src\index.crates.io-1949cf8c6b5b557f\stellar-xdr-20.1.0\src\curr\generated.rs:14891:42
      |
14891 | #[cfg_attr(feature = "arbitrary", derive(Arbitrary))]
      |                                          ^^^^^^^^^
      |
     ::: C:\Users\Devyani\.cargo\registry\src\index.crates.io-1949cf8c6b5b557f\arbitrary-1.3.2\src\lib.rs:277:5
      |
  277 |     fn size_hint(depth: usize) -> (usize, Option<usize>) {
      |     ---------------------------------------------------- similarly named associated function `size_hint` defined here
      |
      = note: this error originates in the derive macro `Arbitrary` (in Nightly builds, run with -Z macro-backtrace for more info)

error[E0425]: cannot find type `MaxRecursionReached` in crate `arbitrary`
     --> C:\Users\Devyani\.cargo\registry\src\index.crates.io-1949cf8c6b5b557f\stellar-xdr-20.1.0\src\curr\generated.rs:14944:42
      |
14944 | #[cfg_attr(feature = "arbitrary", derive(Arbitrary))]
      |                                          ^^^^^^^^^ not found in `arbitrary`
      |
      = note: this error originates in the derive macro `Arbitrary` (in Nightly builds, run with -Z macro-backtrace for more info)

error[E0425]: cannot find function `try_recursion_guard` in module `arbitrary::size_hint`
     --> C:\Users\Devyani\.cargo\registry\src\index.crates.io-1949cf8c6b5b557f\stellar-xdr-20.1.0\src\curr\generated.rs:14944:42
      |
14944 |   #[cfg_attr(feature = "arbitrary", derive(Arbitrary))]
      |                                            ^^^^^^^^^
      |
     ::: C:\Users\Devyani\.cargo\registry\src\index.crates.io-1949cf8c6b5b557f\arbitrary-1.3.2\src\size_hint.rs:12:1
      |
   12 | / pub fn recursion_guard(
   13 | |     depth: usize,
   14 | |     f: impl FnOnce(usize) -> (usize, Option<usize>),
   15 | | ) -> (usize, Option<usize>) {
      | |___________________________- similarly named function `recursion_guard` defined here
      |
      = note: this error originates in the derive macro `Arbitrary` (in Nightly builds, run with -Z macro-backtrace for more info)

error[E0576]: cannot find method or associated constant `try_size_hint` in trait `arbitrary::Arbitrary`
     --> C:\Users\Devyani\.cargo\registry\src\index.crates.io-1949cf8c6b5b557f\stellar-xdr-20.1.0\src\curr\generated.rs:14944:42
      |
14944 | #[cfg_attr(feature = "arbitrary", derive(Arbitrary))]
      |                                          ^^^^^^^^^
      |
     ::: C:\Users\Devyani\.cargo\registry\src\index.crates.io-1949cf8c6b5b557f\arbitrary-1.3.2\src\lib.rs:277:5
      |
  277 |     fn size_hint(depth: usize) -> (usize, Option<usize>) {
      |     ---------------------------------------------------- similarly named associated function `size_hint` defined here
      |
      = note: this error originates in the derive macro `Arbitrary` (in Nightly builds, run with -Z macro-backtrace for more info)

error[E0425]: cannot find type `MaxRecursionReached` in crate `arbitrary`
     --> C:\Users\Devyani\.cargo\registry\src\index.crates.io-1949cf8c6b5b557f\stellar-xdr-20.1.0\src\curr\generated.rs:15008:42
      |
15008 | #[cfg_attr(feature = "arbitrary", derive(Arbitrary))]
      |                                          ^^^^^^^^^ not found in `arbitrary`
      |
      = note: this error originates in the derive macro `Arbitrary` (in Nightly builds, run with -Z macro-backtrace for more info)

error[E0425]: cannot find function `try_recursion_guard` in module `arbitrary::size_hint`
     --> C:\Users\Devyani\.cargo\registry\src\index.crates.io-1949cf8c6b5b557f\stellar-xdr-20.1.0\src\curr\generated.rs:15008:42
      |
15008 |   #[cfg_attr(feature = "arbitrary", derive(Arbitrary))]
      |                                            ^^^^^^^^^
      |
     ::: C:\Users\Devyani\.cargo\registry\src\index.crates.io-1949cf8c6b5b557f\arbitrary-1.3.2\src\size_hint.rs:12:1
      |
   12 | / pub fn recursion_guard(
   13 | |     depth: usize,
   14 | |     f: impl FnOnce(usize) -> (usize, Option<usize>),
   15 | | ) -> (usize, Option<usize>) {
      | |___________________________- similarly named function `recursion_guard` defined here
      |
      = note: this error originates in the derive macro `Arbitrary` (in Nightly builds, run with -Z macro-backtrace for more info)

error[E0576]: cannot find method or associated constant `try_size_hint` in trait `arbitrary::Arbitrary`
     --> C:\Users\Devyani\.cargo\registry\src\index.crates.io-1949cf8c6b5b557f\stellar-xdr-20.1.0\src\curr\generated.rs:15008:42
      |
15008 | #[cfg_attr(feature = "arbitrary", derive(Arbitrary))]
      |                                          ^^^^^^^^^
      |
     ::: C:\Users\Devyani\.cargo\registry\src\index.crates.io-1949cf8c6b5b557f\arbitrary-1.3.2\src\lib.rs:277:5
      |
  277 |     fn size_hint(depth: usize) -> (usize, Option<usize>) {
      |     ---------------------------------------------------- similarly named associated function `size_hint` defined here
      |
      = note: this error originates in the derive macro `Arbitrary` (in Nightly builds, run with -Z macro-backtrace for more info)

error[E0425]: cannot find type `MaxRecursionReached` in crate `arbitrary`
     --> C:\Users\Devyani\.cargo\registry\src\index.crates.io-1949cf8c6b5b557f\stellar-xdr-20.1.0\src\curr\generated.rs:15128:42
      |
15128 | #[cfg_attr(feature = "arbitrary", derive(Arbitrary))]
      |                                          ^^^^^^^^^ not found in `arbitrary`
      |
      = note: this error originates in the derive macro `Arbitrary` (in Nightly builds, run with -Z macro-backtrace for more info)

error[E0425]: cannot find function `try_recursion_guard` in module `arbitrary::size_hint`
     --> C:\Users\Devyani\.cargo\registry\src\index.crates.io-1949cf8c6b5b557f\stellar-xdr-20.1.0\src\curr\generated.rs:15128:42
      |
15128 |   #[cfg_attr(feature = "arbitrary", derive(Arbitrary))]
      |                                            ^^^^^^^^^
      |
     ::: C:\Users\Devyani\.cargo\registry\src\index.crates.io-1949cf8c6b5b557f\arbitrary-1.3.2\src\size_hint.rs:12:1
      |
   12 | / pub fn recursion_guard(
   13 | |     depth: usize,
   14 | |     f: impl FnOnce(usize) -> (usize, Option<usize>),
   15 | | ) -> (usize, Option<usize>) {
      | |___________________________- similarly named function `recursion_guard` defined here
      |
      = note: this error originates in the derive macro `Arbitrary` (in Nightly builds, run with -Z macro-backtrace for more info)

error[E0576]: cannot find method or associated constant `try_size_hint` in trait `arbitrary::Arbitrary`
     --> C:\Users\Devyani\.cargo\registry\src\index.crates.io-1949cf8c6b5b557f\stellar-xdr-20.1.0\src\curr\generated.rs:15128:42
      |
15128 | #[cfg_attr(feature = "arbitrary", derive(Arbitrary))]
      |                                          ^^^^^^^^^
      |
     ::: C:\Users\Devyani\.cargo\registry\src\index.crates.io-1949cf8c6b5b557f\arbitrary-1.3.2\src\lib.rs:277:5
      |
  277 |     fn size_hint(depth: usize) -> (usize, Option<usize>) {
      |     ---------------------------------------------------- similarly named associated function `size_hint` defined here
      |
      = note: this error originates in the derive macro `Arbitrary` (in Nightly builds, run with -Z macro-backtrace for more info)

error[E0425]: cannot find type `MaxRecursionReached` in crate `arbitrary`
     --> C:\Users\Devyani\.cargo\registry\src\index.crates.io-1949cf8c6b5b557f\stellar-xdr-20.1.0\src\curr\generated.rs:15283:42
      |
15283 | #[cfg_attr(feature = "arbitrary", derive(Arbitrary))]
      |                                          ^^^^^^^^^ not found in `arbitrary`
      |
      = note: this error originates in the derive macro `Arbitrary` (in Nightly builds, run with -Z macro-backtrace for more info)

error[E0425]: cannot find function `try_recursion_guard` in module `arbitrary::size_hint`
     --> C:\Users\Devyani\.cargo\registry\src\index.crates.io-1949cf8c6b5b557f\stellar-xdr-20.1.0\src\curr\generated.rs:15283:42
      |
15283 |   #[cfg_attr(feature = "arbitrary", derive(Arbitrary))]
      |                                            ^^^^^^^^^
      |
     ::: C:\Users\Devyani\.cargo\registry\src\index.crates.io-1949cf8c6b5b557f\arbitrary-1.3.2\src\size_hint.rs:12:1
      |
   12 | / pub fn recursion_guard(
   13 | |     depth: usize,
   14 | |     f: impl FnOnce(usize) -> (usize, Option<usize>),
   15 | | ) -> (usize, Option<usize>) {
      | |___________________________- similarly named function `recursion_guard` defined here
      |
      = note: this error originates in the derive macro `Arbitrary` (in Nightly builds, run with -Z macro-backtrace for more info)

error[E0576]: cannot find method or associated constant `try_size_hint` in trait `arbitrary::Arbitrary`
     --> C:\Users\Devyani\.cargo\registry\src\index.crates.io-1949cf8c6b5b557f\stellar-xdr-20.1.0\src\curr\generated.rs:15283:42
      |
15283 | #[cfg_attr(feature = "arbitrary", derive(Arbitrary))]
      |                                          ^^^^^^^^^
      |
     ::: C:\Users\Devyani\.cargo\registry\src\index.crates.io-1949cf8c6b5b557f\arbitrary-1.3.2\src\lib.rs:277:5
      |
  277 |     fn size_hint(depth: usize) -> (usize, Option<usize>) {
      |     ---------------------------------------------------- similarly named associated function `size_hint` defined here
      |
      = note: this error originates in the derive macro `Arbitrary` (in Nightly builds, run with -Z macro-backtrace for more info)

error[E0425]: cannot find type `MaxRecursionReached` in crate `arbitrary`
     --> C:\Users\Devyani\.cargo\registry\src\index.crates.io-1949cf8c6b5b557f\stellar-xdr-20.1.0\src\curr\generated.rs:15338:42
      |
15338 | #[cfg_attr(feature = "arbitrary", derive(Arbitrary))]
      |                                          ^^^^^^^^^ not found in `arbitrary`
      |
      = note: this error originates in the derive macro `Arbitrary` (in Nightly builds, run with -Z macro-backtrace for more info)

error[E0425]: cannot find function `try_recursion_guard` in module `arbitrary::size_hint`
     --> C:\Users\Devyani\.cargo\registry\src\index.crates.io-1949cf8c6b5b557f\stellar-xdr-20.1.0\src\curr\generated.rs:15338:42
      |
15338 |   #[cfg_attr(feature = "arbitrary", derive(Arbitrary))]
      |                                            ^^^^^^^^^
      |
     ::: C:\Users\Devyani\.cargo\registry\src\index.crates.io-1949cf8c6b5b557f\arbitrary-1.3.2\src\size_hint.rs:12:1
      |
   12 | / pub fn recursion_guard(
   13 | |     depth: usize,
   14 | |     f: impl FnOnce(usize) -> (usize, Option<usize>),
   15 | | ) -> (usize, Option<usize>) {
      | |___________________________- similarly named function `recursion_guard` defined here
      |
      = note: this error originates in the derive macro `Arbitrary` (in Nightly builds, run with -Z macro-backtrace for more info)

error[E0576]: cannot find method or associated constant `try_size_hint` in trait `arbitrary::Arbitrary`
     --> C:\Users\Devyani\.cargo\registry\src\index.crates.io-1949cf8c6b5b557f\stellar-xdr-20.1.0\src\curr\generated.rs:15338:42
      |
15338 | #[cfg_attr(feature = "arbitrary", derive(Arbitrary))]
      |                                          ^^^^^^^^^
      |
     ::: C:\Users\Devyani\.cargo\registry\src\index.crates.io-1949cf8c6b5b557f\arbitrary-1.3.2\src\lib.rs:277:5
      |
  277 |     fn size_hint(depth: usize) -> (usize, Option<usize>) {
      |     ---------------------------------------------------- similarly named associated function `size_hint` defined here
      |
      = note: this error originates in the derive macro `Arbitrary` (in Nightly builds, run with -Z macro-backtrace for more info)

error[E0425]: cannot find type `MaxRecursionReached` in crate `arbitrary`
     --> C:\Users\Devyani\.cargo\registry\src\index.crates.io-1949cf8c6b5b557f\stellar-xdr-20.1.0\src\curr\generated.rs:15386:42
      |
15386 | #[cfg_attr(feature = "arbitrary", derive(Arbitrary))]
      |                                          ^^^^^^^^^ not found in `arbitrary`
      |
      = note: this error originates in the derive macro `Arbitrary` (in Nightly builds, run with -Z macro-backtrace for more info)

error[E0425]: cannot find function `try_recursion_guard` in module `arbitrary::size_hint`
     --> C:\Users\Devyani\.cargo\registry\src\index.crates.io-1949cf8c6b5b557f\stellar-xdr-20.1.0\src\curr\generated.rs:15386:42
      |
15386 |   #[cfg_attr(feature = "arbitrary", derive(Arbitrary))]
      |                                            ^^^^^^^^^
      |
     ::: C:\Users\Devyani\.cargo\registry\src\index.crates.io-1949cf8c6b5b557f\arbitrary-1.3.2\src\size_hint.rs:12:1
      |
   12 | / pub fn recursion_guard(
   13 | |     depth: usize,
   14 | |     f: impl FnOnce(usize) -> (usize, Option<usize>),
   15 | | ) -> (usize, Option<usize>) {
      | |___________________________- similarly named function `recursion_guard` defined here
      |
      = note: this error originates in the derive macro `Arbitrary` (in Nightly builds, run with -Z macro-backtrace for more info)

error[E0576]: cannot find method or associated constant `try_size_hint` in trait `arbitrary::Arbitrary`
     --> C:\Users\Devyani\.cargo\registry\src\index.crates.io-1949cf8c6b5b557f\stellar-xdr-20.1.0\src\curr\generated.rs:15386:42
      |
15386 | #[cfg_attr(feature = "arbitrary", derive(Arbitrary))]
      |                                          ^^^^^^^^^
      |
     ::: C:\Users\Devyani\.cargo\registry\src\index.crates.io-1949cf8c6b5b557f\arbitrary-1.3.2\src\lib.rs:277:5
      |
  277 |     fn size_hint(depth: usize) -> (usize, Option<usize>) {
      |     ---------------------------------------------------- similarly named associated function `size_hint` defined here
      |
      = note: this error originates in the derive macro `Arbitrary` (in Nightly builds, run with -Z macro-backtrace for more info)

error[E0425]: cannot find type `MaxRecursionReached` in crate `arbitrary`
     --> C:\Users\Devyani\.cargo\registry\src\index.crates.io-1949cf8c6b5b557f\stellar-xdr-20.1.0\src\curr\generated.rs:15537:42
      |
15537 | #[cfg_attr(feature = "arbitrary", derive(Arbitrary))]
      |                                          ^^^^^^^^^ not found in `arbitrary`
      |
      = note: this error originates in the derive macro `Arbitrary` (in Nightly builds, run with -Z macro-backtrace for more info)

error[E0425]: cannot find function `try_recursion_guard` in module `arbitrary::size_hint`
     --> C:\Users\Devyani\.cargo\registry\src\index.crates.io-1949cf8c6b5b557f\stellar-xdr-20.1.0\src\curr\generated.rs:15537:42
      |
15537 |   #[cfg_attr(feature = "arbitrary", derive(Arbitrary))]
      |                                            ^^^^^^^^^
      |
     ::: C:\Users\Devyani\.cargo\registry\src\index.crates.io-1949cf8c6b5b557f\arbitrary-1.3.2\src\size_hint.rs:12:1
      |
   12 | / pub fn recursion_guard(
   13 | |     depth: usize,
   14 | |     f: impl FnOnce(usize) -> (usize, Option<usize>),
   15 | | ) -> (usize, Option<usize>) {
      | |___________________________- similarly named function `recursion_guard` defined here
      |
      = note: this error originates in the derive macro `Arbitrary` (in Nightly builds, run with -Z macro-backtrace for more info)

error[E0576]: cannot find method or associated constant `try_size_hint` in trait `arbitrary::Arbitrary`
     --> C:\Users\Devyani\.cargo\registry\src\index.crates.io-1949cf8c6b5b557f\stellar-xdr-20.1.0\src\curr\generated.rs:15537:42
      |
15537 | #[cfg_attr(feature = "arbitrary", derive(Arbitrary))]
      |                                          ^^^^^^^^^
      |
     ::: C:\Users\Devyani\.cargo\registry\src\index.crates.io-1949cf8c6b5b557f\arbitrary-1.3.2\src\lib.rs:277:5
      |
  277 |     fn size_hint(depth: usize) -> (usize, Option<usize>) {
      |     ---------------------------------------------------- similarly named associated function `size_hint` defined here
      |
      = note: this error originates in the derive macro `Arbitrary` (in Nightly builds, run with -Z macro-backtrace for more info)

error[E0425]: cannot find type `MaxRecursionReached` in crate `arbitrary`
     --> C:\Users\Devyani\.cargo\registry\src\index.crates.io-1949cf8c6b5b557f\stellar-xdr-20.1.0\src\curr\generated.rs:15601:42
      |
15601 | #[cfg_attr(feature = "arbitrary", derive(Arbitrary))]
      |                                          ^^^^^^^^^ not found in `arbitrary`
      |
      = note: this error originates in the derive macro `Arbitrary` (in Nightly builds, run with -Z macro-backtrace for more info)

error[E0425]: cannot find function `try_recursion_guard` in module `arbitrary::size_hint`
     --> C:\Users\Devyani\.cargo\registry\src\index.crates.io-1949cf8c6b5b557f\stellar-xdr-20.1.0\src\curr\generated.rs:15601:42
      |
15601 |   #[cfg_attr(feature = "arbitrary", derive(Arbitrary))]
      |                                            ^^^^^^^^^
      |
     ::: C:\Users\Devyani\.cargo\registry\src\index.crates.io-1949cf8c6b5b557f\arbitrary-1.3.2\src\size_hint.rs:12:1
      |
   12 | / pub fn recursion_guard(
   13 | |     depth: usize,
   14 | |     f: impl FnOnce(usize) -> (usize, Option<usize>),
   15 | | ) -> (usize, Option<usize>) {
      | |___________________________- similarly named function `recursion_guard` defined here
      |
      = note: this error originates in the derive macro `Arbitrary` (in Nightly builds, run with -Z macro-backtrace for more info)

error[E0576]: cannot find method or associated constant `try_size_hint` in trait `arbitrary::Arbitrary`
     --> C:\Users\Devyani\.cargo\registry\src\index.crates.io-1949cf8c6b5b557f\stellar-xdr-20.1.0\src\curr\generated.rs:15601:42
      |
15601 | #[cfg_attr(feature = "arbitrary", derive(Arbitrary))]
      |                                          ^^^^^^^^^
      |
     ::: C:\Users\Devyani\.cargo\registry\src\index.crates.io-1949cf8c6b5b557f\arbitrary-1.3.2\src\lib.rs:277:5
      |
  277 |     fn size_hint(depth: usize) -> (usize, Option<usize>) {
      |     ---------------------------------------------------- similarly named associated function `size_hint` defined here
      |
      = note: this error originates in the derive macro `Arbitrary` (in Nightly builds, run with -Z macro-backtrace for more info)

error[E0425]: cannot find type `MaxRecursionReached` in crate `arbitrary`
     --> C:\Users\Devyani\.cargo\registry\src\index.crates.io-1949cf8c6b5b557f\stellar-xdr-20.1.0\src\curr\generated.rs:15780:42
      |
15780 | #[cfg_attr(feature = "arbitrary", derive(Arbitrary))]
      |                                          ^^^^^^^^^ not found in `arbitrary`
      |
      = note: this error originates in the derive macro `Arbitrary` (in Nightly builds, run with -Z macro-backtrace for more info)

error[E0425]: cannot find function `try_recursion_guard` in module `arbitrary::size_hint`
     --> C:\Users\Devyani\.cargo\registry\src\index.crates.io-1949cf8c6b5b557f\stellar-xdr-20.1.0\src\curr\generated.rs:15780:42
      |
15780 |   #[cfg_attr(feature = "arbitrary", derive(Arbitrary))]
      |                                            ^^^^^^^^^
      |
     ::: C:\Users\Devyani\.cargo\registry\src\index.crates.io-1949cf8c6b5b557f\arbitrary-1.3.2\src\size_hint.rs:12:1
      |
   12 | / pub fn recursion_guard(
   13 | |     depth: usize,
   14 | |     f: impl FnOnce(usize) -> (usize, Option<usize>),
   15 | | ) -> (usize, Option<usize>) {
      | |___________________________- similarly named function `recursion_guard` defined here
      |
      = note: this error originates in the derive macro `Arbitrary` (in Nightly builds, run with -Z macro-backtrace for more info)

error[E0576]: cannot find method or associated constant `try_size_hint` in trait `arbitrary::Arbitrary`
     --> C:\Users\Devyani\.cargo\registry\src\index.crates.io-1949cf8c6b5b557f\stellar-xdr-20.1.0\src\curr\generated.rs:15780:42
      |
15780 | #[cfg_attr(feature = "arbitrary", derive(Arbitrary))]
      |                                          ^^^^^^^^^
      |
     ::: C:\Users\Devyani\.cargo\registry\src\index.crates.io-1949cf8c6b5b557f\arbitrary-1.3.2\src\lib.rs:277:5
      |
  277 |     fn size_hint(depth: usize) -> (usize, Option<usize>) {
      |     ---------------------------------------------------- similarly named associated function `size_hint` defined here
      |
      = note: this error originates in the derive macro `Arbitrary` (in Nightly builds, run with -Z macro-backtrace for more info)

error[E0425]: cannot find type `MaxRecursionReached` in crate `arbitrary`
     --> C:\Users\Devyani\.cargo\registry\src\index.crates.io-1949cf8c6b5b557f\stellar-xdr-20.1.0\src\curr\generated.rs:15918:42
      |
15918 | #[cfg_attr(feature = "arbitrary", derive(Arbitrary))]
      |                                          ^^^^^^^^^ not found in `arbitrary`
      |
      = note: this error originates in the derive macro `Arbitrary` (in Nightly builds, run with -Z macro-backtrace for more info)

error[E0425]: cannot find function `try_recursion_guard` in module `arbitrary::size_hint`
     --> C:\Users\Devyani\.cargo\registry\src\index.crates.io-1949cf8c6b5b557f\stellar-xdr-20.1.0\src\curr\generated.rs:15918:42
      |
15918 |   #[cfg_attr(feature = "arbitrary", derive(Arbitrary))]
      |                                            ^^^^^^^^^
      |
     ::: C:\Users\Devyani\.cargo\registry\src\index.crates.io-1949cf8c6b5b557f\arbitrary-1.3.2\src\size_hint.rs:12:1
      |
   12 | / pub fn recursion_guard(
   13 | |     depth: usize,
   14 | |     f: impl FnOnce(usize) -> (usize, Option<usize>),
   15 | | ) -> (usize, Option<usize>) {
      | |___________________________- similarly named function `recursion_guard` defined here
      |
      = note: this error originates in the derive macro `Arbitrary` (in Nightly builds, run with -Z macro-backtrace for more info)

error[E0576]: cannot find method or associated constant `try_size_hint` in trait `arbitrary::Arbitrary`
     --> C:\Users\Devyani\.cargo\registry\src\index.crates.io-1949cf8c6b5b557f\stellar-xdr-20.1.0\src\curr\generated.rs:15918:42
      |
15918 | #[cfg_attr(feature = "arbitrary", derive(Arbitrary))]
      |                                          ^^^^^^^^^
      |
     ::: C:\Users\Devyani\.cargo\registry\src\index.crates.io-1949cf8c6b5b557f\arbitrary-1.3.2\src\lib.rs:277:5
      |
  277 |     fn size_hint(depth: usize) -> (usize, Option<usize>) {
      |     ---------------------------------------------------- similarly named associated function `size_hint` defined here
      |
      = note: this error originates in the derive macro `Arbitrary` (in Nightly builds, run with -Z macro-backtrace for more info)

error[E0425]: cannot find type `MaxRecursionReached` in crate `arbitrary`
     --> C:\Users\Devyani\.cargo\registry\src\index.crates.io-1949cf8c6b5b557f\stellar-xdr-20.1.0\src\curr\generated.rs:15965:42
      |
15965 | #[cfg_attr(feature = "arbitrary", derive(Arbitrary))]
      |                                          ^^^^^^^^^ not found in `arbitrary`
      |
      = note: this error originates in the derive macro `Arbitrary` (in Nightly builds, run with -Z macro-backtrace for more info)

error[E0425]: cannot find function `try_recursion_guard` in module `arbitrary::size_hint`
     --> C:\Users\Devyani\.cargo\registry\src\index.crates.io-1949cf8c6b5b557f\stellar-xdr-20.1.0\src\curr\generated.rs:15965:42
      |
15965 |   #[cfg_attr(feature = "arbitrary", derive(Arbitrary))]
      |                                            ^^^^^^^^^
      |
     ::: C:\Users\Devyani\.cargo\registry\src\index.crates.io-1949cf8c6b5b557f\arbitrary-1.3.2\src\size_hint.rs:12:1
      |
   12 | / pub fn recursion_guard(
   13 | |     depth: usize,
   14 | |     f: impl FnOnce(usize) -> (usize, Option<usize>),
   15 | | ) -> (usize, Option<usize>) {
      | |___________________________- similarly named function `recursion_guard` defined here
      |
      = note: this error originates in the derive macro `Arbitrary` (in Nightly builds, run with -Z macro-backtrace for more info)

error[E0576]: cannot find method or associated constant `try_size_hint` in trait `arbitrary::Arbitrary`
     --> C:\Users\Devyani\.cargo\registry\src\index.crates.io-1949cf8c6b5b557f\stellar-xdr-20.1.0\src\curr\generated.rs:15965:42
      |
15965 | #[cfg_attr(feature = "arbitrary", derive(Arbitrary))]
      |                                          ^^^^^^^^^
      |
     ::: C:\Users\Devyani\.cargo\registry\src\index.crates.io-1949cf8c6b5b557f\arbitrary-1.3.2\src\lib.rs:277:5
      |
  277 |     fn size_hint(depth: usize) -> (usize, Option<usize>) {
      |     ---------------------------------------------------- similarly named associated function `size_hint` defined here
      |
      = note: this error originates in the derive macro `Arbitrary` (in Nightly builds, run with -Z macro-backtrace for more info)

error[E0425]: cannot find type `MaxRecursionReached` in crate `arbitrary`
     --> C:\Users\Devyani\.cargo\registry\src\index.crates.io-1949cf8c6b5b557f\stellar-xdr-20.1.0\src\curr\generated.rs:16007:42
      |
16007 | #[cfg_attr(feature = "arbitrary", derive(Arbitrary))]
      |                                          ^^^^^^^^^ not found in `arbitrary`
      |
      = note: this error originates in the derive macro `Arbitrary` (in Nightly builds, run with -Z macro-backtrace for more info)

error[E0425]: cannot find function `try_recursion_guard` in module `arbitrary::size_hint`
     --> C:\Users\Devyani\.cargo\registry\src\index.crates.io-1949cf8c6b5b557f\stellar-xdr-20.1.0\src\curr\generated.rs:16007:42
      |
16007 |   #[cfg_attr(feature = "arbitrary", derive(Arbitrary))]
      |                                            ^^^^^^^^^
      |
     ::: C:\Users\Devyani\.cargo\registry\src\index.crates.io-1949cf8c6b5b557f\arbitrary-1.3.2\src\size_hint.rs:12:1
      |
   12 | / pub fn recursion_guard(
   13 | |     depth: usize,
   14 | |     f: impl FnOnce(usize) -> (usize, Option<usize>),
   15 | | ) -> (usize, Option<usize>) {
      | |___________________________- similarly named function `recursion_guard` defined here
      |
      = note: this error originates in the derive macro `Arbitrary` (in Nightly builds, run with -Z macro-backtrace for more info)

error[E0576]: cannot find method or associated constant `try_size_hint` in trait `arbitrary::Arbitrary`
     --> C:\Users\Devyani\.cargo\registry\src\index.crates.io-1949cf8c6b5b557f\stellar-xdr-20.1.0\src\curr\generated.rs:16007:42
      |
16007 | #[cfg_attr(feature = "arbitrary", derive(Arbitrary))]
      |                                          ^^^^^^^^^
      |
     ::: C:\Users\Devyani\.cargo\registry\src\index.crates.io-1949cf8c6b5b557f\arbitrary-1.3.2\src\lib.rs:277:5
      |
  277 |     fn size_hint(depth: usize) -> (usize, Option<usize>) {
      |     ---------------------------------------------------- similarly named associated function `size_hint` defined here
      |
      = note: this error originates in the derive macro `Arbitrary` (in Nightly builds, run with -Z macro-backtrace for more info)

error[E0425]: cannot find type `MaxRecursionReached` in crate `arbitrary`
     --> C:\Users\Devyani\.cargo\registry\src\index.crates.io-1949cf8c6b5b557f\stellar-xdr-20.1.0\src\curr\generated.rs:16052:42
      |
16052 | #[cfg_attr(feature = "arbitrary", derive(Arbitrary))]
      |                                          ^^^^^^^^^ not found in `arbitrary`
      |
      = note: this error originates in the derive macro `Arbitrary` (in Nightly builds, run with -Z macro-backtrace for more info)

error[E0425]: cannot find function `try_recursion_guard` in module `arbitrary::size_hint`
     --> C:\Users\Devyani\.cargo\registry\src\index.crates.io-1949cf8c6b5b557f\stellar-xdr-20.1.0\src\curr\generated.rs:16052:42
      |
16052 |   #[cfg_attr(feature = "arbitrary", derive(Arbitrary))]
      |                                            ^^^^^^^^^
      |
     ::: C:\Users\Devyani\.cargo\registry\src\index.crates.io-1949cf8c6b5b557f\arbitrary-1.3.2\src\size_hint.rs:12:1
      |
   12 | / pub fn recursion_guard(
   13 | |     depth: usize,
   14 | |     f: impl FnOnce(usize) -> (usize, Option<usize>),
   15 | | ) -> (usize, Option<usize>) {
      | |___________________________- similarly named function `recursion_guard` defined here
      |
      = note: this error originates in the derive macro `Arbitrary` (in Nightly builds, run with -Z macro-backtrace for more info)

error[E0576]: cannot find method or associated constant `try_size_hint` in trait `arbitrary::Arbitrary`
     --> C:\Users\Devyani\.cargo\registry\src\index.crates.io-1949cf8c6b5b557f\stellar-xdr-20.1.0\src\curr\generated.rs:16052:42
      |
16052 | #[cfg_attr(feature = "arbitrary", derive(Arbitrary))]
      |                                          ^^^^^^^^^
      |
     ::: C:\Users\Devyani\.cargo\registry\src\index.crates.io-1949cf8c6b5b557f\arbitrary-1.3.2\src\lib.rs:277:5
      |
  277 |     fn size_hint(depth: usize) -> (usize, Option<usize>) {
      |     ---------------------------------------------------- similarly named associated function `size_hint` defined here
      |
      = note: this error originates in the derive macro `Arbitrary` (in Nightly builds, run with -Z macro-backtrace for more info)

error[E0425]: cannot find type `MaxRecursionReached` in crate `arbitrary`
     --> C:\Users\Devyani\.cargo\registry\src\index.crates.io-1949cf8c6b5b557f\stellar-xdr-20.1.0\src\curr\generated.rs:16097:42
      |
16097 | #[cfg_attr(feature = "arbitrary", derive(Arbitrary))]
      |                                          ^^^^^^^^^ not found in `arbitrary`
      |
      = note: this error originates in the derive macro `Arbitrary` (in Nightly builds, run with -Z macro-backtrace for more info)

error[E0425]: cannot find function `try_recursion_guard` in module `arbitrary::size_hint`
     --> C:\Users\Devyani\.cargo\registry\src\index.crates.io-1949cf8c6b5b557f\stellar-xdr-20.1.0\src\curr\generated.rs:16097:42
      |
16097 |   #[cfg_attr(feature = "arbitrary", derive(Arbitrary))]
      |                                            ^^^^^^^^^
      |
     ::: C:\Users\Devyani\.cargo\registry\src\index.crates.io-1949cf8c6b5b557f\arbitrary-1.3.2\src\size_hint.rs:12:1
      |
   12 | / pub fn recursion_guard(
   13 | |     depth: usize,
   14 | |     f: impl FnOnce(usize) -> (usize, Option<usize>),
   15 | | ) -> (usize, Option<usize>) {
      | |___________________________- similarly named function `recursion_guard` defined here
      |
      = note: this error originates in the derive macro `Arbitrary` (in Nightly builds, run with -Z macro-backtrace for more info)

error[E0576]: cannot find method or associated constant `try_size_hint` in trait `arbitrary::Arbitrary`
     --> C:\Users\Devyani\.cargo\registry\src\index.crates.io-1949cf8c6b5b557f\stellar-xdr-20.1.0\src\curr\generated.rs:16097:42
      |
16097 | #[cfg_attr(feature = "arbitrary", derive(Arbitrary))]
      |                                          ^^^^^^^^^
      |
     ::: C:\Users\Devyani\.cargo\registry\src\index.crates.io-1949cf8c6b5b557f\arbitrary-1.3.2\src\lib.rs:277:5
      |
  277 |     fn size_hint(depth: usize) -> (usize, Option<usize>) {
      |     ---------------------------------------------------- similarly named associated function `size_hint` defined here
      |
      = note: this error originates in the derive macro `Arbitrary` (in Nightly builds, run with -Z macro-backtrace for more info)

error[E0425]: cannot find type `MaxRecursionReached` in crate `arbitrary`
     --> C:\Users\Devyani\.cargo\registry\src\index.crates.io-1949cf8c6b5b557f\stellar-xdr-20.1.0\src\curr\generated.rs:16141:42
      |
16141 | #[cfg_attr(feature = "arbitrary", derive(Arbitrary))]
      |                                          ^^^^^^^^^ not found in `arbitrary`
      |
      = note: this error originates in the derive macro `Arbitrary` (in Nightly builds, run with -Z macro-backtrace for more info)

error[E0425]: cannot find function `try_recursion_guard` in module `arbitrary::size_hint`
     --> C:\Users\Devyani\.cargo\registry\src\index.crates.io-1949cf8c6b5b557f\stellar-xdr-20.1.0\src\curr\generated.rs:16141:42
      |
16141 |   #[cfg_attr(feature = "arbitrary", derive(Arbitrary))]
      |                                            ^^^^^^^^^
      |
     ::: C:\Users\Devyani\.cargo\registry\src\index.crates.io-1949cf8c6b5b557f\arbitrary-1.3.2\src\size_hint.rs:12:1
      |
   12 | / pub fn recursion_guard(
   13 | |     depth: usize,
   14 | |     f: impl FnOnce(usize) -> (usize, Option<usize>),
   15 | | ) -> (usize, Option<usize>) {
      | |___________________________- similarly named function `recursion_guard` defined here
      |
      = note: this error originates in the derive macro `Arbitrary` (in Nightly builds, run with -Z macro-backtrace for more info)

error[E0576]: cannot find method or associated constant `try_size_hint` in trait `arbitrary::Arbitrary`
     --> C:\Users\Devyani\.cargo\registry\src\index.crates.io-1949cf8c6b5b557f\stellar-xdr-20.1.0\src\curr\generated.rs:16141:42
      |
16141 | #[cfg_attr(feature = "arbitrary", derive(Arbitrary))]
      |                                          ^^^^^^^^^
      |
     ::: C:\Users\Devyani\.cargo\registry\src\index.crates.io-1949cf8c6b5b557f\arbitrary-1.3.2\src\lib.rs:277:5
      |
  277 |     fn size_hint(depth: usize) -> (usize, Option<usize>) {
      |     ---------------------------------------------------- similarly named associated function `size_hint` defined here
      |
      = note: this error originates in the derive macro `Arbitrary` (in Nightly builds, run with -Z macro-backtrace for more info)

error[E0425]: cannot find type `MaxRecursionReached` in crate `arbitrary`
     --> C:\Users\Devyani\.cargo\registry\src\index.crates.io-1949cf8c6b5b557f\stellar-xdr-20.1.0\src\curr\generated.rs:16182:42
      |
16182 | #[cfg_attr(feature = "arbitrary", derive(Arbitrary))]
      |                                          ^^^^^^^^^ not found in `arbitrary`
      |
      = note: this error originates in the derive macro `Arbitrary` (in Nightly builds, run with -Z macro-backtrace for more info)

error[E0425]: cannot find function `try_recursion_guard` in module `arbitrary::size_hint`
     --> C:\Users\Devyani\.cargo\registry\src\index.crates.io-1949cf8c6b5b557f\stellar-xdr-20.1.0\src\curr\generated.rs:16182:42
      |
16182 |   #[cfg_attr(feature = "arbitrary", derive(Arbitrary))]
      |                                            ^^^^^^^^^
      |
     ::: C:\Users\Devyani\.cargo\registry\src\index.crates.io-1949cf8c6b5b557f\arbitrary-1.3.2\src\size_hint.rs:12:1
      |
   12 | / pub fn recursion_guard(
   13 | |     depth: usize,
   14 | |     f: impl FnOnce(usize) -> (usize, Option<usize>),
   15 | | ) -> (usize, Option<usize>) {
      | |___________________________- similarly named function `recursion_guard` defined here
      |
      = note: this error originates in the derive macro `Arbitrary` (in Nightly builds, run with -Z macro-backtrace for more info)

error[E0576]: cannot find method or associated constant `try_size_hint` in trait `arbitrary::Arbitrary`
     --> C:\Users\Devyani\.cargo\registry\src\index.crates.io-1949cf8c6b5b557f\stellar-xdr-20.1.0\src\curr\generated.rs:16182:42
      |
16182 | #[cfg_attr(feature = "arbitrary", derive(Arbitrary))]
      |                                          ^^^^^^^^^
      |
     ::: C:\Users\Devyani\.cargo\registry\src\index.crates.io-1949cf8c6b5b557f\arbitrary-1.3.2\src\lib.rs:277:5
      |
  277 |     fn size_hint(depth: usize) -> (usize, Option<usize>) {
      |     ---------------------------------------------------- similarly named associated function `size_hint` defined here
      |
      = note: this error originates in the derive macro `Arbitrary` (in Nightly builds, run with -Z macro-backtrace for more info)

error[E0425]: cannot find type `MaxRecursionReached` in crate `arbitrary`
     --> C:\Users\Devyani\.cargo\registry\src\index.crates.io-1949cf8c6b5b557f\stellar-xdr-20.1.0\src\curr\generated.rs:16225:42
      |
16225 | #[cfg_attr(feature = "arbitrary", derive(Arbitrary))]
      |                                          ^^^^^^^^^ not found in `arbitrary`
      |
      = note: this error originates in the derive macro `Arbitrary` (in Nightly builds, run with -Z macro-backtrace for more info)

error[E0425]: cannot find function `try_recursion_guard` in module `arbitrary::size_hint`
     --> C:\Users\Devyani\.cargo\registry\src\index.crates.io-1949cf8c6b5b557f\stellar-xdr-20.1.0\src\curr\generated.rs:16225:42
      |
16225 |   #[cfg_attr(feature = "arbitrary", derive(Arbitrary))]
      |                                            ^^^^^^^^^
      |
     ::: C:\Users\Devyani\.cargo\registry\src\index.crates.io-1949cf8c6b5b557f\arbitrary-1.3.2\src\size_hint.rs:12:1
      |
   12 | / pub fn recursion_guard(
   13 | |     depth: usize,
   14 | |     f: impl FnOnce(usize) -> (usize, Option<usize>),
   15 | | ) -> (usize, Option<usize>) {
      | |___________________________- similarly named function `recursion_guard` defined here
      |
      = note: this error originates in the derive macro `Arbitrary` (in Nightly builds, run with -Z macro-backtrace for more info)

error[E0576]: cannot find method or associated constant `try_size_hint` in trait `arbitrary::Arbitrary`
     --> C:\Users\Devyani\.cargo\registry\src\index.crates.io-1949cf8c6b5b557f\stellar-xdr-20.1.0\src\curr\generated.rs:16225:42
      |
16225 | #[cfg_attr(feature = "arbitrary", derive(Arbitrary))]
      |                                          ^^^^^^^^^
      |
     ::: C:\Users\Devyani\.cargo\registry\src\index.crates.io-1949cf8c6b5b557f\arbitrary-1.3.2\src\lib.rs:277:5
      |
  277 |     fn size_hint(depth: usize) -> (usize, Option<usize>) {
      |     ---------------------------------------------------- similarly named associated function `size_hint` defined here
      |
      = note: this error originates in the derive macro `Arbitrary` (in Nightly builds, run with -Z macro-backtrace for more info)

error[E0425]: cannot find type `MaxRecursionReached` in crate `arbitrary`
     --> C:\Users\Devyani\.cargo\registry\src\index.crates.io-1949cf8c6b5b557f\stellar-xdr-20.1.0\src\curr\generated.rs:16272:42
      |
16272 | #[cfg_attr(feature = "arbitrary", derive(Arbitrary))]
      |                                          ^^^^^^^^^ not found in `arbitrary`
      |
      = note: this error originates in the derive macro `Arbitrary` (in Nightly builds, run with -Z macro-backtrace for more info)

error[E0425]: cannot find function `try_recursion_guard` in module `arbitrary::size_hint`
     --> C:\Users\Devyani\.cargo\registry\src\index.crates.io-1949cf8c6b5b557f\stellar-xdr-20.1.0\src\curr\generated.rs:16272:42
      |
16272 |   #[cfg_attr(feature = "arbitrary", derive(Arbitrary))]
      |                                            ^^^^^^^^^
      |
     ::: C:\Users\Devyani\.cargo\registry\src\index.crates.io-1949cf8c6b5b557f\arbitrary-1.3.2\src\size_hint.rs:12:1
      |
   12 | / pub fn recursion_guard(
   13 | |     depth: usize,
   14 | |     f: impl FnOnce(usize) -> (usize, Option<usize>),
   15 | | ) -> (usize, Option<usize>) {
      | |___________________________- similarly named function `recursion_guard` defined here
      |
      = note: this error originates in the derive macro `Arbitrary` (in Nightly builds, run with -Z macro-backtrace for more info)

error[E0576]: cannot find method or associated constant `try_size_hint` in trait `arbitrary::Arbitrary`
     --> C:\Users\Devyani\.cargo\registry\src\index.crates.io-1949cf8c6b5b557f\stellar-xdr-20.1.0\src\curr\generated.rs:16272:42
      |
16272 | #[cfg_attr(feature = "arbitrary", derive(Arbitrary))]
      |                                          ^^^^^^^^^
      |
     ::: C:\Users\Devyani\.cargo\registry\src\index.crates.io-1949cf8c6b5b557f\arbitrary-1.3.2\src\lib.rs:277:5
      |
  277 |     fn size_hint(depth: usize) -> (usize, Option<usize>) {
      |     ---------------------------------------------------- similarly named associated function `size_hint` defined here
      |
      = note: this error originates in the derive macro `Arbitrary` (in Nightly builds, run with -Z macro-backtrace for more info)

error[E0425]: cannot find type `MaxRecursionReached` in crate `arbitrary`
     --> C:\Users\Devyani\.cargo\registry\src\index.crates.io-1949cf8c6b5b557f\stellar-xdr-20.1.0\src\curr\generated.rs:16313:42
      |
16313 | #[cfg_attr(feature = "arbitrary", derive(Arbitrary))]
      |                                          ^^^^^^^^^ not found in `arbitrary`
      |
      = note: this error originates in the derive macro `Arbitrary` (in Nightly builds, run with -Z macro-backtrace for more info)

error[E0425]: cannot find function `try_recursion_guard` in module `arbitrary::size_hint`
     --> C:\Users\Devyani\.cargo\registry\src\index.crates.io-1949cf8c6b5b557f\stellar-xdr-20.1.0\src\curr\generated.rs:16313:42
      |
16313 |   #[cfg_attr(feature = "arbitrary", derive(Arbitrary))]
      |                                            ^^^^^^^^^
      |
     ::: C:\Users\Devyani\.cargo\registry\src\index.crates.io-1949cf8c6b5b557f\arbitrary-1.3.2\src\size_hint.rs:12:1
      |
   12 | / pub fn recursion_guard(
   13 | |     depth: usize,
   14 | |     f: impl FnOnce(usize) -> (usize, Option<usize>),
   15 | | ) -> (usize, Option<usize>) {
      | |___________________________- similarly named function `recursion_guard` defined here
      |
      = note: this error originates in the derive macro `Arbitrary` (in Nightly builds, run with -Z macro-backtrace for more info)

error[E0576]: cannot find method or associated constant `try_size_hint` in trait `arbitrary::Arbitrary`
     --> C:\Users\Devyani\.cargo\registry\src\index.crates.io-1949cf8c6b5b557f\stellar-xdr-20.1.0\src\curr\generated.rs:16313:42
      |
16313 | #[cfg_attr(feature = "arbitrary", derive(Arbitrary))]
      |                                          ^^^^^^^^^
      |
     ::: C:\Users\Devyani\.cargo\registry\src\index.crates.io-1949cf8c6b5b557f\arbitrary-1.3.2\src\lib.rs:277:5
      |
  277 |     fn size_hint(depth: usize) -> (usize, Option<usize>) {
      |     ---------------------------------------------------- similarly named associated function `size_hint` defined here
      |
      = note: this error originates in the derive macro `Arbitrary` (in Nightly builds, run with -Z macro-backtrace for more info)

error[E0425]: cannot find type `MaxRecursionReached` in crate `arbitrary`
     --> C:\Users\Devyani\.cargo\registry\src\index.crates.io-1949cf8c6b5b557f\stellar-xdr-20.1.0\src\curr\generated.rs:16355:42
      |
16355 | #[cfg_attr(feature = "arbitrary", derive(Arbitrary))]
      |                                          ^^^^^^^^^ not found in `arbitrary`
      |
      = note: this error originates in the derive macro `Arbitrary` (in Nightly builds, run with -Z macro-backtrace for more info)

error[E0425]: cannot find function `try_recursion_guard` in module `arbitrary::size_hint`
     --> C:\Users\Devyani\.cargo\registry\src\index.crates.io-1949cf8c6b5b557f\stellar-xdr-20.1.0\src\curr\generated.rs:16355:42
      |
16355 |   #[cfg_attr(feature = "arbitrary", derive(Arbitrary))]
      |                                            ^^^^^^^^^
      |
     ::: C:\Users\Devyani\.cargo\registry\src\index.crates.io-1949cf8c6b5b557f\arbitrary-1.3.2\src\size_hint.rs:12:1
      |
   12 | / pub fn recursion_guard(
   13 | |     depth: usize,
   14 | |     f: impl FnOnce(usize) -> (usize, Option<usize>),
   15 | | ) -> (usize, Option<usize>) {
      | |___________________________- similarly named function `recursion_guard` defined here
      |
      = note: this error originates in the derive macro `Arbitrary` (in Nightly builds, run with -Z macro-backtrace for more info)

error[E0576]: cannot find method or associated constant `try_size_hint` in trait `arbitrary::Arbitrary`
     --> C:\Users\Devyani\.cargo\registry\src\index.crates.io-1949cf8c6b5b557f\stellar-xdr-20.1.0\src\curr\generated.rs:16355:42
      |
16355 | #[cfg_attr(feature = "arbitrary", derive(Arbitrary))]
      |                                          ^^^^^^^^^
      |
     ::: C:\Users\Devyani\.cargo\registry\src\index.crates.io-1949cf8c6b5b557f\arbitrary-1.3.2\src\lib.rs:277:5
      |
  277 |     fn size_hint(depth: usize) -> (usize, Option<usize>) {
      |     ---------------------------------------------------- similarly named associated function `size_hint` defined here
      |
      = note: this error originates in the derive macro `Arbitrary` (in Nightly builds, run with -Z macro-backtrace for more info)

error[E0425]: cannot find type `MaxRecursionReached` in crate `arbitrary`
     --> C:\Users\Devyani\.cargo\registry\src\index.crates.io-1949cf8c6b5b557f\stellar-xdr-20.1.0\src\curr\generated.rs:16457:42
      |
16457 | #[cfg_attr(feature = "arbitrary", derive(Arbitrary))]
      |                                          ^^^^^^^^^ not found in `arbitrary`
      |
      = note: this error originates in the derive macro `Arbitrary` (in Nightly builds, run with -Z macro-backtrace for more info)

error[E0425]: cannot find function `try_recursion_guard` in module `arbitrary::size_hint`
     --> C:\Users\Devyani\.cargo\registry\src\index.crates.io-1949cf8c6b5b557f\stellar-xdr-20.1.0\src\curr\generated.rs:16457:42
      |
16457 |   #[cfg_attr(feature = "arbitrary", derive(Arbitrary))]
      |                                            ^^^^^^^^^
      |
     ::: C:\Users\Devyani\.cargo\registry\src\index.crates.io-1949cf8c6b5b557f\arbitrary-1.3.2\src\size_hint.rs:12:1
      |
   12 | / pub fn recursion_guard(
   13 | |     depth: usize,
   14 | |     f: impl FnOnce(usize) -> (usize, Option<usize>),
   15 | | ) -> (usize, Option<usize>) {
      | |___________________________- similarly named function `recursion_guard` defined here
      |
      = note: this error originates in the derive macro `Arbitrary` (in Nightly builds, run with -Z macro-backtrace for more info)

error[E0576]: cannot find method or associated constant `try_size_hint` in trait `arbitrary::Arbitrary`
     --> C:\Users\Devyani\.cargo\registry\src\index.crates.io-1949cf8c6b5b557f\stellar-xdr-20.1.0\src\curr\generated.rs:16457:42
      |
16457 | #[cfg_attr(feature = "arbitrary", derive(Arbitrary))]
      |                                          ^^^^^^^^^
      |
     ::: C:\Users\Devyani\.cargo\registry\src\index.crates.io-1949cf8c6b5b557f\arbitrary-1.3.2\src\lib.rs:277:5
      |
  277 |     fn size_hint(depth: usize) -> (usize, Option<usize>) {
      |     ---------------------------------------------------- similarly named associated function `size_hint` defined here
      |
      = note: this error originates in the derive macro `Arbitrary` (in Nightly builds, run with -Z macro-backtrace for more info)

error[E0425]: cannot find type `MaxRecursionReached` in crate `arbitrary`
     --> C:\Users\Devyani\.cargo\registry\src\index.crates.io-1949cf8c6b5b557f\stellar-xdr-20.1.0\src\curr\generated.rs:16788:42
      |
16788 | #[cfg_attr(feature = "arbitrary", derive(Arbitrary))]
      |                                          ^^^^^^^^^ not found in `arbitrary`
      |
      = note: this error originates in the derive macro `Arbitrary` (in Nightly builds, run with -Z macro-backtrace for more info)

error[E0425]: cannot find function `try_recursion_guard` in module `arbitrary::size_hint`
     --> C:\Users\Devyani\.cargo\registry\src\index.crates.io-1949cf8c6b5b557f\stellar-xdr-20.1.0\src\curr\generated.rs:16788:42
      |
16788 |   #[cfg_attr(feature = "arbitrary", derive(Arbitrary))]
      |                                            ^^^^^^^^^
      |
     ::: C:\Users\Devyani\.cargo\registry\src\index.crates.io-1949cf8c6b5b557f\arbitrary-1.3.2\src\size_hint.rs:12:1
      |
   12 | / pub fn recursion_guard(
   13 | |     depth: usize,
   14 | |     f: impl FnOnce(usize) -> (usize, Option<usize>),
   15 | | ) -> (usize, Option<usize>) {
      | |___________________________- similarly named function `recursion_guard` defined here
      |
      = note: this error originates in the derive macro `Arbitrary` (in Nightly builds, run with -Z macro-backtrace for more info)

error[E0576]: cannot find method or associated constant `try_size_hint` in trait `arbitrary::Arbitrary`
     --> C:\Users\Devyani\.cargo\registry\src\index.crates.io-1949cf8c6b5b557f\stellar-xdr-20.1.0\src\curr\generated.rs:16788:42
      |
16788 | #[cfg_attr(feature = "arbitrary", derive(Arbitrary))]
      |                                          ^^^^^^^^^
      |
     ::: C:\Users\Devyani\.cargo\registry\src\index.crates.io-1949cf8c6b5b557f\arbitrary-1.3.2\src\lib.rs:277:5
      |
  277 |     fn size_hint(depth: usize) -> (usize, Option<usize>) {
      |     ---------------------------------------------------- similarly named associated function `size_hint` defined here
      |
      = note: this error originates in the derive macro `Arbitrary` (in Nightly builds, run with -Z macro-backtrace for more info)

error[E0425]: cannot find type `MaxRecursionReached` in crate `arbitrary`
     --> C:\Users\Devyani\.cargo\registry\src\index.crates.io-1949cf8c6b5b557f\stellar-xdr-20.1.0\src\curr\generated.rs:17002:42
      |
17002 | #[cfg_attr(feature = "arbitrary", derive(Arbitrary))]
      |                                          ^^^^^^^^^ not found in `arbitrary`
      |
      = note: this error originates in the derive macro `Arbitrary` (in Nightly builds, run with -Z macro-backtrace for more info)

error[E0425]: cannot find function `try_recursion_guard` in module `arbitrary::size_hint`
     --> C:\Users\Devyani\.cargo\registry\src\index.crates.io-1949cf8c6b5b557f\stellar-xdr-20.1.0\src\curr\generated.rs:17002:42
      |
17002 |   #[cfg_attr(feature = "arbitrary", derive(Arbitrary))]
      |                                            ^^^^^^^^^
      |
     ::: C:\Users\Devyani\.cargo\registry\src\index.crates.io-1949cf8c6b5b557f\arbitrary-1.3.2\src\size_hint.rs:12:1
      |
   12 | / pub fn recursion_guard(
   13 | |     depth: usize,
   14 | |     f: impl FnOnce(usize) -> (usize, Option<usize>),
   15 | | ) -> (usize, Option<usize>) {
      | |___________________________- similarly named function `recursion_guard` defined here
      |
      = note: this error originates in the derive macro `Arbitrary` (in Nightly builds, run with -Z macro-backtrace for more info)

error[E0576]: cannot find method or associated constant `try_size_hint` in trait `arbitrary::Arbitrary`
     --> C:\Users\Devyani\.cargo\registry\src\index.crates.io-1949cf8c6b5b557f\stellar-xdr-20.1.0\src\curr\generated.rs:17002:42
      |
17002 | #[cfg_attr(feature = "arbitrary", derive(Arbitrary))]
      |                                          ^^^^^^^^^
      |
     ::: C:\Users\Devyani\.cargo\registry\src\index.crates.io-1949cf8c6b5b557f\arbitrary-1.3.2\src\lib.rs:277:5
      |
  277 |     fn size_hint(depth: usize) -> (usize, Option<usize>) {
      |     ---------------------------------------------------- similarly named associated function `size_hint` defined here
      |
      = note: this error originates in the derive macro `Arbitrary` (in Nightly builds, run with -Z macro-backtrace for more info)

error[E0425]: cannot find type `MaxRecursionReached` in crate `arbitrary`
     --> C:\Users\Devyani\.cargo\registry\src\index.crates.io-1949cf8c6b5b557f\stellar-xdr-20.1.0\src\curr\generated.rs:17050:42
      |
17050 | #[cfg_attr(feature = "arbitrary", derive(Arbitrary))]
      |                                          ^^^^^^^^^ not found in `arbitrary`
      |
      = note: this error originates in the derive macro `Arbitrary` (in Nightly builds, run with -Z macro-backtrace for more info)

error[E0425]: cannot find function `try_recursion_guard` in module `arbitrary::size_hint`
     --> C:\Users\Devyani\.cargo\registry\src\index.crates.io-1949cf8c6b5b557f\stellar-xdr-20.1.0\src\curr\generated.rs:17050:42
      |
17050 |   #[cfg_attr(feature = "arbitrary", derive(Arbitrary))]
      |                                            ^^^^^^^^^
      |
     ::: C:\Users\Devyani\.cargo\registry\src\index.crates.io-1949cf8c6b5b557f\arbitrary-1.3.2\src\size_hint.rs:12:1
      |
   12 | / pub fn recursion_guard(
   13 | |     depth: usize,
   14 | |     f: impl FnOnce(usize) -> (usize, Option<usize>),
   15 | | ) -> (usize, Option<usize>) {
      | |___________________________- similarly named function `recursion_guard` defined here
      |
      = note: this error originates in the derive macro `Arbitrary` (in Nightly builds, run with -Z macro-backtrace for more info)

error[E0576]: cannot find method or associated constant `try_size_hint` in trait `arbitrary::Arbitrary`
     --> C:\Users\Devyani\.cargo\registry\src\index.crates.io-1949cf8c6b5b557f\stellar-xdr-20.1.0\src\curr\generated.rs:17050:42
      |
17050 | #[cfg_attr(feature = "arbitrary", derive(Arbitrary))]
      |                                          ^^^^^^^^^
      |
     ::: C:\Users\Devyani\.cargo\registry\src\index.crates.io-1949cf8c6b5b557f\arbitrary-1.3.2\src\lib.rs:277:5
      |
  277 |     fn size_hint(depth: usize) -> (usize, Option<usize>) {
      |     ---------------------------------------------------- similarly named associated function `size_hint` defined here
      |
      = note: this error originates in the derive macro `Arbitrary` (in Nightly builds, run with -Z macro-backtrace for more info)

error[E0425]: cannot find type `MaxRecursionReached` in crate `arbitrary`
     --> C:\Users\Devyani\.cargo\registry\src\index.crates.io-1949cf8c6b5b557f\stellar-xdr-20.1.0\src\curr\generated.rs:17171:42
      |
17171 | #[cfg_attr(feature = "arbitrary", derive(Arbitrary))]
      |                                          ^^^^^^^^^ not found in `arbitrary`
      |
      = note: this error originates in the derive macro `Arbitrary` (in Nightly builds, run with -Z macro-backtrace for more info)

error[E0425]: cannot find function `try_recursion_guard` in module `arbitrary::size_hint`
     --> C:\Users\Devyani\.cargo\registry\src\index.crates.io-1949cf8c6b5b557f\stellar-xdr-20.1.0\src\curr\generated.rs:17171:42
      |
17171 |   #[cfg_attr(feature = "arbitrary", derive(Arbitrary))]
      |                                            ^^^^^^^^^
      |
     ::: C:\Users\Devyani\.cargo\registry\src\index.crates.io-1949cf8c6b5b557f\arbitrary-1.3.2\src\size_hint.rs:12:1
      |
   12 | / pub fn recursion_guard(
   13 | |     depth: usize,
   14 | |     f: impl FnOnce(usize) -> (usize, Option<usize>),
   15 | | ) -> (usize, Option<usize>) {
      | |___________________________- similarly named function `recursion_guard` defined here
      |
      = note: this error originates in the derive macro `Arbitrary` (in Nightly builds, run with -Z macro-backtrace for more info)

error[E0576]: cannot find method or associated constant `try_size_hint` in trait `arbitrary::Arbitrary`
     --> C:\Users\Devyani\.cargo\registry\src\index.crates.io-1949cf8c6b5b557f\stellar-xdr-20.1.0\src\curr\generated.rs:17171:42
      |
17171 | #[cfg_attr(feature = "arbitrary", derive(Arbitrary))]
      |                                          ^^^^^^^^^
      |
     ::: C:\Users\Devyani\.cargo\registry\src\index.crates.io-1949cf8c6b5b557f\arbitrary-1.3.2\src\lib.rs:277:5
      |
  277 |     fn size_hint(depth: usize) -> (usize, Option<usize>) {
      |     ---------------------------------------------------- similarly named associated function `size_hint` defined here
      |
      = note: this error originates in the derive macro `Arbitrary` (in Nightly builds, run with -Z macro-backtrace for more info)

error[E0425]: cannot find type `MaxRecursionReached` in crate `arbitrary`
     --> C:\Users\Devyani\.cargo\registry\src\index.crates.io-1949cf8c6b5b557f\stellar-xdr-20.1.0\src\curr\generated.rs:17449:42
      |
17449 | #[cfg_attr(feature = "arbitrary", derive(Arbitrary))]
      |                                          ^^^^^^^^^ not found in `arbitrary`
      |
      = note: this error originates in the derive macro `Arbitrary` (in Nightly builds, run with -Z macro-backtrace for more info)

error[E0425]: cannot find function `try_recursion_guard` in module `arbitrary::size_hint`
     --> C:\Users\Devyani\.cargo\registry\src\index.crates.io-1949cf8c6b5b557f\stellar-xdr-20.1.0\src\curr\generated.rs:17449:42
      |
17449 |   #[cfg_attr(feature = "arbitrary", derive(Arbitrary))]
      |                                            ^^^^^^^^^
      |
     ::: C:\Users\Devyani\.cargo\registry\src\index.crates.io-1949cf8c6b5b557f\arbitrary-1.3.2\src\size_hint.rs:12:1
      |
   12 | / pub fn recursion_guard(
   13 | |     depth: usize,
   14 | |     f: impl FnOnce(usize) -> (usize, Option<usize>),
   15 | | ) -> (usize, Option<usize>) {
      | |___________________________- similarly named function `recursion_guard` defined here
      |
      = note: this error originates in the derive macro `Arbitrary` (in Nightly builds, run with -Z macro-backtrace for more info)

error[E0576]: cannot find method or associated constant `try_size_hint` in trait `arbitrary::Arbitrary`
     --> C:\Users\Devyani\.cargo\registry\src\index.crates.io-1949cf8c6b5b557f\stellar-xdr-20.1.0\src\curr\generated.rs:17449:42
      |
17449 | #[cfg_attr(feature = "arbitrary", derive(Arbitrary))]
      |                                          ^^^^^^^^^
      |
     ::: C:\Users\Devyani\.cargo\registry\src\index.crates.io-1949cf8c6b5b557f\arbitrary-1.3.2\src\lib.rs:277:5
      |
  277 |     fn size_hint(depth: usize) -> (usize, Option<usize>) {
      |     ---------------------------------------------------- similarly named associated function `size_hint` defined here
      |
      = note: this error originates in the derive macro `Arbitrary` (in Nightly builds, run with -Z macro-backtrace for more info)

error[E0425]: cannot find type `MaxRecursionReached` in crate `arbitrary`
     --> C:\Users\Devyani\.cargo\registry\src\index.crates.io-1949cf8c6b5b557f\stellar-xdr-20.1.0\src\curr\generated.rs:17497:42
      |
17497 | #[cfg_attr(feature = "arbitrary", derive(Arbitrary))]
      |                                          ^^^^^^^^^ not found in `arbitrary`
      |
      = note: this error originates in the derive macro `Arbitrary` (in Nightly builds, run with -Z macro-backtrace for more info)

error[E0425]: cannot find function `try_recursion_guard` in module `arbitrary::size_hint`
     --> C:\Users\Devyani\.cargo\registry\src\index.crates.io-1949cf8c6b5b557f\stellar-xdr-20.1.0\src\curr\generated.rs:17497:42
      |
17497 |   #[cfg_attr(feature = "arbitrary", derive(Arbitrary))]
      |                                            ^^^^^^^^^
      |
     ::: C:\Users\Devyani\.cargo\registry\src\index.crates.io-1949cf8c6b5b557f\arbitrary-1.3.2\src\size_hint.rs:12:1
      |
   12 | / pub fn recursion_guard(
   13 | |     depth: usize,
   14 | |     f: impl FnOnce(usize) -> (usize, Option<usize>),
   15 | | ) -> (usize, Option<usize>) {
      | |___________________________- similarly named function `recursion_guard` defined here
      |
      = note: this error originates in the derive macro `Arbitrary` (in Nightly builds, run with -Z macro-backtrace for more info)

error[E0576]: cannot find method or associated constant `try_size_hint` in trait `arbitrary::Arbitrary`
     --> C:\Users\Devyani\.cargo\registry\src\index.crates.io-1949cf8c6b5b557f\stellar-xdr-20.1.0\src\curr\generated.rs:17497:42
      |
17497 | #[cfg_attr(feature = "arbitrary", derive(Arbitrary))]
      |                                          ^^^^^^^^^
      |
     ::: C:\Users\Devyani\.cargo\registry\src\index.crates.io-1949cf8c6b5b557f\arbitrary-1.3.2\src\lib.rs:277:5
      |
  277 |     fn size_hint(depth: usize) -> (usize, Option<usize>) {
      |     ---------------------------------------------------- similarly named associated function `size_hint` defined here
      |
      = note: this error originates in the derive macro `Arbitrary` (in Nightly builds, run with -Z macro-backtrace for more info)

error[E0425]: cannot find type `MaxRecursionReached` in crate `arbitrary`
     --> C:\Users\Devyani\.cargo\registry\src\index.crates.io-1949cf8c6b5b557f\stellar-xdr-20.1.0\src\curr\generated.rs:17635:42
      |
17635 | #[cfg_attr(feature = "arbitrary", derive(Arbitrary))]
      |                                          ^^^^^^^^^ not found in `arbitrary`
      |
      = note: this error originates in the derive macro `Arbitrary` (in Nightly builds, run with -Z macro-backtrace for more info)

error[E0425]: cannot find function `try_recursion_guard` in module `arbitrary::size_hint`
     --> C:\Users\Devyani\.cargo\registry\src\index.crates.io-1949cf8c6b5b557f\stellar-xdr-20.1.0\src\curr\generated.rs:17635:42
      |
17635 |   #[cfg_attr(feature = "arbitrary", derive(Arbitrary))]
      |                                            ^^^^^^^^^
      |
     ::: C:\Users\Devyani\.cargo\registry\src\index.crates.io-1949cf8c6b5b557f\arbitrary-1.3.2\src\size_hint.rs:12:1
      |
   12 | / pub fn recursion_guard(
   13 | |     depth: usize,
   14 | |     f: impl FnOnce(usize) -> (usize, Option<usize>),
   15 | | ) -> (usize, Option<usize>) {
      | |___________________________- similarly named function `recursion_guard` defined here
      |
      = note: this error originates in the derive macro `Arbitrary` (in Nightly builds, run with -Z macro-backtrace for more info)

error[E0576]: cannot find method or associated constant `try_size_hint` in trait `arbitrary::Arbitrary`
     --> C:\Users\Devyani\.cargo\registry\src\index.crates.io-1949cf8c6b5b557f\stellar-xdr-20.1.0\src\curr\generated.rs:17635:42
      |
17635 | #[cfg_attr(feature = "arbitrary", derive(Arbitrary))]
      |                                          ^^^^^^^^^
      |
     ::: C:\Users\Devyani\.cargo\registry\src\index.crates.io-1949cf8c6b5b557f\arbitrary-1.3.2\src\lib.rs:277:5
      |
  277 |     fn size_hint(depth: usize) -> (usize, Option<usize>) {
      |     ---------------------------------------------------- similarly named associated function `size_hint` defined here
      |
      = note: this error originates in the derive macro `Arbitrary` (in Nightly builds, run with -Z macro-backtrace for more info)

error[E0425]: cannot find type `MaxRecursionReached` in crate `arbitrary`
     --> C:\Users\Devyani\.cargo\registry\src\index.crates.io-1949cf8c6b5b557f\stellar-xdr-20.1.0\src\curr\generated.rs:17859:42
      |
17859 | #[cfg_attr(feature = "arbitrary", derive(Arbitrary))]
      |                                          ^^^^^^^^^ not found in `arbitrary`
      |
      = note: this error originates in the derive macro `Arbitrary` (in Nightly builds, run with -Z macro-backtrace for more info)

error[E0425]: cannot find function `try_recursion_guard` in module `arbitrary::size_hint`
     --> C:\Users\Devyani\.cargo\registry\src\index.crates.io-1949cf8c6b5b557f\stellar-xdr-20.1.0\src\curr\generated.rs:17859:42
      |
17859 |   #[cfg_attr(feature = "arbitrary", derive(Arbitrary))]
      |                                            ^^^^^^^^^
      |
     ::: C:\Users\Devyani\.cargo\registry\src\index.crates.io-1949cf8c6b5b557f\arbitrary-1.3.2\src\size_hint.rs:12:1
      |
   12 | / pub fn recursion_guard(
   13 | |     depth: usize,
   14 | |     f: impl FnOnce(usize) -> (usize, Option<usize>),
   15 | | ) -> (usize, Option<usize>) {
      | |___________________________- similarly named function `recursion_guard` defined here
      |
      = note: this error originates in the derive macro `Arbitrary` (in Nightly builds, run with -Z macro-backtrace for more info)

error[E0576]: cannot find method or associated constant `try_size_hint` in trait `arbitrary::Arbitrary`
     --> C:\Users\Devyani\.cargo\registry\src\index.crates.io-1949cf8c6b5b557f\stellar-xdr-20.1.0\src\curr\generated.rs:17859:42
      |
17859 | #[cfg_attr(feature = "arbitrary", derive(Arbitrary))]
      |                                          ^^^^^^^^^
      |
     ::: C:\Users\Devyani\.cargo\registry\src\index.crates.io-1949cf8c6b5b557f\arbitrary-1.3.2\src\lib.rs:277:5
      |
  277 |     fn size_hint(depth: usize) -> (usize, Option<usize>) {
      |     ---------------------------------------------------- similarly named associated function `size_hint` defined here
      |
      = note: this error originates in the derive macro `Arbitrary` (in Nightly builds, run with -Z macro-backtrace for more info)

error[E0425]: cannot find type `MaxRecursionReached` in crate `arbitrary`
     --> C:\Users\Devyani\.cargo\registry\src\index.crates.io-1949cf8c6b5b557f\stellar-xdr-20.1.0\src\curr\generated.rs:17920:42
      |
17920 | #[cfg_attr(feature = "arbitrary", derive(Arbitrary))]
      |                                          ^^^^^^^^^ not found in `arbitrary`
      |
      = note: this error originates in the derive macro `Arbitrary` (in Nightly builds, run with -Z macro-backtrace for more info)

error[E0425]: cannot find function `try_recursion_guard` in module `arbitrary::size_hint`
     --> C:\Users\Devyani\.cargo\registry\src\index.crates.io-1949cf8c6b5b557f\stellar-xdr-20.1.0\src\curr\generated.rs:17920:42
      |
17920 |   #[cfg_attr(feature = "arbitrary", derive(Arbitrary))]
      |                                            ^^^^^^^^^
      |
     ::: C:\Users\Devyani\.cargo\registry\src\index.crates.io-1949cf8c6b5b557f\arbitrary-1.3.2\src\size_hint.rs:12:1
      |
   12 | / pub fn recursion_guard(
   13 | |     depth: usize,
   14 | |     f: impl FnOnce(usize) -> (usize, Option<usize>),
   15 | | ) -> (usize, Option<usize>) {
      | |___________________________- similarly named function `recursion_guard` defined here
      |
      = note: this error originates in the derive macro `Arbitrary` (in Nightly builds, run with -Z macro-backtrace for more info)

error[E0576]: cannot find method or associated constant `try_size_hint` in trait `arbitrary::Arbitrary`
     --> C:\Users\Devyani\.cargo\registry\src\index.crates.io-1949cf8c6b5b557f\stellar-xdr-20.1.0\src\curr\generated.rs:17920:42
      |
17920 | #[cfg_attr(feature = "arbitrary", derive(Arbitrary))]
      |                                          ^^^^^^^^^
      |
     ::: C:\Users\Devyani\.cargo\registry\src\index.crates.io-1949cf8c6b5b557f\arbitrary-1.3.2\src\lib.rs:277:5
      |
  277 |     fn size_hint(depth: usize) -> (usize, Option<usize>) {
      |     ---------------------------------------------------- similarly named associated function `size_hint` defined here
      |
      = note: this error originates in the derive macro `Arbitrary` (in Nightly builds, run with -Z macro-backtrace for more info)

error[E0425]: cannot find type `MaxRecursionReached` in crate `arbitrary`
     --> C:\Users\Devyani\.cargo\registry\src\index.crates.io-1949cf8c6b5b557f\stellar-xdr-20.1.0\src\curr\generated.rs:18065:42
      |
18065 | #[cfg_attr(feature = "arbitrary", derive(Arbitrary))]
      |                                          ^^^^^^^^^ not found in `arbitrary`
      |
      = note: this error originates in the derive macro `Arbitrary` (in Nightly builds, run with -Z macro-backtrace for more info)

error[E0425]: cannot find function `try_recursion_guard` in module `arbitrary::size_hint`
     --> C:\Users\Devyani\.cargo\registry\src\index.crates.io-1949cf8c6b5b557f\stellar-xdr-20.1.0\src\curr\generated.rs:18065:42
      |
18065 |   #[cfg_attr(feature = "arbitrary", derive(Arbitrary))]
      |                                            ^^^^^^^^^
      |
     ::: C:\Users\Devyani\.cargo\registry\src\index.crates.io-1949cf8c6b5b557f\arbitrary-1.3.2\src\size_hint.rs:12:1
      |
   12 | / pub fn recursion_guard(
   13 | |     depth: usize,
   14 | |     f: impl FnOnce(usize) -> (usize, Option<usize>),
   15 | | ) -> (usize, Option<usize>) {
      | |___________________________- similarly named function `recursion_guard` defined here
      |
      = note: this error originates in the derive macro `Arbitrary` (in Nightly builds, run with -Z macro-backtrace for more info)

error[E0576]: cannot find method or associated constant `try_size_hint` in trait `arbitrary::Arbitrary`
     --> C:\Users\Devyani\.cargo\registry\src\index.crates.io-1949cf8c6b5b557f\stellar-xdr-20.1.0\src\curr\generated.rs:18065:42
      |
18065 | #[cfg_attr(feature = "arbitrary", derive(Arbitrary))]
      |                                          ^^^^^^^^^
      |
     ::: C:\Users\Devyani\.cargo\registry\src\index.crates.io-1949cf8c6b5b557f\arbitrary-1.3.2\src\lib.rs:277:5
      |
  277 |     fn size_hint(depth: usize) -> (usize, Option<usize>) {
      |     ---------------------------------------------------- similarly named associated function `size_hint` defined here
      |
      = note: this error originates in the derive macro `Arbitrary` (in Nightly builds, run with -Z macro-backtrace for more info)

error[E0425]: cannot find type `MaxRecursionReached` in crate `arbitrary`
     --> C:\Users\Devyani\.cargo\registry\src\index.crates.io-1949cf8c6b5b557f\stellar-xdr-20.1.0\src\curr\generated.rs:18336:42
      |
18336 | #[cfg_attr(feature = "arbitrary", derive(Arbitrary))]
      |                                          ^^^^^^^^^ not found in `arbitrary`
      |
      = note: this error originates in the derive macro `Arbitrary` (in Nightly builds, run with -Z macro-backtrace for more info)

error[E0425]: cannot find function `try_recursion_guard` in module `arbitrary::size_hint`
     --> C:\Users\Devyani\.cargo\registry\src\index.crates.io-1949cf8c6b5b557f\stellar-xdr-20.1.0\src\curr\generated.rs:18336:42
      |
18336 |   #[cfg_attr(feature = "arbitrary", derive(Arbitrary))]
      |                                            ^^^^^^^^^
      |
     ::: C:\Users\Devyani\.cargo\registry\src\index.crates.io-1949cf8c6b5b557f\arbitrary-1.3.2\src\size_hint.rs:12:1
      |
   12 | / pub fn recursion_guard(
   13 | |     depth: usize,
   14 | |     f: impl FnOnce(usize) -> (usize, Option<usize>),
   15 | | ) -> (usize, Option<usize>) {
      | |___________________________- similarly named function `recursion_guard` defined here
      |
      = note: this error originates in the derive macro `Arbitrary` (in Nightly builds, run with -Z macro-backtrace for more info)

error[E0576]: cannot find method or associated constant `try_size_hint` in trait `arbitrary::Arbitrary`
     --> C:\Users\Devyani\.cargo\registry\src\index.crates.io-1949cf8c6b5b557f\stellar-xdr-20.1.0\src\curr\generated.rs:18336:42
      |
18336 | #[cfg_attr(feature = "arbitrary", derive(Arbitrary))]
      |                                          ^^^^^^^^^
      |
     ::: C:\Users\Devyani\.cargo\registry\src\index.crates.io-1949cf8c6b5b557f\arbitrary-1.3.2\src\lib.rs:277:5
      |
  277 |     fn size_hint(depth: usize) -> (usize, Option<usize>) {
      |     ---------------------------------------------------- similarly named associated function `size_hint` defined here
      |
      = note: this error originates in the derive macro `Arbitrary` (in Nightly builds, run with -Z macro-backtrace for more info)

error[E0425]: cannot find type `MaxRecursionReached` in crate `arbitrary`
     --> C:\Users\Devyani\.cargo\registry\src\index.crates.io-1949cf8c6b5b557f\stellar-xdr-20.1.0\src\curr\generated.rs:18388:42
      |
18388 | #[cfg_attr(feature = "arbitrary", derive(Arbitrary))]
      |                                          ^^^^^^^^^ not found in `arbitrary`
      |
      = note: this error originates in the derive macro `Arbitrary` (in Nightly builds, run with -Z macro-backtrace for more info)

error[E0425]: cannot find function `try_recursion_guard` in module `arbitrary::size_hint`
     --> C:\Users\Devyani\.cargo\registry\src\index.crates.io-1949cf8c6b5b557f\stellar-xdr-20.1.0\src\curr\generated.rs:18388:42
      |
18388 |   #[cfg_attr(feature = "arbitrary", derive(Arbitrary))]
      |                                            ^^^^^^^^^
      |
     ::: C:\Users\Devyani\.cargo\registry\src\index.crates.io-1949cf8c6b5b557f\arbitrary-1.3.2\src\size_hint.rs:12:1
      |
   12 | / pub fn recursion_guard(
   13 | |     depth: usize,
   14 | |     f: impl FnOnce(usize) -> (usize, Option<usize>),
   15 | | ) -> (usize, Option<usize>) {
      | |___________________________- similarly named function `recursion_guard` defined here
      |
      = note: this error originates in the derive macro `Arbitrary` (in Nightly builds, run with -Z macro-backtrace for more info)

error[E0576]: cannot find method or associated constant `try_size_hint` in trait `arbitrary::Arbitrary`
     --> C:\Users\Devyani\.cargo\registry\src\index.crates.io-1949cf8c6b5b557f\stellar-xdr-20.1.0\src\curr\generated.rs:18388:42
      |
18388 | #[cfg_attr(feature = "arbitrary", derive(Arbitrary))]
      |                                          ^^^^^^^^^
      |
     ::: C:\Users\Devyani\.cargo\registry\src\index.crates.io-1949cf8c6b5b557f\arbitrary-1.3.2\src\lib.rs:277:5
      |
  277 |     fn size_hint(depth: usize) -> (usize, Option<usize>) {
      |     ---------------------------------------------------- similarly named associated function `size_hint` defined here
      |
      = note: this error originates in the derive macro `Arbitrary` (in Nightly builds, run with -Z macro-backtrace for more info)

error[E0425]: cannot find type `MaxRecursionReached` in crate `arbitrary`
     --> C:\Users\Devyani\.cargo\registry\src\index.crates.io-1949cf8c6b5b557f\stellar-xdr-20.1.0\src\curr\generated.rs:18612:42
      |
18612 | #[cfg_attr(feature = "arbitrary", derive(Arbitrary))]
      |                                          ^^^^^^^^^ not found in `arbitrary`
      |
      = note: this error originates in the derive macro `Arbitrary` (in Nightly builds, run with -Z macro-backtrace for more info)

error[E0425]: cannot find function `try_recursion_guard` in module `arbitrary::size_hint`
     --> C:\Users\Devyani\.cargo\registry\src\index.crates.io-1949cf8c6b5b557f\stellar-xdr-20.1.0\src\curr\generated.rs:18612:42
      |
18612 |   #[cfg_attr(feature = "arbitrary", derive(Arbitrary))]
      |                                            ^^^^^^^^^
      |
     ::: C:\Users\Devyani\.cargo\registry\src\index.crates.io-1949cf8c6b5b557f\arbitrary-1.3.2\src\size_hint.rs:12:1
      |
   12 | / pub fn recursion_guard(
   13 | |     depth: usize,
   14 | |     f: impl FnOnce(usize) -> (usize, Option<usize>),
   15 | | ) -> (usize, Option<usize>) {
      | |___________________________- similarly named function `recursion_guard` defined here
      |
      = note: this error originates in the derive macro `Arbitrary` (in Nightly builds, run with -Z macro-backtrace for more info)

error[E0576]: cannot find method or associated constant `try_size_hint` in trait `arbitrary::Arbitrary`
     --> C:\Users\Devyani\.cargo\registry\src\index.crates.io-1949cf8c6b5b557f\stellar-xdr-20.1.0\src\curr\generated.rs:18612:42
      |
18612 | #[cfg_attr(feature = "arbitrary", derive(Arbitrary))]
      |                                          ^^^^^^^^^
      |
     ::: C:\Users\Devyani\.cargo\registry\src\index.crates.io-1949cf8c6b5b557f\arbitrary-1.3.2\src\lib.rs:277:5
      |
  277 |     fn size_hint(depth: usize) -> (usize, Option<usize>) {
      |     ---------------------------------------------------- similarly named associated function `size_hint` defined here
      |
      = note: this error originates in the derive macro `Arbitrary` (in Nightly builds, run with -Z macro-backtrace for more info)

error[E0425]: cannot find type `MaxRecursionReached` in crate `arbitrary`
     --> C:\Users\Devyani\.cargo\registry\src\index.crates.io-1949cf8c6b5b557f\stellar-xdr-20.1.0\src\curr\generated.rs:18662:42
      |
18662 | #[cfg_attr(feature = "arbitrary", derive(Arbitrary))]
      |                                          ^^^^^^^^^ not found in `arbitrary`
      |
      = note: this error originates in the derive macro `Arbitrary` (in Nightly builds, run with -Z macro-backtrace for more info)

error[E0425]: cannot find function `try_recursion_guard` in module `arbitrary::size_hint`
     --> C:\Users\Devyani\.cargo\registry\src\index.crates.io-1949cf8c6b5b557f\stellar-xdr-20.1.0\src\curr\generated.rs:18662:42
      |
18662 |   #[cfg_attr(feature = "arbitrary", derive(Arbitrary))]
      |                                            ^^^^^^^^^
      |
     ::: C:\Users\Devyani\.cargo\registry\src\index.crates.io-1949cf8c6b5b557f\arbitrary-1.3.2\src\size_hint.rs:12:1
      |
   12 | / pub fn recursion_guard(
   13 | |     depth: usize,
   14 | |     f: impl FnOnce(usize) -> (usize, Option<usize>),
   15 | | ) -> (usize, Option<usize>) {
      | |___________________________- similarly named function `recursion_guard` defined here
      |
      = note: this error originates in the derive macro `Arbitrary` (in Nightly builds, run with -Z macro-backtrace for more info)

error[E0576]: cannot find method or associated constant `try_size_hint` in trait `arbitrary::Arbitrary`
     --> C:\Users\Devyani\.cargo\registry\src\index.crates.io-1949cf8c6b5b557f\stellar-xdr-20.1.0\src\curr\generated.rs:18662:42
      |
18662 | #[cfg_attr(feature = "arbitrary", derive(Arbitrary))]
      |                                          ^^^^^^^^^
      |
     ::: C:\Users\Devyani\.cargo\registry\src\index.crates.io-1949cf8c6b5b557f\arbitrary-1.3.2\src\lib.rs:277:5
      |
  277 |     fn size_hint(depth: usize) -> (usize, Option<usize>) {
      |     ---------------------------------------------------- similarly named associated function `size_hint` defined here
      |
      = note: this error originates in the derive macro `Arbitrary` (in Nightly builds, run with -Z macro-backtrace for more info)

error[E0425]: cannot find type `MaxRecursionReached` in crate `arbitrary`
     --> C:\Users\Devyani\.cargo\registry\src\index.crates.io-1949cf8c6b5b557f\stellar-xdr-20.1.0\src\curr\generated.rs:18769:42
      |
18769 | #[cfg_attr(feature = "arbitrary", derive(Arbitrary))]
      |                                          ^^^^^^^^^ not found in `arbitrary`
      |
      = note: this error originates in the derive macro `Arbitrary` (in Nightly builds, run with -Z macro-backtrace for more info)

error[E0425]: cannot find function `try_recursion_guard` in module `arbitrary::size_hint`
     --> C:\Users\Devyani\.cargo\registry\src\index.crates.io-1949cf8c6b5b557f\stellar-xdr-20.1.0\src\curr\generated.rs:18769:42
      |
18769 |   #[cfg_attr(feature = "arbitrary", derive(Arbitrary))]
      |                                            ^^^^^^^^^
      |
     ::: C:\Users\Devyani\.cargo\registry\src\index.crates.io-1949cf8c6b5b557f\arbitrary-1.3.2\src\size_hint.rs:12:1
      |
   12 | / pub fn recursion_guard(
   13 | |     depth: usize,
   14 | |     f: impl FnOnce(usize) -> (usize, Option<usize>),
   15 | | ) -> (usize, Option<usize>) {
      | |___________________________- similarly named function `recursion_guard` defined here
      |
      = note: this error originates in the derive macro `Arbitrary` (in Nightly builds, run with -Z macro-backtrace for more info)

error[E0576]: cannot find method or associated constant `try_size_hint` in trait `arbitrary::Arbitrary`
     --> C:\Users\Devyani\.cargo\registry\src\index.crates.io-1949cf8c6b5b557f\stellar-xdr-20.1.0\src\curr\generated.rs:18769:42
      |
18769 | #[cfg_attr(feature = "arbitrary", derive(Arbitrary))]
      |                                          ^^^^^^^^^
      |
     ::: C:\Users\Devyani\.cargo\registry\src\index.crates.io-1949cf8c6b5b557f\arbitrary-1.3.2\src\lib.rs:277:5
      |
  277 |     fn size_hint(depth: usize) -> (usize, Option<usize>) {
      |     ---------------------------------------------------- similarly named associated function `size_hint` defined here
      |
      = note: this error originates in the derive macro `Arbitrary` (in Nightly builds, run with -Z macro-backtrace for more info)

error[E0425]: cannot find type `MaxRecursionReached` in crate `arbitrary`
     --> C:\Users\Devyani\.cargo\registry\src\index.crates.io-1949cf8c6b5b557f\stellar-xdr-20.1.0\src\curr\generated.rs:18868:42
      |
18868 | #[cfg_attr(feature = "arbitrary", derive(Arbitrary))]
      |                                          ^^^^^^^^^ not found in `arbitrary`
      |
      = note: this error originates in the derive macro `Arbitrary` (in Nightly builds, run with -Z macro-backtrace for more info)

error[E0425]: cannot find function `try_recursion_guard` in module `arbitrary::size_hint`
     --> C:\Users\Devyani\.cargo\registry\src\index.crates.io-1949cf8c6b5b557f\stellar-xdr-20.1.0\src\curr\generated.rs:18868:42
      |
18868 |   #[cfg_attr(feature = "arbitrary", derive(Arbitrary))]
      |                                            ^^^^^^^^^
      |
     ::: C:\Users\Devyani\.cargo\registry\src\index.crates.io-1949cf8c6b5b557f\arbitrary-1.3.2\src\size_hint.rs:12:1
      |
   12 | / pub fn recursion_guard(
   13 | |     depth: usize,
   14 | |     f: impl FnOnce(usize) -> (usize, Option<usize>),
   15 | | ) -> (usize, Option<usize>) {
      | |___________________________- similarly named function `recursion_guard` defined here
      |
      = note: this error originates in the derive macro `Arbitrary` (in Nightly builds, run with -Z macro-backtrace for more info)

error[E0576]: cannot find method or associated constant `try_size_hint` in trait `arbitrary::Arbitrary`
     --> C:\Users\Devyani\.cargo\registry\src\index.crates.io-1949cf8c6b5b557f\stellar-xdr-20.1.0\src\curr\generated.rs:18868:42
      |
18868 | #[cfg_attr(feature = "arbitrary", derive(Arbitrary))]
      |                                          ^^^^^^^^^
      |
     ::: C:\Users\Devyani\.cargo\registry\src\index.crates.io-1949cf8c6b5b557f\arbitrary-1.3.2\src\lib.rs:277:5
      |
  277 |     fn size_hint(depth: usize) -> (usize, Option<usize>) {
      |     ---------------------------------------------------- similarly named associated function `size_hint` defined here
      |
      = note: this error originates in the derive macro `Arbitrary` (in Nightly builds, run with -Z macro-backtrace for more info)

error[E0425]: cannot find type `MaxRecursionReached` in crate `arbitrary`
     --> C:\Users\Devyani\.cargo\registry\src\index.crates.io-1949cf8c6b5b557f\stellar-xdr-20.1.0\src\curr\generated.rs:18913:42
      |
18913 | #[cfg_attr(feature = "arbitrary", derive(Arbitrary))]
      |                                          ^^^^^^^^^ not found in `arbitrary`
      |
      = note: this error originates in the derive macro `Arbitrary` (in Nightly builds, run with -Z macro-backtrace for more info)

error[E0425]: cannot find function `try_recursion_guard` in module `arbitrary::size_hint`
     --> C:\Users\Devyani\.cargo\registry\src\index.crates.io-1949cf8c6b5b557f\stellar-xdr-20.1.0\src\curr\generated.rs:18913:42
      |
18913 |   #[cfg_attr(feature = "arbitrary", derive(Arbitrary))]
      |                                            ^^^^^^^^^
      |
     ::: C:\Users\Devyani\.cargo\registry\src\index.crates.io-1949cf8c6b5b557f\arbitrary-1.3.2\src\size_hint.rs:12:1
      |
   12 | / pub fn recursion_guard(
   13 | |     depth: usize,
   14 | |     f: impl FnOnce(usize) -> (usize, Option<usize>),
   15 | | ) -> (usize, Option<usize>) {
      | |___________________________- similarly named function `recursion_guard` defined here
      |
      = note: this error originates in the derive macro `Arbitrary` (in Nightly builds, run with -Z macro-backtrace for more info)

error[E0576]: cannot find method or associated constant `try_size_hint` in trait `arbitrary::Arbitrary`
     --> C:\Users\Devyani\.cargo\registry\src\index.crates.io-1949cf8c6b5b557f\stellar-xdr-20.1.0\src\curr\generated.rs:18913:42
      |
18913 | #[cfg_attr(feature = "arbitrary", derive(Arbitrary))]
      |                                          ^^^^^^^^^
      |
     ::: C:\Users\Devyani\.cargo\registry\src\index.crates.io-1949cf8c6b5b557f\arbitrary-1.3.2\src\lib.rs:277:5
      |
  277 |     fn size_hint(depth: usize) -> (usize, Option<usize>) {
      |     ---------------------------------------------------- similarly named associated function `size_hint` defined here
      |
      = note: this error originates in the derive macro `Arbitrary` (in Nightly builds, run with -Z macro-backtrace for more info)

error[E0425]: cannot find type `MaxRecursionReached` in crate `arbitrary`
     --> C:\Users\Devyani\.cargo\registry\src\index.crates.io-1949cf8c6b5b557f\stellar-xdr-20.1.0\src\curr\generated.rs:18960:42
      |
18960 | #[cfg_attr(feature = "arbitrary", derive(Arbitrary))]
      |                                          ^^^^^^^^^ not found in `arbitrary`
      |
      = note: this error originates in the derive macro `Arbitrary` (in Nightly builds, run with -Z macro-backtrace for more info)

error[E0425]: cannot find function `try_recursion_guard` in module `arbitrary::size_hint`
     --> C:\Users\Devyani\.cargo\registry\src\index.crates.io-1949cf8c6b5b557f\stellar-xdr-20.1.0\src\curr\generated.rs:18960:42
      |
18960 |   #[cfg_attr(feature = "arbitrary", derive(Arbitrary))]
      |                                            ^^^^^^^^^
      |
     ::: C:\Users\Devyani\.cargo\registry\src\index.crates.io-1949cf8c6b5b557f\arbitrary-1.3.2\src\size_hint.rs:12:1
      |
   12 | / pub fn recursion_guard(
   13 | |     depth: usize,
   14 | |     f: impl FnOnce(usize) -> (usize, Option<usize>),
   15 | | ) -> (usize, Option<usize>) {
      | |___________________________- similarly named function `recursion_guard` defined here
      |
      = note: this error originates in the derive macro `Arbitrary` (in Nightly builds, run with -Z macro-backtrace for more info)

error[E0576]: cannot find method or associated constant `try_size_hint` in trait `arbitrary::Arbitrary`
     --> C:\Users\Devyani\.cargo\registry\src\index.crates.io-1949cf8c6b5b557f\stellar-xdr-20.1.0\src\curr\generated.rs:18960:42
      |
18960 | #[cfg_attr(feature = "arbitrary", derive(Arbitrary))]
      |                                          ^^^^^^^^^
      |
     ::: C:\Users\Devyani\.cargo\registry\src\index.crates.io-1949cf8c6b5b557f\arbitrary-1.3.2\src\lib.rs:277:5
      |
  277 |     fn size_hint(depth: usize) -> (usize, Option<usize>) {
      |     ---------------------------------------------------- similarly named associated function `size_hint` defined here
      |
      = note: this error originates in the derive macro `Arbitrary` (in Nightly builds, run with -Z macro-backtrace for more info)

error[E0425]: cannot find type `MaxRecursionReached` in crate `arbitrary`
     --> C:\Users\Devyani\.cargo\registry\src\index.crates.io-1949cf8c6b5b557f\stellar-xdr-20.1.0\src\curr\generated.rs:19059:42
      |
19059 | #[cfg_attr(feature = "arbitrary", derive(Arbitrary))]
      |                                          ^^^^^^^^^ not found in `arbitrary`
      |
      = note: this error originates in the derive macro `Arbitrary` (in Nightly builds, run with -Z macro-backtrace for more info)

error[E0425]: cannot find function `try_recursion_guard` in module `arbitrary::size_hint`
     --> C:\Users\Devyani\.cargo\registry\src\index.crates.io-1949cf8c6b5b557f\stellar-xdr-20.1.0\src\curr\generated.rs:19059:42
      |
19059 |   #[cfg_attr(feature = "arbitrary", derive(Arbitrary))]
      |                                            ^^^^^^^^^
      |
     ::: C:\Users\Devyani\.cargo\registry\src\index.crates.io-1949cf8c6b5b557f\arbitrary-1.3.2\src\size_hint.rs:12:1
      |
   12 | / pub fn recursion_guard(
   13 | |     depth: usize,
   14 | |     f: impl FnOnce(usize) -> (usize, Option<usize>),
   15 | | ) -> (usize, Option<usize>) {
      | |___________________________- similarly named function `recursion_guard` defined here
      |
      = note: this error originates in the derive macro `Arbitrary` (in Nightly builds, run with -Z macro-backtrace for more info)

error[E0576]: cannot find method or associated constant `try_size_hint` in trait `arbitrary::Arbitrary`
     --> C:\Users\Devyani\.cargo\registry\src\index.crates.io-1949cf8c6b5b557f\stellar-xdr-20.1.0\src\curr\generated.rs:19059:42
      |
19059 | #[cfg_attr(feature = "arbitrary", derive(Arbitrary))]
      |                                          ^^^^^^^^^
      |
     ::: C:\Users\Devyani\.cargo\registry\src\index.crates.io-1949cf8c6b5b557f\arbitrary-1.3.2\src\lib.rs:277:5
      |
  277 |     fn size_hint(depth: usize) -> (usize, Option<usize>) {
      |     ---------------------------------------------------- similarly named associated function `size_hint` defined here
      |
      = note: this error originates in the derive macro `Arbitrary` (in Nightly builds, run with -Z macro-backtrace for more info)

error[E0425]: cannot find type `MaxRecursionReached` in crate `arbitrary`
     --> C:\Users\Devyani\.cargo\registry\src\index.crates.io-1949cf8c6b5b557f\stellar-xdr-20.1.0\src\curr\generated.rs:19103:42
      |
19103 | #[cfg_attr(feature = "arbitrary", derive(Arbitrary))]
      |                                          ^^^^^^^^^ not found in `arbitrary`
      |
      = note: this error originates in the derive macro `Arbitrary` (in Nightly builds, run with -Z macro-backtrace for more info)

error[E0425]: cannot find function `try_recursion_guard` in module `arbitrary::size_hint`
     --> C:\Users\Devyani\.cargo\registry\src\index.crates.io-1949cf8c6b5b557f\stellar-xdr-20.1.0\src\curr\generated.rs:19103:42
      |
19103 |   #[cfg_attr(feature = "arbitrary", derive(Arbitrary))]
      |                                            ^^^^^^^^^
      |
     ::: C:\Users\Devyani\.cargo\registry\src\index.crates.io-1949cf8c6b5b557f\arbitrary-1.3.2\src\size_hint.rs:12:1
      |
   12 | / pub fn recursion_guard(
   13 | |     depth: usize,
   14 | |     f: impl FnOnce(usize) -> (usize, Option<usize>),
   15 | | ) -> (usize, Option<usize>) {
      | |___________________________- similarly named function `recursion_guard` defined here
      |
      = note: this error originates in the derive macro `Arbitrary` (in Nightly builds, run with -Z macro-backtrace for more info)

error[E0576]: cannot find method or associated constant `try_size_hint` in trait `arbitrary::Arbitrary`
     --> C:\Users\Devyani\.cargo\registry\src\index.crates.io-1949cf8c6b5b557f\stellar-xdr-20.1.0\src\curr\generated.rs:19103:42
      |
19103 | #[cfg_attr(feature = "arbitrary", derive(Arbitrary))]
      |                                          ^^^^^^^^^
      |
     ::: C:\Users\Devyani\.cargo\registry\src\index.crates.io-1949cf8c6b5b557f\arbitrary-1.3.2\src\lib.rs:277:5
      |
  277 |     fn size_hint(depth: usize) -> (usize, Option<usize>) {
      |     ---------------------------------------------------- similarly named associated function `size_hint` defined here
      |
      = note: this error originates in the derive macro `Arbitrary` (in Nightly builds, run with -Z macro-backtrace for more info)

error[E0425]: cannot find type `MaxRecursionReached` in crate `arbitrary`
     --> C:\Users\Devyani\.cargo\registry\src\index.crates.io-1949cf8c6b5b557f\stellar-xdr-20.1.0\src\curr\generated.rs:19148:42
      |
19148 | #[cfg_attr(feature = "arbitrary", derive(Arbitrary))]
      |                                          ^^^^^^^^^ not found in `arbitrary`
      |
      = note: this error originates in the derive macro `Arbitrary` (in Nightly builds, run with -Z macro-backtrace for more info)

error[E0425]: cannot find function `try_recursion_guard` in module `arbitrary::size_hint`
     --> C:\Users\Devyani\.cargo\registry\src\index.crates.io-1949cf8c6b5b557f\stellar-xdr-20.1.0\src\curr\generated.rs:19148:42
      |
19148 |   #[cfg_attr(feature = "arbitrary", derive(Arbitrary))]
      |                                            ^^^^^^^^^
      |
     ::: C:\Users\Devyani\.cargo\registry\src\index.crates.io-1949cf8c6b5b557f\arbitrary-1.3.2\src\size_hint.rs:12:1
      |
   12 | / pub fn recursion_guard(
   13 | |     depth: usize,
   14 | |     f: impl FnOnce(usize) -> (usize, Option<usize>),
   15 | | ) -> (usize, Option<usize>) {
      | |___________________________- similarly named function `recursion_guard` defined here
      |
      = note: this error originates in the derive macro `Arbitrary` (in Nightly builds, run with -Z macro-backtrace for more info)

error[E0576]: cannot find method or associated constant `try_size_hint` in trait `arbitrary::Arbitrary`
     --> C:\Users\Devyani\.cargo\registry\src\index.crates.io-1949cf8c6b5b557f\stellar-xdr-20.1.0\src\curr\generated.rs:19148:42
      |
19148 | #[cfg_attr(feature = "arbitrary", derive(Arbitrary))]
      |                                          ^^^^^^^^^
      |
     ::: C:\Users\Devyani\.cargo\registry\src\index.crates.io-1949cf8c6b5b557f\arbitrary-1.3.2\src\lib.rs:277:5
      |
  277 |     fn size_hint(depth: usize) -> (usize, Option<usize>) {
      |     ---------------------------------------------------- similarly named associated function `size_hint` defined here
      |
      = note: this error originates in the derive macro `Arbitrary` (in Nightly builds, run with -Z macro-backtrace for more info)

error[E0425]: cannot find type `MaxRecursionReached` in crate `arbitrary`
     --> C:\Users\Devyani\.cargo\registry\src\index.crates.io-1949cf8c6b5b557f\stellar-xdr-20.1.0\src\curr\generated.rs:19262:42
      |
19262 | #[cfg_attr(feature = "arbitrary", derive(Arbitrary))]
      |                                          ^^^^^^^^^ not found in `arbitrary`
      |
      = note: this error originates in the derive macro `Arbitrary` (in Nightly builds, run with -Z macro-backtrace for more info)

error[E0425]: cannot find function `try_recursion_guard` in module `arbitrary::size_hint`
     --> C:\Users\Devyani\.cargo\registry\src\index.crates.io-1949cf8c6b5b557f\stellar-xdr-20.1.0\src\curr\generated.rs:19262:42
      |
19262 |   #[cfg_attr(feature = "arbitrary", derive(Arbitrary))]
      |                                            ^^^^^^^^^
      |
     ::: C:\Users\Devyani\.cargo\registry\src\index.crates.io-1949cf8c6b5b557f\arbitrary-1.3.2\src\size_hint.rs:12:1
      |
   12 | / pub fn recursion_guard(
   13 | |     depth: usize,
   14 | |     f: impl FnOnce(usize) -> (usize, Option<usize>),
   15 | | ) -> (usize, Option<usize>) {
      | |___________________________- similarly named function `recursion_guard` defined here
      |
      = note: this error originates in the derive macro `Arbitrary` (in Nightly builds, run with -Z macro-backtrace for more info)

error[E0576]: cannot find method or associated constant `try_size_hint` in trait `arbitrary::Arbitrary`
     --> C:\Users\Devyani\.cargo\registry\src\index.crates.io-1949cf8c6b5b557f\stellar-xdr-20.1.0\src\curr\generated.rs:19262:42
      |
19262 | #[cfg_attr(feature = "arbitrary", derive(Arbitrary))]
      |                                          ^^^^^^^^^
      |
     ::: C:\Users\Devyani\.cargo\registry\src\index.crates.io-1949cf8c6b5b557f\arbitrary-1.3.2\src\lib.rs:277:5
      |
  277 |     fn size_hint(depth: usize) -> (usize, Option<usize>) {
      |     ---------------------------------------------------- similarly named associated function `size_hint` defined here
      |
      = note: this error originates in the derive macro `Arbitrary` (in Nightly builds, run with -Z macro-backtrace for more info)

error[E0425]: cannot find type `MaxRecursionReached` in crate `arbitrary`
     --> C:\Users\Devyani\.cargo\registry\src\index.crates.io-1949cf8c6b5b557f\stellar-xdr-20.1.0\src\curr\generated.rs:19418:42
      |
19418 | #[cfg_attr(feature = "arbitrary", derive(Arbitrary))]
      |                                          ^^^^^^^^^ not found in `arbitrary`
      |
      = note: this error originates in the derive macro `Arbitrary` (in Nightly builds, run with -Z macro-backtrace for more info)

error[E0425]: cannot find function `try_recursion_guard` in module `arbitrary::size_hint`
     --> C:\Users\Devyani\.cargo\registry\src\index.crates.io-1949cf8c6b5b557f\stellar-xdr-20.1.0\src\curr\generated.rs:19418:42
      |
19418 |   #[cfg_attr(feature = "arbitrary", derive(Arbitrary))]
      |                                            ^^^^^^^^^
      |
     ::: C:\Users\Devyani\.cargo\registry\src\index.crates.io-1949cf8c6b5b557f\arbitrary-1.3.2\src\size_hint.rs:12:1
      |
   12 | / pub fn recursion_guard(
   13 | |     depth: usize,
   14 | |     f: impl FnOnce(usize) -> (usize, Option<usize>),
   15 | | ) -> (usize, Option<usize>) {
      | |___________________________- similarly named function `recursion_guard` defined here
      |
      = note: this error originates in the derive macro `Arbitrary` (in Nightly builds, run with -Z macro-backtrace for more info)

error[E0576]: cannot find method or associated constant `try_size_hint` in trait `arbitrary::Arbitrary`
     --> C:\Users\Devyani\.cargo\registry\src\index.crates.io-1949cf8c6b5b557f\stellar-xdr-20.1.0\src\curr\generated.rs:19418:42
      |
19418 | #[cfg_attr(feature = "arbitrary", derive(Arbitrary))]
      |                                          ^^^^^^^^^
      |
     ::: C:\Users\Devyani\.cargo\registry\src\index.crates.io-1949cf8c6b5b557f\arbitrary-1.3.2\src\lib.rs:277:5
      |
  277 |     fn size_hint(depth: usize) -> (usize, Option<usize>) {
      |     ---------------------------------------------------- similarly named associated function `size_hint` defined here
      |
      = note: this error originates in the derive macro `Arbitrary` (in Nightly builds, run with -Z macro-backtrace for more info)

error[E0425]: cannot find type `MaxRecursionReached` in crate `arbitrary`
     --> C:\Users\Devyani\.cargo\registry\src\index.crates.io-1949cf8c6b5b557f\stellar-xdr-20.1.0\src\curr\generated.rs:19574:42
      |
19574 | #[cfg_attr(feature = "arbitrary", derive(Arbitrary))]
      |                                          ^^^^^^^^^ not found in `arbitrary`
      |
      = note: this error originates in the derive macro `Arbitrary` (in Nightly builds, run with -Z macro-backtrace for more info)

error[E0425]: cannot find function `try_recursion_guard` in module `arbitrary::size_hint`
     --> C:\Users\Devyani\.cargo\registry\src\index.crates.io-1949cf8c6b5b557f\stellar-xdr-20.1.0\src\curr\generated.rs:19574:42
      |
19574 |   #[cfg_attr(feature = "arbitrary", derive(Arbitrary))]
      |                                            ^^^^^^^^^
      |
     ::: C:\Users\Devyani\.cargo\registry\src\index.crates.io-1949cf8c6b5b557f\arbitrary-1.3.2\src\size_hint.rs:12:1
      |
   12 | / pub fn recursion_guard(
   13 | |     depth: usize,
   14 | |     f: impl FnOnce(usize) -> (usize, Option<usize>),
   15 | | ) -> (usize, Option<usize>) {
      | |___________________________- similarly named function `recursion_guard` defined here
      |
      = note: this error originates in the derive macro `Arbitrary` (in Nightly builds, run with -Z macro-backtrace for more info)

error[E0576]: cannot find method or associated constant `try_size_hint` in trait `arbitrary::Arbitrary`
     --> C:\Users\Devyani\.cargo\registry\src\index.crates.io-1949cf8c6b5b557f\stellar-xdr-20.1.0\src\curr\generated.rs:19574:42
      |
19574 | #[cfg_attr(feature = "arbitrary", derive(Arbitrary))]
      |                                          ^^^^^^^^^
      |
     ::: C:\Users\Devyani\.cargo\registry\src\index.crates.io-1949cf8c6b5b557f\arbitrary-1.3.2\src\lib.rs:277:5
      |
  277 |     fn size_hint(depth: usize) -> (usize, Option<usize>) {
      |     ---------------------------------------------------- similarly named associated function `size_hint` defined here
      |
      = note: this error originates in the derive macro `Arbitrary` (in Nightly builds, run with -Z macro-backtrace for more info)

error[E0425]: cannot find type `MaxRecursionReached` in crate `arbitrary`
     --> C:\Users\Devyani\.cargo\registry\src\index.crates.io-1949cf8c6b5b557f\stellar-xdr-20.1.0\src\curr\generated.rs:19622:42
      |
19622 | #[cfg_attr(feature = "arbitrary", derive(Arbitrary))]
      |                                          ^^^^^^^^^ not found in `arbitrary`
      |
      = note: this error originates in the derive macro `Arbitrary` (in Nightly builds, run with -Z macro-backtrace for more info)

error[E0425]: cannot find function `try_recursion_guard` in module `arbitrary::size_hint`
     --> C:\Users\Devyani\.cargo\registry\src\index.crates.io-1949cf8c6b5b557f\stellar-xdr-20.1.0\src\curr\generated.rs:19622:42
      |
19622 |   #[cfg_attr(feature = "arbitrary", derive(Arbitrary))]
      |                                            ^^^^^^^^^
      |
     ::: C:\Users\Devyani\.cargo\registry\src\index.crates.io-1949cf8c6b5b557f\arbitrary-1.3.2\src\size_hint.rs:12:1
      |
   12 | / pub fn recursion_guard(
   13 | |     depth: usize,
   14 | |     f: impl FnOnce(usize) -> (usize, Option<usize>),
   15 | | ) -> (usize, Option<usize>) {
      | |___________________________- similarly named function `recursion_guard` defined here
      |
      = note: this error originates in the derive macro `Arbitrary` (in Nightly builds, run with -Z macro-backtrace for more info)

error[E0576]: cannot find method or associated constant `try_size_hint` in trait `arbitrary::Arbitrary`
     --> C:\Users\Devyani\.cargo\registry\src\index.crates.io-1949cf8c6b5b557f\stellar-xdr-20.1.0\src\curr\generated.rs:19622:42
      |
19622 | #[cfg_attr(feature = "arbitrary", derive(Arbitrary))]
      |                                          ^^^^^^^^^
      |
     ::: C:\Users\Devyani\.cargo\registry\src\index.crates.io-1949cf8c6b5b557f\arbitrary-1.3.2\src\lib.rs:277:5
      |
  277 |     fn size_hint(depth: usize) -> (usize, Option<usize>) {
      |     ---------------------------------------------------- similarly named associated function `size_hint` defined here
      |
      = note: this error originates in the derive macro `Arbitrary` (in Nightly builds, run with -Z macro-backtrace for more info)

error[E0425]: cannot find type `MaxRecursionReached` in crate `arbitrary`
     --> C:\Users\Devyani\.cargo\registry\src\index.crates.io-1949cf8c6b5b557f\stellar-xdr-20.1.0\src\curr\generated.rs:19667:42
      |
19667 | #[cfg_attr(feature = "arbitrary", derive(Arbitrary))]
      |                                          ^^^^^^^^^ not found in `arbitrary`
      |
      = note: this error originates in the derive macro `Arbitrary` (in Nightly builds, run with -Z macro-backtrace for more info)

error[E0425]: cannot find function `try_recursion_guard` in module `arbitrary::size_hint`
     --> C:\Users\Devyani\.cargo\registry\src\index.crates.io-1949cf8c6b5b557f\stellar-xdr-20.1.0\src\curr\generated.rs:19667:42
      |
19667 |   #[cfg_attr(feature = "arbitrary", derive(Arbitrary))]
      |                                            ^^^^^^^^^
      |
     ::: C:\Users\Devyani\.cargo\registry\src\index.crates.io-1949cf8c6b5b557f\arbitrary-1.3.2\src\size_hint.rs:12:1
      |
   12 | / pub fn recursion_guard(
   13 | |     depth: usize,
   14 | |     f: impl FnOnce(usize) -> (usize, Option<usize>),
   15 | | ) -> (usize, Option<usize>) {
      | |___________________________- similarly named function `recursion_guard` defined here
      |
      = note: this error originates in the derive macro `Arbitrary` (in Nightly builds, run with -Z macro-backtrace for more info)

error[E0576]: cannot find method or associated constant `try_size_hint` in trait `arbitrary::Arbitrary`
     --> C:\Users\Devyani\.cargo\registry\src\index.crates.io-1949cf8c6b5b557f\stellar-xdr-20.1.0\src\curr\generated.rs:19667:42
      |
19667 | #[cfg_attr(feature = "arbitrary", derive(Arbitrary))]
      |                                          ^^^^^^^^^
      |
     ::: C:\Users\Devyani\.cargo\registry\src\index.crates.io-1949cf8c6b5b557f\arbitrary-1.3.2\src\lib.rs:277:5
      |
  277 |     fn size_hint(depth: usize) -> (usize, Option<usize>) {
      |     ---------------------------------------------------- similarly named associated function `size_hint` defined here
      |
      = note: this error originates in the derive macro `Arbitrary` (in Nightly builds, run with -Z macro-backtrace for more info)

error[E0425]: cannot find type `MaxRecursionReached` in crate `arbitrary`
     --> C:\Users\Devyani\.cargo\registry\src\index.crates.io-1949cf8c6b5b557f\stellar-xdr-20.1.0\src\curr\generated.rs:19713:42
      |
19713 | #[cfg_attr(feature = "arbitrary", derive(Arbitrary))]
      |                                          ^^^^^^^^^ not found in `arbitrary`
      |
      = note: this error originates in the derive macro `Arbitrary` (in Nightly builds, run with -Z macro-backtrace for more info)

error[E0425]: cannot find function `try_recursion_guard` in module `arbitrary::size_hint`
     --> C:\Users\Devyani\.cargo\registry\src\index.crates.io-1949cf8c6b5b557f\stellar-xdr-20.1.0\src\curr\generated.rs:19713:42
      |
19713 |   #[cfg_attr(feature = "arbitrary", derive(Arbitrary))]
      |                                            ^^^^^^^^^
      |
     ::: C:\Users\Devyani\.cargo\registry\src\index.crates.io-1949cf8c6b5b557f\arbitrary-1.3.2\src\size_hint.rs:12:1
      |
   12 | / pub fn recursion_guard(
   13 | |     depth: usize,
   14 | |     f: impl FnOnce(usize) -> (usize, Option<usize>),
   15 | | ) -> (usize, Option<usize>) {
      | |___________________________- similarly named function `recursion_guard` defined here
      |
      = note: this error originates in the derive macro `Arbitrary` (in Nightly builds, run with -Z macro-backtrace for more info)

error[E0576]: cannot find method or associated constant `try_size_hint` in trait `arbitrary::Arbitrary`
     --> C:\Users\Devyani\.cargo\registry\src\index.crates.io-1949cf8c6b5b557f\stellar-xdr-20.1.0\src\curr\generated.rs:19713:42
      |
19713 | #[cfg_attr(feature = "arbitrary", derive(Arbitrary))]
      |                                          ^^^^^^^^^
      |
     ::: C:\Users\Devyani\.cargo\registry\src\index.crates.io-1949cf8c6b5b557f\arbitrary-1.3.2\src\lib.rs:277:5
      |
  277 |     fn size_hint(depth: usize) -> (usize, Option<usize>) {
      |     ---------------------------------------------------- similarly named associated function `size_hint` defined here
      |
      = note: this error originates in the derive macro `Arbitrary` (in Nightly builds, run with -Z macro-backtrace for more info)

error[E0425]: cannot find type `MaxRecursionReached` in crate `arbitrary`
     --> C:\Users\Devyani\.cargo\registry\src\index.crates.io-1949cf8c6b5b557f\stellar-xdr-20.1.0\src\curr\generated.rs:19937:42
      |
19937 | #[cfg_attr(feature = "arbitrary", derive(Arbitrary))]
      |                                          ^^^^^^^^^ not found in `arbitrary`
      |
      = note: this error originates in the derive macro `Arbitrary` (in Nightly builds, run with -Z macro-backtrace for more info)

error[E0425]: cannot find function `try_recursion_guard` in module `arbitrary::size_hint`
     --> C:\Users\Devyani\.cargo\registry\src\index.crates.io-1949cf8c6b5b557f\stellar-xdr-20.1.0\src\curr\generated.rs:19937:42
      |
19937 |   #[cfg_attr(feature = "arbitrary", derive(Arbitrary))]
      |                                            ^^^^^^^^^
      |
     ::: C:\Users\Devyani\.cargo\registry\src\index.crates.io-1949cf8c6b5b557f\arbitrary-1.3.2\src\size_hint.rs:12:1
      |
   12 | / pub fn recursion_guard(
   13 | |     depth: usize,
   14 | |     f: impl FnOnce(usize) -> (usize, Option<usize>),
   15 | | ) -> (usize, Option<usize>) {
      | |___________________________- similarly named function `recursion_guard` defined here
      |
      = note: this error originates in the derive macro `Arbitrary` (in Nightly builds, run with -Z macro-backtrace for more info)

error[E0576]: cannot find method or associated constant `try_size_hint` in trait `arbitrary::Arbitrary`
     --> C:\Users\Devyani\.cargo\registry\src\index.crates.io-1949cf8c6b5b557f\stellar-xdr-20.1.0\src\curr\generated.rs:19937:42
      |
19937 | #[cfg_attr(feature = "arbitrary", derive(Arbitrary))]
      |                                          ^^^^^^^^^
      |
     ::: C:\Users\Devyani\.cargo\registry\src\index.crates.io-1949cf8c6b5b557f\arbitrary-1.3.2\src\lib.rs:277:5
      |
  277 |     fn size_hint(depth: usize) -> (usize, Option<usize>) {
      |     ---------------------------------------------------- similarly named associated function `size_hint` defined here
      |
      = note: this error originates in the derive macro `Arbitrary` (in Nightly builds, run with -Z macro-backtrace for more info)

error[E0425]: cannot find type `MaxRecursionReached` in crate `arbitrary`
     --> C:\Users\Devyani\.cargo\registry\src\index.crates.io-1949cf8c6b5b557f\stellar-xdr-20.1.0\src\curr\generated.rs:20052:42
      |
20052 | #[cfg_attr(feature = "arbitrary", derive(Arbitrary))]
      |                                          ^^^^^^^^^ not found in `arbitrary`
      |
      = note: this error originates in the derive macro `Arbitrary` (in Nightly builds, run with -Z macro-backtrace for more info)

error[E0425]: cannot find function `try_recursion_guard` in module `arbitrary::size_hint`
     --> C:\Users\Devyani\.cargo\registry\src\index.crates.io-1949cf8c6b5b557f\stellar-xdr-20.1.0\src\curr\generated.rs:20052:42
      |
20052 |   #[cfg_attr(feature = "arbitrary", derive(Arbitrary))]
      |                                            ^^^^^^^^^
      |
     ::: C:\Users\Devyani\.cargo\registry\src\index.crates.io-1949cf8c6b5b557f\arbitrary-1.3.2\src\size_hint.rs:12:1
      |
   12 | / pub fn recursion_guard(
   13 | |     depth: usize,
   14 | |     f: impl FnOnce(usize) -> (usize, Option<usize>),
   15 | | ) -> (usize, Option<usize>) {
      | |___________________________- similarly named function `recursion_guard` defined here
      |
      = note: this error originates in the derive macro `Arbitrary` (in Nightly builds, run with -Z macro-backtrace for more info)

error[E0576]: cannot find method or associated constant `try_size_hint` in trait `arbitrary::Arbitrary`
     --> C:\Users\Devyani\.cargo\registry\src\index.crates.io-1949cf8c6b5b557f\stellar-xdr-20.1.0\src\curr\generated.rs:20052:42
      |
20052 | #[cfg_attr(feature = "arbitrary", derive(Arbitrary))]
      |                                          ^^^^^^^^^
      |
     ::: C:\Users\Devyani\.cargo\registry\src\index.crates.io-1949cf8c6b5b557f\arbitrary-1.3.2\src\lib.rs:277:5
      |
  277 |     fn size_hint(depth: usize) -> (usize, Option<usize>) {
      |     ---------------------------------------------------- similarly named associated function `size_hint` defined here
      |
      = note: this error originates in the derive macro `Arbitrary` (in Nightly builds, run with -Z macro-backtrace for more info)

error[E0425]: cannot find type `MaxRecursionReached` in crate `arbitrary`
     --> C:\Users\Devyani\.cargo\registry\src\index.crates.io-1949cf8c6b5b557f\stellar-xdr-20.1.0\src\curr\generated.rs:20160:42
      |
20160 | #[cfg_attr(feature = "arbitrary", derive(Arbitrary))]
      |                                          ^^^^^^^^^ not found in `arbitrary`
      |
      = note: this error originates in the derive macro `Arbitrary` (in Nightly builds, run with -Z macro-backtrace for more info)

error[E0425]: cannot find function `try_recursion_guard` in module `arbitrary::size_hint`
     --> C:\Users\Devyani\.cargo\registry\src\index.crates.io-1949cf8c6b5b557f\stellar-xdr-20.1.0\src\curr\generated.rs:20160:42
      |
20160 |   #[cfg_attr(feature = "arbitrary", derive(Arbitrary))]
      |                                            ^^^^^^^^^
      |
     ::: C:\Users\Devyani\.cargo\registry\src\index.crates.io-1949cf8c6b5b557f\arbitrary-1.3.2\src\size_hint.rs:12:1
      |
   12 | / pub fn recursion_guard(
   13 | |     depth: usize,
   14 | |     f: impl FnOnce(usize) -> (usize, Option<usize>),
   15 | | ) -> (usize, Option<usize>) {
      | |___________________________- similarly named function `recursion_guard` defined here
      |
      = note: this error originates in the derive macro `Arbitrary` (in Nightly builds, run with -Z macro-backtrace for more info)

error[E0576]: cannot find method or associated constant `try_size_hint` in trait `arbitrary::Arbitrary`
     --> C:\Users\Devyani\.cargo\registry\src\index.crates.io-1949cf8c6b5b557f\stellar-xdr-20.1.0\src\curr\generated.rs:20160:42
      |
20160 | #[cfg_attr(feature = "arbitrary", derive(Arbitrary))]
      |                                          ^^^^^^^^^
      |
     ::: C:\Users\Devyani\.cargo\registry\src\index.crates.io-1949cf8c6b5b557f\arbitrary-1.3.2\src\lib.rs:277:5
      |
  277 |     fn size_hint(depth: usize) -> (usize, Option<usize>) {
      |     ---------------------------------------------------- similarly named associated function `size_hint` defined here
      |
      = note: this error originates in the derive macro `Arbitrary` (in Nightly builds, run with -Z macro-backtrace for more info)

error[E0425]: cannot find type `MaxRecursionReached` in crate `arbitrary`
     --> C:\Users\Devyani\.cargo\registry\src\index.crates.io-1949cf8c6b5b557f\stellar-xdr-20.1.0\src\curr\generated.rs:20202:42
      |
20202 | #[cfg_attr(feature = "arbitrary", derive(Arbitrary))]
      |                                          ^^^^^^^^^ not found in `arbitrary`
      |
      = note: this error originates in the derive macro `Arbitrary` (in Nightly builds, run with -Z macro-backtrace for more info)

error[E0425]: cannot find function `try_recursion_guard` in module `arbitrary::size_hint`
     --> C:\Users\Devyani\.cargo\registry\src\index.crates.io-1949cf8c6b5b557f\stellar-xdr-20.1.0\src\curr\generated.rs:20202:42
      |
20202 |   #[cfg_attr(feature = "arbitrary", derive(Arbitrary))]
      |                                            ^^^^^^^^^
      |
     ::: C:\Users\Devyani\.cargo\registry\src\index.crates.io-1949cf8c6b5b557f\arbitrary-1.3.2\src\size_hint.rs:12:1
      |
   12 | / pub fn recursion_guard(
   13 | |     depth: usize,
   14 | |     f: impl FnOnce(usize) -> (usize, Option<usize>),
   15 | | ) -> (usize, Option<usize>) {
      | |___________________________- similarly named function `recursion_guard` defined here
      |
      = note: this error originates in the derive macro `Arbitrary` (in Nightly builds, run with -Z macro-backtrace for more info)

error[E0576]: cannot find method or associated constant `try_size_hint` in trait `arbitrary::Arbitrary`
     --> C:\Users\Devyani\.cargo\registry\src\index.crates.io-1949cf8c6b5b557f\stellar-xdr-20.1.0\src\curr\generated.rs:20202:42
      |
20202 | #[cfg_attr(feature = "arbitrary", derive(Arbitrary))]
      |                                          ^^^^^^^^^
      |
     ::: C:\Users\Devyani\.cargo\registry\src\index.crates.io-1949cf8c6b5b557f\arbitrary-1.3.2\src\lib.rs:277:5
      |
  277 |     fn size_hint(depth: usize) -> (usize, Option<usize>) {
      |     ---------------------------------------------------- similarly named associated function `size_hint` defined here
      |
      = note: this error originates in the derive macro `Arbitrary` (in Nightly builds, run with -Z macro-backtrace for more info)

error[E0425]: cannot find type `MaxRecursionReached` in crate `arbitrary`
     --> C:\Users\Devyani\.cargo\registry\src\index.crates.io-1949cf8c6b5b557f\stellar-xdr-20.1.0\src\curr\generated.rs:20250:42
      |
20250 | #[cfg_attr(feature = "arbitrary", derive(Arbitrary))]
      |                                          ^^^^^^^^^ not found in `arbitrary`
      |
      = note: this error originates in the derive macro `Arbitrary` (in Nightly builds, run with -Z macro-backtrace for more info)

error[E0425]: cannot find function `try_recursion_guard` in module `arbitrary::size_hint`
     --> C:\Users\Devyani\.cargo\registry\src\index.crates.io-1949cf8c6b5b557f\stellar-xdr-20.1.0\src\curr\generated.rs:20250:42
      |
20250 |   #[cfg_attr(feature = "arbitrary", derive(Arbitrary))]
      |                                            ^^^^^^^^^
      |
     ::: C:\Users\Devyani\.cargo\registry\src\index.crates.io-1949cf8c6b5b557f\arbitrary-1.3.2\src\size_hint.rs:12:1
      |
   12 | / pub fn recursion_guard(
   13 | |     depth: usize,
   14 | |     f: impl FnOnce(usize) -> (usize, Option<usize>),
   15 | | ) -> (usize, Option<usize>) {
      | |___________________________- similarly named function `recursion_guard` defined here
      |
      = note: this error originates in the derive macro `Arbitrary` (in Nightly builds, run with -Z macro-backtrace for more info)

error[E0576]: cannot find method or associated constant `try_size_hint` in trait `arbitrary::Arbitrary`
     --> C:\Users\Devyani\.cargo\registry\src\index.crates.io-1949cf8c6b5b557f\stellar-xdr-20.1.0\src\curr\generated.rs:20250:42
      |
20250 | #[cfg_attr(feature = "arbitrary", derive(Arbitrary))]
      |                                          ^^^^^^^^^
      |
     ::: C:\Users\Devyani\.cargo\registry\src\index.crates.io-1949cf8c6b5b557f\arbitrary-1.3.2\src\lib.rs:277:5
      |
  277 |     fn size_hint(depth: usize) -> (usize, Option<usize>) {
      |     ---------------------------------------------------- similarly named associated function `size_hint` defined here
      |
      = note: this error originates in the derive macro `Arbitrary` (in Nightly builds, run with -Z macro-backtrace for more info)

error[E0425]: cannot find type `MaxRecursionReached` in crate `arbitrary`
     --> C:\Users\Devyani\.cargo\registry\src\index.crates.io-1949cf8c6b5b557f\stellar-xdr-20.1.0\src\curr\generated.rs:20411:42
      |
20411 | #[cfg_attr(feature = "arbitrary", derive(Arbitrary))]
      |                                          ^^^^^^^^^ not found in `arbitrary`
      |
      = note: this error originates in the derive macro `Arbitrary` (in Nightly builds, run with -Z macro-backtrace for more info)

error[E0425]: cannot find function `try_recursion_guard` in module `arbitrary::size_hint`
     --> C:\Users\Devyani\.cargo\registry\src\index.crates.io-1949cf8c6b5b557f\stellar-xdr-20.1.0\src\curr\generated.rs:20411:42
      |
20411 |   #[cfg_attr(feature = "arbitrary", derive(Arbitrary))]
      |                                            ^^^^^^^^^
      |
     ::: C:\Users\Devyani\.cargo\registry\src\index.crates.io-1949cf8c6b5b557f\arbitrary-1.3.2\src\size_hint.rs:12:1
      |
   12 | / pub fn recursion_guard(
   13 | |     depth: usize,
   14 | |     f: impl FnOnce(usize) -> (usize, Option<usize>),
   15 | | ) -> (usize, Option<usize>) {
      | |___________________________- similarly named function `recursion_guard` defined here
      |
      = note: this error originates in the derive macro `Arbitrary` (in Nightly builds, run with -Z macro-backtrace for more info)

error[E0576]: cannot find method or associated constant `try_size_hint` in trait `arbitrary::Arbitrary`
     --> C:\Users\Devyani\.cargo\registry\src\index.crates.io-1949cf8c6b5b557f\stellar-xdr-20.1.0\src\curr\generated.rs:20411:42
      |
20411 | #[cfg_attr(feature = "arbitrary", derive(Arbitrary))]
      |                                          ^^^^^^^^^
      |
     ::: C:\Users\Devyani\.cargo\registry\src\index.crates.io-1949cf8c6b5b557f\arbitrary-1.3.2\src\lib.rs:277:5
      |
  277 |     fn size_hint(depth: usize) -> (usize, Option<usize>) {
      |     ---------------------------------------------------- similarly named associated function `size_hint` defined here
      |
      = note: this error originates in the derive macro `Arbitrary` (in Nightly builds, run with -Z macro-backtrace for more info)

error[E0425]: cannot find type `MaxRecursionReached` in crate `arbitrary`
     --> C:\Users\Devyani\.cargo\registry\src\index.crates.io-1949cf8c6b5b557f\stellar-xdr-20.1.0\src\curr\generated.rs:20461:42
      |
20461 | #[cfg_attr(feature = "arbitrary", derive(Arbitrary))]
      |                                          ^^^^^^^^^ not found in `arbitrary`
      |
      = note: this error originates in the derive macro `Arbitrary` (in Nightly builds, run with -Z macro-backtrace for more info)

error[E0425]: cannot find function `try_recursion_guard` in module `arbitrary::size_hint`
     --> C:\Users\Devyani\.cargo\registry\src\index.crates.io-1949cf8c6b5b557f\stellar-xdr-20.1.0\src\curr\generated.rs:20461:42
      |
20461 |   #[cfg_attr(feature = "arbitrary", derive(Arbitrary))]
      |                                            ^^^^^^^^^
      |
     ::: C:\Users\Devyani\.cargo\registry\src\index.crates.io-1949cf8c6b5b557f\arbitrary-1.3.2\src\size_hint.rs:12:1
      |
   12 | / pub fn recursion_guard(
   13 | |     depth: usize,
   14 | |     f: impl FnOnce(usize) -> (usize, Option<usize>),
   15 | | ) -> (usize, Option<usize>) {
      | |___________________________- similarly named function `recursion_guard` defined here
      |
      = note: this error originates in the derive macro `Arbitrary` (in Nightly builds, run with -Z macro-backtrace for more info)

error[E0576]: cannot find method or associated constant `try_size_hint` in trait `arbitrary::Arbitrary`
     --> C:\Users\Devyani\.cargo\registry\src\index.crates.io-1949cf8c6b5b557f\stellar-xdr-20.1.0\src\curr\generated.rs:20461:42
      |
20461 | #[cfg_attr(feature = "arbitrary", derive(Arbitrary))]
      |                                          ^^^^^^^^^
      |
     ::: C:\Users\Devyani\.cargo\registry\src\index.crates.io-1949cf8c6b5b557f\arbitrary-1.3.2\src\lib.rs:277:5
      |
  277 |     fn size_hint(depth: usize) -> (usize, Option<usize>) {
      |     ---------------------------------------------------- similarly named associated function `size_hint` defined here
      |
      = note: this error originates in the derive macro `Arbitrary` (in Nightly builds, run with -Z macro-backtrace for more info)

error[E0425]: cannot find type `MaxRecursionReached` in crate `arbitrary`
     --> C:\Users\Devyani\.cargo\registry\src\index.crates.io-1949cf8c6b5b557f\stellar-xdr-20.1.0\src\curr\generated.rs:20575:42
      |
20575 | #[cfg_attr(feature = "arbitrary", derive(Arbitrary))]
      |                                          ^^^^^^^^^ not found in `arbitrary`
      |
      = note: this error originates in the derive macro `Arbitrary` (in Nightly builds, run with -Z macro-backtrace for more info)

error[E0425]: cannot find function `try_recursion_guard` in module `arbitrary::size_hint`
     --> C:\Users\Devyani\.cargo\registry\src\index.crates.io-1949cf8c6b5b557f\stellar-xdr-20.1.0\src\curr\generated.rs:20575:42
      |
20575 |   #[cfg_attr(feature = "arbitrary", derive(Arbitrary))]
      |                                            ^^^^^^^^^
      |
     ::: C:\Users\Devyani\.cargo\registry\src\index.crates.io-1949cf8c6b5b557f\arbitrary-1.3.2\src\size_hint.rs:12:1
      |
   12 | / pub fn recursion_guard(
   13 | |     depth: usize,
   14 | |     f: impl FnOnce(usize) -> (usize, Option<usize>),
   15 | | ) -> (usize, Option<usize>) {
      | |___________________________- similarly named function `recursion_guard` defined here
      |
      = note: this error originates in the derive macro `Arbitrary` (in Nightly builds, run with -Z macro-backtrace for more info)

error[E0576]: cannot find method or associated constant `try_size_hint` in trait `arbitrary::Arbitrary`
     --> C:\Users\Devyani\.cargo\registry\src\index.crates.io-1949cf8c6b5b557f\stellar-xdr-20.1.0\src\curr\generated.rs:20575:42
      |
20575 | #[cfg_attr(feature = "arbitrary", derive(Arbitrary))]
      |                                          ^^^^^^^^^
      |
     ::: C:\Users\Devyani\.cargo\registry\src\index.crates.io-1949cf8c6b5b557f\arbitrary-1.3.2\src\lib.rs:277:5
      |
  277 |     fn size_hint(depth: usize) -> (usize, Option<usize>) {
      |     ---------------------------------------------------- similarly named associated function `size_hint` defined here
      |
      = note: this error originates in the derive macro `Arbitrary` (in Nightly builds, run with -Z macro-backtrace for more info)

error[E0425]: cannot find type `MaxRecursionReached` in crate `arbitrary`
     --> C:\Users\Devyani\.cargo\registry\src\index.crates.io-1949cf8c6b5b557f\stellar-xdr-20.1.0\src\curr\generated.rs:20626:42
      |
20626 | #[cfg_attr(feature = "arbitrary", derive(Arbitrary))]
      |                                          ^^^^^^^^^ not found in `arbitrary`
      |
      = note: this error originates in the derive macro `Arbitrary` (in Nightly builds, run with -Z macro-backtrace for more info)

error[E0425]: cannot find function `try_recursion_guard` in module `arbitrary::size_hint`
     --> C:\Users\Devyani\.cargo\registry\src\index.crates.io-1949cf8c6b5b557f\stellar-xdr-20.1.0\src\curr\generated.rs:20626:42
      |
20626 |   #[cfg_attr(feature = "arbitrary", derive(Arbitrary))]
      |                                            ^^^^^^^^^
      |
     ::: C:\Users\Devyani\.cargo\registry\src\index.crates.io-1949cf8c6b5b557f\arbitrary-1.3.2\src\size_hint.rs:12:1
      |
   12 | / pub fn recursion_guard(
   13 | |     depth: usize,
   14 | |     f: impl FnOnce(usize) -> (usize, Option<usize>),
   15 | | ) -> (usize, Option<usize>) {
      | |___________________________- similarly named function `recursion_guard` defined here
      |
      = note: this error originates in the derive macro `Arbitrary` (in Nightly builds, run with -Z macro-backtrace for more info)

error[E0576]: cannot find method or associated constant `try_size_hint` in trait `arbitrary::Arbitrary`
     --> C:\Users\Devyani\.cargo\registry\src\index.crates.io-1949cf8c6b5b557f\stellar-xdr-20.1.0\src\curr\generated.rs:20626:42
      |
20626 | #[cfg_attr(feature = "arbitrary", derive(Arbitrary))]
      |                                          ^^^^^^^^^
      |
     ::: C:\Users\Devyani\.cargo\registry\src\index.crates.io-1949cf8c6b5b557f\arbitrary-1.3.2\src\lib.rs:277:5
      |
  277 |     fn size_hint(depth: usize) -> (usize, Option<usize>) {
      |     ---------------------------------------------------- similarly named associated function `size_hint` defined here
      |
      = note: this error originates in the derive macro `Arbitrary` (in Nightly builds, run with -Z macro-backtrace for more info)

error[E0425]: cannot find type `MaxRecursionReached` in crate `arbitrary`
     --> C:\Users\Devyani\.cargo\registry\src\index.crates.io-1949cf8c6b5b557f\stellar-xdr-20.1.0\src\curr\generated.rs:20679:42
      |
20679 | #[cfg_attr(feature = "arbitrary", derive(Arbitrary))]
      |                                          ^^^^^^^^^ not found in `arbitrary`
      |
      = note: this error originates in the derive macro `Arbitrary` (in Nightly builds, run with -Z macro-backtrace for more info)

error[E0425]: cannot find function `try_recursion_guard` in module `arbitrary::size_hint`
     --> C:\Users\Devyani\.cargo\registry\src\index.crates.io-1949cf8c6b5b557f\stellar-xdr-20.1.0\src\curr\generated.rs:20679:42
      |
20679 |   #[cfg_attr(feature = "arbitrary", derive(Arbitrary))]
      |                                            ^^^^^^^^^
      |
     ::: C:\Users\Devyani\.cargo\registry\src\index.crates.io-1949cf8c6b5b557f\arbitrary-1.3.2\src\size_hint.rs:12:1
      |
   12 | / pub fn recursion_guard(
   13 | |     depth: usize,
   14 | |     f: impl FnOnce(usize) -> (usize, Option<usize>),
   15 | | ) -> (usize, Option<usize>) {
      | |___________________________- similarly named function `recursion_guard` defined here
      |
      = note: this error originates in the derive macro `Arbitrary` (in Nightly builds, run with -Z macro-backtrace for more info)

error[E0576]: cannot find method or associated constant `try_size_hint` in trait `arbitrary::Arbitrary`
     --> C:\Users\Devyani\.cargo\registry\src\index.crates.io-1949cf8c6b5b557f\stellar-xdr-20.1.0\src\curr\generated.rs:20679:42
      |
20679 | #[cfg_attr(feature = "arbitrary", derive(Arbitrary))]
      |                                          ^^^^^^^^^
      |
     ::: C:\Users\Devyani\.cargo\registry\src\index.crates.io-1949cf8c6b5b557f\arbitrary-1.3.2\src\lib.rs:277:5
      |
  277 |     fn size_hint(depth: usize) -> (usize, Option<usize>) {
      |     ---------------------------------------------------- similarly named associated function `size_hint` defined here
      |
      = note: this error originates in the derive macro `Arbitrary` (in Nightly builds, run with -Z macro-backtrace for more info)

error[E0425]: cannot find type `MaxRecursionReached` in crate `arbitrary`
     --> C:\Users\Devyani\.cargo\registry\src\index.crates.io-1949cf8c6b5b557f\stellar-xdr-20.1.0\src\curr\generated.rs:20737:42
      |
20737 | #[cfg_attr(feature = "arbitrary", derive(Arbitrary))]
      |                                          ^^^^^^^^^ not found in `arbitrary`
      |
      = note: this error originates in the derive macro `Arbitrary` (in Nightly builds, run with -Z macro-backtrace for more info)

error[E0425]: cannot find function `try_recursion_guard` in module `arbitrary::size_hint`
     --> C:\Users\Devyani\.cargo\registry\src\index.crates.io-1949cf8c6b5b557f\stellar-xdr-20.1.0\src\curr\generated.rs:20737:42
      |
20737 |   #[cfg_attr(feature = "arbitrary", derive(Arbitrary))]
      |                                            ^^^^^^^^^
      |
     ::: C:\Users\Devyani\.cargo\registry\src\index.crates.io-1949cf8c6b5b557f\arbitrary-1.3.2\src\size_hint.rs:12:1
      |
   12 | / pub fn recursion_guard(
   13 | |     depth: usize,
   14 | |     f: impl FnOnce(usize) -> (usize, Option<usize>),
   15 | | ) -> (usize, Option<usize>) {
      | |___________________________- similarly named function `recursion_guard` defined here
      |
      = note: this error originates in the derive macro `Arbitrary` (in Nightly builds, run with -Z macro-backtrace for more info)

error[E0576]: cannot find method or associated constant `try_size_hint` in trait `arbitrary::Arbitrary`
     --> C:\Users\Devyani\.cargo\registry\src\index.crates.io-1949cf8c6b5b557f\stellar-xdr-20.1.0\src\curr\generated.rs:20737:42
      |
20737 | #[cfg_attr(feature = "arbitrary", derive(Arbitrary))]
      |                                          ^^^^^^^^^
      |
     ::: C:\Users\Devyani\.cargo\registry\src\index.crates.io-1949cf8c6b5b557f\arbitrary-1.3.2\src\lib.rs:277:5
      |
  277 |     fn size_hint(depth: usize) -> (usize, Option<usize>) {
      |     ---------------------------------------------------- similarly named associated function `size_hint` defined here
      |
      = note: this error originates in the derive macro `Arbitrary` (in Nightly builds, run with -Z macro-backtrace for more info)

error[E0425]: cannot find type `MaxRecursionReached` in crate `arbitrary`
     --> C:\Users\Devyani\.cargo\registry\src\index.crates.io-1949cf8c6b5b557f\stellar-xdr-20.1.0\src\curr\generated.rs:20791:42
      |
20791 | #[cfg_attr(feature = "arbitrary", derive(Arbitrary))]
      |                                          ^^^^^^^^^ not found in `arbitrary`
      |
      = note: this error originates in the derive macro `Arbitrary` (in Nightly builds, run with -Z macro-backtrace for more info)

error[E0425]: cannot find function `try_recursion_guard` in module `arbitrary::size_hint`
     --> C:\Users\Devyani\.cargo\registry\src\index.crates.io-1949cf8c6b5b557f\stellar-xdr-20.1.0\src\curr\generated.rs:20791:42
      |
20791 |   #[cfg_attr(feature = "arbitrary", derive(Arbitrary))]
      |                                            ^^^^^^^^^
      |
     ::: C:\Users\Devyani\.cargo\registry\src\index.crates.io-1949cf8c6b5b557f\arbitrary-1.3.2\src\size_hint.rs:12:1
      |
   12 | / pub fn recursion_guard(
   13 | |     depth: usize,
   14 | |     f: impl FnOnce(usize) -> (usize, Option<usize>),
   15 | | ) -> (usize, Option<usize>) {
      | |___________________________- similarly named function `recursion_guard` defined here
      |
      = note: this error originates in the derive macro `Arbitrary` (in Nightly builds, run with -Z macro-backtrace for more info)

error[E0576]: cannot find method or associated constant `try_size_hint` in trait `arbitrary::Arbitrary`
     --> C:\Users\Devyani\.cargo\registry\src\index.crates.io-1949cf8c6b5b557f\stellar-xdr-20.1.0\src\curr\generated.rs:20791:42
      |
20791 | #[cfg_attr(feature = "arbitrary", derive(Arbitrary))]
      |                                          ^^^^^^^^^
      |
     ::: C:\Users\Devyani\.cargo\registry\src\index.crates.io-1949cf8c6b5b557f\arbitrary-1.3.2\src\lib.rs:277:5
      |
  277 |     fn size_hint(depth: usize) -> (usize, Option<usize>) {
      |     ---------------------------------------------------- similarly named associated function `size_hint` defined here
      |
      = note: this error originates in the derive macro `Arbitrary` (in Nightly builds, run with -Z macro-backtrace for more info)

error[E0425]: cannot find type `MaxRecursionReached` in crate `arbitrary`
     --> C:\Users\Devyani\.cargo\registry\src\index.crates.io-1949cf8c6b5b557f\stellar-xdr-20.1.0\src\curr\generated.rs:20843:42
      |
20843 | #[cfg_attr(feature = "arbitrary", derive(Arbitrary))]
      |                                          ^^^^^^^^^ not found in `arbitrary`
      |
      = note: this error originates in the derive macro `Arbitrary` (in Nightly builds, run with -Z macro-backtrace for more info)

error[E0425]: cannot find function `try_recursion_guard` in module `arbitrary::size_hint`
     --> C:\Users\Devyani\.cargo\registry\src\index.crates.io-1949cf8c6b5b557f\stellar-xdr-20.1.0\src\curr\generated.rs:20843:42
      |
20843 |   #[cfg_attr(feature = "arbitrary", derive(Arbitrary))]
      |                                            ^^^^^^^^^
      |
     ::: C:\Users\Devyani\.cargo\registry\src\index.crates.io-1949cf8c6b5b557f\arbitrary-1.3.2\src\size_hint.rs:12:1
      |
   12 | / pub fn recursion_guard(
   13 | |     depth: usize,
   14 | |     f: impl FnOnce(usize) -> (usize, Option<usize>),
   15 | | ) -> (usize, Option<usize>) {
      | |___________________________- similarly named function `recursion_guard` defined here
      |
      = note: this error originates in the derive macro `Arbitrary` (in Nightly builds, run with -Z macro-backtrace for more info)

error[E0576]: cannot find method or associated constant `try_size_hint` in trait `arbitrary::Arbitrary`
     --> C:\Users\Devyani\.cargo\registry\src\index.crates.io-1949cf8c6b5b557f\stellar-xdr-20.1.0\src\curr\generated.rs:20843:42
      |
20843 | #[cfg_attr(feature = "arbitrary", derive(Arbitrary))]
      |                                          ^^^^^^^^^
      |
     ::: C:\Users\Devyani\.cargo\registry\src\index.crates.io-1949cf8c6b5b557f\arbitrary-1.3.2\src\lib.rs:277:5
      |
  277 |     fn size_hint(depth: usize) -> (usize, Option<usize>) {
      |     ---------------------------------------------------- similarly named associated function `size_hint` defined here
      |
      = note: this error originates in the derive macro `Arbitrary` (in Nightly builds, run with -Z macro-backtrace for more info)

error[E0425]: cannot find type `MaxRecursionReached` in crate `arbitrary`
     --> C:\Users\Devyani\.cargo\registry\src\index.crates.io-1949cf8c6b5b557f\stellar-xdr-20.1.0\src\curr\generated.rs:20958:42
      |
20958 | #[cfg_attr(feature = "arbitrary", derive(Arbitrary))]
      |                                          ^^^^^^^^^ not found in `arbitrary`
      |
      = note: this error originates in the derive macro `Arbitrary` (in Nightly builds, run with -Z macro-backtrace for more info)

error[E0425]: cannot find function `try_recursion_guard` in module `arbitrary::size_hint`
     --> C:\Users\Devyani\.cargo\registry\src\index.crates.io-1949cf8c6b5b557f\stellar-xdr-20.1.0\src\curr\generated.rs:20958:42
      |
20958 |   #[cfg_attr(feature = "arbitrary", derive(Arbitrary))]
      |                                            ^^^^^^^^^
      |
     ::: C:\Users\Devyani\.cargo\registry\src\index.crates.io-1949cf8c6b5b557f\arbitrary-1.3.2\src\size_hint.rs:12:1
      |
   12 | / pub fn recursion_guard(
   13 | |     depth: usize,
   14 | |     f: impl FnOnce(usize) -> (usize, Option<usize>),
   15 | | ) -> (usize, Option<usize>) {
      | |___________________________- similarly named function `recursion_guard` defined here
      |
      = note: this error originates in the derive macro `Arbitrary` (in Nightly builds, run with -Z macro-backtrace for more info)

error[E0576]: cannot find method or associated constant `try_size_hint` in trait `arbitrary::Arbitrary`
     --> C:\Users\Devyani\.cargo\registry\src\index.crates.io-1949cf8c6b5b557f\stellar-xdr-20.1.0\src\curr\generated.rs:20958:42
      |
20958 | #[cfg_attr(feature = "arbitrary", derive(Arbitrary))]
      |                                          ^^^^^^^^^
      |
     ::: C:\Users\Devyani\.cargo\registry\src\index.crates.io-1949cf8c6b5b557f\arbitrary-1.3.2\src\lib.rs:277:5
      |
  277 |     fn size_hint(depth: usize) -> (usize, Option<usize>) {
      |     ---------------------------------------------------- similarly named associated function `size_hint` defined here
      |
      = note: this error originates in the derive macro `Arbitrary` (in Nightly builds, run with -Z macro-backtrace for more info)

error[E0425]: cannot find type `MaxRecursionReached` in crate `arbitrary`
     --> C:\Users\Devyani\.cargo\registry\src\index.crates.io-1949cf8c6b5b557f\stellar-xdr-20.1.0\src\curr\generated.rs:21006:42
      |
21006 | #[cfg_attr(feature = "arbitrary", derive(Arbitrary))]
      |                                          ^^^^^^^^^ not found in `arbitrary`
      |
      = note: this error originates in the derive macro `Arbitrary` (in Nightly builds, run with -Z macro-backtrace for more info)

error[E0425]: cannot find function `try_recursion_guard` in module `arbitrary::size_hint`
     --> C:\Users\Devyani\.cargo\registry\src\index.crates.io-1949cf8c6b5b557f\stellar-xdr-20.1.0\src\curr\generated.rs:21006:42
      |
21006 |   #[cfg_attr(feature = "arbitrary", derive(Arbitrary))]
      |                                            ^^^^^^^^^
      |
     ::: C:\Users\Devyani\.cargo\registry\src\index.crates.io-1949cf8c6b5b557f\arbitrary-1.3.2\src\size_hint.rs:12:1
      |
   12 | / pub fn recursion_guard(
   13 | |     depth: usize,
   14 | |     f: impl FnOnce(usize) -> (usize, Option<usize>),
   15 | | ) -> (usize, Option<usize>) {
      | |___________________________- similarly named function `recursion_guard` defined here
      |
      = note: this error originates in the derive macro `Arbitrary` (in Nightly builds, run with -Z macro-backtrace for more info)

error[E0576]: cannot find method or associated constant `try_size_hint` in trait `arbitrary::Arbitrary`
     --> C:\Users\Devyani\.cargo\registry\src\index.crates.io-1949cf8c6b5b557f\stellar-xdr-20.1.0\src\curr\generated.rs:21006:42
      |
21006 | #[cfg_attr(feature = "arbitrary", derive(Arbitrary))]
      |                                          ^^^^^^^^^
      |
     ::: C:\Users\Devyani\.cargo\registry\src\index.crates.io-1949cf8c6b5b557f\arbitrary-1.3.2\src\lib.rs:277:5
      |
  277 |     fn size_hint(depth: usize) -> (usize, Option<usize>) {
      |     ---------------------------------------------------- similarly named associated function `size_hint` defined here
      |
      = note: this error originates in the derive macro `Arbitrary` (in Nightly builds, run with -Z macro-backtrace for more info)

error[E0425]: cannot find type `MaxRecursionReached` in crate `arbitrary`
     --> C:\Users\Devyani\.cargo\registry\src\index.crates.io-1949cf8c6b5b557f\stellar-xdr-20.1.0\src\curr\generated.rs:21063:42
      |
21063 | #[cfg_attr(feature = "arbitrary", derive(Arbitrary))]
      |                                          ^^^^^^^^^ not found in `arbitrary`
      |
      = note: this error originates in the derive macro `Arbitrary` (in Nightly builds, run with -Z macro-backtrace for more info)

error[E0425]: cannot find function `try_recursion_guard` in module `arbitrary::size_hint`
     --> C:\Users\Devyani\.cargo\registry\src\index.crates.io-1949cf8c6b5b557f\stellar-xdr-20.1.0\src\curr\generated.rs:21063:42
      |
21063 |   #[cfg_attr(feature = "arbitrary", derive(Arbitrary))]
      |                                            ^^^^^^^^^
      |
     ::: C:\Users\Devyani\.cargo\registry\src\index.crates.io-1949cf8c6b5b557f\arbitrary-1.3.2\src\size_hint.rs:12:1
      |
   12 | / pub fn recursion_guard(
   13 | |     depth: usize,
   14 | |     f: impl FnOnce(usize) -> (usize, Option<usize>),
   15 | | ) -> (usize, Option<usize>) {
      | |___________________________- similarly named function `recursion_guard` defined here
      |
      = note: this error originates in the derive macro `Arbitrary` (in Nightly builds, run with -Z macro-backtrace for more info)

error[E0576]: cannot find method or associated constant `try_size_hint` in trait `arbitrary::Arbitrary`
     --> C:\Users\Devyani\.cargo\registry\src\index.crates.io-1949cf8c6b5b557f\stellar-xdr-20.1.0\src\curr\generated.rs:21063:42
      |
21063 | #[cfg_attr(feature = "arbitrary", derive(Arbitrary))]
      |                                          ^^^^^^^^^
      |
     ::: C:\Users\Devyani\.cargo\registry\src\index.crates.io-1949cf8c6b5b557f\arbitrary-1.3.2\src\lib.rs:277:5
      |
  277 |     fn size_hint(depth: usize) -> (usize, Option<usize>) {
      |     ---------------------------------------------------- similarly named associated function `size_hint` defined here
      |
      = note: this error originates in the derive macro `Arbitrary` (in Nightly builds, run with -Z macro-backtrace for more info)

error[E0425]: cannot find type `MaxRecursionReached` in crate `arbitrary`
     --> C:\Users\Devyani\.cargo\registry\src\index.crates.io-1949cf8c6b5b557f\stellar-xdr-20.1.0\src\curr\generated.rs:21144:42
      |
21144 | #[cfg_attr(feature = "arbitrary", derive(Arbitrary))]
      |                                          ^^^^^^^^^ not found in `arbitrary`
      |
      = note: this error originates in the derive macro `Arbitrary` (in Nightly builds, run with -Z macro-backtrace for more info)

error[E0425]: cannot find function `try_recursion_guard` in module `arbitrary::size_hint`
     --> C:\Users\Devyani\.cargo\registry\src\index.crates.io-1949cf8c6b5b557f\stellar-xdr-20.1.0\src\curr\generated.rs:21144:42
      |
21144 |   #[cfg_attr(feature = "arbitrary", derive(Arbitrary))]
      |                                            ^^^^^^^^^
      |
     ::: C:\Users\Devyani\.cargo\registry\src\index.crates.io-1949cf8c6b5b557f\arbitrary-1.3.2\src\size_hint.rs:12:1
      |
   12 | / pub fn recursion_guard(
   13 | |     depth: usize,
   14 | |     f: impl FnOnce(usize) -> (usize, Option<usize>),
   15 | | ) -> (usize, Option<usize>) {
      | |___________________________- similarly named function `recursion_guard` defined here
      |
      = note: this error originates in the derive macro `Arbitrary` (in Nightly builds, run with -Z macro-backtrace for more info)

error[E0576]: cannot find method or associated constant `try_size_hint` in trait `arbitrary::Arbitrary`
     --> C:\Users\Devyani\.cargo\registry\src\index.crates.io-1949cf8c6b5b557f\stellar-xdr-20.1.0\src\curr\generated.rs:21144:42
      |
21144 | #[cfg_attr(feature = "arbitrary", derive(Arbitrary))]
      |                                          ^^^^^^^^^
      |
     ::: C:\Users\Devyani\.cargo\registry\src\index.crates.io-1949cf8c6b5b557f\arbitrary-1.3.2\src\lib.rs:277:5
      |
  277 |     fn size_hint(depth: usize) -> (usize, Option<usize>) {
      |     ---------------------------------------------------- similarly named associated function `size_hint` defined here
      |
      = note: this error originates in the derive macro `Arbitrary` (in Nightly builds, run with -Z macro-backtrace for more info)

error[E0425]: cannot find type `MaxRecursionReached` in crate `arbitrary`
     --> C:\Users\Devyani\.cargo\registry\src\index.crates.io-1949cf8c6b5b557f\stellar-xdr-20.1.0\src\curr\generated.rs:21213:42
      |
21213 | #[cfg_attr(feature = "arbitrary", derive(Arbitrary))]
      |                                          ^^^^^^^^^ not found in `arbitrary`
      |
      = note: this error originates in the derive macro `Arbitrary` (in Nightly builds, run with -Z macro-backtrace for more info)

error[E0425]: cannot find function `try_recursion_guard` in module `arbitrary::size_hint`
     --> C:\Users\Devyani\.cargo\registry\src\index.crates.io-1949cf8c6b5b557f\stellar-xdr-20.1.0\src\curr\generated.rs:21213:42
      |
21213 |   #[cfg_attr(feature = "arbitrary", derive(Arbitrary))]
      |                                            ^^^^^^^^^
      |
     ::: C:\Users\Devyani\.cargo\registry\src\index.crates.io-1949cf8c6b5b557f\arbitrary-1.3.2\src\size_hint.rs:12:1
      |
   12 | / pub fn recursion_guard(
   13 | |     depth: usize,
   14 | |     f: impl FnOnce(usize) -> (usize, Option<usize>),
   15 | | ) -> (usize, Option<usize>) {
      | |___________________________- similarly named function `recursion_guard` defined here
      |
      = note: this error originates in the derive macro `Arbitrary` (in Nightly builds, run with -Z macro-backtrace for more info)

error[E0576]: cannot find method or associated constant `try_size_hint` in trait `arbitrary::Arbitrary`
     --> C:\Users\Devyani\.cargo\registry\src\index.crates.io-1949cf8c6b5b557f\stellar-xdr-20.1.0\src\curr\generated.rs:21213:42
      |
21213 | #[cfg_attr(feature = "arbitrary", derive(Arbitrary))]
      |                                          ^^^^^^^^^
      |
     ::: C:\Users\Devyani\.cargo\registry\src\index.crates.io-1949cf8c6b5b557f\arbitrary-1.3.2\src\lib.rs:277:5
      |
  277 |     fn size_hint(depth: usize) -> (usize, Option<usize>) {
      |     ---------------------------------------------------- similarly named associated function `size_hint` defined here
      |
      = note: this error originates in the derive macro `Arbitrary` (in Nightly builds, run with -Z macro-backtrace for more info)

error[E0425]: cannot find type `MaxRecursionReached` in crate `arbitrary`
     --> C:\Users\Devyani\.cargo\registry\src\index.crates.io-1949cf8c6b5b557f\stellar-xdr-20.1.0\src\curr\generated.rs:21440:42
      |
21440 | #[cfg_attr(feature = "arbitrary", derive(Arbitrary))]
      |                                          ^^^^^^^^^ not found in `arbitrary`
      |
      = note: this error originates in the derive macro `Arbitrary` (in Nightly builds, run with -Z macro-backtrace for more info)

error[E0425]: cannot find function `try_recursion_guard` in module `arbitrary::size_hint`
     --> C:\Users\Devyani\.cargo\registry\src\index.crates.io-1949cf8c6b5b557f\stellar-xdr-20.1.0\src\curr\generated.rs:21440:42
      |
21440 |   #[cfg_attr(feature = "arbitrary", derive(Arbitrary))]
      |                                            ^^^^^^^^^
      |
     ::: C:\Users\Devyani\.cargo\registry\src\index.crates.io-1949cf8c6b5b557f\arbitrary-1.3.2\src\size_hint.rs:12:1
      |
   12 | / pub fn recursion_guard(
   13 | |     depth: usize,
   14 | |     f: impl FnOnce(usize) -> (usize, Option<usize>),
   15 | | ) -> (usize, Option<usize>) {
      | |___________________________- similarly named function `recursion_guard` defined here
      |
      = note: this error originates in the derive macro `Arbitrary` (in Nightly builds, run with -Z macro-backtrace for more info)

error[E0576]: cannot find method or associated constant `try_size_hint` in trait `arbitrary::Arbitrary`
     --> C:\Users\Devyani\.cargo\registry\src\index.crates.io-1949cf8c6b5b557f\stellar-xdr-20.1.0\src\curr\generated.rs:21440:42
      |
21440 | #[cfg_attr(feature = "arbitrary", derive(Arbitrary))]
      |                                          ^^^^^^^^^
      |
     ::: C:\Users\Devyani\.cargo\registry\src\index.crates.io-1949cf8c6b5b557f\arbitrary-1.3.2\src\lib.rs:277:5
      |
  277 |     fn size_hint(depth: usize) -> (usize, Option<usize>) {
      |     ---------------------------------------------------- similarly named associated function `size_hint` defined here
      |
      = note: this error originates in the derive macro `Arbitrary` (in Nightly builds, run with -Z macro-backtrace for more info)

error[E0425]: cannot find type `MaxRecursionReached` in crate `arbitrary`
     --> C:\Users\Devyani\.cargo\registry\src\index.crates.io-1949cf8c6b5b557f\stellar-xdr-20.1.0\src\curr\generated.rs:21484:42
      |
21484 | #[cfg_attr(feature = "arbitrary", derive(Arbitrary))]
      |                                          ^^^^^^^^^ not found in `arbitrary`
      |
      = note: this error originates in the derive macro `Arbitrary` (in Nightly builds, run with -Z macro-backtrace for more info)

error[E0425]: cannot find function `try_recursion_guard` in module `arbitrary::size_hint`
     --> C:\Users\Devyani\.cargo\registry\src\index.crates.io-1949cf8c6b5b557f\stellar-xdr-20.1.0\src\curr\generated.rs:21484:42
      |
21484 |   #[cfg_attr(feature = "arbitrary", derive(Arbitrary))]
      |                                            ^^^^^^^^^
      |
     ::: C:\Users\Devyani\.cargo\registry\src\index.crates.io-1949cf8c6b5b557f\arbitrary-1.3.2\src\size_hint.rs:12:1
      |
   12 | / pub fn recursion_guard(
   13 | |     depth: usize,
   14 | |     f: impl FnOnce(usize) -> (usize, Option<usize>),
   15 | | ) -> (usize, Option<usize>) {
      | |___________________________- similarly named function `recursion_guard` defined here
      |
      = note: this error originates in the derive macro `Arbitrary` (in Nightly builds, run with -Z macro-backtrace for more info)

error[E0576]: cannot find method or associated constant `try_size_hint` in trait `arbitrary::Arbitrary`
     --> C:\Users\Devyani\.cargo\registry\src\index.crates.io-1949cf8c6b5b557f\stellar-xdr-20.1.0\src\curr\generated.rs:21484:42
      |
21484 | #[cfg_attr(feature = "arbitrary", derive(Arbitrary))]
      |                                          ^^^^^^^^^
      |
     ::: C:\Users\Devyani\.cargo\registry\src\index.crates.io-1949cf8c6b5b557f\arbitrary-1.3.2\src\lib.rs:277:5
      |
  277 |     fn size_hint(depth: usize) -> (usize, Option<usize>) {
      |     ---------------------------------------------------- similarly named associated function `size_hint` defined here
      |
      = note: this error originates in the derive macro `Arbitrary` (in Nightly builds, run with -Z macro-backtrace for more info)

error[E0425]: cannot find type `MaxRecursionReached` in crate `arbitrary`
     --> C:\Users\Devyani\.cargo\registry\src\index.crates.io-1949cf8c6b5b557f\stellar-xdr-20.1.0\src\curr\generated.rs:21526:42
      |
21526 | #[cfg_attr(feature = "arbitrary", derive(Arbitrary))]
      |                                          ^^^^^^^^^ not found in `arbitrary`
      |
      = note: this error originates in the derive macro `Arbitrary` (in Nightly builds, run with -Z macro-backtrace for more info)

error[E0425]: cannot find function `try_recursion_guard` in module `arbitrary::size_hint`
     --> C:\Users\Devyani\.cargo\registry\src\index.crates.io-1949cf8c6b5b557f\stellar-xdr-20.1.0\src\curr\generated.rs:21526:42
      |
21526 |   #[cfg_attr(feature = "arbitrary", derive(Arbitrary))]
      |                                            ^^^^^^^^^
      |
     ::: C:\Users\Devyani\.cargo\registry\src\index.crates.io-1949cf8c6b5b557f\arbitrary-1.3.2\src\size_hint.rs:12:1
      |
   12 | / pub fn recursion_guard(
   13 | |     depth: usize,
   14 | |     f: impl FnOnce(usize) -> (usize, Option<usize>),
   15 | | ) -> (usize, Option<usize>) {
      | |___________________________- similarly named function `recursion_guard` defined here
      |
      = note: this error originates in the derive macro `Arbitrary` (in Nightly builds, run with -Z macro-backtrace for more info)

error[E0576]: cannot find method or associated constant `try_size_hint` in trait `arbitrary::Arbitrary`
     --> C:\Users\Devyani\.cargo\registry\src\index.crates.io-1949cf8c6b5b557f\stellar-xdr-20.1.0\src\curr\generated.rs:21526:42
      |
21526 | #[cfg_attr(feature = "arbitrary", derive(Arbitrary))]
      |                                          ^^^^^^^^^
      |
     ::: C:\Users\Devyani\.cargo\registry\src\index.crates.io-1949cf8c6b5b557f\arbitrary-1.3.2\src\lib.rs:277:5
      |
  277 |     fn size_hint(depth: usize) -> (usize, Option<usize>) {
      |     ---------------------------------------------------- similarly named associated function `size_hint` defined here
      |
      = note: this error originates in the derive macro `Arbitrary` (in Nightly builds, run with -Z macro-backtrace for more info)

error[E0425]: cannot find type `MaxRecursionReached` in crate `arbitrary`
     --> C:\Users\Devyani\.cargo\registry\src\index.crates.io-1949cf8c6b5b557f\stellar-xdr-20.1.0\src\curr\generated.rs:21572:42
      |
21572 | #[cfg_attr(feature = "arbitrary", derive(Arbitrary))]
      |                                          ^^^^^^^^^ not found in `arbitrary`
      |
      = note: this error originates in the derive macro `Arbitrary` (in Nightly builds, run with -Z macro-backtrace for more info)

error[E0425]: cannot find function `try_recursion_guard` in module `arbitrary::size_hint`
     --> C:\Users\Devyani\.cargo\registry\src\index.crates.io-1949cf8c6b5b557f\stellar-xdr-20.1.0\src\curr\generated.rs:21572:42
      |
21572 |   #[cfg_attr(feature = "arbitrary", derive(Arbitrary))]
      |                                            ^^^^^^^^^
      |
     ::: C:\Users\Devyani\.cargo\registry\src\index.crates.io-1949cf8c6b5b557f\arbitrary-1.3.2\src\size_hint.rs:12:1
      |
   12 | / pub fn recursion_guard(
   13 | |     depth: usize,
   14 | |     f: impl FnOnce(usize) -> (usize, Option<usize>),
   15 | | ) -> (usize, Option<usize>) {
      | |___________________________- similarly named function `recursion_guard` defined here
      |
      = note: this error originates in the derive macro `Arbitrary` (in Nightly builds, run with -Z macro-backtrace for more info)

error[E0576]: cannot find method or associated constant `try_size_hint` in trait `arbitrary::Arbitrary`
     --> C:\Users\Devyani\.cargo\registry\src\index.crates.io-1949cf8c6b5b557f\stellar-xdr-20.1.0\src\curr\generated.rs:21572:42
      |
21572 | #[cfg_attr(feature = "arbitrary", derive(Arbitrary))]
      |                                          ^^^^^^^^^
      |
     ::: C:\Users\Devyani\.cargo\registry\src\index.crates.io-1949cf8c6b5b557f\arbitrary-1.3.2\src\lib.rs:277:5
      |
  277 |     fn size_hint(depth: usize) -> (usize, Option<usize>) {
      |     ---------------------------------------------------- similarly named associated function `size_hint` defined here
      |
      = note: this error originates in the derive macro `Arbitrary` (in Nightly builds, run with -Z macro-backtrace for more info)

error[E0425]: cannot find type `MaxRecursionReached` in crate `arbitrary`
     --> C:\Users\Devyani\.cargo\registry\src\index.crates.io-1949cf8c6b5b557f\stellar-xdr-20.1.0\src\curr\generated.rs:21627:42
      |
21627 | #[cfg_attr(feature = "arbitrary", derive(Arbitrary))]
      |                                          ^^^^^^^^^ not found in `arbitrary`
      |
      = note: this error originates in the derive macro `Arbitrary` (in Nightly builds, run with -Z macro-backtrace for more info)

error[E0425]: cannot find function `try_recursion_guard` in module `arbitrary::size_hint`
     --> C:\Users\Devyani\.cargo\registry\src\index.crates.io-1949cf8c6b5b557f\stellar-xdr-20.1.0\src\curr\generated.rs:21627:42
      |
21627 |   #[cfg_attr(feature = "arbitrary", derive(Arbitrary))]
      |                                            ^^^^^^^^^
      |
     ::: C:\Users\Devyani\.cargo\registry\src\index.crates.io-1949cf8c6b5b557f\arbitrary-1.3.2\src\size_hint.rs:12:1
      |
   12 | / pub fn recursion_guard(
   13 | |     depth: usize,
   14 | |     f: impl FnOnce(usize) -> (usize, Option<usize>),
   15 | | ) -> (usize, Option<usize>) {
      | |___________________________- similarly named function `recursion_guard` defined here
      |
      = note: this error originates in the derive macro `Arbitrary` (in Nightly builds, run with -Z macro-backtrace for more info)

error[E0576]: cannot find method or associated constant `try_size_hint` in trait `arbitrary::Arbitrary`
     --> C:\Users\Devyani\.cargo\registry\src\index.crates.io-1949cf8c6b5b557f\stellar-xdr-20.1.0\src\curr\generated.rs:21627:42
      |
21627 | #[cfg_attr(feature = "arbitrary", derive(Arbitrary))]
      |                                          ^^^^^^^^^
      |
     ::: C:\Users\Devyani\.cargo\registry\src\index.crates.io-1949cf8c6b5b557f\arbitrary-1.3.2\src\lib.rs:277:5
      |
  277 |     fn size_hint(depth: usize) -> (usize, Option<usize>) {
      |     ---------------------------------------------------- similarly named associated function `size_hint` defined here
      |
      = note: this error originates in the derive macro `Arbitrary` (in Nightly builds, run with -Z macro-backtrace for more info)

error[E0425]: cannot find type `MaxRecursionReached` in crate `arbitrary`
     --> C:\Users\Devyani\.cargo\registry\src\index.crates.io-1949cf8c6b5b557f\stellar-xdr-20.1.0\src\curr\generated.rs:21700:42
      |
21700 | #[cfg_attr(feature = "arbitrary", derive(Arbitrary))]
      |                                          ^^^^^^^^^ not found in `arbitrary`
      |
      = note: this error originates in the derive macro `Arbitrary` (in Nightly builds, run with -Z macro-backtrace for more info)

error[E0425]: cannot find function `try_recursion_guard` in module `arbitrary::size_hint`
     --> C:\Users\Devyani\.cargo\registry\src\index.crates.io-1949cf8c6b5b557f\stellar-xdr-20.1.0\src\curr\generated.rs:21700:42
      |
21700 |   #[cfg_attr(feature = "arbitrary", derive(Arbitrary))]
      |                                            ^^^^^^^^^
      |
     ::: C:\Users\Devyani\.cargo\registry\src\index.crates.io-1949cf8c6b5b557f\arbitrary-1.3.2\src\size_hint.rs:12:1
      |
   12 | / pub fn recursion_guard(
   13 | |     depth: usize,
   14 | |     f: impl FnOnce(usize) -> (usize, Option<usize>),
   15 | | ) -> (usize, Option<usize>) {
      | |___________________________- similarly named function `recursion_guard` defined here
      |
      = note: this error originates in the derive macro `Arbitrary` (in Nightly builds, run with -Z macro-backtrace for more info)

error[E0576]: cannot find method or associated constant `try_size_hint` in trait `arbitrary::Arbitrary`
     --> C:\Users\Devyani\.cargo\registry\src\index.crates.io-1949cf8c6b5b557f\stellar-xdr-20.1.0\src\curr\generated.rs:21700:42
      |
21700 | #[cfg_attr(feature = "arbitrary", derive(Arbitrary))]
      |                                          ^^^^^^^^^
      |
     ::: C:\Users\Devyani\.cargo\registry\src\index.crates.io-1949cf8c6b5b557f\arbitrary-1.3.2\src\lib.rs:277:5
      |
  277 |     fn size_hint(depth: usize) -> (usize, Option<usize>) {
      |     ---------------------------------------------------- similarly named associated function `size_hint` defined here
      |
      = note: this error originates in the derive macro `Arbitrary` (in Nightly builds, run with -Z macro-backtrace for more info)

error[E0425]: cannot find type `MaxRecursionReached` in crate `arbitrary`
     --> C:\Users\Devyani\.cargo\registry\src\index.crates.io-1949cf8c6b5b557f\stellar-xdr-20.1.0\src\curr\generated.rs:21850:42
      |
21850 | #[cfg_attr(feature = "arbitrary", derive(Arbitrary))]
      |                                          ^^^^^^^^^ not found in `arbitrary`
      |
      = note: this error originates in the derive macro `Arbitrary` (in Nightly builds, run with -Z macro-backtrace for more info)

error[E0425]: cannot find function `try_recursion_guard` in module `arbitrary::size_hint`
     --> C:\Users\Devyani\.cargo\registry\src\index.crates.io-1949cf8c6b5b557f\stellar-xdr-20.1.0\src\curr\generated.rs:21850:42
      |
21850 |   #[cfg_attr(feature = "arbitrary", derive(Arbitrary))]
      |                                            ^^^^^^^^^
      |
     ::: C:\Users\Devyani\.cargo\registry\src\index.crates.io-1949cf8c6b5b557f\arbitrary-1.3.2\src\size_hint.rs:12:1
      |
   12 | / pub fn recursion_guard(
   13 | |     depth: usize,
   14 | |     f: impl FnOnce(usize) -> (usize, Option<usize>),
   15 | | ) -> (usize, Option<usize>) {
      | |___________________________- similarly named function `recursion_guard` defined here
      |
      = note: this error originates in the derive macro `Arbitrary` (in Nightly builds, run with -Z macro-backtrace for more info)

error[E0576]: cannot find method or associated constant `try_size_hint` in trait `arbitrary::Arbitrary`
     --> C:\Users\Devyani\.cargo\registry\src\index.crates.io-1949cf8c6b5b557f\stellar-xdr-20.1.0\src\curr\generated.rs:21850:42
      |
21850 | #[cfg_attr(feature = "arbitrary", derive(Arbitrary))]
      |                                          ^^^^^^^^^
      |
     ::: C:\Users\Devyani\.cargo\registry\src\index.crates.io-1949cf8c6b5b557f\arbitrary-1.3.2\src\lib.rs:277:5
      |
  277 |     fn size_hint(depth: usize) -> (usize, Option<usize>) {
      |     ---------------------------------------------------- similarly named associated function `size_hint` defined here
      |
      = note: this error originates in the derive macro `Arbitrary` (in Nightly builds, run with -Z macro-backtrace for more info)

error[E0425]: cannot find type `MaxRecursionReached` in crate `arbitrary`
     --> C:\Users\Devyani\.cargo\registry\src\index.crates.io-1949cf8c6b5b557f\stellar-xdr-20.1.0\src\curr\generated.rs:21962:42
      |
21962 | #[cfg_attr(feature = "arbitrary", derive(Arbitrary))]
      |                                          ^^^^^^^^^ not found in `arbitrary`
      |
      = note: this error originates in the derive macro `Arbitrary` (in Nightly builds, run with -Z macro-backtrace for more info)

error[E0425]: cannot find function `try_recursion_guard` in module `arbitrary::size_hint`
     --> C:\Users\Devyani\.cargo\registry\src\index.crates.io-1949cf8c6b5b557f\stellar-xdr-20.1.0\src\curr\generated.rs:21962:42
      |
21962 |   #[cfg_attr(feature = "arbitrary", derive(Arbitrary))]
      |                                            ^^^^^^^^^
      |
     ::: C:\Users\Devyani\.cargo\registry\src\index.crates.io-1949cf8c6b5b557f\arbitrary-1.3.2\src\size_hint.rs:12:1
      |
   12 | / pub fn recursion_guard(
   13 | |     depth: usize,
   14 | |     f: impl FnOnce(usize) -> (usize, Option<usize>),
   15 | | ) -> (usize, Option<usize>) {
      | |___________________________- similarly named function `recursion_guard` defined here
      |
      = note: this error originates in the derive macro `Arbitrary` (in Nightly builds, run with -Z macro-backtrace for more info)

error[E0576]: cannot find method or associated constant `try_size_hint` in trait `arbitrary::Arbitrary`
     --> C:\Users\Devyani\.cargo\registry\src\index.crates.io-1949cf8c6b5b557f\stellar-xdr-20.1.0\src\curr\generated.rs:21962:42
      |
21962 | #[cfg_attr(feature = "arbitrary", derive(Arbitrary))]
      |                                          ^^^^^^^^^
      |
     ::: C:\Users\Devyani\.cargo\registry\src\index.crates.io-1949cf8c6b5b557f\arbitrary-1.3.2\src\lib.rs:277:5
      |
  277 |     fn size_hint(depth: usize) -> (usize, Option<usize>) {
      |     ---------------------------------------------------- similarly named associated function `size_hint` defined here
      |
      = note: this error originates in the derive macro `Arbitrary` (in Nightly builds, run with -Z macro-backtrace for more info)

error[E0425]: cannot find type `MaxRecursionReached` in crate `arbitrary`
     --> C:\Users\Devyani\.cargo\registry\src\index.crates.io-1949cf8c6b5b557f\stellar-xdr-20.1.0\src\curr\generated.rs:22239:42
      |
22239 | #[cfg_attr(feature = "arbitrary", derive(Arbitrary))]
      |                                          ^^^^^^^^^ not found in `arbitrary`
      |
      = note: this error originates in the derive macro `Arbitrary` (in Nightly builds, run with -Z macro-backtrace for more info)

error[E0425]: cannot find function `try_recursion_guard` in module `arbitrary::size_hint`
     --> C:\Users\Devyani\.cargo\registry\src\index.crates.io-1949cf8c6b5b557f\stellar-xdr-20.1.0\src\curr\generated.rs:22239:42
      |
22239 |   #[cfg_attr(feature = "arbitrary", derive(Arbitrary))]
      |                                            ^^^^^^^^^
      |
     ::: C:\Users\Devyani\.cargo\registry\src\index.crates.io-1949cf8c6b5b557f\arbitrary-1.3.2\src\size_hint.rs:12:1
      |
   12 | / pub fn recursion_guard(
   13 | |     depth: usize,
   14 | |     f: impl FnOnce(usize) -> (usize, Option<usize>),
   15 | | ) -> (usize, Option<usize>) {
      | |___________________________- similarly named function `recursion_guard` defined here
      |
      = note: this error originates in the derive macro `Arbitrary` (in Nightly builds, run with -Z macro-backtrace for more info)

error[E0576]: cannot find method or associated constant `try_size_hint` in trait `arbitrary::Arbitrary`
     --> C:\Users\Devyani\.cargo\registry\src\index.crates.io-1949cf8c6b5b557f\stellar-xdr-20.1.0\src\curr\generated.rs:22239:42
      |
22239 | #[cfg_attr(feature = "arbitrary", derive(Arbitrary))]
      |                                          ^^^^^^^^^
      |
     ::: C:\Users\Devyani\.cargo\registry\src\index.crates.io-1949cf8c6b5b557f\arbitrary-1.3.2\src\lib.rs:277:5
      |
  277 |     fn size_hint(depth: usize) -> (usize, Option<usize>) {
      |     ---------------------------------------------------- similarly named associated function `size_hint` defined here
      |
      = note: this error originates in the derive macro `Arbitrary` (in Nightly builds, run with -Z macro-backtrace for more info)

error[E0425]: cannot find type `MaxRecursionReached` in crate `arbitrary`
     --> C:\Users\Devyani\.cargo\registry\src\index.crates.io-1949cf8c6b5b557f\stellar-xdr-20.1.0\src\curr\generated.rs:22494:42
      |
22494 | #[cfg_attr(feature = "arbitrary", derive(Arbitrary))]
      |                                          ^^^^^^^^^ not found in `arbitrary`
      |
      = note: this error originates in the derive macro `Arbitrary` (in Nightly builds, run with -Z macro-backtrace for more info)

error[E0425]: cannot find function `try_recursion_guard` in module `arbitrary::size_hint`
     --> C:\Users\Devyani\.cargo\registry\src\index.crates.io-1949cf8c6b5b557f\stellar-xdr-20.1.0\src\curr\generated.rs:22494:42
      |
22494 |   #[cfg_attr(feature = "arbitrary", derive(Arbitrary))]
      |                                            ^^^^^^^^^
      |
     ::: C:\Users\Devyani\.cargo\registry\src\index.crates.io-1949cf8c6b5b557f\arbitrary-1.3.2\src\size_hint.rs:12:1
      |
   12 | / pub fn recursion_guard(
   13 | |     depth: usize,
   14 | |     f: impl FnOnce(usize) -> (usize, Option<usize>),
   15 | | ) -> (usize, Option<usize>) {
      | |___________________________- similarly named function `recursion_guard` defined here
      |
      = note: this error originates in the derive macro `Arbitrary` (in Nightly builds, run with -Z macro-backtrace for more info)

error[E0576]: cannot find method or associated constant `try_size_hint` in trait `arbitrary::Arbitrary`
     --> C:\Users\Devyani\.cargo\registry\src\index.crates.io-1949cf8c6b5b557f\stellar-xdr-20.1.0\src\curr\generated.rs:22494:42
      |
22494 | #[cfg_attr(feature = "arbitrary", derive(Arbitrary))]
      |                                          ^^^^^^^^^
      |
     ::: C:\Users\Devyani\.cargo\registry\src\index.crates.io-1949cf8c6b5b557f\arbitrary-1.3.2\src\lib.rs:277:5
      |
  277 |     fn size_hint(depth: usize) -> (usize, Option<usize>) {
      |     ---------------------------------------------------- similarly named associated function `size_hint` defined here
      |
      = note: this error originates in the derive macro `Arbitrary` (in Nightly builds, run with -Z macro-backtrace for more info)

error[E0425]: cannot find type `MaxRecursionReached` in crate `arbitrary`
     --> C:\Users\Devyani\.cargo\registry\src\index.crates.io-1949cf8c6b5b557f\stellar-xdr-20.1.0\src\curr\generated.rs:22548:42
      |
22548 | #[cfg_attr(feature = "arbitrary", derive(Arbitrary))]
      |                                          ^^^^^^^^^ not found in `arbitrary`
      |
      = note: this error originates in the derive macro `Arbitrary` (in Nightly builds, run with -Z macro-backtrace for more info)

error[E0425]: cannot find function `try_recursion_guard` in module `arbitrary::size_hint`
     --> C:\Users\Devyani\.cargo\registry\src\index.crates.io-1949cf8c6b5b557f\stellar-xdr-20.1.0\src\curr\generated.rs:22548:42
      |
22548 |   #[cfg_attr(feature = "arbitrary", derive(Arbitrary))]
      |                                            ^^^^^^^^^
      |
     ::: C:\Users\Devyani\.cargo\registry\src\index.crates.io-1949cf8c6b5b557f\arbitrary-1.3.2\src\size_hint.rs:12:1
      |
   12 | / pub fn recursion_guard(
   13 | |     depth: usize,
   14 | |     f: impl FnOnce(usize) -> (usize, Option<usize>),
   15 | | ) -> (usize, Option<usize>) {
      | |___________________________- similarly named function `recursion_guard` defined here
      |
      = note: this error originates in the derive macro `Arbitrary` (in Nightly builds, run with -Z macro-backtrace for more info)

error[E0576]: cannot find method or associated constant `try_size_hint` in trait `arbitrary::Arbitrary`
     --> C:\Users\Devyani\.cargo\registry\src\index.crates.io-1949cf8c6b5b557f\stellar-xdr-20.1.0\src\curr\generated.rs:22548:42
      |
22548 | #[cfg_attr(feature = "arbitrary", derive(Arbitrary))]
      |                                          ^^^^^^^^^
      |
     ::: C:\Users\Devyani\.cargo\registry\src\index.crates.io-1949cf8c6b5b557f\arbitrary-1.3.2\src\lib.rs:277:5
      |
  277 |     fn size_hint(depth: usize) -> (usize, Option<usize>) {
      |     ---------------------------------------------------- similarly named associated function `size_hint` defined here
      |
      = note: this error originates in the derive macro `Arbitrary` (in Nightly builds, run with -Z macro-backtrace for more info)

error[E0425]: cannot find type `MaxRecursionReached` in crate `arbitrary`
     --> C:\Users\Devyani\.cargo\registry\src\index.crates.io-1949cf8c6b5b557f\stellar-xdr-20.1.0\src\curr\generated.rs:22589:42
      |
22589 | #[cfg_attr(feature = "arbitrary", derive(Arbitrary))]
      |                                          ^^^^^^^^^ not found in `arbitrary`
      |
      = note: this error originates in the derive macro `Arbitrary` (in Nightly builds, run with -Z macro-backtrace for more info)

error[E0425]: cannot find function `try_recursion_guard` in module `arbitrary::size_hint`
     --> C:\Users\Devyani\.cargo\registry\src\index.crates.io-1949cf8c6b5b557f\stellar-xdr-20.1.0\src\curr\generated.rs:22589:42
      |
22589 |   #[cfg_attr(feature = "arbitrary", derive(Arbitrary))]
      |                                            ^^^^^^^^^
      |
     ::: C:\Users\Devyani\.cargo\registry\src\index.crates.io-1949cf8c6b5b557f\arbitrary-1.3.2\src\size_hint.rs:12:1
      |
   12 | / pub fn recursion_guard(
   13 | |     depth: usize,
   14 | |     f: impl FnOnce(usize) -> (usize, Option<usize>),
   15 | | ) -> (usize, Option<usize>) {
      | |___________________________- similarly named function `recursion_guard` defined here
      |
      = note: this error originates in the derive macro `Arbitrary` (in Nightly builds, run with -Z macro-backtrace for more info)

error[E0576]: cannot find method or associated constant `try_size_hint` in trait `arbitrary::Arbitrary`
     --> C:\Users\Devyani\.cargo\registry\src\index.crates.io-1949cf8c6b5b557f\stellar-xdr-20.1.0\src\curr\generated.rs:22589:42
      |
22589 | #[cfg_attr(feature = "arbitrary", derive(Arbitrary))]
      |                                          ^^^^^^^^^
      |
     ::: C:\Users\Devyani\.cargo\registry\src\index.crates.io-1949cf8c6b5b557f\arbitrary-1.3.2\src\lib.rs:277:5
      |
  277 |     fn size_hint(depth: usize) -> (usize, Option<usize>) {
      |     ---------------------------------------------------- similarly named associated function `size_hint` defined here
      |
      = note: this error originates in the derive macro `Arbitrary` (in Nightly builds, run with -Z macro-backtrace for more info)

error[E0425]: cannot find type `MaxRecursionReached` in crate `arbitrary`
     --> C:\Users\Devyani\.cargo\registry\src\index.crates.io-1949cf8c6b5b557f\stellar-xdr-20.1.0\src\curr\generated.rs:22701:42
      |
22701 | #[cfg_attr(feature = "arbitrary", derive(Arbitrary))]
      |                                          ^^^^^^^^^ not found in `arbitrary`
      |
      = note: this error originates in the derive macro `Arbitrary` (in Nightly builds, run with -Z macro-backtrace for more info)

error[E0425]: cannot find function `try_recursion_guard` in module `arbitrary::size_hint`
     --> C:\Users\Devyani\.cargo\registry\src\index.crates.io-1949cf8c6b5b557f\stellar-xdr-20.1.0\src\curr\generated.rs:22701:42
      |
22701 |   #[cfg_attr(feature = "arbitrary", derive(Arbitrary))]
      |                                            ^^^^^^^^^
      |
     ::: C:\Users\Devyani\.cargo\registry\src\index.crates.io-1949cf8c6b5b557f\arbitrary-1.3.2\src\size_hint.rs:12:1
      |
   12 | / pub fn recursion_guard(
   13 | |     depth: usize,
   14 | |     f: impl FnOnce(usize) -> (usize, Option<usize>),
   15 | | ) -> (usize, Option<usize>) {
      | |___________________________- similarly named function `recursion_guard` defined here
      |
      = note: this error originates in the derive macro `Arbitrary` (in Nightly builds, run with -Z macro-backtrace for more info)

error[E0576]: cannot find method or associated constant `try_size_hint` in trait `arbitrary::Arbitrary`
     --> C:\Users\Devyani\.cargo\registry\src\index.crates.io-1949cf8c6b5b557f\stellar-xdr-20.1.0\src\curr\generated.rs:22701:42
      |
22701 | #[cfg_attr(feature = "arbitrary", derive(Arbitrary))]
      |                                          ^^^^^^^^^
      |
     ::: C:\Users\Devyani\.cargo\registry\src\index.crates.io-1949cf8c6b5b557f\arbitrary-1.3.2\src\lib.rs:277:5
      |
  277 |     fn size_hint(depth: usize) -> (usize, Option<usize>) {
      |     ---------------------------------------------------- similarly named associated function `size_hint` defined here
      |
      = note: this error originates in the derive macro `Arbitrary` (in Nightly builds, run with -Z macro-backtrace for more info)

error[E0425]: cannot find type `MaxRecursionReached` in crate `arbitrary`
     --> C:\Users\Devyani\.cargo\registry\src\index.crates.io-1949cf8c6b5b557f\stellar-xdr-20.1.0\src\curr\generated.rs:22755:42
      |
22755 | #[cfg_attr(feature = "arbitrary", derive(Arbitrary))]
      |                                          ^^^^^^^^^ not found in `arbitrary`
      |
      = note: this error originates in the derive macro `Arbitrary` (in Nightly builds, run with -Z macro-backtrace for more info)

error[E0425]: cannot find function `try_recursion_guard` in module `arbitrary::size_hint`
     --> C:\Users\Devyani\.cargo\registry\src\index.crates.io-1949cf8c6b5b557f\stellar-xdr-20.1.0\src\curr\generated.rs:22755:42
      |
22755 |   #[cfg_attr(feature = "arbitrary", derive(Arbitrary))]
      |                                            ^^^^^^^^^
      |
     ::: C:\Users\Devyani\.cargo\registry\src\index.crates.io-1949cf8c6b5b557f\arbitrary-1.3.2\src\size_hint.rs:12:1
      |
   12 | / pub fn recursion_guard(
   13 | |     depth: usize,
   14 | |     f: impl FnOnce(usize) -> (usize, Option<usize>),
   15 | | ) -> (usize, Option<usize>) {
      | |___________________________- similarly named function `recursion_guard` defined here
      |
      = note: this error originates in the derive macro `Arbitrary` (in Nightly builds, run with -Z macro-backtrace for more info)

error[E0576]: cannot find method or associated constant `try_size_hint` in trait `arbitrary::Arbitrary`
     --> C:\Users\Devyani\.cargo\registry\src\index.crates.io-1949cf8c6b5b557f\stellar-xdr-20.1.0\src\curr\generated.rs:22755:42
      |
22755 | #[cfg_attr(feature = "arbitrary", derive(Arbitrary))]
      |                                          ^^^^^^^^^
      |
     ::: C:\Users\Devyani\.cargo\registry\src\index.crates.io-1949cf8c6b5b557f\arbitrary-1.3.2\src\lib.rs:277:5
      |
  277 |     fn size_hint(depth: usize) -> (usize, Option<usize>) {
      |     ---------------------------------------------------- similarly named associated function `size_hint` defined here
      |
      = note: this error originates in the derive macro `Arbitrary` (in Nightly builds, run with -Z macro-backtrace for more info)

error[E0425]: cannot find type `MaxRecursionReached` in crate `arbitrary`
     --> C:\Users\Devyani\.cargo\registry\src\index.crates.io-1949cf8c6b5b557f\stellar-xdr-20.1.0\src\curr\generated.rs:22815:42
      |
22815 | #[cfg_attr(feature = "arbitrary", derive(Arbitrary))]
      |                                          ^^^^^^^^^ not found in `arbitrary`
      |
      = note: this error originates in the derive macro `Arbitrary` (in Nightly builds, run with -Z macro-backtrace for more info)

error[E0425]: cannot find function `try_recursion_guard` in module `arbitrary::size_hint`
     --> C:\Users\Devyani\.cargo\registry\src\index.crates.io-1949cf8c6b5b557f\stellar-xdr-20.1.0\src\curr\generated.rs:22815:42
      |
22815 |   #[cfg_attr(feature = "arbitrary", derive(Arbitrary))]
      |                                            ^^^^^^^^^
      |
     ::: C:\Users\Devyani\.cargo\registry\src\index.crates.io-1949cf8c6b5b557f\arbitrary-1.3.2\src\size_hint.rs:12:1
      |
   12 | / pub fn recursion_guard(
   13 | |     depth: usize,
   14 | |     f: impl FnOnce(usize) -> (usize, Option<usize>),
   15 | | ) -> (usize, Option<usize>) {
      | |___________________________- similarly named function `recursion_guard` defined here
      |
      = note: this error originates in the derive macro `Arbitrary` (in Nightly builds, run with -Z macro-backtrace for more info)

error[E0576]: cannot find method or associated constant `try_size_hint` in trait `arbitrary::Arbitrary`
     --> C:\Users\Devyani\.cargo\registry\src\index.crates.io-1949cf8c6b5b557f\stellar-xdr-20.1.0\src\curr\generated.rs:22815:42
      |
22815 | #[cfg_attr(feature = "arbitrary", derive(Arbitrary))]
      |                                          ^^^^^^^^^
      |
     ::: C:\Users\Devyani\.cargo\registry\src\index.crates.io-1949cf8c6b5b557f\arbitrary-1.3.2\src\lib.rs:277:5
      |
  277 |     fn size_hint(depth: usize) -> (usize, Option<usize>) {
      |     ---------------------------------------------------- similarly named associated function `size_hint` defined here
      |
      = note: this error originates in the derive macro `Arbitrary` (in Nightly builds, run with -Z macro-backtrace for more info)

error[E0425]: cannot find type `MaxRecursionReached` in crate `arbitrary`
     --> C:\Users\Devyani\.cargo\registry\src\index.crates.io-1949cf8c6b5b557f\stellar-xdr-20.1.0\src\curr\generated.rs:22895:42
      |
22895 | #[cfg_attr(feature = "arbitrary", derive(Arbitrary))]
      |                                          ^^^^^^^^^ not found in `arbitrary`
      |
      = note: this error originates in the derive macro `Arbitrary` (in Nightly builds, run with -Z macro-backtrace for more info)

error[E0425]: cannot find function `try_recursion_guard` in module `arbitrary::size_hint`
     --> C:\Users\Devyani\.cargo\registry\src\index.crates.io-1949cf8c6b5b557f\stellar-xdr-20.1.0\src\curr\generated.rs:22895:42
      |
22895 |   #[cfg_attr(feature = "arbitrary", derive(Arbitrary))]
      |                                            ^^^^^^^^^
      |
     ::: C:\Users\Devyani\.cargo\registry\src\index.crates.io-1949cf8c6b5b557f\arbitrary-1.3.2\src\size_hint.rs:12:1
      |
   12 | / pub fn recursion_guard(
   13 | |     depth: usize,
   14 | |     f: impl FnOnce(usize) -> (usize, Option<usize>),
   15 | | ) -> (usize, Option<usize>) {
      | |___________________________- similarly named function `recursion_guard` defined here
      |
      = note: this error originates in the derive macro `Arbitrary` (in Nightly builds, run with -Z macro-backtrace for more info)

error[E0576]: cannot find method or associated constant `try_size_hint` in trait `arbitrary::Arbitrary`
     --> C:\Users\Devyani\.cargo\registry\src\index.crates.io-1949cf8c6b5b557f\stellar-xdr-20.1.0\src\curr\generated.rs:22895:42
      |
22895 | #[cfg_attr(feature = "arbitrary", derive(Arbitrary))]
      |                                          ^^^^^^^^^
      |
     ::: C:\Users\Devyani\.cargo\registry\src\index.crates.io-1949cf8c6b5b557f\arbitrary-1.3.2\src\lib.rs:277:5
      |
  277 |     fn size_hint(depth: usize) -> (usize, Option<usize>) {
      |     ---------------------------------------------------- similarly named associated function `size_hint` defined here
      |
      = note: this error originates in the derive macro `Arbitrary` (in Nightly builds, run with -Z macro-backtrace for more info)

error[E0425]: cannot find type `MaxRecursionReached` in crate `arbitrary`
     --> C:\Users\Devyani\.cargo\registry\src\index.crates.io-1949cf8c6b5b557f\stellar-xdr-20.1.0\src\curr\generated.rs:23007:42
      |
23007 | #[cfg_attr(feature = "arbitrary", derive(Arbitrary))]
      |                                          ^^^^^^^^^ not found in `arbitrary`
      |
      = note: this error originates in the derive macro `Arbitrary` (in Nightly builds, run with -Z macro-backtrace for more info)

error[E0425]: cannot find function `try_recursion_guard` in module `arbitrary::size_hint`
     --> C:\Users\Devyani\.cargo\registry\src\index.crates.io-1949cf8c6b5b557f\stellar-xdr-20.1.0\src\curr\generated.rs:23007:42
      |
23007 |   #[cfg_attr(feature = "arbitrary", derive(Arbitrary))]
      |                                            ^^^^^^^^^
      |
     ::: C:\Users\Devyani\.cargo\registry\src\index.crates.io-1949cf8c6b5b557f\arbitrary-1.3.2\src\size_hint.rs:12:1
      |
   12 | / pub fn recursion_guard(
   13 | |     depth: usize,
   14 | |     f: impl FnOnce(usize) -> (usize, Option<usize>),
   15 | | ) -> (usize, Option<usize>) {
      | |___________________________- similarly named function `recursion_guard` defined here
      |
      = note: this error originates in the derive macro `Arbitrary` (in Nightly builds, run with -Z macro-backtrace for more info)

error[E0576]: cannot find method or associated constant `try_size_hint` in trait `arbitrary::Arbitrary`
     --> C:\Users\Devyani\.cargo\registry\src\index.crates.io-1949cf8c6b5b557f\stellar-xdr-20.1.0\src\curr\generated.rs:23007:42
      |
23007 | #[cfg_attr(feature = "arbitrary", derive(Arbitrary))]
      |                                          ^^^^^^^^^
      |
     ::: C:\Users\Devyani\.cargo\registry\src\index.crates.io-1949cf8c6b5b557f\arbitrary-1.3.2\src\lib.rs:277:5
      |
  277 |     fn size_hint(depth: usize) -> (usize, Option<usize>) {
      |     ---------------------------------------------------- similarly named associated function `size_hint` defined here
      |
      = note: this error originates in the derive macro `Arbitrary` (in Nightly builds, run with -Z macro-backtrace for more info)

error[E0425]: cannot find type `MaxRecursionReached` in crate `arbitrary`
     --> C:\Users\Devyani\.cargo\registry\src\index.crates.io-1949cf8c6b5b557f\stellar-xdr-20.1.0\src\curr\generated.rs:23064:42
      |
23064 | #[cfg_attr(feature = "arbitrary", derive(Arbitrary))]
      |                                          ^^^^^^^^^ not found in `arbitrary`
      |
      = note: this error originates in the derive macro `Arbitrary` (in Nightly builds, run with -Z macro-backtrace for more info)

error[E0425]: cannot find function `try_recursion_guard` in module `arbitrary::size_hint`
     --> C:\Users\Devyani\.cargo\registry\src\index.crates.io-1949cf8c6b5b557f\stellar-xdr-20.1.0\src\curr\generated.rs:23064:42
      |
23064 |   #[cfg_attr(feature = "arbitrary", derive(Arbitrary))]
      |                                            ^^^^^^^^^
      |
     ::: C:\Users\Devyani\.cargo\registry\src\index.crates.io-1949cf8c6b5b557f\arbitrary-1.3.2\src\size_hint.rs:12:1
      |
   12 | / pub fn recursion_guard(
   13 | |     depth: usize,
   14 | |     f: impl FnOnce(usize) -> (usize, Option<usize>),
   15 | | ) -> (usize, Option<usize>) {
      | |___________________________- similarly named function `recursion_guard` defined here
      |
      = note: this error originates in the derive macro `Arbitrary` (in Nightly builds, run with -Z macro-backtrace for more info)

error[E0576]: cannot find method or associated constant `try_size_hint` in trait `arbitrary::Arbitrary`
     --> C:\Users\Devyani\.cargo\registry\src\index.crates.io-1949cf8c6b5b557f\stellar-xdr-20.1.0\src\curr\generated.rs:23064:42
      |
23064 | #[cfg_attr(feature = "arbitrary", derive(Arbitrary))]
      |                                          ^^^^^^^^^
      |
     ::: C:\Users\Devyani\.cargo\registry\src\index.crates.io-1949cf8c6b5b557f\arbitrary-1.3.2\src\lib.rs:277:5
      |
  277 |     fn size_hint(depth: usize) -> (usize, Option<usize>) {
      |     ---------------------------------------------------- similarly named associated function `size_hint` defined here
      |
      = note: this error originates in the derive macro `Arbitrary` (in Nightly builds, run with -Z macro-backtrace for more info)

error[E0425]: cannot find type `MaxRecursionReached` in crate `arbitrary`
     --> C:\Users\Devyani\.cargo\registry\src\index.crates.io-1949cf8c6b5b557f\stellar-xdr-20.1.0\src\curr\generated.rs:23124:42
      |
23124 | #[cfg_attr(feature = "arbitrary", derive(Arbitrary))]
      |                                          ^^^^^^^^^ not found in `arbitrary`
      |
      = note: this error originates in the derive macro `Arbitrary` (in Nightly builds, run with -Z macro-backtrace for more info)

error[E0425]: cannot find function `try_recursion_guard` in module `arbitrary::size_hint`
     --> C:\Users\Devyani\.cargo\registry\src\index.crates.io-1949cf8c6b5b557f\stellar-xdr-20.1.0\src\curr\generated.rs:23124:42
      |
23124 |   #[cfg_attr(feature = "arbitrary", derive(Arbitrary))]
      |                                            ^^^^^^^^^
      |
     ::: C:\Users\Devyani\.cargo\registry\src\index.crates.io-1949cf8c6b5b557f\arbitrary-1.3.2\src\size_hint.rs:12:1
      |
   12 | / pub fn recursion_guard(
   13 | |     depth: usize,
   14 | |     f: impl FnOnce(usize) -> (usize, Option<usize>),
   15 | | ) -> (usize, Option<usize>) {
      | |___________________________- similarly named function `recursion_guard` defined here
      |
      = note: this error originates in the derive macro `Arbitrary` (in Nightly builds, run with -Z macro-backtrace for more info)

error[E0576]: cannot find method or associated constant `try_size_hint` in trait `arbitrary::Arbitrary`
     --> C:\Users\Devyani\.cargo\registry\src\index.crates.io-1949cf8c6b5b557f\stellar-xdr-20.1.0\src\curr\generated.rs:23124:42
      |
23124 | #[cfg_attr(feature = "arbitrary", derive(Arbitrary))]
      |                                          ^^^^^^^^^
      |
     ::: C:\Users\Devyani\.cargo\registry\src\index.crates.io-1949cf8c6b5b557f\arbitrary-1.3.2\src\lib.rs:277:5
      |
  277 |     fn size_hint(depth: usize) -> (usize, Option<usize>) {
      |     ---------------------------------------------------- similarly named associated function `size_hint` defined here
      |
      = note: this error originates in the derive macro `Arbitrary` (in Nightly builds, run with -Z macro-backtrace for more info)

error[E0425]: cannot find type `MaxRecursionReached` in crate `arbitrary`
     --> C:\Users\Devyani\.cargo\registry\src\index.crates.io-1949cf8c6b5b557f\stellar-xdr-20.1.0\src\curr\generated.rs:23234:42
      |
23234 | #[cfg_attr(feature = "arbitrary", derive(Arbitrary))]
      |                                          ^^^^^^^^^ not found in `arbitrary`
      |
      = note: this error originates in the derive macro `Arbitrary` (in Nightly builds, run with -Z macro-backtrace for more info)

error[E0425]: cannot find function `try_recursion_guard` in module `arbitrary::size_hint`
     --> C:\Users\Devyani\.cargo\registry\src\index.crates.io-1949cf8c6b5b557f\stellar-xdr-20.1.0\src\curr\generated.rs:23234:42
      |
23234 |   #[cfg_attr(feature = "arbitrary", derive(Arbitrary))]
      |                                            ^^^^^^^^^
      |
     ::: C:\Users\Devyani\.cargo\registry\src\index.crates.io-1949cf8c6b5b557f\arbitrary-1.3.2\src\size_hint.rs:12:1
      |
   12 | / pub fn recursion_guard(
   13 | |     depth: usize,
   14 | |     f: impl FnOnce(usize) -> (usize, Option<usize>),
   15 | | ) -> (usize, Option<usize>) {
      | |___________________________- similarly named function `recursion_guard` defined here
      |
      = note: this error originates in the derive macro `Arbitrary` (in Nightly builds, run with -Z macro-backtrace for more info)

error[E0576]: cannot find method or associated constant `try_size_hint` in trait `arbitrary::Arbitrary`
     --> C:\Users\Devyani\.cargo\registry\src\index.crates.io-1949cf8c6b5b557f\stellar-xdr-20.1.0\src\curr\generated.rs:23234:42
      |
23234 | #[cfg_attr(feature = "arbitrary", derive(Arbitrary))]
      |                                          ^^^^^^^^^
      |
     ::: C:\Users\Devyani\.cargo\registry\src\index.crates.io-1949cf8c6b5b557f\arbitrary-1.3.2\src\lib.rs:277:5
      |
  277 |     fn size_hint(depth: usize) -> (usize, Option<usize>) {
      |     ---------------------------------------------------- similarly named associated function `size_hint` defined here
      |
      = note: this error originates in the derive macro `Arbitrary` (in Nightly builds, run with -Z macro-backtrace for more info)

error[E0425]: cannot find type `MaxRecursionReached` in crate `arbitrary`
     --> C:\Users\Devyani\.cargo\registry\src\index.crates.io-1949cf8c6b5b557f\stellar-xdr-20.1.0\src\curr\generated.rs:23342:42
      |
23342 | #[cfg_attr(feature = "arbitrary", derive(Arbitrary))]
      |                                          ^^^^^^^^^ not found in `arbitrary`
      |
      = note: this error originates in the derive macro `Arbitrary` (in Nightly builds, run with -Z macro-backtrace for more info)

error[E0425]: cannot find function `try_recursion_guard` in module `arbitrary::size_hint`
     --> C:\Users\Devyani\.cargo\registry\src\index.crates.io-1949cf8c6b5b557f\stellar-xdr-20.1.0\src\curr\generated.rs:23342:42
      |
23342 |   #[cfg_attr(feature = "arbitrary", derive(Arbitrary))]
      |                                            ^^^^^^^^^
      |
     ::: C:\Users\Devyani\.cargo\registry\src\index.crates.io-1949cf8c6b5b557f\arbitrary-1.3.2\src\size_hint.rs:12:1
      |
   12 | / pub fn recursion_guard(
   13 | |     depth: usize,
   14 | |     f: impl FnOnce(usize) -> (usize, Option<usize>),
   15 | | ) -> (usize, Option<usize>) {
      | |___________________________- similarly named function `recursion_guard` defined here
      |
      = note: this error originates in the derive macro `Arbitrary` (in Nightly builds, run with -Z macro-backtrace for more info)

error[E0576]: cannot find method or associated constant `try_size_hint` in trait `arbitrary::Arbitrary`
     --> C:\Users\Devyani\.cargo\registry\src\index.crates.io-1949cf8c6b5b557f\stellar-xdr-20.1.0\src\curr\generated.rs:23342:42
      |
23342 | #[cfg_attr(feature = "arbitrary", derive(Arbitrary))]
      |                                          ^^^^^^^^^
      |
     ::: C:\Users\Devyani\.cargo\registry\src\index.crates.io-1949cf8c6b5b557f\arbitrary-1.3.2\src\lib.rs:277:5
      |
  277 |     fn size_hint(depth: usize) -> (usize, Option<usize>) {
      |     ---------------------------------------------------- similarly named associated function `size_hint` defined here
      |
      = note: this error originates in the derive macro `Arbitrary` (in Nightly builds, run with -Z macro-backtrace for more info)

error[E0425]: cannot find type `MaxRecursionReached` in crate `arbitrary`
     --> C:\Users\Devyani\.cargo\registry\src\index.crates.io-1949cf8c6b5b557f\stellar-xdr-20.1.0\src\curr\generated.rs:23388:42
      |
23388 | #[cfg_attr(feature = "arbitrary", derive(Arbitrary))]
      |                                          ^^^^^^^^^ not found in `arbitrary`
      |
      = note: this error originates in the derive macro `Arbitrary` (in Nightly builds, run with -Z macro-backtrace for more info)

error[E0425]: cannot find function `try_recursion_guard` in module `arbitrary::size_hint`
     --> C:\Users\Devyani\.cargo\registry\src\index.crates.io-1949cf8c6b5b557f\stellar-xdr-20.1.0\src\curr\generated.rs:23388:42
      |
23388 |   #[cfg_attr(feature = "arbitrary", derive(Arbitrary))]
      |                                            ^^^^^^^^^
      |
     ::: C:\Users\Devyani\.cargo\registry\src\index.crates.io-1949cf8c6b5b557f\arbitrary-1.3.2\src\size_hint.rs:12:1
      |
   12 | / pub fn recursion_guard(
   13 | |     depth: usize,
   14 | |     f: impl FnOnce(usize) -> (usize, Option<usize>),
   15 | | ) -> (usize, Option<usize>) {
      | |___________________________- similarly named function `recursion_guard` defined here
      |
      = note: this error originates in the derive macro `Arbitrary` (in Nightly builds, run with -Z macro-backtrace for more info)

error[E0576]: cannot find method or associated constant `try_size_hint` in trait `arbitrary::Arbitrary`
     --> C:\Users\Devyani\.cargo\registry\src\index.crates.io-1949cf8c6b5b557f\stellar-xdr-20.1.0\src\curr\generated.rs:23388:42
      |
23388 | #[cfg_attr(feature = "arbitrary", derive(Arbitrary))]
      |                                          ^^^^^^^^^
      |
     ::: C:\Users\Devyani\.cargo\registry\src\index.crates.io-1949cf8c6b5b557f\arbitrary-1.3.2\src\lib.rs:277:5
      |
  277 |     fn size_hint(depth: usize) -> (usize, Option<usize>) {
      |     ---------------------------------------------------- similarly named associated function `size_hint` defined here
      |
      = note: this error originates in the derive macro `Arbitrary` (in Nightly builds, run with -Z macro-backtrace for more info)

error[E0425]: cannot find type `MaxRecursionReached` in crate `arbitrary`
     --> C:\Users\Devyani\.cargo\registry\src\index.crates.io-1949cf8c6b5b557f\stellar-xdr-20.1.0\src\curr\generated.rs:23496:42
      |
23496 | #[cfg_attr(feature = "arbitrary", derive(Arbitrary))]
      |                                          ^^^^^^^^^ not found in `arbitrary`
      |
      = note: this error originates in the derive macro `Arbitrary` (in Nightly builds, run with -Z macro-backtrace for more info)

error[E0425]: cannot find function `try_recursion_guard` in module `arbitrary::size_hint`
     --> C:\Users\Devyani\.cargo\registry\src\index.crates.io-1949cf8c6b5b557f\stellar-xdr-20.1.0\src\curr\generated.rs:23496:42
      |
23496 |   #[cfg_attr(feature = "arbitrary", derive(Arbitrary))]
      |                                            ^^^^^^^^^
      |
     ::: C:\Users\Devyani\.cargo\registry\src\index.crates.io-1949cf8c6b5b557f\arbitrary-1.3.2\src\size_hint.rs:12:1
      |
   12 | / pub fn recursion_guard(
   13 | |     depth: usize,
   14 | |     f: impl FnOnce(usize) -> (usize, Option<usize>),
   15 | | ) -> (usize, Option<usize>) {
      | |___________________________- similarly named function `recursion_guard` defined here
      |
      = note: this error originates in the derive macro `Arbitrary` (in Nightly builds, run with -Z macro-backtrace for more info)

error[E0576]: cannot find method or associated constant `try_size_hint` in trait `arbitrary::Arbitrary`
     --> C:\Users\Devyani\.cargo\registry\src\index.crates.io-1949cf8c6b5b557f\stellar-xdr-20.1.0\src\curr\generated.rs:23496:42
      |
23496 | #[cfg_attr(feature = "arbitrary", derive(Arbitrary))]
      |                                          ^^^^^^^^^
      |
     ::: C:\Users\Devyani\.cargo\registry\src\index.crates.io-1949cf8c6b5b557f\arbitrary-1.3.2\src\lib.rs:277:5
      |
  277 |     fn size_hint(depth: usize) -> (usize, Option<usize>) {
      |     ---------------------------------------------------- similarly named associated function `size_hint` defined here
      |
      = note: this error originates in the derive macro `Arbitrary` (in Nightly builds, run with -Z macro-backtrace for more info)

error[E0425]: cannot find type `MaxRecursionReached` in crate `arbitrary`
     --> C:\Users\Devyani\.cargo\registry\src\index.crates.io-1949cf8c6b5b557f\stellar-xdr-20.1.0\src\curr\generated.rs:23584:42
      |
23584 | #[cfg_attr(feature = "arbitrary", derive(Arbitrary))]
      |                                          ^^^^^^^^^ not found in `arbitrary`
      |
      = note: this error originates in the derive macro `Arbitrary` (in Nightly builds, run with -Z macro-backtrace for more info)

error[E0425]: cannot find function `try_recursion_guard` in module `arbitrary::size_hint`
     --> C:\Users\Devyani\.cargo\registry\src\index.crates.io-1949cf8c6b5b557f\stellar-xdr-20.1.0\src\curr\generated.rs:23584:42
      |
23584 |   #[cfg_attr(feature = "arbitrary", derive(Arbitrary))]
      |                                            ^^^^^^^^^
      |
     ::: C:\Users\Devyani\.cargo\registry\src\index.crates.io-1949cf8c6b5b557f\arbitrary-1.3.2\src\size_hint.rs:12:1
      |
   12 | / pub fn recursion_guard(
   13 | |     depth: usize,
   14 | |     f: impl FnOnce(usize) -> (usize, Option<usize>),
   15 | | ) -> (usize, Option<usize>) {
      | |___________________________- similarly named function `recursion_guard` defined here
      |
      = note: this error originates in the derive macro `Arbitrary` (in Nightly builds, run with -Z macro-backtrace for more info)

error[E0576]: cannot find method or associated constant `try_size_hint` in trait `arbitrary::Arbitrary`
     --> C:\Users\Devyani\.cargo\registry\src\index.crates.io-1949cf8c6b5b557f\stellar-xdr-20.1.0\src\curr\generated.rs:23584:42
      |
23584 | #[cfg_attr(feature = "arbitrary", derive(Arbitrary))]
      |                                          ^^^^^^^^^
      |
     ::: C:\Users\Devyani\.cargo\registry\src\index.crates.io-1949cf8c6b5b557f\arbitrary-1.3.2\src\lib.rs:277:5
      |
  277 |     fn size_hint(depth: usize) -> (usize, Option<usize>) {
      |     ---------------------------------------------------- similarly named associated function `size_hint` defined here
      |
      = note: this error originates in the derive macro `Arbitrary` (in Nightly builds, run with -Z macro-backtrace for more info)

error[E0425]: cannot find type `MaxRecursionReached` in crate `arbitrary`
     --> C:\Users\Devyani\.cargo\registry\src\index.crates.io-1949cf8c6b5b557f\stellar-xdr-20.1.0\src\curr\generated.rs:23829:42
      |
23829 | #[cfg_attr(feature = "arbitrary", derive(Arbitrary))]
      |                                          ^^^^^^^^^ not found in `arbitrary`
      |
      = note: this error originates in the derive macro `Arbitrary` (in Nightly builds, run with -Z macro-backtrace for more info)

error[E0425]: cannot find function `try_recursion_guard` in module `arbitrary::size_hint`
     --> C:\Users\Devyani\.cargo\registry\src\index.crates.io-1949cf8c6b5b557f\stellar-xdr-20.1.0\src\curr\generated.rs:23829:42
      |
23829 |   #[cfg_attr(feature = "arbitrary", derive(Arbitrary))]
      |                                            ^^^^^^^^^
      |
     ::: C:\Users\Devyani\.cargo\registry\src\index.crates.io-1949cf8c6b5b557f\arbitrary-1.3.2\src\size_hint.rs:12:1
      |
   12 | / pub fn recursion_guard(
   13 | |     depth: usize,
   14 | |     f: impl FnOnce(usize) -> (usize, Option<usize>),
   15 | | ) -> (usize, Option<usize>) {
      | |___________________________- similarly named function `recursion_guard` defined here
      |
      = note: this error originates in the derive macro `Arbitrary` (in Nightly builds, run with -Z macro-backtrace for more info)

error[E0576]: cannot find method or associated constant `try_size_hint` in trait `arbitrary::Arbitrary`
     --> C:\Users\Devyani\.cargo\registry\src\index.crates.io-1949cf8c6b5b557f\stellar-xdr-20.1.0\src\curr\generated.rs:23829:42
      |
23829 | #[cfg_attr(feature = "arbitrary", derive(Arbitrary))]
      |                                          ^^^^^^^^^
      |
     ::: C:\Users\Devyani\.cargo\registry\src\index.crates.io-1949cf8c6b5b557f\arbitrary-1.3.2\src\lib.rs:277:5
      |
  277 |     fn size_hint(depth: usize) -> (usize, Option<usize>) {
      |     ---------------------------------------------------- similarly named associated function `size_hint` defined here
      |
      = note: this error originates in the derive macro `Arbitrary` (in Nightly builds, run with -Z macro-backtrace for more info)

error[E0425]: cannot find type `MaxRecursionReached` in crate `arbitrary`
     --> C:\Users\Devyani\.cargo\registry\src\index.crates.io-1949cf8c6b5b557f\stellar-xdr-20.1.0\src\curr\generated.rs:23883:42
      |
23883 | #[cfg_attr(feature = "arbitrary", derive(Arbitrary))]
      |                                          ^^^^^^^^^ not found in `arbitrary`
      |
      = note: this error originates in the derive macro `Arbitrary` (in Nightly builds, run with -Z macro-backtrace for more info)

error[E0425]: cannot find function `try_recursion_guard` in module `arbitrary::size_hint`
     --> C:\Users\Devyani\.cargo\registry\src\index.crates.io-1949cf8c6b5b557f\stellar-xdr-20.1.0\src\curr\generated.rs:23883:42
      |
23883 |   #[cfg_attr(feature = "arbitrary", derive(Arbitrary))]
      |                                            ^^^^^^^^^
      |
     ::: C:\Users\Devyani\.cargo\registry\src\index.crates.io-1949cf8c6b5b557f\arbitrary-1.3.2\src\size_hint.rs:12:1
      |
   12 | / pub fn recursion_guard(
   13 | |     depth: usize,
   14 | |     f: impl FnOnce(usize) -> (usize, Option<usize>),
   15 | | ) -> (usize, Option<usize>) {
      | |___________________________- similarly named function `recursion_guard` defined here
      |
      = note: this error originates in the derive macro `Arbitrary` (in Nightly builds, run with -Z macro-backtrace for more info)

error[E0576]: cannot find method or associated constant `try_size_hint` in trait `arbitrary::Arbitrary`
     --> C:\Users\Devyani\.cargo\registry\src\index.crates.io-1949cf8c6b5b557f\stellar-xdr-20.1.0\src\curr\generated.rs:23883:42
      |
23883 | #[cfg_attr(feature = "arbitrary", derive(Arbitrary))]
      |                                          ^^^^^^^^^
      |
     ::: C:\Users\Devyani\.cargo\registry\src\index.crates.io-1949cf8c6b5b557f\arbitrary-1.3.2\src\lib.rs:277:5
      |
  277 |     fn size_hint(depth: usize) -> (usize, Option<usize>) {
      |     ---------------------------------------------------- similarly named associated function `size_hint` defined here
      |
      = note: this error originates in the derive macro `Arbitrary` (in Nightly builds, run with -Z macro-backtrace for more info)

error[E0425]: cannot find type `MaxRecursionReached` in crate `arbitrary`
     --> C:\Users\Devyani\.cargo\registry\src\index.crates.io-1949cf8c6b5b557f\stellar-xdr-20.1.0\src\curr\generated.rs:23991:42
      |
23991 | #[cfg_attr(feature = "arbitrary", derive(Arbitrary))]
      |                                          ^^^^^^^^^ not found in `arbitrary`
      |
      = note: this error originates in the derive macro `Arbitrary` (in Nightly builds, run with -Z macro-backtrace for more info)

error[E0425]: cannot find function `try_recursion_guard` in module `arbitrary::size_hint`
     --> C:\Users\Devyani\.cargo\registry\src\index.crates.io-1949cf8c6b5b557f\stellar-xdr-20.1.0\src\curr\generated.rs:23991:42
      |
23991 |   #[cfg_attr(feature = "arbitrary", derive(Arbitrary))]
      |                                            ^^^^^^^^^
      |
     ::: C:\Users\Devyani\.cargo\registry\src\index.crates.io-1949cf8c6b5b557f\arbitrary-1.3.2\src\size_hint.rs:12:1
      |
   12 | / pub fn recursion_guard(
   13 | |     depth: usize,
   14 | |     f: impl FnOnce(usize) -> (usize, Option<usize>),
   15 | | ) -> (usize, Option<usize>) {
      | |___________________________- similarly named function `recursion_guard` defined here
      |
      = note: this error originates in the derive macro `Arbitrary` (in Nightly builds, run with -Z macro-backtrace for more info)

error[E0576]: cannot find method or associated constant `try_size_hint` in trait `arbitrary::Arbitrary`
     --> C:\Users\Devyani\.cargo\registry\src\index.crates.io-1949cf8c6b5b557f\stellar-xdr-20.1.0\src\curr\generated.rs:23991:42
      |
23991 | #[cfg_attr(feature = "arbitrary", derive(Arbitrary))]
      |                                          ^^^^^^^^^
      |
     ::: C:\Users\Devyani\.cargo\registry\src\index.crates.io-1949cf8c6b5b557f\arbitrary-1.3.2\src\lib.rs:277:5
      |
  277 |     fn size_hint(depth: usize) -> (usize, Option<usize>) {
      |     ---------------------------------------------------- similarly named associated function `size_hint` defined here
      |
      = note: this error originates in the derive macro `Arbitrary` (in Nightly builds, run with -Z macro-backtrace for more info)

error[E0425]: cannot find type `MaxRecursionReached` in crate `arbitrary`
     --> C:\Users\Devyani\.cargo\registry\src\index.crates.io-1949cf8c6b5b557f\stellar-xdr-20.1.0\src\curr\generated.rs:24096:42
      |
24096 | #[cfg_attr(feature = "arbitrary", derive(Arbitrary))]
      |                                          ^^^^^^^^^ not found in `arbitrary`
      |
      = note: this error originates in the derive macro `Arbitrary` (in Nightly builds, run with -Z macro-backtrace for more info)

error[E0425]: cannot find function `try_recursion_guard` in module `arbitrary::size_hint`
     --> C:\Users\Devyani\.cargo\registry\src\index.crates.io-1949cf8c6b5b557f\stellar-xdr-20.1.0\src\curr\generated.rs:24096:42
      |
24096 |   #[cfg_attr(feature = "arbitrary", derive(Arbitrary))]
      |                                            ^^^^^^^^^
      |
     ::: C:\Users\Devyani\.cargo\registry\src\index.crates.io-1949cf8c6b5b557f\arbitrary-1.3.2\src\size_hint.rs:12:1
      |
   12 | / pub fn recursion_guard(
   13 | |     depth: usize,
   14 | |     f: impl FnOnce(usize) -> (usize, Option<usize>),
   15 | | ) -> (usize, Option<usize>) {
      | |___________________________- similarly named function `recursion_guard` defined here
      |
      = note: this error originates in the derive macro `Arbitrary` (in Nightly builds, run with -Z macro-backtrace for more info)

error[E0576]: cannot find method or associated constant `try_size_hint` in trait `arbitrary::Arbitrary`
     --> C:\Users\Devyani\.cargo\registry\src\index.crates.io-1949cf8c6b5b557f\stellar-xdr-20.1.0\src\curr\generated.rs:24096:42
      |
24096 | #[cfg_attr(feature = "arbitrary", derive(Arbitrary))]
      |                                          ^^^^^^^^^
      |
     ::: C:\Users\Devyani\.cargo\registry\src\index.crates.io-1949cf8c6b5b557f\arbitrary-1.3.2\src\lib.rs:277:5
      |
  277 |     fn size_hint(depth: usize) -> (usize, Option<usize>) {
      |     ---------------------------------------------------- similarly named associated function `size_hint` defined here
      |
      = note: this error originates in the derive macro `Arbitrary` (in Nightly builds, run with -Z macro-backtrace for more info)

error[E0425]: cannot find type `MaxRecursionReached` in crate `arbitrary`
     --> C:\Users\Devyani\.cargo\registry\src\index.crates.io-1949cf8c6b5b557f\stellar-xdr-20.1.0\src\curr\generated.rs:24147:42
      |
24147 | #[cfg_attr(feature = "arbitrary", derive(Arbitrary))]
      |                                          ^^^^^^^^^ not found in `arbitrary`
      |
      = note: this error originates in the derive macro `Arbitrary` (in Nightly builds, run with -Z macro-backtrace for more info)

error[E0425]: cannot find function `try_recursion_guard` in module `arbitrary::size_hint`
     --> C:\Users\Devyani\.cargo\registry\src\index.crates.io-1949cf8c6b5b557f\stellar-xdr-20.1.0\src\curr\generated.rs:24147:42
      |
24147 |   #[cfg_attr(feature = "arbitrary", derive(Arbitrary))]
      |                                            ^^^^^^^^^
      |
     ::: C:\Users\Devyani\.cargo\registry\src\index.crates.io-1949cf8c6b5b557f\arbitrary-1.3.2\src\size_hint.rs:12:1
      |
   12 | / pub fn recursion_guard(
   13 | |     depth: usize,
   14 | |     f: impl FnOnce(usize) -> (usize, Option<usize>),
   15 | | ) -> (usize, Option<usize>) {
      | |___________________________- similarly named function `recursion_guard` defined here
      |
      = note: this error originates in the derive macro `Arbitrary` (in Nightly builds, run with -Z macro-backtrace for more info)

error[E0576]: cannot find method or associated constant `try_size_hint` in trait `arbitrary::Arbitrary`
     --> C:\Users\Devyani\.cargo\registry\src\index.crates.io-1949cf8c6b5b557f\stellar-xdr-20.1.0\src\curr\generated.rs:24147:42
      |
24147 | #[cfg_attr(feature = "arbitrary", derive(Arbitrary))]
      |                                          ^^^^^^^^^
      |
     ::: C:\Users\Devyani\.cargo\registry\src\index.crates.io-1949cf8c6b5b557f\arbitrary-1.3.2\src\lib.rs:277:5
      |
  277 |     fn size_hint(depth: usize) -> (usize, Option<usize>) {
      |     ---------------------------------------------------- similarly named associated function `size_hint` defined here
      |
      = note: this error originates in the derive macro `Arbitrary` (in Nightly builds, run with -Z macro-backtrace for more info)

error[E0425]: cannot find type `MaxRecursionReached` in crate `arbitrary`
     --> C:\Users\Devyani\.cargo\registry\src\index.crates.io-1949cf8c6b5b557f\stellar-xdr-20.1.0\src\curr\generated.rs:24252:42
      |
24252 | #[cfg_attr(feature = "arbitrary", derive(Arbitrary))]
      |                                          ^^^^^^^^^ not found in `arbitrary`
      |
      = note: this error originates in the derive macro `Arbitrary` (in Nightly builds, run with -Z macro-backtrace for more info)

error[E0425]: cannot find function `try_recursion_guard` in module `arbitrary::size_hint`
     --> C:\Users\Devyani\.cargo\registry\src\index.crates.io-1949cf8c6b5b557f\stellar-xdr-20.1.0\src\curr\generated.rs:24252:42
      |
24252 |   #[cfg_attr(feature = "arbitrary", derive(Arbitrary))]
      |                                            ^^^^^^^^^
      |
     ::: C:\Users\Devyani\.cargo\registry\src\index.crates.io-1949cf8c6b5b557f\arbitrary-1.3.2\src\size_hint.rs:12:1
      |
   12 | / pub fn recursion_guard(
   13 | |     depth: usize,
   14 | |     f: impl FnOnce(usize) -> (usize, Option<usize>),
   15 | | ) -> (usize, Option<usize>) {
      | |___________________________- similarly named function `recursion_guard` defined here
      |
      = note: this error originates in the derive macro `Arbitrary` (in Nightly builds, run with -Z macro-backtrace for more info)

error[E0576]: cannot find method or associated constant `try_size_hint` in trait `arbitrary::Arbitrary`
     --> C:\Users\Devyani\.cargo\registry\src\index.crates.io-1949cf8c6b5b557f\stellar-xdr-20.1.0\src\curr\generated.rs:24252:42
      |
24252 | #[cfg_attr(feature = "arbitrary", derive(Arbitrary))]
      |                                          ^^^^^^^^^
      |
     ::: C:\Users\Devyani\.cargo\registry\src\index.crates.io-1949cf8c6b5b557f\arbitrary-1.3.2\src\lib.rs:277:5
      |
  277 |     fn size_hint(depth: usize) -> (usize, Option<usize>) {
      |     ---------------------------------------------------- similarly named associated function `size_hint` defined here
      |
      = note: this error originates in the derive macro `Arbitrary` (in Nightly builds, run with -Z macro-backtrace for more info)

error[E0425]: cannot find type `MaxRecursionReached` in crate `arbitrary`
     --> C:\Users\Devyani\.cargo\registry\src\index.crates.io-1949cf8c6b5b557f\stellar-xdr-20.1.0\src\curr\generated.rs:24558:42
      |
24558 | #[cfg_attr(feature = "arbitrary", derive(Arbitrary))]
      |                                          ^^^^^^^^^ not found in `arbitrary`
      |
      = note: this error originates in the derive macro `Arbitrary` (in Nightly builds, run with -Z macro-backtrace for more info)

error[E0425]: cannot find function `try_recursion_guard` in module `arbitrary::size_hint`
     --> C:\Users\Devyani\.cargo\registry\src\index.crates.io-1949cf8c6b5b557f\stellar-xdr-20.1.0\src\curr\generated.rs:24558:42
      |
24558 |   #[cfg_attr(feature = "arbitrary", derive(Arbitrary))]
      |                                            ^^^^^^^^^
      |
     ::: C:\Users\Devyani\.cargo\registry\src\index.crates.io-1949cf8c6b5b557f\arbitrary-1.3.2\src\size_hint.rs:12:1
      |
   12 | / pub fn recursion_guard(
   13 | |     depth: usize,
   14 | |     f: impl FnOnce(usize) -> (usize, Option<usize>),
   15 | | ) -> (usize, Option<usize>) {
      | |___________________________- similarly named function `recursion_guard` defined here
      |
      = note: this error originates in the derive macro `Arbitrary` (in Nightly builds, run with -Z macro-backtrace for more info)

error[E0576]: cannot find method or associated constant `try_size_hint` in trait `arbitrary::Arbitrary`
     --> C:\Users\Devyani\.cargo\registry\src\index.crates.io-1949cf8c6b5b557f\stellar-xdr-20.1.0\src\curr\generated.rs:24558:42
      |
24558 | #[cfg_attr(feature = "arbitrary", derive(Arbitrary))]
      |                                          ^^^^^^^^^
      |
     ::: C:\Users\Devyani\.cargo\registry\src\index.crates.io-1949cf8c6b5b557f\arbitrary-1.3.2\src\lib.rs:277:5
      |
  277 |     fn size_hint(depth: usize) -> (usize, Option<usize>) {
      |     ---------------------------------------------------- similarly named associated function `size_hint` defined here
      |
      = note: this error originates in the derive macro `Arbitrary` (in Nightly builds, run with -Z macro-backtrace for more info)

error[E0425]: cannot find type `MaxRecursionReached` in crate `arbitrary`
     --> C:\Users\Devyani\.cargo\registry\src\index.crates.io-1949cf8c6b5b557f\stellar-xdr-20.1.0\src\curr\generated.rs:24604:42
      |
24604 | #[cfg_attr(feature = "arbitrary", derive(Arbitrary))]
      |                                          ^^^^^^^^^ not found in `arbitrary`
      |
      = note: this error originates in the derive macro `Arbitrary` (in Nightly builds, run with -Z macro-backtrace for more info)

error[E0425]: cannot find function `try_recursion_guard` in module `arbitrary::size_hint`
     --> C:\Users\Devyani\.cargo\registry\src\index.crates.io-1949cf8c6b5b557f\stellar-xdr-20.1.0\src\curr\generated.rs:24604:42
      |
24604 |   #[cfg_attr(feature = "arbitrary", derive(Arbitrary))]
      |                                            ^^^^^^^^^
      |
     ::: C:\Users\Devyani\.cargo\registry\src\index.crates.io-1949cf8c6b5b557f\arbitrary-1.3.2\src\size_hint.rs:12:1
      |
   12 | / pub fn recursion_guard(
   13 | |     depth: usize,
   14 | |     f: impl FnOnce(usize) -> (usize, Option<usize>),
   15 | | ) -> (usize, Option<usize>) {
      | |___________________________- similarly named function `recursion_guard` defined here
      |
      = note: this error originates in the derive macro `Arbitrary` (in Nightly builds, run with -Z macro-backtrace for more info)

error[E0576]: cannot find method or associated constant `try_size_hint` in trait `arbitrary::Arbitrary`
     --> C:\Users\Devyani\.cargo\registry\src\index.crates.io-1949cf8c6b5b557f\stellar-xdr-20.1.0\src\curr\generated.rs:24604:42
      |
24604 | #[cfg_attr(feature = "arbitrary", derive(Arbitrary))]
      |                                          ^^^^^^^^^
      |
     ::: C:\Users\Devyani\.cargo\registry\src\index.crates.io-1949cf8c6b5b557f\arbitrary-1.3.2\src\lib.rs:277:5
      |
  277 |     fn size_hint(depth: usize) -> (usize, Option<usize>) {
      |     ---------------------------------------------------- similarly named associated function `size_hint` defined here
      |
      = note: this error originates in the derive macro `Arbitrary` (in Nightly builds, run with -Z macro-backtrace for more info)

error[E0425]: cannot find type `MaxRecursionReached` in crate `arbitrary`
     --> C:\Users\Devyani\.cargo\registry\src\index.crates.io-1949cf8c6b5b557f\stellar-xdr-20.1.0\src\curr\generated.rs:24660:42
      |
24660 | #[cfg_attr(feature = "arbitrary", derive(Arbitrary))]
      |                                          ^^^^^^^^^ not found in `arbitrary`
      |
      = note: this error originates in the derive macro `Arbitrary` (in Nightly builds, run with -Z macro-backtrace for more info)

error[E0425]: cannot find function `try_recursion_guard` in module `arbitrary::size_hint`
     --> C:\Users\Devyani\.cargo\registry\src\index.crates.io-1949cf8c6b5b557f\stellar-xdr-20.1.0\src\curr\generated.rs:24660:42
      |
24660 |   #[cfg_attr(feature = "arbitrary", derive(Arbitrary))]
      |                                            ^^^^^^^^^
      |
     ::: C:\Users\Devyani\.cargo\registry\src\index.crates.io-1949cf8c6b5b557f\arbitrary-1.3.2\src\size_hint.rs:12:1
      |
   12 | / pub fn recursion_guard(
   13 | |     depth: usize,
   14 | |     f: impl FnOnce(usize) -> (usize, Option<usize>),
   15 | | ) -> (usize, Option<usize>) {
      | |___________________________- similarly named function `recursion_guard` defined here
      |
      = note: this error originates in the derive macro `Arbitrary` (in Nightly builds, run with -Z macro-backtrace for more info)

error[E0576]: cannot find method or associated constant `try_size_hint` in trait `arbitrary::Arbitrary`
     --> C:\Users\Devyani\.cargo\registry\src\index.crates.io-1949cf8c6b5b557f\stellar-xdr-20.1.0\src\curr\generated.rs:24660:42
      |
24660 | #[cfg_attr(feature = "arbitrary", derive(Arbitrary))]
      |                                          ^^^^^^^^^
      |
     ::: C:\Users\Devyani\.cargo\registry\src\index.crates.io-1949cf8c6b5b557f\arbitrary-1.3.2\src\lib.rs:277:5
      |
  277 |     fn size_hint(depth: usize) -> (usize, Option<usize>) {
      |     ---------------------------------------------------- similarly named associated function `size_hint` defined here
      |
      = note: this error originates in the derive macro `Arbitrary` (in Nightly builds, run with -Z macro-backtrace for more info)

error[E0425]: cannot find type `MaxRecursionReached` in crate `arbitrary`
     --> C:\Users\Devyani\.cargo\registry\src\index.crates.io-1949cf8c6b5b557f\stellar-xdr-20.1.0\src\curr\generated.rs:24725:42
      |
24725 | #[cfg_attr(feature = "arbitrary", derive(Arbitrary))]
      |                                          ^^^^^^^^^ not found in `arbitrary`
      |
      = note: this error originates in the derive macro `Arbitrary` (in Nightly builds, run with -Z macro-backtrace for more info)

error[E0425]: cannot find function `try_recursion_guard` in module `arbitrary::size_hint`
     --> C:\Users\Devyani\.cargo\registry\src\index.crates.io-1949cf8c6b5b557f\stellar-xdr-20.1.0\src\curr\generated.rs:24725:42
      |
24725 |   #[cfg_attr(feature = "arbitrary", derive(Arbitrary))]
      |                                            ^^^^^^^^^
      |
     ::: C:\Users\Devyani\.cargo\registry\src\index.crates.io-1949cf8c6b5b557f\arbitrary-1.3.2\src\size_hint.rs:12:1
      |
   12 | / pub fn recursion_guard(
   13 | |     depth: usize,
   14 | |     f: impl FnOnce(usize) -> (usize, Option<usize>),
   15 | | ) -> (usize, Option<usize>) {
      | |___________________________- similarly named function `recursion_guard` defined here
      |
      = note: this error originates in the derive macro `Arbitrary` (in Nightly builds, run with -Z macro-backtrace for more info)

error[E0576]: cannot find method or associated constant `try_size_hint` in trait `arbitrary::Arbitrary`
     --> C:\Users\Devyani\.cargo\registry\src\index.crates.io-1949cf8c6b5b557f\stellar-xdr-20.1.0\src\curr\generated.rs:24725:42
      |
24725 | #[cfg_attr(feature = "arbitrary", derive(Arbitrary))]
      |                                          ^^^^^^^^^
      |
     ::: C:\Users\Devyani\.cargo\registry\src\index.crates.io-1949cf8c6b5b557f\arbitrary-1.3.2\src\lib.rs:277:5
      |
  277 |     fn size_hint(depth: usize) -> (usize, Option<usize>) {
      |     ---------------------------------------------------- similarly named associated function `size_hint` defined here
      |
      = note: this error originates in the derive macro `Arbitrary` (in Nightly builds, run with -Z macro-backtrace for more info)

error[E0425]: cannot find type `MaxRecursionReached` in crate `arbitrary`
     --> C:\Users\Devyani\.cargo\registry\src\index.crates.io-1949cf8c6b5b557f\stellar-xdr-20.1.0\src\curr\generated.rs:24787:42
      |
24787 | #[cfg_attr(feature = "arbitrary", derive(Arbitrary))]
      |                                          ^^^^^^^^^ not found in `arbitrary`
      |
      = note: this error originates in the derive macro `Arbitrary` (in Nightly builds, run with -Z macro-backtrace for more info)

error[E0425]: cannot find function `try_recursion_guard` in module `arbitrary::size_hint`
     --> C:\Users\Devyani\.cargo\registry\src\index.crates.io-1949cf8c6b5b557f\stellar-xdr-20.1.0\src\curr\generated.rs:24787:42
      |
24787 |   #[cfg_attr(feature = "arbitrary", derive(Arbitrary))]
      |                                            ^^^^^^^^^
      |
     ::: C:\Users\Devyani\.cargo\registry\src\index.crates.io-1949cf8c6b5b557f\arbitrary-1.3.2\src\size_hint.rs:12:1
      |
   12 | / pub fn recursion_guard(
   13 | |     depth: usize,
   14 | |     f: impl FnOnce(usize) -> (usize, Option<usize>),
   15 | | ) -> (usize, Option<usize>) {
      | |___________________________- similarly named function `recursion_guard` defined here
      |
      = note: this error originates in the derive macro `Arbitrary` (in Nightly builds, run with -Z macro-backtrace for more info)

error[E0576]: cannot find method or associated constant `try_size_hint` in trait `arbitrary::Arbitrary`
     --> C:\Users\Devyani\.cargo\registry\src\index.crates.io-1949cf8c6b5b557f\stellar-xdr-20.1.0\src\curr\generated.rs:24787:42
      |
24787 | #[cfg_attr(feature = "arbitrary", derive(Arbitrary))]
      |                                          ^^^^^^^^^
      |
     ::: C:\Users\Devyani\.cargo\registry\src\index.crates.io-1949cf8c6b5b557f\arbitrary-1.3.2\src\lib.rs:277:5
      |
  277 |     fn size_hint(depth: usize) -> (usize, Option<usize>) {
      |     ---------------------------------------------------- similarly named associated function `size_hint` defined here
      |
      = note: this error originates in the derive macro `Arbitrary` (in Nightly builds, run with -Z macro-backtrace for more info)

error[E0425]: cannot find type `MaxRecursionReached` in crate `arbitrary`
     --> C:\Users\Devyani\.cargo\registry\src\index.crates.io-1949cf8c6b5b557f\stellar-xdr-20.1.0\src\curr\generated.rs:24847:42
      |
24847 | #[cfg_attr(feature = "arbitrary", derive(Arbitrary))]
      |                                          ^^^^^^^^^ not found in `arbitrary`
      |
      = note: this error originates in the derive macro `Arbitrary` (in Nightly builds, run with -Z macro-backtrace for more info)

error[E0425]: cannot find function `try_recursion_guard` in module `arbitrary::size_hint`
     --> C:\Users\Devyani\.cargo\registry\src\index.crates.io-1949cf8c6b5b557f\stellar-xdr-20.1.0\src\curr\generated.rs:24847:42
      |
24847 |   #[cfg_attr(feature = "arbitrary", derive(Arbitrary))]
      |                                            ^^^^^^^^^
      |
     ::: C:\Users\Devyani\.cargo\registry\src\index.crates.io-1949cf8c6b5b557f\arbitrary-1.3.2\src\size_hint.rs:12:1
      |
   12 | / pub fn recursion_guard(
   13 | |     depth: usize,
   14 | |     f: impl FnOnce(usize) -> (usize, Option<usize>),
   15 | | ) -> (usize, Option<usize>) {
      | |___________________________- similarly named function `recursion_guard` defined here
      |
      = note: this error originates in the derive macro `Arbitrary` (in Nightly builds, run with -Z macro-backtrace for more info)

error[E0576]: cannot find method or associated constant `try_size_hint` in trait `arbitrary::Arbitrary`
     --> C:\Users\Devyani\.cargo\registry\src\index.crates.io-1949cf8c6b5b557f\stellar-xdr-20.1.0\src\curr\generated.rs:24847:42
      |
24847 | #[cfg_attr(feature = "arbitrary", derive(Arbitrary))]
      |                                          ^^^^^^^^^
      |
     ::: C:\Users\Devyani\.cargo\registry\src\index.crates.io-1949cf8c6b5b557f\arbitrary-1.3.2\src\lib.rs:277:5
      |
  277 |     fn size_hint(depth: usize) -> (usize, Option<usize>) {
      |     ---------------------------------------------------- similarly named associated function `size_hint` defined here
      |
      = note: this error originates in the derive macro `Arbitrary` (in Nightly builds, run with -Z macro-backtrace for more info)

error[E0425]: cannot find type `MaxRecursionReached` in crate `arbitrary`
     --> C:\Users\Devyani\.cargo\registry\src\index.crates.io-1949cf8c6b5b557f\stellar-xdr-20.1.0\src\curr\generated.rs:24903:42
      |
24903 | #[cfg_attr(feature = "arbitrary", derive(Arbitrary))]
      |                                          ^^^^^^^^^ not found in `arbitrary`
      |
      = note: this error originates in the derive macro `Arbitrary` (in Nightly builds, run with -Z macro-backtrace for more info)

error[E0425]: cannot find function `try_recursion_guard` in module `arbitrary::size_hint`
     --> C:\Users\Devyani\.cargo\registry\src\index.crates.io-1949cf8c6b5b557f\stellar-xdr-20.1.0\src\curr\generated.rs:24903:42
      |
24903 |   #[cfg_attr(feature = "arbitrary", derive(Arbitrary))]
      |                                            ^^^^^^^^^
      |
     ::: C:\Users\Devyani\.cargo\registry\src\index.crates.io-1949cf8c6b5b557f\arbitrary-1.3.2\src\size_hint.rs:12:1
      |
   12 | / pub fn recursion_guard(
   13 | |     depth: usize,
   14 | |     f: impl FnOnce(usize) -> (usize, Option<usize>),
   15 | | ) -> (usize, Option<usize>) {
      | |___________________________- similarly named function `recursion_guard` defined here
      |
      = note: this error originates in the derive macro `Arbitrary` (in Nightly builds, run with -Z macro-backtrace for more info)

error[E0576]: cannot find method or associated constant `try_size_hint` in trait `arbitrary::Arbitrary`
     --> C:\Users\Devyani\.cargo\registry\src\index.crates.io-1949cf8c6b5b557f\stellar-xdr-20.1.0\src\curr\generated.rs:24903:42
      |
24903 | #[cfg_attr(feature = "arbitrary", derive(Arbitrary))]
      |                                          ^^^^^^^^^
      |
     ::: C:\Users\Devyani\.cargo\registry\src\index.crates.io-1949cf8c6b5b557f\arbitrary-1.3.2\src\lib.rs:277:5
      |
  277 |     fn size_hint(depth: usize) -> (usize, Option<usize>) {
      |     ---------------------------------------------------- similarly named associated function `size_hint` defined here
      |
      = note: this error originates in the derive macro `Arbitrary` (in Nightly builds, run with -Z macro-backtrace for more info)

error[E0425]: cannot find type `MaxRecursionReached` in crate `arbitrary`
     --> C:\Users\Devyani\.cargo\registry\src\index.crates.io-1949cf8c6b5b557f\stellar-xdr-20.1.0\src\curr\generated.rs:24968:42
      |
24968 | #[cfg_attr(feature = "arbitrary", derive(Arbitrary))]
      |                                          ^^^^^^^^^ not found in `arbitrary`
      |
      = note: this error originates in the derive macro `Arbitrary` (in Nightly builds, run with -Z macro-backtrace for more info)

error[E0425]: cannot find function `try_recursion_guard` in module `arbitrary::size_hint`
     --> C:\Users\Devyani\.cargo\registry\src\index.crates.io-1949cf8c6b5b557f\stellar-xdr-20.1.0\src\curr\generated.rs:24968:42
      |
24968 |   #[cfg_attr(feature = "arbitrary", derive(Arbitrary))]
      |                                            ^^^^^^^^^
      |
     ::: C:\Users\Devyani\.cargo\registry\src\index.crates.io-1949cf8c6b5b557f\arbitrary-1.3.2\src\size_hint.rs:12:1
      |
   12 | / pub fn recursion_guard(
   13 | |     depth: usize,
   14 | |     f: impl FnOnce(usize) -> (usize, Option<usize>),
   15 | | ) -> (usize, Option<usize>) {
      | |___________________________- similarly named function `recursion_guard` defined here
      |
      = note: this error originates in the derive macro `Arbitrary` (in Nightly builds, run with -Z macro-backtrace for more info)

error[E0576]: cannot find method or associated constant `try_size_hint` in trait `arbitrary::Arbitrary`
     --> C:\Users\Devyani\.cargo\registry\src\index.crates.io-1949cf8c6b5b557f\stellar-xdr-20.1.0\src\curr\generated.rs:24968:42
      |
24968 | #[cfg_attr(feature = "arbitrary", derive(Arbitrary))]
      |                                          ^^^^^^^^^
      |
     ::: C:\Users\Devyani\.cargo\registry\src\index.crates.io-1949cf8c6b5b557f\arbitrary-1.3.2\src\lib.rs:277:5
      |
  277 |     fn size_hint(depth: usize) -> (usize, Option<usize>) {
      |     ---------------------------------------------------- similarly named associated function `size_hint` defined here
      |
      = note: this error originates in the derive macro `Arbitrary` (in Nightly builds, run with -Z macro-backtrace for more info)

error[E0425]: cannot find type `MaxRecursionReached` in crate `arbitrary`
     --> C:\Users\Devyani\.cargo\registry\src\index.crates.io-1949cf8c6b5b557f\stellar-xdr-20.1.0\src\curr\generated.rs:25046:42
      |
25046 | #[cfg_attr(feature = "arbitrary", derive(Arbitrary))]
      |                                          ^^^^^^^^^ not found in `arbitrary`
      |
      = note: this error originates in the derive macro `Arbitrary` (in Nightly builds, run with -Z macro-backtrace for more info)

error[E0425]: cannot find function `try_recursion_guard` in module `arbitrary::size_hint`
     --> C:\Users\Devyani\.cargo\registry\src\index.crates.io-1949cf8c6b5b557f\stellar-xdr-20.1.0\src\curr\generated.rs:25046:42
      |
25046 |   #[cfg_attr(feature = "arbitrary", derive(Arbitrary))]
      |                                            ^^^^^^^^^
      |
     ::: C:\Users\Devyani\.cargo\registry\src\index.crates.io-1949cf8c6b5b557f\arbitrary-1.3.2\src\size_hint.rs:12:1
      |
   12 | / pub fn recursion_guard(
   13 | |     depth: usize,
   14 | |     f: impl FnOnce(usize) -> (usize, Option<usize>),
   15 | | ) -> (usize, Option<usize>) {
      | |___________________________- similarly named function `recursion_guard` defined here
      |
      = note: this error originates in the derive macro `Arbitrary` (in Nightly builds, run with -Z macro-backtrace for more info)

error[E0576]: cannot find method or associated constant `try_size_hint` in trait `arbitrary::Arbitrary`
     --> C:\Users\Devyani\.cargo\registry\src\index.crates.io-1949cf8c6b5b557f\stellar-xdr-20.1.0\src\curr\generated.rs:25046:42
      |
25046 | #[cfg_attr(feature = "arbitrary", derive(Arbitrary))]
      |                                          ^^^^^^^^^
      |
     ::: C:\Users\Devyani\.cargo\registry\src\index.crates.io-1949cf8c6b5b557f\arbitrary-1.3.2\src\lib.rs:277:5
      |
  277 |     fn size_hint(depth: usize) -> (usize, Option<usize>) {
      |     ---------------------------------------------------- similarly named associated function `size_hint` defined here
      |
      = note: this error originates in the derive macro `Arbitrary` (in Nightly builds, run with -Z macro-backtrace for more info)

error[E0425]: cannot find type `MaxRecursionReached` in crate `arbitrary`
     --> C:\Users\Devyani\.cargo\registry\src\index.crates.io-1949cf8c6b5b557f\stellar-xdr-20.1.0\src\curr\generated.rs:25168:42
      |
25168 | #[cfg_attr(feature = "arbitrary", derive(Arbitrary))]
      |                                          ^^^^^^^^^ not found in `arbitrary`
      |
      = note: this error originates in the derive macro `Arbitrary` (in Nightly builds, run with -Z macro-backtrace for more info)

error[E0425]: cannot find function `try_recursion_guard` in module `arbitrary::size_hint`
     --> C:\Users\Devyani\.cargo\registry\src\index.crates.io-1949cf8c6b5b557f\stellar-xdr-20.1.0\src\curr\generated.rs:25168:42
      |
25168 |   #[cfg_attr(feature = "arbitrary", derive(Arbitrary))]
      |                                            ^^^^^^^^^
      |
     ::: C:\Users\Devyani\.cargo\registry\src\index.crates.io-1949cf8c6b5b557f\arbitrary-1.3.2\src\size_hint.rs:12:1
      |
   12 | / pub fn recursion_guard(
   13 | |     depth: usize,
   14 | |     f: impl FnOnce(usize) -> (usize, Option<usize>),
   15 | | ) -> (usize, Option<usize>) {
      | |___________________________- similarly named function `recursion_guard` defined here
      |
      = note: this error originates in the derive macro `Arbitrary` (in Nightly builds, run with -Z macro-backtrace for more info)

error[E0576]: cannot find method or associated constant `try_size_hint` in trait `arbitrary::Arbitrary`
     --> C:\Users\Devyani\.cargo\registry\src\index.crates.io-1949cf8c6b5b557f\stellar-xdr-20.1.0\src\curr\generated.rs:25168:42
      |
25168 | #[cfg_attr(feature = "arbitrary", derive(Arbitrary))]
      |                                          ^^^^^^^^^
      |
     ::: C:\Users\Devyani\.cargo\registry\src\index.crates.io-1949cf8c6b5b557f\arbitrary-1.3.2\src\lib.rs:277:5
      |
  277 |     fn size_hint(depth: usize) -> (usize, Option<usize>) {
      |     ---------------------------------------------------- similarly named associated function `size_hint` defined here
      |
      = note: this error originates in the derive macro `Arbitrary` (in Nightly builds, run with -Z macro-backtrace for more info)

error[E0425]: cannot find type `MaxRecursionReached` in crate `arbitrary`
     --> C:\Users\Devyani\.cargo\registry\src\index.crates.io-1949cf8c6b5b557f\stellar-xdr-20.1.0\src\curr\generated.rs:25216:42
      |
25216 | #[cfg_attr(feature = "arbitrary", derive(Arbitrary))]
      |                                          ^^^^^^^^^ not found in `arbitrary`
      |
      = note: this error originates in the derive macro `Arbitrary` (in Nightly builds, run with -Z macro-backtrace for more info)

error[E0425]: cannot find function `try_recursion_guard` in module `arbitrary::size_hint`
     --> C:\Users\Devyani\.cargo\registry\src\index.crates.io-1949cf8c6b5b557f\stellar-xdr-20.1.0\src\curr\generated.rs:25216:42
      |
25216 |   #[cfg_attr(feature = "arbitrary", derive(Arbitrary))]
      |                                            ^^^^^^^^^
      |
     ::: C:\Users\Devyani\.cargo\registry\src\index.crates.io-1949cf8c6b5b557f\arbitrary-1.3.2\src\size_hint.rs:12:1
      |
   12 | / pub fn recursion_guard(
   13 | |     depth: usize,
   14 | |     f: impl FnOnce(usize) -> (usize, Option<usize>),
   15 | | ) -> (usize, Option<usize>) {
      | |___________________________- similarly named function `recursion_guard` defined here
      |
      = note: this error originates in the derive macro `Arbitrary` (in Nightly builds, run with -Z macro-backtrace for more info)

error[E0576]: cannot find method or associated constant `try_size_hint` in trait `arbitrary::Arbitrary`
     --> C:\Users\Devyani\.cargo\registry\src\index.crates.io-1949cf8c6b5b557f\stellar-xdr-20.1.0\src\curr\generated.rs:25216:42
      |
25216 | #[cfg_attr(feature = "arbitrary", derive(Arbitrary))]
      |                                          ^^^^^^^^^
      |
     ::: C:\Users\Devyani\.cargo\registry\src\index.crates.io-1949cf8c6b5b557f\arbitrary-1.3.2\src\lib.rs:277:5
      |
  277 |     fn size_hint(depth: usize) -> (usize, Option<usize>) {
      |     ---------------------------------------------------- similarly named associated function `size_hint` defined here
      |
      = note: this error originates in the derive macro `Arbitrary` (in Nightly builds, run with -Z macro-backtrace for more info)

error[E0425]: cannot find type `MaxRecursionReached` in crate `arbitrary`
     --> C:\Users\Devyani\.cargo\registry\src\index.crates.io-1949cf8c6b5b557f\stellar-xdr-20.1.0\src\curr\generated.rs:25264:42
      |
25264 | #[cfg_attr(feature = "arbitrary", derive(Arbitrary))]
      |                                          ^^^^^^^^^ not found in `arbitrary`
      |
      = note: this error originates in the derive macro `Arbitrary` (in Nightly builds, run with -Z macro-backtrace for more info)

error[E0425]: cannot find function `try_recursion_guard` in module `arbitrary::size_hint`
     --> C:\Users\Devyani\.cargo\registry\src\index.crates.io-1949cf8c6b5b557f\stellar-xdr-20.1.0\src\curr\generated.rs:25264:42
      |
25264 |   #[cfg_attr(feature = "arbitrary", derive(Arbitrary))]
      |                                            ^^^^^^^^^
      |
     ::: C:\Users\Devyani\.cargo\registry\src\index.crates.io-1949cf8c6b5b557f\arbitrary-1.3.2\src\size_hint.rs:12:1
      |
   12 | / pub fn recursion_guard(
   13 | |     depth: usize,
   14 | |     f: impl FnOnce(usize) -> (usize, Option<usize>),
   15 | | ) -> (usize, Option<usize>) {
      | |___________________________- similarly named function `recursion_guard` defined here
      |
      = note: this error originates in the derive macro `Arbitrary` (in Nightly builds, run with -Z macro-backtrace for more info)

error[E0576]: cannot find method or associated constant `try_size_hint` in trait `arbitrary::Arbitrary`
     --> C:\Users\Devyani\.cargo\registry\src\index.crates.io-1949cf8c6b5b557f\stellar-xdr-20.1.0\src\curr\generated.rs:25264:42
      |
25264 | #[cfg_attr(feature = "arbitrary", derive(Arbitrary))]
      |                                          ^^^^^^^^^
      |
     ::: C:\Users\Devyani\.cargo\registry\src\index.crates.io-1949cf8c6b5b557f\arbitrary-1.3.2\src\lib.rs:277:5
      |
  277 |     fn size_hint(depth: usize) -> (usize, Option<usize>) {
      |     ---------------------------------------------------- similarly named associated function `size_hint` defined here
      |
      = note: this error originates in the derive macro `Arbitrary` (in Nightly builds, run with -Z macro-backtrace for more info)

error[E0425]: cannot find type `MaxRecursionReached` in crate `arbitrary`
     --> C:\Users\Devyani\.cargo\registry\src\index.crates.io-1949cf8c6b5b557f\stellar-xdr-20.1.0\src\curr\generated.rs:25308:42
      |
25308 | #[cfg_attr(feature = "arbitrary", derive(Arbitrary))]
      |                                          ^^^^^^^^^ not found in `arbitrary`
      |
      = note: this error originates in the derive macro `Arbitrary` (in Nightly builds, run with -Z macro-backtrace for more info)

error[E0425]: cannot find function `try_recursion_guard` in module `arbitrary::size_hint`
     --> C:\Users\Devyani\.cargo\registry\src\index.crates.io-1949cf8c6b5b557f\stellar-xdr-20.1.0\src\curr\generated.rs:25308:42
      |
25308 |   #[cfg_attr(feature = "arbitrary", derive(Arbitrary))]
      |                                            ^^^^^^^^^
      |
     ::: C:\Users\Devyani\.cargo\registry\src\index.crates.io-1949cf8c6b5b557f\arbitrary-1.3.2\src\size_hint.rs:12:1
      |
   12 | / pub fn recursion_guard(
   13 | |     depth: usize,
   14 | |     f: impl FnOnce(usize) -> (usize, Option<usize>),
   15 | | ) -> (usize, Option<usize>) {
      | |___________________________- similarly named function `recursion_guard` defined here
      |
      = note: this error originates in the derive macro `Arbitrary` (in Nightly builds, run with -Z macro-backtrace for more info)

error[E0576]: cannot find method or associated constant `try_size_hint` in trait `arbitrary::Arbitrary`
     --> C:\Users\Devyani\.cargo\registry\src\index.crates.io-1949cf8c6b5b557f\stellar-xdr-20.1.0\src\curr\generated.rs:25308:42
      |
25308 | #[cfg_attr(feature = "arbitrary", derive(Arbitrary))]
      |                                          ^^^^^^^^^
      |
     ::: C:\Users\Devyani\.cargo\registry\src\index.crates.io-1949cf8c6b5b557f\arbitrary-1.3.2\src\lib.rs:277:5
      |
  277 |     fn size_hint(depth: usize) -> (usize, Option<usize>) {
      |     ---------------------------------------------------- similarly named associated function `size_hint` defined here
      |
      = note: this error originates in the derive macro `Arbitrary` (in Nightly builds, run with -Z macro-backtrace for more info)

error[E0425]: cannot find type `MaxRecursionReached` in crate `arbitrary`
     --> C:\Users\Devyani\.cargo\registry\src\index.crates.io-1949cf8c6b5b557f\stellar-xdr-20.1.0\src\curr\generated.rs:25351:42
      |
25351 | #[cfg_attr(feature = "arbitrary", derive(Arbitrary))]
      |                                          ^^^^^^^^^ not found in `arbitrary`
      |
      = note: this error originates in the derive macro `Arbitrary` (in Nightly builds, run with -Z macro-backtrace for more info)

error[E0425]: cannot find function `try_recursion_guard` in module `arbitrary::size_hint`
     --> C:\Users\Devyani\.cargo\registry\src\index.crates.io-1949cf8c6b5b557f\stellar-xdr-20.1.0\src\curr\generated.rs:25351:42
      |
25351 |   #[cfg_attr(feature = "arbitrary", derive(Arbitrary))]
      |                                            ^^^^^^^^^
      |
     ::: C:\Users\Devyani\.cargo\registry\src\index.crates.io-1949cf8c6b5b557f\arbitrary-1.3.2\src\size_hint.rs:12:1
      |
   12 | / pub fn recursion_guard(
   13 | |     depth: usize,
   14 | |     f: impl FnOnce(usize) -> (usize, Option<usize>),
   15 | | ) -> (usize, Option<usize>) {
      | |___________________________- similarly named function `recursion_guard` defined here
      |
      = note: this error originates in the derive macro `Arbitrary` (in Nightly builds, run with -Z macro-backtrace for more info)

error[E0576]: cannot find method or associated constant `try_size_hint` in trait `arbitrary::Arbitrary`
     --> C:\Users\Devyani\.cargo\registry\src\index.crates.io-1949cf8c6b5b557f\stellar-xdr-20.1.0\src\curr\generated.rs:25351:42
      |
25351 | #[cfg_attr(feature = "arbitrary", derive(Arbitrary))]
      |                                          ^^^^^^^^^
      |
     ::: C:\Users\Devyani\.cargo\registry\src\index.crates.io-1949cf8c6b5b557f\arbitrary-1.3.2\src\lib.rs:277:5
      |
  277 |     fn size_hint(depth: usize) -> (usize, Option<usize>) {
      |     ---------------------------------------------------- similarly named associated function `size_hint` defined here
      |
      = note: this error originates in the derive macro `Arbitrary` (in Nightly builds, run with -Z macro-backtrace for more info)

error[E0425]: cannot find type `MaxRecursionReached` in crate `arbitrary`
     --> C:\Users\Devyani\.cargo\registry\src\index.crates.io-1949cf8c6b5b557f\stellar-xdr-20.1.0\src\curr\generated.rs:25398:42
      |
25398 | #[cfg_attr(feature = "arbitrary", derive(Arbitrary))]
      |                                          ^^^^^^^^^ not found in `arbitrary`
      |
      = note: this error originates in the derive macro `Arbitrary` (in Nightly builds, run with -Z macro-backtrace for more info)

error[E0425]: cannot find function `try_recursion_guard` in module `arbitrary::size_hint`
     --> C:\Users\Devyani\.cargo\registry\src\index.crates.io-1949cf8c6b5b557f\stellar-xdr-20.1.0\src\curr\generated.rs:25398:42
      |
25398 |   #[cfg_attr(feature = "arbitrary", derive(Arbitrary))]
      |                                            ^^^^^^^^^
      |
     ::: C:\Users\Devyani\.cargo\registry\src\index.crates.io-1949cf8c6b5b557f\arbitrary-1.3.2\src\size_hint.rs:12:1
      |
   12 | / pub fn recursion_guard(
   13 | |     depth: usize,
   14 | |     f: impl FnOnce(usize) -> (usize, Option<usize>),
   15 | | ) -> (usize, Option<usize>) {
      | |___________________________- similarly named function `recursion_guard` defined here
      |
      = note: this error originates in the derive macro `Arbitrary` (in Nightly builds, run with -Z macro-backtrace for more info)

error[E0576]: cannot find method or associated constant `try_size_hint` in trait `arbitrary::Arbitrary`
     --> C:\Users\Devyani\.cargo\registry\src\index.crates.io-1949cf8c6b5b557f\stellar-xdr-20.1.0\src\curr\generated.rs:25398:42
      |
25398 | #[cfg_attr(feature = "arbitrary", derive(Arbitrary))]
      |                                          ^^^^^^^^^
      |
     ::: C:\Users\Devyani\.cargo\registry\src\index.crates.io-1949cf8c6b5b557f\arbitrary-1.3.2\src\lib.rs:277:5
      |
  277 |     fn size_hint(depth: usize) -> (usize, Option<usize>) {
      |     ---------------------------------------------------- similarly named associated function `size_hint` defined here
      |
      = note: this error originates in the derive macro `Arbitrary` (in Nightly builds, run with -Z macro-backtrace for more info)

error[E0425]: cannot find type `MaxRecursionReached` in crate `arbitrary`
     --> C:\Users\Devyani\.cargo\registry\src\index.crates.io-1949cf8c6b5b557f\stellar-xdr-20.1.0\src\curr\generated.rs:25439:42
      |
25439 | #[cfg_attr(feature = "arbitrary", derive(Arbitrary))]
      |                                          ^^^^^^^^^ not found in `arbitrary`
      |
      = note: this error originates in the derive macro `Arbitrary` (in Nightly builds, run with -Z macro-backtrace for more info)

error[E0425]: cannot find function `try_recursion_guard` in module `arbitrary::size_hint`
     --> C:\Users\Devyani\.cargo\registry\src\index.crates.io-1949cf8c6b5b557f\stellar-xdr-20.1.0\src\curr\generated.rs:25439:42
      |
25439 |   #[cfg_attr(feature = "arbitrary", derive(Arbitrary))]
      |                                            ^^^^^^^^^
      |
     ::: C:\Users\Devyani\.cargo\registry\src\index.crates.io-1949cf8c6b5b557f\arbitrary-1.3.2\src\size_hint.rs:12:1
      |
   12 | / pub fn recursion_guard(
   13 | |     depth: usize,
   14 | |     f: impl FnOnce(usize) -> (usize, Option<usize>),
   15 | | ) -> (usize, Option<usize>) {
      | |___________________________- similarly named function `recursion_guard` defined here
      |
      = note: this error originates in the derive macro `Arbitrary` (in Nightly builds, run with -Z macro-backtrace for more info)

error[E0576]: cannot find method or associated constant `try_size_hint` in trait `arbitrary::Arbitrary`
     --> C:\Users\Devyani\.cargo\registry\src\index.crates.io-1949cf8c6b5b557f\stellar-xdr-20.1.0\src\curr\generated.rs:25439:42
      |
25439 | #[cfg_attr(feature = "arbitrary", derive(Arbitrary))]
      |                                          ^^^^^^^^^
      |
     ::: C:\Users\Devyani\.cargo\registry\src\index.crates.io-1949cf8c6b5b557f\arbitrary-1.3.2\src\lib.rs:277:5
      |
  277 |     fn size_hint(depth: usize) -> (usize, Option<usize>) {
      |     ---------------------------------------------------- similarly named associated function `size_hint` defined here
      |
      = note: this error originates in the derive macro `Arbitrary` (in Nightly builds, run with -Z macro-backtrace for more info)

error[E0425]: cannot find type `MaxRecursionReached` in crate `arbitrary`
     --> C:\Users\Devyani\.cargo\registry\src\index.crates.io-1949cf8c6b5b557f\stellar-xdr-20.1.0\src\curr\generated.rs:25589:42
      |
25589 | #[cfg_attr(feature = "arbitrary", derive(Arbitrary))]
      |                                          ^^^^^^^^^ not found in `arbitrary`
      |
      = note: this error originates in the derive macro `Arbitrary` (in Nightly builds, run with -Z macro-backtrace for more info)

error[E0425]: cannot find function `try_recursion_guard` in module `arbitrary::size_hint`
     --> C:\Users\Devyani\.cargo\registry\src\index.crates.io-1949cf8c6b5b557f\stellar-xdr-20.1.0\src\curr\generated.rs:25589:42
      |
25589 |   #[cfg_attr(feature = "arbitrary", derive(Arbitrary))]
      |                                            ^^^^^^^^^
      |
     ::: C:\Users\Devyani\.cargo\registry\src\index.crates.io-1949cf8c6b5b557f\arbitrary-1.3.2\src\size_hint.rs:12:1
      |
   12 | / pub fn recursion_guard(
   13 | |     depth: usize,
   14 | |     f: impl FnOnce(usize) -> (usize, Option<usize>),
   15 | | ) -> (usize, Option<usize>) {
      | |___________________________- similarly named function `recursion_guard` defined here
      |
      = note: this error originates in the derive macro `Arbitrary` (in Nightly builds, run with -Z macro-backtrace for more info)

error[E0576]: cannot find method or associated constant `try_size_hint` in trait `arbitrary::Arbitrary`
     --> C:\Users\Devyani\.cargo\registry\src\index.crates.io-1949cf8c6b5b557f\stellar-xdr-20.1.0\src\curr\generated.rs:25589:42
      |
25589 | #[cfg_attr(feature = "arbitrary", derive(Arbitrary))]
      |                                          ^^^^^^^^^
      |
     ::: C:\Users\Devyani\.cargo\registry\src\index.crates.io-1949cf8c6b5b557f\arbitrary-1.3.2\src\lib.rs:277:5
      |
  277 |     fn size_hint(depth: usize) -> (usize, Option<usize>) {
      |     ---------------------------------------------------- similarly named associated function `size_hint` defined here
      |
      = note: this error originates in the derive macro `Arbitrary` (in Nightly builds, run with -Z macro-backtrace for more info)

error[E0425]: cannot find type `MaxRecursionReached` in crate `arbitrary`
     --> C:\Users\Devyani\.cargo\registry\src\index.crates.io-1949cf8c6b5b557f\stellar-xdr-20.1.0\src\curr\generated.rs:25641:42
      |
25641 | #[cfg_attr(feature = "arbitrary", derive(Arbitrary))]
      |                                          ^^^^^^^^^ not found in `arbitrary`
      |
      = note: this error originates in the derive macro `Arbitrary` (in Nightly builds, run with -Z macro-backtrace for more info)

error[E0425]: cannot find function `try_recursion_guard` in module `arbitrary::size_hint`
     --> C:\Users\Devyani\.cargo\registry\src\index.crates.io-1949cf8c6b5b557f\stellar-xdr-20.1.0\src\curr\generated.rs:25641:42
      |
25641 |   #[cfg_attr(feature = "arbitrary", derive(Arbitrary))]
      |                                            ^^^^^^^^^
      |
     ::: C:\Users\Devyani\.cargo\registry\src\index.crates.io-1949cf8c6b5b557f\arbitrary-1.3.2\src\size_hint.rs:12:1
      |
   12 | / pub fn recursion_guard(
   13 | |     depth: usize,
   14 | |     f: impl FnOnce(usize) -> (usize, Option<usize>),
   15 | | ) -> (usize, Option<usize>) {
      | |___________________________- similarly named function `recursion_guard` defined here
      |
      = note: this error originates in the derive macro `Arbitrary` (in Nightly builds, run with -Z macro-backtrace for more info)

error[E0576]: cannot find method or associated constant `try_size_hint` in trait `arbitrary::Arbitrary`
     --> C:\Users\Devyani\.cargo\registry\src\index.crates.io-1949cf8c6b5b557f\stellar-xdr-20.1.0\src\curr\generated.rs:25641:42
      |
25641 | #[cfg_attr(feature = "arbitrary", derive(Arbitrary))]
      |                                          ^^^^^^^^^
      |
     ::: C:\Users\Devyani\.cargo\registry\src\index.crates.io-1949cf8c6b5b557f\arbitrary-1.3.2\src\lib.rs:277:5
      |
  277 |     fn size_hint(depth: usize) -> (usize, Option<usize>) {
      |     ---------------------------------------------------- similarly named associated function `size_hint` defined here
      |
      = note: this error originates in the derive macro `Arbitrary` (in Nightly builds, run with -Z macro-backtrace for more info)

error[E0425]: cannot find type `MaxRecursionReached` in crate `arbitrary`
     --> C:\Users\Devyani\.cargo\registry\src\index.crates.io-1949cf8c6b5b557f\stellar-xdr-20.1.0\src\curr\generated.rs:25751:42
      |
25751 | #[cfg_attr(feature = "arbitrary", derive(Arbitrary))]
      |                                          ^^^^^^^^^ not found in `arbitrary`
      |
      = note: this error originates in the derive macro `Arbitrary` (in Nightly builds, run with -Z macro-backtrace for more info)

error[E0425]: cannot find function `try_recursion_guard` in module `arbitrary::size_hint`
     --> C:\Users\Devyani\.cargo\registry\src\index.crates.io-1949cf8c6b5b557f\stellar-xdr-20.1.0\src\curr\generated.rs:25751:42
      |
25751 |   #[cfg_attr(feature = "arbitrary", derive(Arbitrary))]
      |                                            ^^^^^^^^^
      |
     ::: C:\Users\Devyani\.cargo\registry\src\index.crates.io-1949cf8c6b5b557f\arbitrary-1.3.2\src\size_hint.rs:12:1
      |
   12 | / pub fn recursion_guard(
   13 | |     depth: usize,
   14 | |     f: impl FnOnce(usize) -> (usize, Option<usize>),
   15 | | ) -> (usize, Option<usize>) {
      | |___________________________- similarly named function `recursion_guard` defined here
      |
      = note: this error originates in the derive macro `Arbitrary` (in Nightly builds, run with -Z macro-backtrace for more info)

error[E0576]: cannot find method or associated constant `try_size_hint` in trait `arbitrary::Arbitrary`
     --> C:\Users\Devyani\.cargo\registry\src\index.crates.io-1949cf8c6b5b557f\stellar-xdr-20.1.0\src\curr\generated.rs:25751:42
      |
25751 | #[cfg_attr(feature = "arbitrary", derive(Arbitrary))]
      |                                          ^^^^^^^^^
      |
     ::: C:\Users\Devyani\.cargo\registry\src\index.crates.io-1949cf8c6b5b557f\arbitrary-1.3.2\src\lib.rs:277:5
      |
  277 |     fn size_hint(depth: usize) -> (usize, Option<usize>) {
      |     ---------------------------------------------------- similarly named associated function `size_hint` defined here
      |
      = note: this error originates in the derive macro `Arbitrary` (in Nightly builds, run with -Z macro-backtrace for more info)

error[E0425]: cannot find type `MaxRecursionReached` in crate `arbitrary`
     --> C:\Users\Devyani\.cargo\registry\src\index.crates.io-1949cf8c6b5b557f\stellar-xdr-20.1.0\src\curr\generated.rs:25798:42
      |
25798 | #[cfg_attr(feature = "arbitrary", derive(Arbitrary))]
      |                                          ^^^^^^^^^ not found in `arbitrary`
      |
      = note: this error originates in the derive macro `Arbitrary` (in Nightly builds, run with -Z macro-backtrace for more info)

error[E0425]: cannot find function `try_recursion_guard` in module `arbitrary::size_hint`
     --> C:\Users\Devyani\.cargo\registry\src\index.crates.io-1949cf8c6b5b557f\stellar-xdr-20.1.0\src\curr\generated.rs:25798:42
      |
25798 |   #[cfg_attr(feature = "arbitrary", derive(Arbitrary))]
      |                                            ^^^^^^^^^
      |
     ::: C:\Users\Devyani\.cargo\registry\src\index.crates.io-1949cf8c6b5b557f\arbitrary-1.3.2\src\size_hint.rs:12:1
      |
   12 | / pub fn recursion_guard(
   13 | |     depth: usize,
   14 | |     f: impl FnOnce(usize) -> (usize, Option<usize>),
   15 | | ) -> (usize, Option<usize>) {
      | |___________________________- similarly named function `recursion_guard` defined here
      |
      = note: this error originates in the derive macro `Arbitrary` (in Nightly builds, run with -Z macro-backtrace for more info)

error[E0576]: cannot find method or associated constant `try_size_hint` in trait `arbitrary::Arbitrary`
     --> C:\Users\Devyani\.cargo\registry\src\index.crates.io-1949cf8c6b5b557f\stellar-xdr-20.1.0\src\curr\generated.rs:25798:42
      |
25798 | #[cfg_attr(feature = "arbitrary", derive(Arbitrary))]
      |                                          ^^^^^^^^^
      |
     ::: C:\Users\Devyani\.cargo\registry\src\index.crates.io-1949cf8c6b5b557f\arbitrary-1.3.2\src\lib.rs:277:5
      |
  277 |     fn size_hint(depth: usize) -> (usize, Option<usize>) {
      |     ---------------------------------------------------- similarly named associated function `size_hint` defined here
      |
      = note: this error originates in the derive macro `Arbitrary` (in Nightly builds, run with -Z macro-backtrace for more info)

error[E0425]: cannot find type `MaxRecursionReached` in crate `arbitrary`
     --> C:\Users\Devyani\.cargo\registry\src\index.crates.io-1949cf8c6b5b557f\stellar-xdr-20.1.0\src\curr\generated.rs:25843:42
      |
25843 | #[cfg_attr(feature = "arbitrary", derive(Arbitrary))]
      |                                          ^^^^^^^^^ not found in `arbitrary`
      |
      = note: this error originates in the derive macro `Arbitrary` (in Nightly builds, run with -Z macro-backtrace for more info)

error[E0425]: cannot find function `try_recursion_guard` in module `arbitrary::size_hint`
     --> C:\Users\Devyani\.cargo\registry\src\index.crates.io-1949cf8c6b5b557f\stellar-xdr-20.1.0\src\curr\generated.rs:25843:42
      |
25843 |   #[cfg_attr(feature = "arbitrary", derive(Arbitrary))]
      |                                            ^^^^^^^^^
      |
     ::: C:\Users\Devyani\.cargo\registry\src\index.crates.io-1949cf8c6b5b557f\arbitrary-1.3.2\src\size_hint.rs:12:1
      |
   12 | / pub fn recursion_guard(
   13 | |     depth: usize,
   14 | |     f: impl FnOnce(usize) -> (usize, Option<usize>),
   15 | | ) -> (usize, Option<usize>) {
      | |___________________________- similarly named function `recursion_guard` defined here
      |
      = note: this error originates in the derive macro `Arbitrary` (in Nightly builds, run with -Z macro-backtrace for more info)

error[E0576]: cannot find method or associated constant `try_size_hint` in trait `arbitrary::Arbitrary`
     --> C:\Users\Devyani\.cargo\registry\src\index.crates.io-1949cf8c6b5b557f\stellar-xdr-20.1.0\src\curr\generated.rs:25843:42
      |
25843 | #[cfg_attr(feature = "arbitrary", derive(Arbitrary))]
      |                                          ^^^^^^^^^
      |
     ::: C:\Users\Devyani\.cargo\registry\src\index.crates.io-1949cf8c6b5b557f\arbitrary-1.3.2\src\lib.rs:277:5
      |
  277 |     fn size_hint(depth: usize) -> (usize, Option<usize>) {
      |     ---------------------------------------------------- similarly named associated function `size_hint` defined here
      |
      = note: this error originates in the derive macro `Arbitrary` (in Nightly builds, run with -Z macro-backtrace for more info)

error[E0425]: cannot find type `MaxRecursionReached` in crate `arbitrary`
     --> C:\Users\Devyani\.cargo\registry\src\index.crates.io-1949cf8c6b5b557f\stellar-xdr-20.1.0\src\curr\generated.rs:25905:42
      |
25905 | #[cfg_attr(feature = "arbitrary", derive(Arbitrary))]
      |                                          ^^^^^^^^^ not found in `arbitrary`
      |
      = note: this error originates in the derive macro `Arbitrary` (in Nightly builds, run with -Z macro-backtrace for more info)

error[E0425]: cannot find function `try_recursion_guard` in module `arbitrary::size_hint`
     --> C:\Users\Devyani\.cargo\registry\src\index.crates.io-1949cf8c6b5b557f\stellar-xdr-20.1.0\src\curr\generated.rs:25905:42
      |
25905 |   #[cfg_attr(feature = "arbitrary", derive(Arbitrary))]
      |                                            ^^^^^^^^^
      |
     ::: C:\Users\Devyani\.cargo\registry\src\index.crates.io-1949cf8c6b5b557f\arbitrary-1.3.2\src\size_hint.rs:12:1
      |
   12 | / pub fn recursion_guard(
   13 | |     depth: usize,
   14 | |     f: impl FnOnce(usize) -> (usize, Option<usize>),
   15 | | ) -> (usize, Option<usize>) {
      | |___________________________- similarly named function `recursion_guard` defined here
      |
      = note: this error originates in the derive macro `Arbitrary` (in Nightly builds, run with -Z macro-backtrace for more info)

error[E0576]: cannot find method or associated constant `try_size_hint` in trait `arbitrary::Arbitrary`
     --> C:\Users\Devyani\.cargo\registry\src\index.crates.io-1949cf8c6b5b557f\stellar-xdr-20.1.0\src\curr\generated.rs:25905:42
      |
25905 | #[cfg_attr(feature = "arbitrary", derive(Arbitrary))]
      |                                          ^^^^^^^^^
      |
     ::: C:\Users\Devyani\.cargo\registry\src\index.crates.io-1949cf8c6b5b557f\arbitrary-1.3.2\src\lib.rs:277:5
      |
  277 |     fn size_hint(depth: usize) -> (usize, Option<usize>) {
      |     ---------------------------------------------------- similarly named associated function `size_hint` defined here
      |
      = note: this error originates in the derive macro `Arbitrary` (in Nightly builds, run with -Z macro-backtrace for more info)

error[E0425]: cannot find type `MaxRecursionReached` in crate `arbitrary`
     --> C:\Users\Devyani\.cargo\registry\src\index.crates.io-1949cf8c6b5b557f\stellar-xdr-20.1.0\src\curr\generated.rs:25961:42
      |
25961 | #[cfg_attr(feature = "arbitrary", derive(Arbitrary))]
      |                                          ^^^^^^^^^ not found in `arbitrary`
      |
      = note: this error originates in the derive macro `Arbitrary` (in Nightly builds, run with -Z macro-backtrace for more info)

error[E0425]: cannot find function `try_recursion_guard` in module `arbitrary::size_hint`
     --> C:\Users\Devyani\.cargo\registry\src\index.crates.io-1949cf8c6b5b557f\stellar-xdr-20.1.0\src\curr\generated.rs:25961:42
      |
25961 |   #[cfg_attr(feature = "arbitrary", derive(Arbitrary))]
      |                                            ^^^^^^^^^
      |
     ::: C:\Users\Devyani\.cargo\registry\src\index.crates.io-1949cf8c6b5b557f\arbitrary-1.3.2\src\size_hint.rs:12:1
      |
   12 | / pub fn recursion_guard(
   13 | |     depth: usize,
   14 | |     f: impl FnOnce(usize) -> (usize, Option<usize>),
   15 | | ) -> (usize, Option<usize>) {
      | |___________________________- similarly named function `recursion_guard` defined here
      |
      = note: this error originates in the derive macro `Arbitrary` (in Nightly builds, run with -Z macro-backtrace for more info)

error[E0576]: cannot find method or associated constant `try_size_hint` in trait `arbitrary::Arbitrary`
     --> C:\Users\Devyani\.cargo\registry\src\index.crates.io-1949cf8c6b5b557f\stellar-xdr-20.1.0\src\curr\generated.rs:25961:42
      |
25961 | #[cfg_attr(feature = "arbitrary", derive(Arbitrary))]
      |                                          ^^^^^^^^^
      |
     ::: C:\Users\Devyani\.cargo\registry\src\index.crates.io-1949cf8c6b5b557f\arbitrary-1.3.2\src\lib.rs:277:5
      |
  277 |     fn size_hint(depth: usize) -> (usize, Option<usize>) {
      |     ---------------------------------------------------- similarly named associated function `size_hint` defined here
      |
      = note: this error originates in the derive macro `Arbitrary` (in Nightly builds, run with -Z macro-backtrace for more info)

error[E0425]: cannot find type `MaxRecursionReached` in crate `arbitrary`
     --> C:\Users\Devyani\.cargo\registry\src\index.crates.io-1949cf8c6b5b557f\stellar-xdr-20.1.0\src\curr\generated.rs:26234:42
      |
26234 | #[cfg_attr(feature = "arbitrary", derive(Arbitrary))]
      |                                          ^^^^^^^^^ not found in `arbitrary`
      |
      = note: this error originates in the derive macro `Arbitrary` (in Nightly builds, run with -Z macro-backtrace for more info)

error[E0425]: cannot find function `try_recursion_guard` in module `arbitrary::size_hint`
     --> C:\Users\Devyani\.cargo\registry\src\index.crates.io-1949cf8c6b5b557f\stellar-xdr-20.1.0\src\curr\generated.rs:26234:42
      |
26234 |   #[cfg_attr(feature = "arbitrary", derive(Arbitrary))]
      |                                            ^^^^^^^^^
      |
     ::: C:\Users\Devyani\.cargo\registry\src\index.crates.io-1949cf8c6b5b557f\arbitrary-1.3.2\src\size_hint.rs:12:1
      |
   12 | / pub fn recursion_guard(
   13 | |     depth: usize,
   14 | |     f: impl FnOnce(usize) -> (usize, Option<usize>),
   15 | | ) -> (usize, Option<usize>) {
      | |___________________________- similarly named function `recursion_guard` defined here
      |
      = note: this error originates in the derive macro `Arbitrary` (in Nightly builds, run with -Z macro-backtrace for more info)

error[E0576]: cannot find method or associated constant `try_size_hint` in trait `arbitrary::Arbitrary`
     --> C:\Users\Devyani\.cargo\registry\src\index.crates.io-1949cf8c6b5b557f\stellar-xdr-20.1.0\src\curr\generated.rs:26234:42
      |
26234 | #[cfg_attr(feature = "arbitrary", derive(Arbitrary))]
      |                                          ^^^^^^^^^
      |
     ::: C:\Users\Devyani\.cargo\registry\src\index.crates.io-1949cf8c6b5b557f\arbitrary-1.3.2\src\lib.rs:277:5
      |
  277 |     fn size_hint(depth: usize) -> (usize, Option<usize>) {
      |     ---------------------------------------------------- similarly named associated function `size_hint` defined here
      |
      = note: this error originates in the derive macro `Arbitrary` (in Nightly builds, run with -Z macro-backtrace for more info)

error[E0425]: cannot find type `MaxRecursionReached` in crate `arbitrary`
     --> C:\Users\Devyani\.cargo\registry\src\index.crates.io-1949cf8c6b5b557f\stellar-xdr-20.1.0\src\curr\generated.rs:26286:42
      |
26286 | #[cfg_attr(feature = "arbitrary", derive(Arbitrary))]
      |                                          ^^^^^^^^^ not found in `arbitrary`
      |
      = note: this error originates in the derive macro `Arbitrary` (in Nightly builds, run with -Z macro-backtrace for more info)

error[E0425]: cannot find function `try_recursion_guard` in module `arbitrary::size_hint`
     --> C:\Users\Devyani\.cargo\registry\src\index.crates.io-1949cf8c6b5b557f\stellar-xdr-20.1.0\src\curr\generated.rs:26286:42
      |
26286 |   #[cfg_attr(feature = "arbitrary", derive(Arbitrary))]
      |                                            ^^^^^^^^^
      |
     ::: C:\Users\Devyani\.cargo\registry\src\index.crates.io-1949cf8c6b5b557f\arbitrary-1.3.2\src\size_hint.rs:12:1
      |
   12 | / pub fn recursion_guard(
   13 | |     depth: usize,
   14 | |     f: impl FnOnce(usize) -> (usize, Option<usize>),
   15 | | ) -> (usize, Option<usize>) {
      | |___________________________- similarly named function `recursion_guard` defined here
      |
      = note: this error originates in the derive macro `Arbitrary` (in Nightly builds, run with -Z macro-backtrace for more info)

error[E0576]: cannot find method or associated constant `try_size_hint` in trait `arbitrary::Arbitrary`
     --> C:\Users\Devyani\.cargo\registry\src\index.crates.io-1949cf8c6b5b557f\stellar-xdr-20.1.0\src\curr\generated.rs:26286:42
      |
26286 | #[cfg_attr(feature = "arbitrary", derive(Arbitrary))]
      |                                          ^^^^^^^^^
      |
     ::: C:\Users\Devyani\.cargo\registry\src\index.crates.io-1949cf8c6b5b557f\arbitrary-1.3.2\src\lib.rs:277:5
      |
  277 |     fn size_hint(depth: usize) -> (usize, Option<usize>) {
      |     ---------------------------------------------------- similarly named associated function `size_hint` defined here
      |
      = note: this error originates in the derive macro `Arbitrary` (in Nightly builds, run with -Z macro-backtrace for more info)

error[E0425]: cannot find type `MaxRecursionReached` in crate `arbitrary`
     --> C:\Users\Devyani\.cargo\registry\src\index.crates.io-1949cf8c6b5b557f\stellar-xdr-20.1.0\src\curr\generated.rs:26395:42
      |
26395 | #[cfg_attr(feature = "arbitrary", derive(Arbitrary))]
      |                                          ^^^^^^^^^ not found in `arbitrary`
      |
      = note: this error originates in the derive macro `Arbitrary` (in Nightly builds, run with -Z macro-backtrace for more info)

error[E0425]: cannot find function `try_recursion_guard` in module `arbitrary::size_hint`
     --> C:\Users\Devyani\.cargo\registry\src\index.crates.io-1949cf8c6b5b557f\stellar-xdr-20.1.0\src\curr\generated.rs:26395:42
      |
26395 |   #[cfg_attr(feature = "arbitrary", derive(Arbitrary))]
      |                                            ^^^^^^^^^
      |
     ::: C:\Users\Devyani\.cargo\registry\src\index.crates.io-1949cf8c6b5b557f\arbitrary-1.3.2\src\size_hint.rs:12:1
      |
   12 | / pub fn recursion_guard(
   13 | |     depth: usize,
   14 | |     f: impl FnOnce(usize) -> (usize, Option<usize>),
   15 | | ) -> (usize, Option<usize>) {
      | |___________________________- similarly named function `recursion_guard` defined here
      |
      = note: this error originates in the derive macro `Arbitrary` (in Nightly builds, run with -Z macro-backtrace for more info)

error[E0576]: cannot find method or associated constant `try_size_hint` in trait `arbitrary::Arbitrary`
     --> C:\Users\Devyani\.cargo\registry\src\index.crates.io-1949cf8c6b5b557f\stellar-xdr-20.1.0\src\curr\generated.rs:26395:42
      |
26395 | #[cfg_attr(feature = "arbitrary", derive(Arbitrary))]
      |                                          ^^^^^^^^^
      |
     ::: C:\Users\Devyani\.cargo\registry\src\index.crates.io-1949cf8c6b5b557f\arbitrary-1.3.2\src\lib.rs:277:5
      |
  277 |     fn size_hint(depth: usize) -> (usize, Option<usize>) {
      |     ---------------------------------------------------- similarly named associated function `size_hint` defined here
      |
      = note: this error originates in the derive macro `Arbitrary` (in Nightly builds, run with -Z macro-backtrace for more info)

error[E0425]: cannot find type `MaxRecursionReached` in crate `arbitrary`
     --> C:\Users\Devyani\.cargo\registry\src\index.crates.io-1949cf8c6b5b557f\stellar-xdr-20.1.0\src\curr\generated.rs:26440:42
      |
26440 | #[cfg_attr(feature = "arbitrary", derive(Arbitrary))]
      |                                          ^^^^^^^^^ not found in `arbitrary`
      |
      = note: this error originates in the derive macro `Arbitrary` (in Nightly builds, run with -Z macro-backtrace for more info)

error[E0425]: cannot find function `try_recursion_guard` in module `arbitrary::size_hint`
     --> C:\Users\Devyani\.cargo\registry\src\index.crates.io-1949cf8c6b5b557f\stellar-xdr-20.1.0\src\curr\generated.rs:26440:42
      |
26440 |   #[cfg_attr(feature = "arbitrary", derive(Arbitrary))]
      |                                            ^^^^^^^^^
      |
     ::: C:\Users\Devyani\.cargo\registry\src\index.crates.io-1949cf8c6b5b557f\arbitrary-1.3.2\src\size_hint.rs:12:1
      |
   12 | / pub fn recursion_guard(
   13 | |     depth: usize,
   14 | |     f: impl FnOnce(usize) -> (usize, Option<usize>),
   15 | | ) -> (usize, Option<usize>) {
      | |___________________________- similarly named function `recursion_guard` defined here
      |
      = note: this error originates in the derive macro `Arbitrary` (in Nightly builds, run with -Z macro-backtrace for more info)

error[E0576]: cannot find method or associated constant `try_size_hint` in trait `arbitrary::Arbitrary`
     --> C:\Users\Devyani\.cargo\registry\src\index.crates.io-1949cf8c6b5b557f\stellar-xdr-20.1.0\src\curr\generated.rs:26440:42
      |
26440 | #[cfg_attr(feature = "arbitrary", derive(Arbitrary))]
      |                                          ^^^^^^^^^
      |
     ::: C:\Users\Devyani\.cargo\registry\src\index.crates.io-1949cf8c6b5b557f\arbitrary-1.3.2\src\lib.rs:277:5
      |
  277 |     fn size_hint(depth: usize) -> (usize, Option<usize>) {
      |     ---------------------------------------------------- similarly named associated function `size_hint` defined here
      |
      = note: this error originates in the derive macro `Arbitrary` (in Nightly builds, run with -Z macro-backtrace for more info)

error[E0425]: cannot find type `MaxRecursionReached` in crate `arbitrary`
     --> C:\Users\Devyani\.cargo\registry\src\index.crates.io-1949cf8c6b5b557f\stellar-xdr-20.1.0\src\curr\generated.rs:26493:42
      |
26493 | #[cfg_attr(feature = "arbitrary", derive(Arbitrary))]
      |                                          ^^^^^^^^^ not found in `arbitrary`
      |
      = note: this error originates in the derive macro `Arbitrary` (in Nightly builds, run with -Z macro-backtrace for more info)

error[E0425]: cannot find function `try_recursion_guard` in module `arbitrary::size_hint`
     --> C:\Users\Devyani\.cargo\registry\src\index.crates.io-1949cf8c6b5b557f\stellar-xdr-20.1.0\src\curr\generated.rs:26493:42
      |
26493 |   #[cfg_attr(feature = "arbitrary", derive(Arbitrary))]
      |                                            ^^^^^^^^^
      |
     ::: C:\Users\Devyani\.cargo\registry\src\index.crates.io-1949cf8c6b5b557f\arbitrary-1.3.2\src\size_hint.rs:12:1
      |
   12 | / pub fn recursion_guard(
   13 | |     depth: usize,
   14 | |     f: impl FnOnce(usize) -> (usize, Option<usize>),
   15 | | ) -> (usize, Option<usize>) {
      | |___________________________- similarly named function `recursion_guard` defined here
      |
      = note: this error originates in the derive macro `Arbitrary` (in Nightly builds, run with -Z macro-backtrace for more info)

error[E0576]: cannot find method or associated constant `try_size_hint` in trait `arbitrary::Arbitrary`
     --> C:\Users\Devyani\.cargo\registry\src\index.crates.io-1949cf8c6b5b557f\stellar-xdr-20.1.0\src\curr\generated.rs:26493:42
      |
26493 | #[cfg_attr(feature = "arbitrary", derive(Arbitrary))]
      |                                          ^^^^^^^^^
      |
     ::: C:\Users\Devyani\.cargo\registry\src\index.crates.io-1949cf8c6b5b557f\arbitrary-1.3.2\src\lib.rs:277:5
      |
  277 |     fn size_hint(depth: usize) -> (usize, Option<usize>) {
      |     ---------------------------------------------------- similarly named associated function `size_hint` defined here
      |
      = note: this error originates in the derive macro `Arbitrary` (in Nightly builds, run with -Z macro-backtrace for more info)

error[E0425]: cannot find type `MaxRecursionReached` in crate `arbitrary`
     --> C:\Users\Devyani\.cargo\registry\src\index.crates.io-1949cf8c6b5b557f\stellar-xdr-20.1.0\src\curr\generated.rs:26724:42
      |
26724 | #[cfg_attr(feature = "arbitrary", derive(Arbitrary))]
      |                                          ^^^^^^^^^ not found in `arbitrary`
      |
      = note: this error originates in the derive macro `Arbitrary` (in Nightly builds, run with -Z macro-backtrace for more info)

error[E0425]: cannot find function `try_recursion_guard` in module `arbitrary::size_hint`
     --> C:\Users\Devyani\.cargo\registry\src\index.crates.io-1949cf8c6b5b557f\stellar-xdr-20.1.0\src\curr\generated.rs:26724:42
      |
26724 |   #[cfg_attr(feature = "arbitrary", derive(Arbitrary))]
      |                                            ^^^^^^^^^
      |
     ::: C:\Users\Devyani\.cargo\registry\src\index.crates.io-1949cf8c6b5b557f\arbitrary-1.3.2\src\size_hint.rs:12:1
      |
   12 | / pub fn recursion_guard(
   13 | |     depth: usize,
   14 | |     f: impl FnOnce(usize) -> (usize, Option<usize>),
   15 | | ) -> (usize, Option<usize>) {
      | |___________________________- similarly named function `recursion_guard` defined here
      |
      = note: this error originates in the derive macro `Arbitrary` (in Nightly builds, run with -Z macro-backtrace for more info)

error[E0576]: cannot find method or associated constant `try_size_hint` in trait `arbitrary::Arbitrary`
     --> C:\Users\Devyani\.cargo\registry\src\index.crates.io-1949cf8c6b5b557f\stellar-xdr-20.1.0\src\curr\generated.rs:26724:42
      |
26724 | #[cfg_attr(feature = "arbitrary", derive(Arbitrary))]
      |                                          ^^^^^^^^^
      |
     ::: C:\Users\Devyani\.cargo\registry\src\index.crates.io-1949cf8c6b5b557f\arbitrary-1.3.2\src\lib.rs:277:5
      |
  277 |     fn size_hint(depth: usize) -> (usize, Option<usize>) {
      |     ---------------------------------------------------- similarly named associated function `size_hint` defined here
      |
      = note: this error originates in the derive macro `Arbitrary` (in Nightly builds, run with -Z macro-backtrace for more info)

error[E0425]: cannot find type `MaxRecursionReached` in crate `arbitrary`
     --> C:\Users\Devyani\.cargo\registry\src\index.crates.io-1949cf8c6b5b557f\stellar-xdr-20.1.0\src\curr\generated.rs:26836:42
      |
26836 | #[cfg_attr(feature = "arbitrary", derive(Arbitrary))]
      |                                          ^^^^^^^^^ not found in `arbitrary`
      |
      = note: this error originates in the derive macro `Arbitrary` (in Nightly builds, run with -Z macro-backtrace for more info)

error[E0425]: cannot find function `try_recursion_guard` in module `arbitrary::size_hint`
     --> C:\Users\Devyani\.cargo\registry\src\index.crates.io-1949cf8c6b5b557f\stellar-xdr-20.1.0\src\curr\generated.rs:26836:42
      |
26836 |   #[cfg_attr(feature = "arbitrary", derive(Arbitrary))]
      |                                            ^^^^^^^^^
      |
     ::: C:\Users\Devyani\.cargo\registry\src\index.crates.io-1949cf8c6b5b557f\arbitrary-1.3.2\src\size_hint.rs:12:1
      |
   12 | / pub fn recursion_guard(
   13 | |     depth: usize,
   14 | |     f: impl FnOnce(usize) -> (usize, Option<usize>),
   15 | | ) -> (usize, Option<usize>) {
      | |___________________________- similarly named function `recursion_guard` defined here
      |
      = note: this error originates in the derive macro `Arbitrary` (in Nightly builds, run with -Z macro-backtrace for more info)

error[E0576]: cannot find method or associated constant `try_size_hint` in trait `arbitrary::Arbitrary`
     --> C:\Users\Devyani\.cargo\registry\src\index.crates.io-1949cf8c6b5b557f\stellar-xdr-20.1.0\src\curr\generated.rs:26836:42
      |
26836 | #[cfg_attr(feature = "arbitrary", derive(Arbitrary))]
      |                                          ^^^^^^^^^
      |
     ::: C:\Users\Devyani\.cargo\registry\src\index.crates.io-1949cf8c6b5b557f\arbitrary-1.3.2\src\lib.rs:277:5
      |
  277 |     fn size_hint(depth: usize) -> (usize, Option<usize>) {
      |     ---------------------------------------------------- similarly named associated function `size_hint` defined here
      |
      = note: this error originates in the derive macro `Arbitrary` (in Nightly builds, run with -Z macro-backtrace for more info)

error[E0425]: cannot find type `MaxRecursionReached` in crate `arbitrary`
     --> C:\Users\Devyani\.cargo\registry\src\index.crates.io-1949cf8c6b5b557f\stellar-xdr-20.1.0\src\curr\generated.rs:26883:42
      |
26883 | #[cfg_attr(feature = "arbitrary", derive(Arbitrary))]
      |                                          ^^^^^^^^^ not found in `arbitrary`
      |
      = note: this error originates in the derive macro `Arbitrary` (in Nightly builds, run with -Z macro-backtrace for more info)

error[E0425]: cannot find function `try_recursion_guard` in module `arbitrary::size_hint`
     --> C:\Users\Devyani\.cargo\registry\src\index.crates.io-1949cf8c6b5b557f\stellar-xdr-20.1.0\src\curr\generated.rs:26883:42
      |
26883 |   #[cfg_attr(feature = "arbitrary", derive(Arbitrary))]
      |                                            ^^^^^^^^^
      |
     ::: C:\Users\Devyani\.cargo\registry\src\index.crates.io-1949cf8c6b5b557f\arbitrary-1.3.2\src\size_hint.rs:12:1
      |
   12 | / pub fn recursion_guard(
   13 | |     depth: usize,
   14 | |     f: impl FnOnce(usize) -> (usize, Option<usize>),
   15 | | ) -> (usize, Option<usize>) {
      | |___________________________- similarly named function `recursion_guard` defined here
      |
      = note: this error originates in the derive macro `Arbitrary` (in Nightly builds, run with -Z macro-backtrace for more info)

error[E0576]: cannot find method or associated constant `try_size_hint` in trait `arbitrary::Arbitrary`
     --> C:\Users\Devyani\.cargo\registry\src\index.crates.io-1949cf8c6b5b557f\stellar-xdr-20.1.0\src\curr\generated.rs:26883:42
      |
26883 | #[cfg_attr(feature = "arbitrary", derive(Arbitrary))]
      |                                          ^^^^^^^^^
      |
     ::: C:\Users\Devyani\.cargo\registry\src\index.crates.io-1949cf8c6b5b557f\arbitrary-1.3.2\src\lib.rs:277:5
      |
  277 |     fn size_hint(depth: usize) -> (usize, Option<usize>) {
      |     ---------------------------------------------------- similarly named associated function `size_hint` defined here
      |
      = note: this error originates in the derive macro `Arbitrary` (in Nightly builds, run with -Z macro-backtrace for more info)

error[E0425]: cannot find type `MaxRecursionReached` in crate `arbitrary`
     --> C:\Users\Devyani\.cargo\registry\src\index.crates.io-1949cf8c6b5b557f\stellar-xdr-20.1.0\src\curr\generated.rs:27045:42
      |
27045 | #[cfg_attr(feature = "arbitrary", derive(Arbitrary))]
      |                                          ^^^^^^^^^ not found in `arbitrary`
      |
      = note: this error originates in the derive macro `Arbitrary` (in Nightly builds, run with -Z macro-backtrace for more info)

error[E0425]: cannot find function `try_recursion_guard` in module `arbitrary::size_hint`
     --> C:\Users\Devyani\.cargo\registry\src\index.crates.io-1949cf8c6b5b557f\stellar-xdr-20.1.0\src\curr\generated.rs:27045:42
      |
27045 |   #[cfg_attr(feature = "arbitrary", derive(Arbitrary))]
      |                                            ^^^^^^^^^
      |
     ::: C:\Users\Devyani\.cargo\registry\src\index.crates.io-1949cf8c6b5b557f\arbitrary-1.3.2\src\size_hint.rs:12:1
      |
   12 | / pub fn recursion_guard(
   13 | |     depth: usize,
   14 | |     f: impl FnOnce(usize) -> (usize, Option<usize>),
   15 | | ) -> (usize, Option<usize>) {
      | |___________________________- similarly named function `recursion_guard` defined here
      |
      = note: this error originates in the derive macro `Arbitrary` (in Nightly builds, run with -Z macro-backtrace for more info)

error[E0576]: cannot find method or associated constant `try_size_hint` in trait `arbitrary::Arbitrary`
     --> C:\Users\Devyani\.cargo\registry\src\index.crates.io-1949cf8c6b5b557f\stellar-xdr-20.1.0\src\curr\generated.rs:27045:42
      |
27045 | #[cfg_attr(feature = "arbitrary", derive(Arbitrary))]
      |                                          ^^^^^^^^^
      |
     ::: C:\Users\Devyani\.cargo\registry\src\index.crates.io-1949cf8c6b5b557f\arbitrary-1.3.2\src\lib.rs:277:5
      |
  277 |     fn size_hint(depth: usize) -> (usize, Option<usize>) {
      |     ---------------------------------------------------- similarly named associated function `size_hint` defined here
      |
      = note: this error originates in the derive macro `Arbitrary` (in Nightly builds, run with -Z macro-backtrace for more info)

error[E0425]: cannot find type `MaxRecursionReached` in crate `arbitrary`
     --> C:\Users\Devyani\.cargo\registry\src\index.crates.io-1949cf8c6b5b557f\stellar-xdr-20.1.0\src\curr\generated.rs:27154:42
      |
27154 | #[cfg_attr(feature = "arbitrary", derive(Arbitrary))]
      |                                          ^^^^^^^^^ not found in `arbitrary`
      |
      = note: this error originates in the derive macro `Arbitrary` (in Nightly builds, run with -Z macro-backtrace for more info)

error[E0425]: cannot find function `try_recursion_guard` in module `arbitrary::size_hint`
     --> C:\Users\Devyani\.cargo\registry\src\index.crates.io-1949cf8c6b5b557f\stellar-xdr-20.1.0\src\curr\generated.rs:27154:42
      |
27154 |   #[cfg_attr(feature = "arbitrary", derive(Arbitrary))]
      |                                            ^^^^^^^^^
      |
     ::: C:\Users\Devyani\.cargo\registry\src\index.crates.io-1949cf8c6b5b557f\arbitrary-1.3.2\src\size_hint.rs:12:1
      |
   12 | / pub fn recursion_guard(
   13 | |     depth: usize,
   14 | |     f: impl FnOnce(usize) -> (usize, Option<usize>),
   15 | | ) -> (usize, Option<usize>) {
      | |___________________________- similarly named function `recursion_guard` defined here
      |
      = note: this error originates in the derive macro `Arbitrary` (in Nightly builds, run with -Z macro-backtrace for more info)

error[E0576]: cannot find method or associated constant `try_size_hint` in trait `arbitrary::Arbitrary`
     --> C:\Users\Devyani\.cargo\registry\src\index.crates.io-1949cf8c6b5b557f\stellar-xdr-20.1.0\src\curr\generated.rs:27154:42
      |
27154 | #[cfg_attr(feature = "arbitrary", derive(Arbitrary))]
      |                                          ^^^^^^^^^
      |
     ::: C:\Users\Devyani\.cargo\registry\src\index.crates.io-1949cf8c6b5b557f\arbitrary-1.3.2\src\lib.rs:277:5
      |
  277 |     fn size_hint(depth: usize) -> (usize, Option<usize>) {
      |     ---------------------------------------------------- similarly named associated function `size_hint` defined here
      |
      = note: this error originates in the derive macro `Arbitrary` (in Nightly builds, run with -Z macro-backtrace for more info)

error[E0425]: cannot find type `MaxRecursionReached` in crate `arbitrary`
     --> C:\Users\Devyani\.cargo\registry\src\index.crates.io-1949cf8c6b5b557f\stellar-xdr-20.1.0\src\curr\generated.rs:27201:42
      |
27201 | #[cfg_attr(feature = "arbitrary", derive(Arbitrary))]
      |                                          ^^^^^^^^^ not found in `arbitrary`
      |
      = note: this error originates in the derive macro `Arbitrary` (in Nightly builds, run with -Z macro-backtrace for more info)

error[E0425]: cannot find function `try_recursion_guard` in module `arbitrary::size_hint`
     --> C:\Users\Devyani\.cargo\registry\src\index.crates.io-1949cf8c6b5b557f\stellar-xdr-20.1.0\src\curr\generated.rs:27201:42
      |
27201 |   #[cfg_attr(feature = "arbitrary", derive(Arbitrary))]
      |                                            ^^^^^^^^^
      |
     ::: C:\Users\Devyani\.cargo\registry\src\index.crates.io-1949cf8c6b5b557f\arbitrary-1.3.2\src\size_hint.rs:12:1
      |
   12 | / pub fn recursion_guard(
   13 | |     depth: usize,
   14 | |     f: impl FnOnce(usize) -> (usize, Option<usize>),
   15 | | ) -> (usize, Option<usize>) {
      | |___________________________- similarly named function `recursion_guard` defined here
      |
      = note: this error originates in the derive macro `Arbitrary` (in Nightly builds, run with -Z macro-backtrace for more info)

error[E0576]: cannot find method or associated constant `try_size_hint` in trait `arbitrary::Arbitrary`
     --> C:\Users\Devyani\.cargo\registry\src\index.crates.io-1949cf8c6b5b557f\stellar-xdr-20.1.0\src\curr\generated.rs:27201:42
      |
27201 | #[cfg_attr(feature = "arbitrary", derive(Arbitrary))]
      |                                          ^^^^^^^^^
      |
     ::: C:\Users\Devyani\.cargo\registry\src\index.crates.io-1949cf8c6b5b557f\arbitrary-1.3.2\src\lib.rs:277:5
      |
  277 |     fn size_hint(depth: usize) -> (usize, Option<usize>) {
      |     ---------------------------------------------------- similarly named associated function `size_hint` defined here
      |
      = note: this error originates in the derive macro `Arbitrary` (in Nightly builds, run with -Z macro-backtrace for more info)

error[E0425]: cannot find type `MaxRecursionReached` in crate `arbitrary`
     --> C:\Users\Devyani\.cargo\registry\src\index.crates.io-1949cf8c6b5b557f\stellar-xdr-20.1.0\src\curr\generated.rs:27246:42
      |
27246 | #[cfg_attr(feature = "arbitrary", derive(Arbitrary))]
      |                                          ^^^^^^^^^ not found in `arbitrary`
      |
      = note: this error originates in the derive macro `Arbitrary` (in Nightly builds, run with -Z macro-backtrace for more info)

error[E0425]: cannot find function `try_recursion_guard` in module `arbitrary::size_hint`
     --> C:\Users\Devyani\.cargo\registry\src\index.crates.io-1949cf8c6b5b557f\stellar-xdr-20.1.0\src\curr\generated.rs:27246:42
      |
27246 |   #[cfg_attr(feature = "arbitrary", derive(Arbitrary))]
      |                                            ^^^^^^^^^
      |
     ::: C:\Users\Devyani\.cargo\registry\src\index.crates.io-1949cf8c6b5b557f\arbitrary-1.3.2\src\size_hint.rs:12:1
      |
   12 | / pub fn recursion_guard(
   13 | |     depth: usize,
   14 | |     f: impl FnOnce(usize) -> (usize, Option<usize>),
   15 | | ) -> (usize, Option<usize>) {
      | |___________________________- similarly named function `recursion_guard` defined here
      |
      = note: this error originates in the derive macro `Arbitrary` (in Nightly builds, run with -Z macro-backtrace for more info)

error[E0576]: cannot find method or associated constant `try_size_hint` in trait `arbitrary::Arbitrary`
     --> C:\Users\Devyani\.cargo\registry\src\index.crates.io-1949cf8c6b5b557f\stellar-xdr-20.1.0\src\curr\generated.rs:27246:42
      |
27246 | #[cfg_attr(feature = "arbitrary", derive(Arbitrary))]
      |                                          ^^^^^^^^^
      |
     ::: C:\Users\Devyani\.cargo\registry\src\index.crates.io-1949cf8c6b5b557f\arbitrary-1.3.2\src\lib.rs:277:5
      |
  277 |     fn size_hint(depth: usize) -> (usize, Option<usize>) {
      |     ---------------------------------------------------- similarly named associated function `size_hint` defined here
      |
      = note: this error originates in the derive macro `Arbitrary` (in Nightly builds, run with -Z macro-backtrace for more info)

error[E0425]: cannot find type `MaxRecursionReached` in crate `arbitrary`
     --> C:\Users\Devyani\.cargo\registry\src\index.crates.io-1949cf8c6b5b557f\stellar-xdr-20.1.0\src\curr\generated.rs:27290:42
      |
27290 | #[cfg_attr(feature = "arbitrary", derive(Arbitrary))]
      |                                          ^^^^^^^^^ not found in `arbitrary`
      |
      = note: this error originates in the derive macro `Arbitrary` (in Nightly builds, run with -Z macro-backtrace for more info)

error[E0425]: cannot find function `try_recursion_guard` in module `arbitrary::size_hint`
     --> C:\Users\Devyani\.cargo\registry\src\index.crates.io-1949cf8c6b5b557f\stellar-xdr-20.1.0\src\curr\generated.rs:27290:42
      |
27290 |   #[cfg_attr(feature = "arbitrary", derive(Arbitrary))]
      |                                            ^^^^^^^^^
      |
     ::: C:\Users\Devyani\.cargo\registry\src\index.crates.io-1949cf8c6b5b557f\arbitrary-1.3.2\src\size_hint.rs:12:1
      |
   12 | / pub fn recursion_guard(
   13 | |     depth: usize,
   14 | |     f: impl FnOnce(usize) -> (usize, Option<usize>),
   15 | | ) -> (usize, Option<usize>) {
      | |___________________________- similarly named function `recursion_guard` defined here
      |
      = note: this error originates in the derive macro `Arbitrary` (in Nightly builds, run with -Z macro-backtrace for more info)

error[E0576]: cannot find method or associated constant `try_size_hint` in trait `arbitrary::Arbitrary`
     --> C:\Users\Devyani\.cargo\registry\src\index.crates.io-1949cf8c6b5b557f\stellar-xdr-20.1.0\src\curr\generated.rs:27290:42
      |
27290 | #[cfg_attr(feature = "arbitrary", derive(Arbitrary))]
      |                                          ^^^^^^^^^
      |
     ::: C:\Users\Devyani\.cargo\registry\src\index.crates.io-1949cf8c6b5b557f\arbitrary-1.3.2\src\lib.rs:277:5
      |
  277 |     fn size_hint(depth: usize) -> (usize, Option<usize>) {
      |     ---------------------------------------------------- similarly named associated function `size_hint` defined here
      |
      = note: this error originates in the derive macro `Arbitrary` (in Nightly builds, run with -Z macro-backtrace for more info)

error[E0425]: cannot find type `MaxRecursionReached` in crate `arbitrary`
     --> C:\Users\Devyani\.cargo\registry\src\index.crates.io-1949cf8c6b5b557f\stellar-xdr-20.1.0\src\curr\generated.rs:27385:42
      |
27385 | #[cfg_attr(feature = "arbitrary", derive(Arbitrary))]
      |                                          ^^^^^^^^^ not found in `arbitrary`
      |
      = note: this error originates in the derive macro `Arbitrary` (in Nightly builds, run with -Z macro-backtrace for more info)

error[E0425]: cannot find function `try_recursion_guard` in module `arbitrary::size_hint`
     --> C:\Users\Devyani\.cargo\registry\src\index.crates.io-1949cf8c6b5b557f\stellar-xdr-20.1.0\src\curr\generated.rs:27385:42
      |
27385 |   #[cfg_attr(feature = "arbitrary", derive(Arbitrary))]
      |                                            ^^^^^^^^^
      |
     ::: C:\Users\Devyani\.cargo\registry\src\index.crates.io-1949cf8c6b5b557f\arbitrary-1.3.2\src\size_hint.rs:12:1
      |
   12 | / pub fn recursion_guard(
   13 | |     depth: usize,
   14 | |     f: impl FnOnce(usize) -> (usize, Option<usize>),
   15 | | ) -> (usize, Option<usize>) {
      | |___________________________- similarly named function `recursion_guard` defined here
      |
      = note: this error originates in the derive macro `Arbitrary` (in Nightly builds, run with -Z macro-backtrace for more info)

error[E0576]: cannot find method or associated constant `try_size_hint` in trait `arbitrary::Arbitrary`
     --> C:\Users\Devyani\.cargo\registry\src\index.crates.io-1949cf8c6b5b557f\stellar-xdr-20.1.0\src\curr\generated.rs:27385:42
      |
27385 | #[cfg_attr(feature = "arbitrary", derive(Arbitrary))]
      |                                          ^^^^^^^^^
      |
     ::: C:\Users\Devyani\.cargo\registry\src\index.crates.io-1949cf8c6b5b557f\arbitrary-1.3.2\src\lib.rs:277:5
      |
  277 |     fn size_hint(depth: usize) -> (usize, Option<usize>) {
      |     ---------------------------------------------------- similarly named associated function `size_hint` defined here
      |
      = note: this error originates in the derive macro `Arbitrary` (in Nightly builds, run with -Z macro-backtrace for more info)

error[E0425]: cannot find type `MaxRecursionReached` in crate `arbitrary`
     --> C:\Users\Devyani\.cargo\registry\src\index.crates.io-1949cf8c6b5b557f\stellar-xdr-20.1.0\src\curr\generated.rs:27765:42
      |
27765 | #[cfg_attr(feature = "arbitrary", derive(Arbitrary))]
      |                                          ^^^^^^^^^ not found in `arbitrary`
      |
      = note: this error originates in the derive macro `Arbitrary` (in Nightly builds, run with -Z macro-backtrace for more info)

error[E0425]: cannot find function `try_recursion_guard` in module `arbitrary::size_hint`
     --> C:\Users\Devyani\.cargo\registry\src\index.crates.io-1949cf8c6b5b557f\stellar-xdr-20.1.0\src\curr\generated.rs:27765:42
      |
27765 |   #[cfg_attr(feature = "arbitrary", derive(Arbitrary))]
      |                                            ^^^^^^^^^
      |
     ::: C:\Users\Devyani\.cargo\registry\src\index.crates.io-1949cf8c6b5b557f\arbitrary-1.3.2\src\size_hint.rs:12:1
      |
   12 | / pub fn recursion_guard(
   13 | |     depth: usize,
   14 | |     f: impl FnOnce(usize) -> (usize, Option<usize>),
   15 | | ) -> (usize, Option<usize>) {
      | |___________________________- similarly named function `recursion_guard` defined here
      |
      = note: this error originates in the derive macro `Arbitrary` (in Nightly builds, run with -Z macro-backtrace for more info)

error[E0576]: cannot find method or associated constant `try_size_hint` in trait `arbitrary::Arbitrary`
     --> C:\Users\Devyani\.cargo\registry\src\index.crates.io-1949cf8c6b5b557f\stellar-xdr-20.1.0\src\curr\generated.rs:27765:42
      |
27765 | #[cfg_attr(feature = "arbitrary", derive(Arbitrary))]
      |                                          ^^^^^^^^^
      |
     ::: C:\Users\Devyani\.cargo\registry\src\index.crates.io-1949cf8c6b5b557f\arbitrary-1.3.2\src\lib.rs:277:5
      |
  277 |     fn size_hint(depth: usize) -> (usize, Option<usize>) {
      |     ---------------------------------------------------- similarly named associated function `size_hint` defined here
      |
      = note: this error originates in the derive macro `Arbitrary` (in Nightly builds, run with -Z macro-backtrace for more info)

error[E0425]: cannot find type `MaxRecursionReached` in crate `arbitrary`
     --> C:\Users\Devyani\.cargo\registry\src\index.crates.io-1949cf8c6b5b557f\stellar-xdr-20.1.0\src\curr\generated.rs:27811:42
      |
27811 | #[cfg_attr(feature = "arbitrary", derive(Arbitrary))]
      |                                          ^^^^^^^^^ not found in `arbitrary`
      |
      = note: this error originates in the derive macro `Arbitrary` (in Nightly builds, run with -Z macro-backtrace for more info)

error[E0425]: cannot find function `try_recursion_guard` in module `arbitrary::size_hint`
     --> C:\Users\Devyani\.cargo\registry\src\index.crates.io-1949cf8c6b5b557f\stellar-xdr-20.1.0\src\curr\generated.rs:27811:42
      |
27811 |   #[cfg_attr(feature = "arbitrary", derive(Arbitrary))]
      |                                            ^^^^^^^^^
      |
     ::: C:\Users\Devyani\.cargo\registry\src\index.crates.io-1949cf8c6b5b557f\arbitrary-1.3.2\src\size_hint.rs:12:1
      |
   12 | / pub fn recursion_guard(
   13 | |     depth: usize,
   14 | |     f: impl FnOnce(usize) -> (usize, Option<usize>),
   15 | | ) -> (usize, Option<usize>) {
      | |___________________________- similarly named function `recursion_guard` defined here
      |
      = note: this error originates in the derive macro `Arbitrary` (in Nightly builds, run with -Z macro-backtrace for more info)

error[E0576]: cannot find method or associated constant `try_size_hint` in trait `arbitrary::Arbitrary`
     --> C:\Users\Devyani\.cargo\registry\src\index.crates.io-1949cf8c6b5b557f\stellar-xdr-20.1.0\src\curr\generated.rs:27811:42
      |
27811 | #[cfg_attr(feature = "arbitrary", derive(Arbitrary))]
      |                                          ^^^^^^^^^
      |
     ::: C:\Users\Devyani\.cargo\registry\src\index.crates.io-1949cf8c6b5b557f\arbitrary-1.3.2\src\lib.rs:277:5
      |
  277 |     fn size_hint(depth: usize) -> (usize, Option<usize>) {
      |     ---------------------------------------------------- similarly named associated function `size_hint` defined here
      |
      = note: this error originates in the derive macro `Arbitrary` (in Nightly builds, run with -Z macro-backtrace for more info)

error[E0425]: cannot find type `MaxRecursionReached` in crate `arbitrary`
     --> C:\Users\Devyani\.cargo\registry\src\index.crates.io-1949cf8c6b5b557f\stellar-xdr-20.1.0\src\curr\generated.rs:27862:42
      |
27862 | #[cfg_attr(feature = "arbitrary", derive(Arbitrary))]
      |                                          ^^^^^^^^^ not found in `arbitrary`
      |
      = note: this error originates in the derive macro `Arbitrary` (in Nightly builds, run with -Z macro-backtrace for more info)

error[E0425]: cannot find function `try_recursion_guard` in module `arbitrary::size_hint`
     --> C:\Users\Devyani\.cargo\registry\src\index.crates.io-1949cf8c6b5b557f\stellar-xdr-20.1.0\src\curr\generated.rs:27862:42
      |
27862 |   #[cfg_attr(feature = "arbitrary", derive(Arbitrary))]
      |                                            ^^^^^^^^^
      |
     ::: C:\Users\Devyani\.cargo\registry\src\index.crates.io-1949cf8c6b5b557f\arbitrary-1.3.2\src\size_hint.rs:12:1
      |
   12 | / pub fn recursion_guard(
   13 | |     depth: usize,
   14 | |     f: impl FnOnce(usize) -> (usize, Option<usize>),
   15 | | ) -> (usize, Option<usize>) {
      | |___________________________- similarly named function `recursion_guard` defined here
      |
      = note: this error originates in the derive macro `Arbitrary` (in Nightly builds, run with -Z macro-backtrace for more info)

error[E0576]: cannot find method or associated constant `try_size_hint` in trait `arbitrary::Arbitrary`
     --> C:\Users\Devyani\.cargo\registry\src\index.crates.io-1949cf8c6b5b557f\stellar-xdr-20.1.0\src\curr\generated.rs:27862:42
      |
27862 | #[cfg_attr(feature = "arbitrary", derive(Arbitrary))]
      |                                          ^^^^^^^^^
      |
     ::: C:\Users\Devyani\.cargo\registry\src\index.crates.io-1949cf8c6b5b557f\arbitrary-1.3.2\src\lib.rs:277:5
      |
  277 |     fn size_hint(depth: usize) -> (usize, Option<usize>) {
      |     ---------------------------------------------------- similarly named associated function `size_hint` defined here
      |
      = note: this error originates in the derive macro `Arbitrary` (in Nightly builds, run with -Z macro-backtrace for more info)

error[E0425]: cannot find type `MaxRecursionReached` in crate `arbitrary`
     --> C:\Users\Devyani\.cargo\registry\src\index.crates.io-1949cf8c6b5b557f\stellar-xdr-20.1.0\src\curr\generated.rs:27916:42
      |
27916 | #[cfg_attr(feature = "arbitrary", derive(Arbitrary))]
      |                                          ^^^^^^^^^ not found in `arbitrary`
      |
      = note: this error originates in the derive macro `Arbitrary` (in Nightly builds, run with -Z macro-backtrace for more info)

error[E0425]: cannot find function `try_recursion_guard` in module `arbitrary::size_hint`
     --> C:\Users\Devyani\.cargo\registry\src\index.crates.io-1949cf8c6b5b557f\stellar-xdr-20.1.0\src\curr\generated.rs:27916:42
      |
27916 |   #[cfg_attr(feature = "arbitrary", derive(Arbitrary))]
      |                                            ^^^^^^^^^
      |
     ::: C:\Users\Devyani\.cargo\registry\src\index.crates.io-1949cf8c6b5b557f\arbitrary-1.3.2\src\size_hint.rs:12:1
      |
   12 | / pub fn recursion_guard(
   13 | |     depth: usize,
   14 | |     f: impl FnOnce(usize) -> (usize, Option<usize>),
   15 | | ) -> (usize, Option<usize>) {
      | |___________________________- similarly named function `recursion_guard` defined here
      |
      = note: this error originates in the derive macro `Arbitrary` (in Nightly builds, run with -Z macro-backtrace for more info)

error[E0576]: cannot find method or associated constant `try_size_hint` in trait `arbitrary::Arbitrary`
     --> C:\Users\Devyani\.cargo\registry\src\index.crates.io-1949cf8c6b5b557f\stellar-xdr-20.1.0\src\curr\generated.rs:27916:42
      |
27916 | #[cfg_attr(feature = "arbitrary", derive(Arbitrary))]
      |                                          ^^^^^^^^^
      |
     ::: C:\Users\Devyani\.cargo\registry\src\index.crates.io-1949cf8c6b5b557f\arbitrary-1.3.2\src\lib.rs:277:5
      |
  277 |     fn size_hint(depth: usize) -> (usize, Option<usize>) {
      |     ---------------------------------------------------- similarly named associated function `size_hint` defined here
      |
      = note: this error originates in the derive macro `Arbitrary` (in Nightly builds, run with -Z macro-backtrace for more info)

error[E0425]: cannot find type `MaxRecursionReached` in crate `arbitrary`
     --> C:\Users\Devyani\.cargo\registry\src\index.crates.io-1949cf8c6b5b557f\stellar-xdr-20.1.0\src\curr\generated.rs:27963:42
      |
27963 | #[cfg_attr(feature = "arbitrary", derive(Arbitrary))]
      |                                          ^^^^^^^^^ not found in `arbitrary`
      |
      = note: this error originates in the derive macro `Arbitrary` (in Nightly builds, run with -Z macro-backtrace for more info)

error[E0425]: cannot find function `try_recursion_guard` in module `arbitrary::size_hint`
     --> C:\Users\Devyani\.cargo\registry\src\index.crates.io-1949cf8c6b5b557f\stellar-xdr-20.1.0\src\curr\generated.rs:27963:42
      |
27963 |   #[cfg_attr(feature = "arbitrary", derive(Arbitrary))]
      |                                            ^^^^^^^^^
      |
     ::: C:\Users\Devyani\.cargo\registry\src\index.crates.io-1949cf8c6b5b557f\arbitrary-1.3.2\src\size_hint.rs:12:1
      |
   12 | / pub fn recursion_guard(
   13 | |     depth: usize,
   14 | |     f: impl FnOnce(usize) -> (usize, Option<usize>),
   15 | | ) -> (usize, Option<usize>) {
      | |___________________________- similarly named function `recursion_guard` defined here
      |
      = note: this error originates in the derive macro `Arbitrary` (in Nightly builds, run with -Z macro-backtrace for more info)

error[E0576]: cannot find method or associated constant `try_size_hint` in trait `arbitrary::Arbitrary`
     --> C:\Users\Devyani\.cargo\registry\src\index.crates.io-1949cf8c6b5b557f\stellar-xdr-20.1.0\src\curr\generated.rs:27963:42
      |
27963 | #[cfg_attr(feature = "arbitrary", derive(Arbitrary))]
      |                                          ^^^^^^^^^
      |
     ::: C:\Users\Devyani\.cargo\registry\src\index.crates.io-1949cf8c6b5b557f\arbitrary-1.3.2\src\lib.rs:277:5
      |
  277 |     fn size_hint(depth: usize) -> (usize, Option<usize>) {
      |     ---------------------------------------------------- similarly named associated function `size_hint` defined here
      |
      = note: this error originates in the derive macro `Arbitrary` (in Nightly builds, run with -Z macro-backtrace for more info)

error[E0425]: cannot find type `MaxRecursionReached` in crate `arbitrary`
     --> C:\Users\Devyani\.cargo\registry\src\index.crates.io-1949cf8c6b5b557f\stellar-xdr-20.1.0\src\curr\generated.rs:28043:42
      |
28043 | #[cfg_attr(feature = "arbitrary", derive(Arbitrary))]
      |                                          ^^^^^^^^^ not found in `arbitrary`
      |
      = note: this error originates in the derive macro `Arbitrary` (in Nightly builds, run with -Z macro-backtrace for more info)

error[E0425]: cannot find function `try_recursion_guard` in module `arbitrary::size_hint`
     --> C:\Users\Devyani\.cargo\registry\src\index.crates.io-1949cf8c6b5b557f\stellar-xdr-20.1.0\src\curr\generated.rs:28043:42
      |
28043 |   #[cfg_attr(feature = "arbitrary", derive(Arbitrary))]
      |                                            ^^^^^^^^^
      |
     ::: C:\Users\Devyani\.cargo\registry\src\index.crates.io-1949cf8c6b5b557f\arbitrary-1.3.2\src\size_hint.rs:12:1
      |
   12 | / pub fn recursion_guard(
   13 | |     depth: usize,
   14 | |     f: impl FnOnce(usize) -> (usize, Option<usize>),
   15 | | ) -> (usize, Option<usize>) {
      | |___________________________- similarly named function `recursion_guard` defined here
      |
      = note: this error originates in the derive macro `Arbitrary` (in Nightly builds, run with -Z macro-backtrace for more info)

error[E0576]: cannot find method or associated constant `try_size_hint` in trait `arbitrary::Arbitrary`
     --> C:\Users\Devyani\.cargo\registry\src\index.crates.io-1949cf8c6b5b557f\stellar-xdr-20.1.0\src\curr\generated.rs:28043:42
      |
28043 | #[cfg_attr(feature = "arbitrary", derive(Arbitrary))]
      |                                          ^^^^^^^^^
      |
     ::: C:\Users\Devyani\.cargo\registry\src\index.crates.io-1949cf8c6b5b557f\arbitrary-1.3.2\src\lib.rs:277:5
      |
  277 |     fn size_hint(depth: usize) -> (usize, Option<usize>) {
      |     ---------------------------------------------------- similarly named associated function `size_hint` defined here
      |
      = note: this error originates in the derive macro `Arbitrary` (in Nightly builds, run with -Z macro-backtrace for more info)

error[E0425]: cannot find type `MaxRecursionReached` in crate `arbitrary`
     --> C:\Users\Devyani\.cargo\registry\src\index.crates.io-1949cf8c6b5b557f\stellar-xdr-20.1.0\src\curr\generated.rs:28305:42
      |
28305 | #[cfg_attr(feature = "arbitrary", derive(Arbitrary))]
      |                                          ^^^^^^^^^ not found in `arbitrary`
      |
      = note: this error originates in the derive macro `Arbitrary` (in Nightly builds, run with -Z macro-backtrace for more info)

error[E0425]: cannot find function `try_recursion_guard` in module `arbitrary::size_hint`
     --> C:\Users\Devyani\.cargo\registry\src\index.crates.io-1949cf8c6b5b557f\stellar-xdr-20.1.0\src\curr\generated.rs:28305:42
      |
28305 |   #[cfg_attr(feature = "arbitrary", derive(Arbitrary))]
      |                                            ^^^^^^^^^
      |
     ::: C:\Users\Devyani\.cargo\registry\src\index.crates.io-1949cf8c6b5b557f\arbitrary-1.3.2\src\size_hint.rs:12:1
      |
   12 | / pub fn recursion_guard(
   13 | |     depth: usize,
   14 | |     f: impl FnOnce(usize) -> (usize, Option<usize>),
   15 | | ) -> (usize, Option<usize>) {
      | |___________________________- similarly named function `recursion_guard` defined here
      |
      = note: this error originates in the derive macro `Arbitrary` (in Nightly builds, run with -Z macro-backtrace for more info)

error[E0576]: cannot find method or associated constant `try_size_hint` in trait `arbitrary::Arbitrary`
     --> C:\Users\Devyani\.cargo\registry\src\index.crates.io-1949cf8c6b5b557f\stellar-xdr-20.1.0\src\curr\generated.rs:28305:42
      |
28305 | #[cfg_attr(feature = "arbitrary", derive(Arbitrary))]
      |                                          ^^^^^^^^^
      |
     ::: C:\Users\Devyani\.cargo\registry\src\index.crates.io-1949cf8c6b5b557f\arbitrary-1.3.2\src\lib.rs:277:5
      |
  277 |     fn size_hint(depth: usize) -> (usize, Option<usize>) {
      |     ---------------------------------------------------- similarly named associated function `size_hint` defined here
      |
      = note: this error originates in the derive macro `Arbitrary` (in Nightly builds, run with -Z macro-backtrace for more info)

error[E0425]: cannot find type `MaxRecursionReached` in crate `arbitrary`
     --> C:\Users\Devyani\.cargo\registry\src\index.crates.io-1949cf8c6b5b557f\stellar-xdr-20.1.0\src\curr\generated.rs:28430:42
      |
28430 | #[cfg_attr(feature = "arbitrary", derive(Arbitrary))]
      |                                          ^^^^^^^^^ not found in `arbitrary`
      |
      = note: this error originates in the derive macro `Arbitrary` (in Nightly builds, run with -Z macro-backtrace for more info)

error[E0425]: cannot find function `try_recursion_guard` in module `arbitrary::size_hint`
     --> C:\Users\Devyani\.cargo\registry\src\index.crates.io-1949cf8c6b5b557f\stellar-xdr-20.1.0\src\curr\generated.rs:28430:42
      |
28430 |   #[cfg_attr(feature = "arbitrary", derive(Arbitrary))]
      |                                            ^^^^^^^^^
      |
     ::: C:\Users\Devyani\.cargo\registry\src\index.crates.io-1949cf8c6b5b557f\arbitrary-1.3.2\src\size_hint.rs:12:1
      |
   12 | / pub fn recursion_guard(
   13 | |     depth: usize,
   14 | |     f: impl FnOnce(usize) -> (usize, Option<usize>),
   15 | | ) -> (usize, Option<usize>) {
      | |___________________________- similarly named function `recursion_guard` defined here
      |
      = note: this error originates in the derive macro `Arbitrary` (in Nightly builds, run with -Z macro-backtrace for more info)

error[E0576]: cannot find method or associated constant `try_size_hint` in trait `arbitrary::Arbitrary`
     --> C:\Users\Devyani\.cargo\registry\src\index.crates.io-1949cf8c6b5b557f\stellar-xdr-20.1.0\src\curr\generated.rs:28430:42
      |
28430 | #[cfg_attr(feature = "arbitrary", derive(Arbitrary))]
      |                                          ^^^^^^^^^
      |
     ::: C:\Users\Devyani\.cargo\registry\src\index.crates.io-1949cf8c6b5b557f\arbitrary-1.3.2\src\lib.rs:277:5
      |
  277 |     fn size_hint(depth: usize) -> (usize, Option<usize>) {
      |     ---------------------------------------------------- similarly named associated function `size_hint` defined here
      |
      = note: this error originates in the derive macro `Arbitrary` (in Nightly builds, run with -Z macro-backtrace for more info)

error[E0425]: cannot find type `MaxRecursionReached` in crate `arbitrary`
     --> C:\Users\Devyani\.cargo\registry\src\index.crates.io-1949cf8c6b5b557f\stellar-xdr-20.1.0\src\curr\generated.rs:28475:42
      |
28475 | #[cfg_attr(feature = "arbitrary", derive(Arbitrary))]
      |                                          ^^^^^^^^^ not found in `arbitrary`
      |
      = note: this error originates in the derive macro `Arbitrary` (in Nightly builds, run with -Z macro-backtrace for more info)

error[E0425]: cannot find function `try_recursion_guard` in module `arbitrary::size_hint`
     --> C:\Users\Devyani\.cargo\registry\src\index.crates.io-1949cf8c6b5b557f\stellar-xdr-20.1.0\src\curr\generated.rs:28475:42
      |
28475 |   #[cfg_attr(feature = "arbitrary", derive(Arbitrary))]
      |                                            ^^^^^^^^^
      |
     ::: C:\Users\Devyani\.cargo\registry\src\index.crates.io-1949cf8c6b5b557f\arbitrary-1.3.2\src\size_hint.rs:12:1
      |
   12 | / pub fn recursion_guard(
   13 | |     depth: usize,
   14 | |     f: impl FnOnce(usize) -> (usize, Option<usize>),
   15 | | ) -> (usize, Option<usize>) {
      | |___________________________- similarly named function `recursion_guard` defined here
      |
      = note: this error originates in the derive macro `Arbitrary` (in Nightly builds, run with -Z macro-backtrace for more info)

error[E0576]: cannot find method or associated constant `try_size_hint` in trait `arbitrary::Arbitrary`
     --> C:\Users\Devyani\.cargo\registry\src\index.crates.io-1949cf8c6b5b557f\stellar-xdr-20.1.0\src\curr\generated.rs:28475:42
      |
28475 | #[cfg_attr(feature = "arbitrary", derive(Arbitrary))]
      |                                          ^^^^^^^^^
      |
     ::: C:\Users\Devyani\.cargo\registry\src\index.crates.io-1949cf8c6b5b557f\arbitrary-1.3.2\src\lib.rs:277:5
      |
  277 |     fn size_hint(depth: usize) -> (usize, Option<usize>) {
      |     ---------------------------------------------------- similarly named associated function `size_hint` defined here
      |
      = note: this error originates in the derive macro `Arbitrary` (in Nightly builds, run with -Z macro-backtrace for more info)

error[E0425]: cannot find type `MaxRecursionReached` in crate `arbitrary`
     --> C:\Users\Devyani\.cargo\registry\src\index.crates.io-1949cf8c6b5b557f\stellar-xdr-20.1.0\src\curr\generated.rs:28547:42
      |
28547 | #[cfg_attr(feature = "arbitrary", derive(Arbitrary))]
      |                                          ^^^^^^^^^ not found in `arbitrary`
      |
      = note: this error originates in the derive macro `Arbitrary` (in Nightly builds, run with -Z macro-backtrace for more info)

error[E0425]: cannot find function `try_recursion_guard` in module `arbitrary::size_hint`
     --> C:\Users\Devyani\.cargo\registry\src\index.crates.io-1949cf8c6b5b557f\stellar-xdr-20.1.0\src\curr\generated.rs:28547:42
      |
28547 |   #[cfg_attr(feature = "arbitrary", derive(Arbitrary))]
      |                                            ^^^^^^^^^
      |
     ::: C:\Users\Devyani\.cargo\registry\src\index.crates.io-1949cf8c6b5b557f\arbitrary-1.3.2\src\size_hint.rs:12:1
      |
   12 | / pub fn recursion_guard(
   13 | |     depth: usize,
   14 | |     f: impl FnOnce(usize) -> (usize, Option<usize>),
   15 | | ) -> (usize, Option<usize>) {
      | |___________________________- similarly named function `recursion_guard` defined here
      |
      = note: this error originates in the derive macro `Arbitrary` (in Nightly builds, run with -Z macro-backtrace for more info)

error[E0576]: cannot find method or associated constant `try_size_hint` in trait `arbitrary::Arbitrary`
     --> C:\Users\Devyani\.cargo\registry\src\index.crates.io-1949cf8c6b5b557f\stellar-xdr-20.1.0\src\curr\generated.rs:28547:42
      |
28547 | #[cfg_attr(feature = "arbitrary", derive(Arbitrary))]
      |                                          ^^^^^^^^^
      |
     ::: C:\Users\Devyani\.cargo\registry\src\index.crates.io-1949cf8c6b5b557f\arbitrary-1.3.2\src\lib.rs:277:5
      |
  277 |     fn size_hint(depth: usize) -> (usize, Option<usize>) {
      |     ---------------------------------------------------- similarly named associated function `size_hint` defined here
      |
      = note: this error originates in the derive macro `Arbitrary` (in Nightly builds, run with -Z macro-backtrace for more info)

error[E0425]: cannot find type `MaxRecursionReached` in crate `arbitrary`
     --> C:\Users\Devyani\.cargo\registry\src\index.crates.io-1949cf8c6b5b557f\stellar-xdr-20.1.0\src\curr\generated.rs:28722:42
      |
28722 | #[cfg_attr(feature = "arbitrary", derive(Arbitrary))]
      |                                          ^^^^^^^^^ not found in `arbitrary`
      |
      = note: this error originates in the derive macro `Arbitrary` (in Nightly builds, run with -Z macro-backtrace for more info)

error[E0425]: cannot find function `try_recursion_guard` in module `arbitrary::size_hint`
     --> C:\Users\Devyani\.cargo\registry\src\index.crates.io-1949cf8c6b5b557f\stellar-xdr-20.1.0\src\curr\generated.rs:28722:42
      |
28722 |   #[cfg_attr(feature = "arbitrary", derive(Arbitrary))]
      |                                            ^^^^^^^^^
      |
     ::: C:\Users\Devyani\.cargo\registry\src\index.crates.io-1949cf8c6b5b557f\arbitrary-1.3.2\src\size_hint.rs:12:1
      |
   12 | / pub fn recursion_guard(
   13 | |     depth: usize,
   14 | |     f: impl FnOnce(usize) -> (usize, Option<usize>),
   15 | | ) -> (usize, Option<usize>) {
      | |___________________________- similarly named function `recursion_guard` defined here
      |
      = note: this error originates in the derive macro `Arbitrary` (in Nightly builds, run with -Z macro-backtrace for more info)

error[E0576]: cannot find method or associated constant `try_size_hint` in trait `arbitrary::Arbitrary`
     --> C:\Users\Devyani\.cargo\registry\src\index.crates.io-1949cf8c6b5b557f\stellar-xdr-20.1.0\src\curr\generated.rs:28722:42
      |
28722 | #[cfg_attr(feature = "arbitrary", derive(Arbitrary))]
      |                                          ^^^^^^^^^
      |
     ::: C:\Users\Devyani\.cargo\registry\src\index.crates.io-1949cf8c6b5b557f\arbitrary-1.3.2\src\lib.rs:277:5
      |
  277 |     fn size_hint(depth: usize) -> (usize, Option<usize>) {
      |     ---------------------------------------------------- similarly named associated function `size_hint` defined here
      |
      = note: this error originates in the derive macro `Arbitrary` (in Nightly builds, run with -Z macro-backtrace for more info)

error[E0425]: cannot find type `MaxRecursionReached` in crate `arbitrary`
     --> C:\Users\Devyani\.cargo\registry\src\index.crates.io-1949cf8c6b5b557f\stellar-xdr-20.1.0\src\curr\generated.rs:28835:42
      |
28835 | #[cfg_attr(feature = "arbitrary", derive(Arbitrary))]
      |                                          ^^^^^^^^^ not found in `arbitrary`
      |
      = note: this error originates in the derive macro `Arbitrary` (in Nightly builds, run with -Z macro-backtrace for more info)

error[E0425]: cannot find function `try_recursion_guard` in module `arbitrary::size_hint`
     --> C:\Users\Devyani\.cargo\registry\src\index.crates.io-1949cf8c6b5b557f\stellar-xdr-20.1.0\src\curr\generated.rs:28835:42
      |
28835 |   #[cfg_attr(feature = "arbitrary", derive(Arbitrary))]
      |                                            ^^^^^^^^^
      |
     ::: C:\Users\Devyani\.cargo\registry\src\index.crates.io-1949cf8c6b5b557f\arbitrary-1.3.2\src\size_hint.rs:12:1
      |
   12 | / pub fn recursion_guard(
   13 | |     depth: usize,
   14 | |     f: impl FnOnce(usize) -> (usize, Option<usize>),
   15 | | ) -> (usize, Option<usize>) {
      | |___________________________- similarly named function `recursion_guard` defined here
      |
      = note: this error originates in the derive macro `Arbitrary` (in Nightly builds, run with -Z macro-backtrace for more info)

error[E0576]: cannot find method or associated constant `try_size_hint` in trait `arbitrary::Arbitrary`
     --> C:\Users\Devyani\.cargo\registry\src\index.crates.io-1949cf8c6b5b557f\stellar-xdr-20.1.0\src\curr\generated.rs:28835:42
      |
28835 | #[cfg_attr(feature = "arbitrary", derive(Arbitrary))]
      |                                          ^^^^^^^^^
      |
     ::: C:\Users\Devyani\.cargo\registry\src\index.crates.io-1949cf8c6b5b557f\arbitrary-1.3.2\src\lib.rs:277:5
      |
  277 |     fn size_hint(depth: usize) -> (usize, Option<usize>) {
      |     ---------------------------------------------------- similarly named associated function `size_hint` defined here
      |
      = note: this error originates in the derive macro `Arbitrary` (in Nightly builds, run with -Z macro-backtrace for more info)

error[E0425]: cannot find type `MaxRecursionReached` in crate `arbitrary`
     --> C:\Users\Devyani\.cargo\registry\src\index.crates.io-1949cf8c6b5b557f\stellar-xdr-20.1.0\src\curr\generated.rs:28887:42
      |
28887 | #[cfg_attr(feature = "arbitrary", derive(Arbitrary))]
      |                                          ^^^^^^^^^ not found in `arbitrary`
      |
      = note: this error originates in the derive macro `Arbitrary` (in Nightly builds, run with -Z macro-backtrace for more info)

error[E0425]: cannot find function `try_recursion_guard` in module `arbitrary::size_hint`
     --> C:\Users\Devyani\.cargo\registry\src\index.crates.io-1949cf8c6b5b557f\stellar-xdr-20.1.0\src\curr\generated.rs:28887:42
      |
28887 |   #[cfg_attr(feature = "arbitrary", derive(Arbitrary))]
      |                                            ^^^^^^^^^
      |
     ::: C:\Users\Devyani\.cargo\registry\src\index.crates.io-1949cf8c6b5b557f\arbitrary-1.3.2\src\size_hint.rs:12:1
      |
   12 | / pub fn recursion_guard(
   13 | |     depth: usize,
   14 | |     f: impl FnOnce(usize) -> (usize, Option<usize>),
   15 | | ) -> (usize, Option<usize>) {
      | |___________________________- similarly named function `recursion_guard` defined here
      |
      = note: this error originates in the derive macro `Arbitrary` (in Nightly builds, run with -Z macro-backtrace for more info)

error[E0576]: cannot find method or associated constant `try_size_hint` in trait `arbitrary::Arbitrary`
     --> C:\Users\Devyani\.cargo\registry\src\index.crates.io-1949cf8c6b5b557f\stellar-xdr-20.1.0\src\curr\generated.rs:28887:42
      |
28887 | #[cfg_attr(feature = "arbitrary", derive(Arbitrary))]
      |                                          ^^^^^^^^^
      |
     ::: C:\Users\Devyani\.cargo\registry\src\index.crates.io-1949cf8c6b5b557f\arbitrary-1.3.2\src\lib.rs:277:5
      |
  277 |     fn size_hint(depth: usize) -> (usize, Option<usize>) {
      |     ---------------------------------------------------- similarly named associated function `size_hint` defined here
      |
      = note: this error originates in the derive macro `Arbitrary` (in Nightly builds, run with -Z macro-backtrace for more info)

error[E0425]: cannot find type `MaxRecursionReached` in crate `arbitrary`
     --> C:\Users\Devyani\.cargo\registry\src\index.crates.io-1949cf8c6b5b557f\stellar-xdr-20.1.0\src\curr\generated.rs:28948:42
      |
28948 | #[cfg_attr(feature = "arbitrary", derive(Arbitrary))]
      |                                          ^^^^^^^^^ not found in `arbitrary`
      |
      = note: this error originates in the derive macro `Arbitrary` (in Nightly builds, run with -Z macro-backtrace for more info)

error[E0425]: cannot find function `try_recursion_guard` in module `arbitrary::size_hint`
     --> C:\Users\Devyani\.cargo\registry\src\index.crates.io-1949cf8c6b5b557f\stellar-xdr-20.1.0\src\curr\generated.rs:28948:42
      |
28948 |   #[cfg_attr(feature = "arbitrary", derive(Arbitrary))]
      |                                            ^^^^^^^^^
      |
     ::: C:\Users\Devyani\.cargo\registry\src\index.crates.io-1949cf8c6b5b557f\arbitrary-1.3.2\src\size_hint.rs:12:1
      |
   12 | / pub fn recursion_guard(
   13 | |     depth: usize,
   14 | |     f: impl FnOnce(usize) -> (usize, Option<usize>),
   15 | | ) -> (usize, Option<usize>) {
      | |___________________________- similarly named function `recursion_guard` defined here
      |
      = note: this error originates in the derive macro `Arbitrary` (in Nightly builds, run with -Z macro-backtrace for more info)

error[E0576]: cannot find method or associated constant `try_size_hint` in trait `arbitrary::Arbitrary`
     --> C:\Users\Devyani\.cargo\registry\src\index.crates.io-1949cf8c6b5b557f\stellar-xdr-20.1.0\src\curr\generated.rs:28948:42
      |
28948 | #[cfg_attr(feature = "arbitrary", derive(Arbitrary))]
      |                                          ^^^^^^^^^
      |
     ::: C:\Users\Devyani\.cargo\registry\src\index.crates.io-1949cf8c6b5b557f\arbitrary-1.3.2\src\lib.rs:277:5
      |
  277 |     fn size_hint(depth: usize) -> (usize, Option<usize>) {
      |     ---------------------------------------------------- similarly named associated function `size_hint` defined here
      |
      = note: this error originates in the derive macro `Arbitrary` (in Nightly builds, run with -Z macro-backtrace for more info)

error[E0425]: cannot find type `MaxRecursionReached` in crate `arbitrary`
     --> C:\Users\Devyani\.cargo\registry\src\index.crates.io-1949cf8c6b5b557f\stellar-xdr-20.1.0\src\curr\generated.rs:29106:42
      |
29106 | #[cfg_attr(feature = "arbitrary", derive(Arbitrary))]
      |                                          ^^^^^^^^^ not found in `arbitrary`
      |
      = note: this error originates in the derive macro `Arbitrary` (in Nightly builds, run with -Z macro-backtrace for more info)

error[E0425]: cannot find function `try_recursion_guard` in module `arbitrary::size_hint`
     --> C:\Users\Devyani\.cargo\registry\src\index.crates.io-1949cf8c6b5b557f\stellar-xdr-20.1.0\src\curr\generated.rs:29106:42
      |
29106 |   #[cfg_attr(feature = "arbitrary", derive(Arbitrary))]
      |                                            ^^^^^^^^^
      |
     ::: C:\Users\Devyani\.cargo\registry\src\index.crates.io-1949cf8c6b5b557f\arbitrary-1.3.2\src\size_hint.rs:12:1
      |
   12 | / pub fn recursion_guard(
   13 | |     depth: usize,
   14 | |     f: impl FnOnce(usize) -> (usize, Option<usize>),
   15 | | ) -> (usize, Option<usize>) {
      | |___________________________- similarly named function `recursion_guard` defined here
      |
      = note: this error originates in the derive macro `Arbitrary` (in Nightly builds, run with -Z macro-backtrace for more info)

error[E0576]: cannot find method or associated constant `try_size_hint` in trait `arbitrary::Arbitrary`
     --> C:\Users\Devyani\.cargo\registry\src\index.crates.io-1949cf8c6b5b557f\stellar-xdr-20.1.0\src\curr\generated.rs:29106:42
      |
29106 | #[cfg_attr(feature = "arbitrary", derive(Arbitrary))]
      |                                          ^^^^^^^^^
      |
     ::: C:\Users\Devyani\.cargo\registry\src\index.crates.io-1949cf8c6b5b557f\arbitrary-1.3.2\src\lib.rs:277:5
      |
  277 |     fn size_hint(depth: usize) -> (usize, Option<usize>) {
      |     ---------------------------------------------------- similarly named associated function `size_hint` defined here
      |
      = note: this error originates in the derive macro `Arbitrary` (in Nightly builds, run with -Z macro-backtrace for more info)

error[E0425]: cannot find type `MaxRecursionReached` in crate `arbitrary`
     --> C:\Users\Devyani\.cargo\registry\src\index.crates.io-1949cf8c6b5b557f\stellar-xdr-20.1.0\src\curr\generated.rs:29168:42
      |
29168 | #[cfg_attr(feature = "arbitrary", derive(Arbitrary))]
      |                                          ^^^^^^^^^ not found in `arbitrary`
      |
      = note: this error originates in the derive macro `Arbitrary` (in Nightly builds, run with -Z macro-backtrace for more info)

error[E0425]: cannot find function `try_recursion_guard` in module `arbitrary::size_hint`
     --> C:\Users\Devyani\.cargo\registry\src\index.crates.io-1949cf8c6b5b557f\stellar-xdr-20.1.0\src\curr\generated.rs:29168:42
      |
29168 |   #[cfg_attr(feature = "arbitrary", derive(Arbitrary))]
      |                                            ^^^^^^^^^
      |
     ::: C:\Users\Devyani\.cargo\registry\src\index.crates.io-1949cf8c6b5b557f\arbitrary-1.3.2\src\size_hint.rs:12:1
      |
   12 | / pub fn recursion_guard(
   13 | |     depth: usize,
   14 | |     f: impl FnOnce(usize) -> (usize, Option<usize>),
   15 | | ) -> (usize, Option<usize>) {
      | |___________________________- similarly named function `recursion_guard` defined here
      |
      = note: this error originates in the derive macro `Arbitrary` (in Nightly builds, run with -Z macro-backtrace for more info)

error[E0576]: cannot find method or associated constant `try_size_hint` in trait `arbitrary::Arbitrary`
     --> C:\Users\Devyani\.cargo\registry\src\index.crates.io-1949cf8c6b5b557f\stellar-xdr-20.1.0\src\curr\generated.rs:29168:42
      |
29168 | #[cfg_attr(feature = "arbitrary", derive(Arbitrary))]
      |                                          ^^^^^^^^^
      |
     ::: C:\Users\Devyani\.cargo\registry\src\index.crates.io-1949cf8c6b5b557f\arbitrary-1.3.2\src\lib.rs:277:5
      |
  277 |     fn size_hint(depth: usize) -> (usize, Option<usize>) {
      |     ---------------------------------------------------- similarly named associated function `size_hint` defined here
      |
      = note: this error originates in the derive macro `Arbitrary` (in Nightly builds, run with -Z macro-backtrace for more info)

error[E0425]: cannot find type `MaxRecursionReached` in crate `arbitrary`
     --> C:\Users\Devyani\.cargo\registry\src\index.crates.io-1949cf8c6b5b557f\stellar-xdr-20.1.0\src\curr\generated.rs:29216:42
      |
29216 | #[cfg_attr(feature = "arbitrary", derive(Arbitrary))]
      |                                          ^^^^^^^^^ not found in `arbitrary`
      |
      = note: this error originates in the derive macro `Arbitrary` (in Nightly builds, run with -Z macro-backtrace for more info)

error[E0425]: cannot find function `try_recursion_guard` in module `arbitrary::size_hint`
     --> C:\Users\Devyani\.cargo\registry\src\index.crates.io-1949cf8c6b5b557f\stellar-xdr-20.1.0\src\curr\generated.rs:29216:42
      |
29216 |   #[cfg_attr(feature = "arbitrary", derive(Arbitrary))]
      |                                            ^^^^^^^^^
      |
     ::: C:\Users\Devyani\.cargo\registry\src\index.crates.io-1949cf8c6b5b557f\arbitrary-1.3.2\src\size_hint.rs:12:1
      |
   12 | / pub fn recursion_guard(
   13 | |     depth: usize,
   14 | |     f: impl FnOnce(usize) -> (usize, Option<usize>),
   15 | | ) -> (usize, Option<usize>) {
      | |___________________________- similarly named function `recursion_guard` defined here
      |
      = note: this error originates in the derive macro `Arbitrary` (in Nightly builds, run with -Z macro-backtrace for more info)

error[E0576]: cannot find method or associated constant `try_size_hint` in trait `arbitrary::Arbitrary`
     --> C:\Users\Devyani\.cargo\registry\src\index.crates.io-1949cf8c6b5b557f\stellar-xdr-20.1.0\src\curr\generated.rs:29216:42
      |
29216 | #[cfg_attr(feature = "arbitrary", derive(Arbitrary))]
      |                                          ^^^^^^^^^
      |
     ::: C:\Users\Devyani\.cargo\registry\src\index.crates.io-1949cf8c6b5b557f\arbitrary-1.3.2\src\lib.rs:277:5
      |
  277 |     fn size_hint(depth: usize) -> (usize, Option<usize>) {
      |     ---------------------------------------------------- similarly named associated function `size_hint` defined here
      |
      = note: this error originates in the derive macro `Arbitrary` (in Nightly builds, run with -Z macro-backtrace for more info)

error[E0425]: cannot find type `MaxRecursionReached` in crate `arbitrary`
     --> C:\Users\Devyani\.cargo\registry\src\index.crates.io-1949cf8c6b5b557f\stellar-xdr-20.1.0\src\curr\generated.rs:29343:42
      |
29343 | #[cfg_attr(feature = "arbitrary", derive(Arbitrary))]
      |                                          ^^^^^^^^^ not found in `arbitrary`
      |
      = note: this error originates in the derive macro `Arbitrary` (in Nightly builds, run with -Z macro-backtrace for more info)

error[E0425]: cannot find function `try_recursion_guard` in module `arbitrary::size_hint`
     --> C:\Users\Devyani\.cargo\registry\src\index.crates.io-1949cf8c6b5b557f\stellar-xdr-20.1.0\src\curr\generated.rs:29343:42
      |
29343 |   #[cfg_attr(feature = "arbitrary", derive(Arbitrary))]
      |                                            ^^^^^^^^^
      |
     ::: C:\Users\Devyani\.cargo\registry\src\index.crates.io-1949cf8c6b5b557f\arbitrary-1.3.2\src\size_hint.rs:12:1
      |
   12 | / pub fn recursion_guard(
   13 | |     depth: usize,
   14 | |     f: impl FnOnce(usize) -> (usize, Option<usize>),
   15 | | ) -> (usize, Option<usize>) {
      | |___________________________- similarly named function `recursion_guard` defined here
      |
      = note: this error originates in the derive macro `Arbitrary` (in Nightly builds, run with -Z macro-backtrace for more info)

error[E0576]: cannot find method or associated constant `try_size_hint` in trait `arbitrary::Arbitrary`
     --> C:\Users\Devyani\.cargo\registry\src\index.crates.io-1949cf8c6b5b557f\stellar-xdr-20.1.0\src\curr\generated.rs:29343:42
      |
29343 | #[cfg_attr(feature = "arbitrary", derive(Arbitrary))]
      |                                          ^^^^^^^^^
      |
     ::: C:\Users\Devyani\.cargo\registry\src\index.crates.io-1949cf8c6b5b557f\arbitrary-1.3.2\src\lib.rs:277:5
      |
  277 |     fn size_hint(depth: usize) -> (usize, Option<usize>) {
      |     ---------------------------------------------------- similarly named associated function `size_hint` defined here
      |
      = note: this error originates in the derive macro `Arbitrary` (in Nightly builds, run with -Z macro-backtrace for more info)

error[E0425]: cannot find type `MaxRecursionReached` in crate `arbitrary`
     --> C:\Users\Devyani\.cargo\registry\src\index.crates.io-1949cf8c6b5b557f\stellar-xdr-20.1.0\src\curr\generated.rs:29405:42
      |
29405 | #[cfg_attr(feature = "arbitrary", derive(Arbitrary))]
      |                                          ^^^^^^^^^ not found in `arbitrary`
      |
      = note: this error originates in the derive macro `Arbitrary` (in Nightly builds, run with -Z macro-backtrace for more info)

error[E0425]: cannot find function `try_recursion_guard` in module `arbitrary::size_hint`
     --> C:\Users\Devyani\.cargo\registry\src\index.crates.io-1949cf8c6b5b557f\stellar-xdr-20.1.0\src\curr\generated.rs:29405:42
      |
29405 |   #[cfg_attr(feature = "arbitrary", derive(Arbitrary))]
      |                                            ^^^^^^^^^
      |
     ::: C:\Users\Devyani\.cargo\registry\src\index.crates.io-1949cf8c6b5b557f\arbitrary-1.3.2\src\size_hint.rs:12:1
      |
   12 | / pub fn recursion_guard(
   13 | |     depth: usize,
   14 | |     f: impl FnOnce(usize) -> (usize, Option<usize>),
   15 | | ) -> (usize, Option<usize>) {
      | |___________________________- similarly named function `recursion_guard` defined here
      |
      = note: this error originates in the derive macro `Arbitrary` (in Nightly builds, run with -Z macro-backtrace for more info)

error[E0576]: cannot find method or associated constant `try_size_hint` in trait `arbitrary::Arbitrary`
     --> C:\Users\Devyani\.cargo\registry\src\index.crates.io-1949cf8c6b5b557f\stellar-xdr-20.1.0\src\curr\generated.rs:29405:42
      |
29405 | #[cfg_attr(feature = "arbitrary", derive(Arbitrary))]
      |                                          ^^^^^^^^^
      |
     ::: C:\Users\Devyani\.cargo\registry\src\index.crates.io-1949cf8c6b5b557f\arbitrary-1.3.2\src\lib.rs:277:5
      |
  277 |     fn size_hint(depth: usize) -> (usize, Option<usize>) {
      |     ---------------------------------------------------- similarly named associated function `size_hint` defined here
      |
      = note: this error originates in the derive macro `Arbitrary` (in Nightly builds, run with -Z macro-backtrace for more info)

error[E0425]: cannot find type `MaxRecursionReached` in crate `arbitrary`
     --> C:\Users\Devyani\.cargo\registry\src\index.crates.io-1949cf8c6b5b557f\stellar-xdr-20.1.0\src\curr\generated.rs:29451:42
      |
29451 | #[cfg_attr(feature = "arbitrary", derive(Arbitrary))]
      |                                          ^^^^^^^^^ not found in `arbitrary`
      |
      = note: this error originates in the derive macro `Arbitrary` (in Nightly builds, run with -Z macro-backtrace for more info)

error[E0425]: cannot find function `try_recursion_guard` in module `arbitrary::size_hint`
     --> C:\Users\Devyani\.cargo\registry\src\index.crates.io-1949cf8c6b5b557f\stellar-xdr-20.1.0\src\curr\generated.rs:29451:42
      |
29451 |   #[cfg_attr(feature = "arbitrary", derive(Arbitrary))]
      |                                            ^^^^^^^^^
      |
     ::: C:\Users\Devyani\.cargo\registry\src\index.crates.io-1949cf8c6b5b557f\arbitrary-1.3.2\src\size_hint.rs:12:1
      |
   12 | / pub fn recursion_guard(
   13 | |     depth: usize,
   14 | |     f: impl FnOnce(usize) -> (usize, Option<usize>),
   15 | | ) -> (usize, Option<usize>) {
      | |___________________________- similarly named function `recursion_guard` defined here
      |
      = note: this error originates in the derive macro `Arbitrary` (in Nightly builds, run with -Z macro-backtrace for more info)

error[E0576]: cannot find method or associated constant `try_size_hint` in trait `arbitrary::Arbitrary`
     --> C:\Users\Devyani\.cargo\registry\src\index.crates.io-1949cf8c6b5b557f\stellar-xdr-20.1.0\src\curr\generated.rs:29451:42
      |
29451 | #[cfg_attr(feature = "arbitrary", derive(Arbitrary))]
      |                                          ^^^^^^^^^
      |
     ::: C:\Users\Devyani\.cargo\registry\src\index.crates.io-1949cf8c6b5b557f\arbitrary-1.3.2\src\lib.rs:277:5
      |
  277 |     fn size_hint(depth: usize) -> (usize, Option<usize>) {
      |     ---------------------------------------------------- similarly named associated function `size_hint` defined here
      |
      = note: this error originates in the derive macro `Arbitrary` (in Nightly builds, run with -Z macro-backtrace for more info)

error[E0425]: cannot find type `MaxRecursionReached` in crate `arbitrary`
     --> C:\Users\Devyani\.cargo\registry\src\index.crates.io-1949cf8c6b5b557f\stellar-xdr-20.1.0\src\curr\generated.rs:29662:42
      |
29662 | #[cfg_attr(feature = "arbitrary", derive(Arbitrary))]
      |                                          ^^^^^^^^^ not found in `arbitrary`
      |
      = note: this error originates in the derive macro `Arbitrary` (in Nightly builds, run with -Z macro-backtrace for more info)

error[E0425]: cannot find function `try_recursion_guard` in module `arbitrary::size_hint`
     --> C:\Users\Devyani\.cargo\registry\src\index.crates.io-1949cf8c6b5b557f\stellar-xdr-20.1.0\src\curr\generated.rs:29662:42
      |
29662 |   #[cfg_attr(feature = "arbitrary", derive(Arbitrary))]
      |                                            ^^^^^^^^^
      |
     ::: C:\Users\Devyani\.cargo\registry\src\index.crates.io-1949cf8c6b5b557f\arbitrary-1.3.2\src\size_hint.rs:12:1
      |
   12 | / pub fn recursion_guard(
   13 | |     depth: usize,
   14 | |     f: impl FnOnce(usize) -> (usize, Option<usize>),
   15 | | ) -> (usize, Option<usize>) {
      | |___________________________- similarly named function `recursion_guard` defined here
      |
      = note: this error originates in the derive macro `Arbitrary` (in Nightly builds, run with -Z macro-backtrace for more info)

error[E0576]: cannot find method or associated constant `try_size_hint` in trait `arbitrary::Arbitrary`
     --> C:\Users\Devyani\.cargo\registry\src\index.crates.io-1949cf8c6b5b557f\stellar-xdr-20.1.0\src\curr\generated.rs:29662:42
      |
29662 | #[cfg_attr(feature = "arbitrary", derive(Arbitrary))]
      |                                          ^^^^^^^^^
      |
     ::: C:\Users\Devyani\.cargo\registry\src\index.crates.io-1949cf8c6b5b557f\arbitrary-1.3.2\src\lib.rs:277:5
      |
  277 |     fn size_hint(depth: usize) -> (usize, Option<usize>) {
      |     ---------------------------------------------------- similarly named associated function `size_hint` defined here
      |
      = note: this error originates in the derive macro `Arbitrary` (in Nightly builds, run with -Z macro-backtrace for more info)

error[E0425]: cannot find type `MaxRecursionReached` in crate `arbitrary`
     --> C:\Users\Devyani\.cargo\registry\src\index.crates.io-1949cf8c6b5b557f\stellar-xdr-20.1.0\src\curr\generated.rs:29715:42
      |
29715 | #[cfg_attr(feature = "arbitrary", derive(Arbitrary))]
      |                                          ^^^^^^^^^ not found in `arbitrary`
      |
      = note: this error originates in the derive macro `Arbitrary` (in Nightly builds, run with -Z macro-backtrace for more info)

error[E0425]: cannot find function `try_recursion_guard` in module `arbitrary::size_hint`
     --> C:\Users\Devyani\.cargo\registry\src\index.crates.io-1949cf8c6b5b557f\stellar-xdr-20.1.0\src\curr\generated.rs:29715:42
      |
29715 |   #[cfg_attr(feature = "arbitrary", derive(Arbitrary))]
      |                                            ^^^^^^^^^
      |
     ::: C:\Users\Devyani\.cargo\registry\src\index.crates.io-1949cf8c6b5b557f\arbitrary-1.3.2\src\size_hint.rs:12:1
      |
   12 | / pub fn recursion_guard(
   13 | |     depth: usize,
   14 | |     f: impl FnOnce(usize) -> (usize, Option<usize>),
   15 | | ) -> (usize, Option<usize>) {
      | |___________________________- similarly named function `recursion_guard` defined here
      |
      = note: this error originates in the derive macro `Arbitrary` (in Nightly builds, run with -Z macro-backtrace for more info)

error[E0576]: cannot find method or associated constant `try_size_hint` in trait `arbitrary::Arbitrary`
     --> C:\Users\Devyani\.cargo\registry\src\index.crates.io-1949cf8c6b5b557f\stellar-xdr-20.1.0\src\curr\generated.rs:29715:42
      |
29715 | #[cfg_attr(feature = "arbitrary", derive(Arbitrary))]
      |                                          ^^^^^^^^^
      |
     ::: C:\Users\Devyani\.cargo\registry\src\index.crates.io-1949cf8c6b5b557f\arbitrary-1.3.2\src\lib.rs:277:5
      |
  277 |     fn size_hint(depth: usize) -> (usize, Option<usize>) {
      |     ---------------------------------------------------- similarly named associated function `size_hint` defined here
      |
      = note: this error originates in the derive macro `Arbitrary` (in Nightly builds, run with -Z macro-backtrace for more info)

error[E0425]: cannot find type `MaxRecursionReached` in crate `arbitrary`
     --> C:\Users\Devyani\.cargo\registry\src\index.crates.io-1949cf8c6b5b557f\stellar-xdr-20.1.0\src\curr\generated.rs:29765:42
      |
29765 | #[cfg_attr(feature = "arbitrary", derive(Arbitrary))]
      |                                          ^^^^^^^^^ not found in `arbitrary`
      |
      = note: this error originates in the derive macro `Arbitrary` (in Nightly builds, run with -Z macro-backtrace for more info)

error[E0425]: cannot find function `try_recursion_guard` in module `arbitrary::size_hint`
     --> C:\Users\Devyani\.cargo\registry\src\index.crates.io-1949cf8c6b5b557f\stellar-xdr-20.1.0\src\curr\generated.rs:29765:42
      |
29765 |   #[cfg_attr(feature = "arbitrary", derive(Arbitrary))]
      |                                            ^^^^^^^^^
      |
     ::: C:\Users\Devyani\.cargo\registry\src\index.crates.io-1949cf8c6b5b557f\arbitrary-1.3.2\src\size_hint.rs:12:1
      |
   12 | / pub fn recursion_guard(
   13 | |     depth: usize,
   14 | |     f: impl FnOnce(usize) -> (usize, Option<usize>),
   15 | | ) -> (usize, Option<usize>) {
      | |___________________________- similarly named function `recursion_guard` defined here
      |
      = note: this error originates in the derive macro `Arbitrary` (in Nightly builds, run with -Z macro-backtrace for more info)

error[E0576]: cannot find method or associated constant `try_size_hint` in trait `arbitrary::Arbitrary`
     --> C:\Users\Devyani\.cargo\registry\src\index.crates.io-1949cf8c6b5b557f\stellar-xdr-20.1.0\src\curr\generated.rs:29765:42
      |
29765 | #[cfg_attr(feature = "arbitrary", derive(Arbitrary))]
      |                                          ^^^^^^^^^
      |
     ::: C:\Users\Devyani\.cargo\registry\src\index.crates.io-1949cf8c6b5b557f\arbitrary-1.3.2\src\lib.rs:277:5
      |
  277 |     fn size_hint(depth: usize) -> (usize, Option<usize>) {
      |     ---------------------------------------------------- similarly named associated function `size_hint` defined here
      |
      = note: this error originates in the derive macro `Arbitrary` (in Nightly builds, run with -Z macro-backtrace for more info)

error[E0425]: cannot find type `MaxRecursionReached` in crate `arbitrary`
     --> C:\Users\Devyani\.cargo\registry\src\index.crates.io-1949cf8c6b5b557f\stellar-xdr-20.1.0\src\curr\generated.rs:29884:42
      |
29884 | #[cfg_attr(feature = "arbitrary", derive(Arbitrary))]
      |                                          ^^^^^^^^^ not found in `arbitrary`
      |
      = note: this error originates in the derive macro `Arbitrary` (in Nightly builds, run with -Z macro-backtrace for more info)

error[E0425]: cannot find function `try_recursion_guard` in module `arbitrary::size_hint`
     --> C:\Users\Devyani\.cargo\registry\src\index.crates.io-1949cf8c6b5b557f\stellar-xdr-20.1.0\src\curr\generated.rs:29884:42
      |
29884 |   #[cfg_attr(feature = "arbitrary", derive(Arbitrary))]
      |                                            ^^^^^^^^^
      |
     ::: C:\Users\Devyani\.cargo\registry\src\index.crates.io-1949cf8c6b5b557f\arbitrary-1.3.2\src\size_hint.rs:12:1
      |
   12 | / pub fn recursion_guard(
   13 | |     depth: usize,
   14 | |     f: impl FnOnce(usize) -> (usize, Option<usize>),
   15 | | ) -> (usize, Option<usize>) {
      | |___________________________- similarly named function `recursion_guard` defined here
      |
      = note: this error originates in the derive macro `Arbitrary` (in Nightly builds, run with -Z macro-backtrace for more info)

error[E0576]: cannot find method or associated constant `try_size_hint` in trait `arbitrary::Arbitrary`
     --> C:\Users\Devyani\.cargo\registry\src\index.crates.io-1949cf8c6b5b557f\stellar-xdr-20.1.0\src\curr\generated.rs:29884:42
      |
29884 | #[cfg_attr(feature = "arbitrary", derive(Arbitrary))]
      |                                          ^^^^^^^^^
      |
     ::: C:\Users\Devyani\.cargo\registry\src\index.crates.io-1949cf8c6b5b557f\arbitrary-1.3.2\src\lib.rs:277:5
      |
  277 |     fn size_hint(depth: usize) -> (usize, Option<usize>) {
      |     ---------------------------------------------------- similarly named associated function `size_hint` defined here
      |
      = note: this error originates in the derive macro `Arbitrary` (in Nightly builds, run with -Z macro-backtrace for more info)

error[E0425]: cannot find type `MaxRecursionReached` in crate `arbitrary`
     --> C:\Users\Devyani\.cargo\registry\src\index.crates.io-1949cf8c6b5b557f\stellar-xdr-20.1.0\src\curr\generated.rs:29996:42
      |
29996 | #[cfg_attr(feature = "arbitrary", derive(Arbitrary))]
      |                                          ^^^^^^^^^ not found in `arbitrary`
      |
      = note: this error originates in the derive macro `Arbitrary` (in Nightly builds, run with -Z macro-backtrace for more info)

error[E0425]: cannot find function `try_recursion_guard` in module `arbitrary::size_hint`
     --> C:\Users\Devyani\.cargo\registry\src\index.crates.io-1949cf8c6b5b557f\stellar-xdr-20.1.0\src\curr\generated.rs:29996:42
      |
29996 |   #[cfg_attr(feature = "arbitrary", derive(Arbitrary))]
      |                                            ^^^^^^^^^
      |
     ::: C:\Users\Devyani\.cargo\registry\src\index.crates.io-1949cf8c6b5b557f\arbitrary-1.3.2\src\size_hint.rs:12:1
      |
   12 | / pub fn recursion_guard(
   13 | |     depth: usize,
   14 | |     f: impl FnOnce(usize) -> (usize, Option<usize>),
   15 | | ) -> (usize, Option<usize>) {
      | |___________________________- similarly named function `recursion_guard` defined here
      |
      = note: this error originates in the derive macro `Arbitrary` (in Nightly builds, run with -Z macro-backtrace for more info)

error[E0576]: cannot find method or associated constant `try_size_hint` in trait `arbitrary::Arbitrary`
     --> C:\Users\Devyani\.cargo\registry\src\index.crates.io-1949cf8c6b5b557f\stellar-xdr-20.1.0\src\curr\generated.rs:29996:42
      |
29996 | #[cfg_attr(feature = "arbitrary", derive(Arbitrary))]
      |                                          ^^^^^^^^^
      |
     ::: C:\Users\Devyani\.cargo\registry\src\index.crates.io-1949cf8c6b5b557f\arbitrary-1.3.2\src\lib.rs:277:5
      |
  277 |     fn size_hint(depth: usize) -> (usize, Option<usize>) {
      |     ---------------------------------------------------- similarly named associated function `size_hint` defined here
      |
      = note: this error originates in the derive macro `Arbitrary` (in Nightly builds, run with -Z macro-backtrace for more info)

error[E0425]: cannot find type `MaxRecursionReached` in crate `arbitrary`
     --> C:\Users\Devyani\.cargo\registry\src\index.crates.io-1949cf8c6b5b557f\stellar-xdr-20.1.0\src\curr\generated.rs:30163:42
      |
30163 | #[cfg_attr(feature = "arbitrary", derive(Arbitrary))]
      |                                          ^^^^^^^^^ not found in `arbitrary`
      |
      = note: this error originates in the derive macro `Arbitrary` (in Nightly builds, run with -Z macro-backtrace for more info)

error[E0425]: cannot find function `try_recursion_guard` in module `arbitrary::size_hint`
     --> C:\Users\Devyani\.cargo\registry\src\index.crates.io-1949cf8c6b5b557f\stellar-xdr-20.1.0\src\curr\generated.rs:30163:42
      |
30163 |   #[cfg_attr(feature = "arbitrary", derive(Arbitrary))]
      |                                            ^^^^^^^^^
      |
     ::: C:\Users\Devyani\.cargo\registry\src\index.crates.io-1949cf8c6b5b557f\arbitrary-1.3.2\src\size_hint.rs:12:1
      |
   12 | / pub fn recursion_guard(
   13 | |     depth: usize,
   14 | |     f: impl FnOnce(usize) -> (usize, Option<usize>),
   15 | | ) -> (usize, Option<usize>) {
      | |___________________________- similarly named function `recursion_guard` defined here
      |
      = note: this error originates in the derive macro `Arbitrary` (in Nightly builds, run with -Z macro-backtrace for more info)

error[E0576]: cannot find method or associated constant `try_size_hint` in trait `arbitrary::Arbitrary`
     --> C:\Users\Devyani\.cargo\registry\src\index.crates.io-1949cf8c6b5b557f\stellar-xdr-20.1.0\src\curr\generated.rs:30163:42
      |
30163 | #[cfg_attr(feature = "arbitrary", derive(Arbitrary))]
      |                                          ^^^^^^^^^
      |
     ::: C:\Users\Devyani\.cargo\registry\src\index.crates.io-1949cf8c6b5b557f\arbitrary-1.3.2\src\lib.rs:277:5
      |
  277 |     fn size_hint(depth: usize) -> (usize, Option<usize>) {
      |     ---------------------------------------------------- similarly named associated function `size_hint` defined here
      |
      = note: this error originates in the derive macro `Arbitrary` (in Nightly builds, run with -Z macro-backtrace for more info)

error[E0425]: cannot find type `MaxRecursionReached` in crate `arbitrary`
     --> C:\Users\Devyani\.cargo\registry\src\index.crates.io-1949cf8c6b5b557f\stellar-xdr-20.1.0\src\curr\generated.rs:30229:42
      |
30229 | #[cfg_attr(feature = "arbitrary", derive(Arbitrary))]
      |                                          ^^^^^^^^^ not found in `arbitrary`
      |
      = note: this error originates in the derive macro `Arbitrary` (in Nightly builds, run with -Z macro-backtrace for more info)

error[E0425]: cannot find function `try_recursion_guard` in module `arbitrary::size_hint`
     --> C:\Users\Devyani\.cargo\registry\src\index.crates.io-1949cf8c6b5b557f\stellar-xdr-20.1.0\src\curr\generated.rs:30229:42
      |
30229 |   #[cfg_attr(feature = "arbitrary", derive(Arbitrary))]
      |                                            ^^^^^^^^^
      |
     ::: C:\Users\Devyani\.cargo\registry\src\index.crates.io-1949cf8c6b5b557f\arbitrary-1.3.2\src\size_hint.rs:12:1
      |
   12 | / pub fn recursion_guard(
   13 | |     depth: usize,
   14 | |     f: impl FnOnce(usize) -> (usize, Option<usize>),
   15 | | ) -> (usize, Option<usize>) {
      | |___________________________- similarly named function `recursion_guard` defined here
      |
      = note: this error originates in the derive macro `Arbitrary` (in Nightly builds, run with -Z macro-backtrace for more info)

error[E0576]: cannot find method or associated constant `try_size_hint` in trait `arbitrary::Arbitrary`
     --> C:\Users\Devyani\.cargo\registry\src\index.crates.io-1949cf8c6b5b557f\stellar-xdr-20.1.0\src\curr\generated.rs:30229:42
      |
30229 | #[cfg_attr(feature = "arbitrary", derive(Arbitrary))]
      |                                          ^^^^^^^^^
      |
     ::: C:\Users\Devyani\.cargo\registry\src\index.crates.io-1949cf8c6b5b557f\arbitrary-1.3.2\src\lib.rs:277:5
      |
  277 |     fn size_hint(depth: usize) -> (usize, Option<usize>) {
      |     ---------------------------------------------------- similarly named associated function `size_hint` defined here
      |
      = note: this error originates in the derive macro `Arbitrary` (in Nightly builds, run with -Z macro-backtrace for more info)

error[E0425]: cannot find type `MaxRecursionReached` in crate `arbitrary`
     --> C:\Users\Devyani\.cargo\registry\src\index.crates.io-1949cf8c6b5b557f\stellar-xdr-20.1.0\src\curr\generated.rs:30293:42
      |
30293 | #[cfg_attr(feature = "arbitrary", derive(Arbitrary))]
      |                                          ^^^^^^^^^ not found in `arbitrary`
      |
      = note: this error originates in the derive macro `Arbitrary` (in Nightly builds, run with -Z macro-backtrace for more info)

error[E0425]: cannot find function `try_recursion_guard` in module `arbitrary::size_hint`
     --> C:\Users\Devyani\.cargo\registry\src\index.crates.io-1949cf8c6b5b557f\stellar-xdr-20.1.0\src\curr\generated.rs:30293:42
      |
30293 |   #[cfg_attr(feature = "arbitrary", derive(Arbitrary))]
      |                                            ^^^^^^^^^
      |
     ::: C:\Users\Devyani\.cargo\registry\src\index.crates.io-1949cf8c6b5b557f\arbitrary-1.3.2\src\size_hint.rs:12:1
      |
   12 | / pub fn recursion_guard(
   13 | |     depth: usize,
   14 | |     f: impl FnOnce(usize) -> (usize, Option<usize>),
   15 | | ) -> (usize, Option<usize>) {
      | |___________________________- similarly named function `recursion_guard` defined here
      |
      = note: this error originates in the derive macro `Arbitrary` (in Nightly builds, run with -Z macro-backtrace for more info)

error[E0576]: cannot find method or associated constant `try_size_hint` in trait `arbitrary::Arbitrary`
     --> C:\Users\Devyani\.cargo\registry\src\index.crates.io-1949cf8c6b5b557f\stellar-xdr-20.1.0\src\curr\generated.rs:30293:42
      |
30293 | #[cfg_attr(feature = "arbitrary", derive(Arbitrary))]
      |                                          ^^^^^^^^^
      |
     ::: C:\Users\Devyani\.cargo\registry\src\index.crates.io-1949cf8c6b5b557f\arbitrary-1.3.2\src\lib.rs:277:5
      |
  277 |     fn size_hint(depth: usize) -> (usize, Option<usize>) {
      |     ---------------------------------------------------- similarly named associated function `size_hint` defined here
      |
      = note: this error originates in the derive macro `Arbitrary` (in Nightly builds, run with -Z macro-backtrace for more info)

error[E0425]: cannot find type `MaxRecursionReached` in crate `arbitrary`
     --> C:\Users\Devyani\.cargo\registry\src\index.crates.io-1949cf8c6b5b557f\stellar-xdr-20.1.0\src\curr\generated.rs:30352:42
      |
30352 | #[cfg_attr(feature = "arbitrary", derive(Arbitrary))]
      |                                          ^^^^^^^^^ not found in `arbitrary`
      |
      = note: this error originates in the derive macro `Arbitrary` (in Nightly builds, run with -Z macro-backtrace for more info)

error[E0425]: cannot find function `try_recursion_guard` in module `arbitrary::size_hint`
     --> C:\Users\Devyani\.cargo\registry\src\index.crates.io-1949cf8c6b5b557f\stellar-xdr-20.1.0\src\curr\generated.rs:30352:42
      |
30352 |   #[cfg_attr(feature = "arbitrary", derive(Arbitrary))]
      |                                            ^^^^^^^^^
      |
     ::: C:\Users\Devyani\.cargo\registry\src\index.crates.io-1949cf8c6b5b557f\arbitrary-1.3.2\src\size_hint.rs:12:1
      |
   12 | / pub fn recursion_guard(
   13 | |     depth: usize,
   14 | |     f: impl FnOnce(usize) -> (usize, Option<usize>),
   15 | | ) -> (usize, Option<usize>) {
      | |___________________________- similarly named function `recursion_guard` defined here
      |
      = note: this error originates in the derive macro `Arbitrary` (in Nightly builds, run with -Z macro-backtrace for more info)

error[E0576]: cannot find method or associated constant `try_size_hint` in trait `arbitrary::Arbitrary`
     --> C:\Users\Devyani\.cargo\registry\src\index.crates.io-1949cf8c6b5b557f\stellar-xdr-20.1.0\src\curr\generated.rs:30352:42
      |
30352 | #[cfg_attr(feature = "arbitrary", derive(Arbitrary))]
      |                                          ^^^^^^^^^
      |
     ::: C:\Users\Devyani\.cargo\registry\src\index.crates.io-1949cf8c6b5b557f\arbitrary-1.3.2\src\lib.rs:277:5
      |
  277 |     fn size_hint(depth: usize) -> (usize, Option<usize>) {
      |     ---------------------------------------------------- similarly named associated function `size_hint` defined here
      |
      = note: this error originates in the derive macro `Arbitrary` (in Nightly builds, run with -Z macro-backtrace for more info)

error[E0425]: cannot find type `MaxRecursionReached` in crate `arbitrary`
     --> C:\Users\Devyani\.cargo\registry\src\index.crates.io-1949cf8c6b5b557f\stellar-xdr-20.1.0\src\curr\generated.rs:31266:42
      |
31266 | #[cfg_attr(feature = "arbitrary", derive(Arbitrary))]
      |                                          ^^^^^^^^^ not found in `arbitrary`
      |
      = note: this error originates in the derive macro `Arbitrary` (in Nightly builds, run with -Z macro-backtrace for more info)

error[E0425]: cannot find function `try_recursion_guard` in module `arbitrary::size_hint`
     --> C:\Users\Devyani\.cargo\registry\src\index.crates.io-1949cf8c6b5b557f\stellar-xdr-20.1.0\src\curr\generated.rs:31266:42
      |
31266 |   #[cfg_attr(feature = "arbitrary", derive(Arbitrary))]
      |                                            ^^^^^^^^^
      |
     ::: C:\Users\Devyani\.cargo\registry\src\index.crates.io-1949cf8c6b5b557f\arbitrary-1.3.2\src\size_hint.rs:12:1
      |
   12 | / pub fn recursion_guard(
   13 | |     depth: usize,
   14 | |     f: impl FnOnce(usize) -> (usize, Option<usize>),
   15 | | ) -> (usize, Option<usize>) {
      | |___________________________- similarly named function `recursion_guard` defined here
      |
      = note: this error originates in the derive macro `Arbitrary` (in Nightly builds, run with -Z macro-backtrace for more info)

error[E0576]: cannot find method or associated constant `try_size_hint` in trait `arbitrary::Arbitrary`
     --> C:\Users\Devyani\.cargo\registry\src\index.crates.io-1949cf8c6b5b557f\stellar-xdr-20.1.0\src\curr\generated.rs:31266:42
      |
31266 | #[cfg_attr(feature = "arbitrary", derive(Arbitrary))]
      |                                          ^^^^^^^^^
      |
     ::: C:\Users\Devyani\.cargo\registry\src\index.crates.io-1949cf8c6b5b557f\arbitrary-1.3.2\src\lib.rs:277:5
      |
  277 |     fn size_hint(depth: usize) -> (usize, Option<usize>) {
      |     ---------------------------------------------------- similarly named associated function `size_hint` defined here
      |
      = note: this error originates in the derive macro `Arbitrary` (in Nightly builds, run with -Z macro-backtrace for more info)

error[E0425]: cannot find type `MaxRecursionReached` in crate `arbitrary`
     --> C:\Users\Devyani\.cargo\registry\src\index.crates.io-1949cf8c6b5b557f\stellar-xdr-20.1.0\src\curr\generated.rs:31314:42
      |
31314 | #[cfg_attr(feature = "arbitrary", derive(Arbitrary))]
      |                                          ^^^^^^^^^ not found in `arbitrary`
      |
      = note: this error originates in the derive macro `Arbitrary` (in Nightly builds, run with -Z macro-backtrace for more info)

error[E0425]: cannot find function `try_recursion_guard` in module `arbitrary::size_hint`
     --> C:\Users\Devyani\.cargo\registry\src\index.crates.io-1949cf8c6b5b557f\stellar-xdr-20.1.0\src\curr\generated.rs:31314:42
      |
31314 |   #[cfg_attr(feature = "arbitrary", derive(Arbitrary))]
      |                                            ^^^^^^^^^
      |
     ::: C:\Users\Devyani\.cargo\registry\src\index.crates.io-1949cf8c6b5b557f\arbitrary-1.3.2\src\size_hint.rs:12:1
      |
   12 | / pub fn recursion_guard(
   13 | |     depth: usize,
   14 | |     f: impl FnOnce(usize) -> (usize, Option<usize>),
   15 | | ) -> (usize, Option<usize>) {
      | |___________________________- similarly named function `recursion_guard` defined here
      |
      = note: this error originates in the derive macro `Arbitrary` (in Nightly builds, run with -Z macro-backtrace for more info)

error[E0576]: cannot find method or associated constant `try_size_hint` in trait `arbitrary::Arbitrary`
     --> C:\Users\Devyani\.cargo\registry\src\index.crates.io-1949cf8c6b5b557f\stellar-xdr-20.1.0\src\curr\generated.rs:31314:42
      |
31314 | #[cfg_attr(feature = "arbitrary", derive(Arbitrary))]
      |                                          ^^^^^^^^^
      |
     ::: C:\Users\Devyani\.cargo\registry\src\index.crates.io-1949cf8c6b5b557f\arbitrary-1.3.2\src\lib.rs:277:5
      |
  277 |     fn size_hint(depth: usize) -> (usize, Option<usize>) {
      |     ---------------------------------------------------- similarly named associated function `size_hint` defined here
      |
      = note: this error originates in the derive macro `Arbitrary` (in Nightly builds, run with -Z macro-backtrace for more info)

error[E0425]: cannot find type `MaxRecursionReached` in crate `arbitrary`
     --> C:\Users\Devyani\.cargo\registry\src\index.crates.io-1949cf8c6b5b557f\stellar-xdr-20.1.0\src\curr\generated.rs:31380:42
      |
31380 | #[cfg_attr(feature = "arbitrary", derive(Arbitrary))]
      |                                          ^^^^^^^^^ not found in `arbitrary`
      |
      = note: this error originates in the derive macro `Arbitrary` (in Nightly builds, run with -Z macro-backtrace for more info)

error[E0425]: cannot find function `try_recursion_guard` in module `arbitrary::size_hint`
     --> C:\Users\Devyani\.cargo\registry\src\index.crates.io-1949cf8c6b5b557f\stellar-xdr-20.1.0\src\curr\generated.rs:31380:42
      |
31380 |   #[cfg_attr(feature = "arbitrary", derive(Arbitrary))]
      |                                            ^^^^^^^^^
      |
     ::: C:\Users\Devyani\.cargo\registry\src\index.crates.io-1949cf8c6b5b557f\arbitrary-1.3.2\src\size_hint.rs:12:1
      |
   12 | / pub fn recursion_guard(
   13 | |     depth: usize,
   14 | |     f: impl FnOnce(usize) -> (usize, Option<usize>),
   15 | | ) -> (usize, Option<usize>) {
      | |___________________________- similarly named function `recursion_guard` defined here
      |
      = note: this error originates in the derive macro `Arbitrary` (in Nightly builds, run with -Z macro-backtrace for more info)

error[E0576]: cannot find method or associated constant `try_size_hint` in trait `arbitrary::Arbitrary`
     --> C:\Users\Devyani\.cargo\registry\src\index.crates.io-1949cf8c6b5b557f\stellar-xdr-20.1.0\src\curr\generated.rs:31380:42
      |
31380 | #[cfg_attr(feature = "arbitrary", derive(Arbitrary))]
      |                                          ^^^^^^^^^
      |
     ::: C:\Users\Devyani\.cargo\registry\src\index.crates.io-1949cf8c6b5b557f\arbitrary-1.3.2\src\lib.rs:277:5
      |
  277 |     fn size_hint(depth: usize) -> (usize, Option<usize>) {
      |     ---------------------------------------------------- similarly named associated function `size_hint` defined here
      |
      = note: this error originates in the derive macro `Arbitrary` (in Nightly builds, run with -Z macro-backtrace for more info)

error[E0425]: cannot find type `MaxRecursionReached` in crate `arbitrary`
     --> C:\Users\Devyani\.cargo\registry\src\index.crates.io-1949cf8c6b5b557f\stellar-xdr-20.1.0\src\curr\generated.rs:31758:42
      |
31758 | #[cfg_attr(feature = "arbitrary", derive(Arbitrary))]
      |                                          ^^^^^^^^^ not found in `arbitrary`
      |
      = note: this error originates in the derive macro `Arbitrary` (in Nightly builds, run with -Z macro-backtrace for more info)

error[E0425]: cannot find function `try_recursion_guard` in module `arbitrary::size_hint`
     --> C:\Users\Devyani\.cargo\registry\src\index.crates.io-1949cf8c6b5b557f\stellar-xdr-20.1.0\src\curr\generated.rs:31758:42
      |
31758 |   #[cfg_attr(feature = "arbitrary", derive(Arbitrary))]
      |                                            ^^^^^^^^^
      |
     ::: C:\Users\Devyani\.cargo\registry\src\index.crates.io-1949cf8c6b5b557f\arbitrary-1.3.2\src\size_hint.rs:12:1
      |
   12 | / pub fn recursion_guard(
   13 | |     depth: usize,
   14 | |     f: impl FnOnce(usize) -> (usize, Option<usize>),
   15 | | ) -> (usize, Option<usize>) {
      | |___________________________- similarly named function `recursion_guard` defined here
      |
      = note: this error originates in the derive macro `Arbitrary` (in Nightly builds, run with -Z macro-backtrace for more info)

error[E0576]: cannot find method or associated constant `try_size_hint` in trait `arbitrary::Arbitrary`
     --> C:\Users\Devyani\.cargo\registry\src\index.crates.io-1949cf8c6b5b557f\stellar-xdr-20.1.0\src\curr\generated.rs:31758:42
      |
31758 | #[cfg_attr(feature = "arbitrary", derive(Arbitrary))]
      |                                          ^^^^^^^^^
      |
     ::: C:\Users\Devyani\.cargo\registry\src\index.crates.io-1949cf8c6b5b557f\arbitrary-1.3.2\src\lib.rs:277:5
      |
  277 |     fn size_hint(depth: usize) -> (usize, Option<usize>) {
      |     ---------------------------------------------------- similarly named associated function `size_hint` defined here
      |
      = note: this error originates in the derive macro `Arbitrary` (in Nightly builds, run with -Z macro-backtrace for more info)

error[E0425]: cannot find type `MaxRecursionReached` in crate `arbitrary`
     --> C:\Users\Devyani\.cargo\registry\src\index.crates.io-1949cf8c6b5b557f\stellar-xdr-20.1.0\src\curr\generated.rs:31823:42
      |
31823 | #[cfg_attr(feature = "arbitrary", derive(Arbitrary))]
      |                                          ^^^^^^^^^ not found in `arbitrary`
      |
      = note: this error originates in the derive macro `Arbitrary` (in Nightly builds, run with -Z macro-backtrace for more info)

error[E0425]: cannot find function `try_recursion_guard` in module `arbitrary::size_hint`
     --> C:\Users\Devyani\.cargo\registry\src\index.crates.io-1949cf8c6b5b557f\stellar-xdr-20.1.0\src\curr\generated.rs:31823:42
      |
31823 |   #[cfg_attr(feature = "arbitrary", derive(Arbitrary))]
      |                                            ^^^^^^^^^
      |
     ::: C:\Users\Devyani\.cargo\registry\src\index.crates.io-1949cf8c6b5b557f\arbitrary-1.3.2\src\size_hint.rs:12:1
      |
   12 | / pub fn recursion_guard(
   13 | |     depth: usize,
   14 | |     f: impl FnOnce(usize) -> (usize, Option<usize>),
   15 | | ) -> (usize, Option<usize>) {
      | |___________________________- similarly named function `recursion_guard` defined here
      |
      = note: this error originates in the derive macro `Arbitrary` (in Nightly builds, run with -Z macro-backtrace for more info)

error[E0576]: cannot find method or associated constant `try_size_hint` in trait `arbitrary::Arbitrary`
     --> C:\Users\Devyani\.cargo\registry\src\index.crates.io-1949cf8c6b5b557f\stellar-xdr-20.1.0\src\curr\generated.rs:31823:42
      |
31823 | #[cfg_attr(feature = "arbitrary", derive(Arbitrary))]
      |                                          ^^^^^^^^^
      |
     ::: C:\Users\Devyani\.cargo\registry\src\index.crates.io-1949cf8c6b5b557f\arbitrary-1.3.2\src\lib.rs:277:5
      |
  277 |     fn size_hint(depth: usize) -> (usize, Option<usize>) {
      |     ---------------------------------------------------- similarly named associated function `size_hint` defined here
      |
      = note: this error originates in the derive macro `Arbitrary` (in Nightly builds, run with -Z macro-backtrace for more info)

error[E0425]: cannot find type `MaxRecursionReached` in crate `arbitrary`
     --> C:\Users\Devyani\.cargo\registry\src\index.crates.io-1949cf8c6b5b557f\stellar-xdr-20.1.0\src\curr\generated.rs:32317:42
      |
32317 | #[cfg_attr(feature = "arbitrary", derive(Arbitrary))]
      |                                          ^^^^^^^^^ not found in `arbitrary`
      |
      = note: this error originates in the derive macro `Arbitrary` (in Nightly builds, run with -Z macro-backtrace for more info)

error[E0425]: cannot find function `try_recursion_guard` in module `arbitrary::size_hint`
     --> C:\Users\Devyani\.cargo\registry\src\index.crates.io-1949cf8c6b5b557f\stellar-xdr-20.1.0\src\curr\generated.rs:32317:42
      |
32317 |   #[cfg_attr(feature = "arbitrary", derive(Arbitrary))]
      |                                            ^^^^^^^^^
      |
     ::: C:\Users\Devyani\.cargo\registry\src\index.crates.io-1949cf8c6b5b557f\arbitrary-1.3.2\src\size_hint.rs:12:1
      |
   12 | / pub fn recursion_guard(
   13 | |     depth: usize,
   14 | |     f: impl FnOnce(usize) -> (usize, Option<usize>),
   15 | | ) -> (usize, Option<usize>) {
      | |___________________________- similarly named function `recursion_guard` defined here
      |
      = note: this error originates in the derive macro `Arbitrary` (in Nightly builds, run with -Z macro-backtrace for more info)

error[E0576]: cannot find method or associated constant `try_size_hint` in trait `arbitrary::Arbitrary`
     --> C:\Users\Devyani\.cargo\registry\src\index.crates.io-1949cf8c6b5b557f\stellar-xdr-20.1.0\src\curr\generated.rs:32317:42
      |
32317 | #[cfg_attr(feature = "arbitrary", derive(Arbitrary))]
      |                                          ^^^^^^^^^
      |
     ::: C:\Users\Devyani\.cargo\registry\src\index.crates.io-1949cf8c6b5b557f\arbitrary-1.3.2\src\lib.rs:277:5
      |
  277 |     fn size_hint(depth: usize) -> (usize, Option<usize>) {
      |     ---------------------------------------------------- similarly named associated function `size_hint` defined here
      |
      = note: this error originates in the derive macro `Arbitrary` (in Nightly builds, run with -Z macro-backtrace for more info)

error[E0425]: cannot find type `MaxRecursionReached` in crate `arbitrary`
     --> C:\Users\Devyani\.cargo\registry\src\index.crates.io-1949cf8c6b5b557f\stellar-xdr-20.1.0\src\curr\generated.rs:32440:42
      |
32440 | #[cfg_attr(feature = "arbitrary", derive(Arbitrary))]
      |                                          ^^^^^^^^^ not found in `arbitrary`
      |
      = note: this error originates in the derive macro `Arbitrary` (in Nightly builds, run with -Z macro-backtrace for more info)

error[E0425]: cannot find function `try_recursion_guard` in module `arbitrary::size_hint`
     --> C:\Users\Devyani\.cargo\registry\src\index.crates.io-1949cf8c6b5b557f\stellar-xdr-20.1.0\src\curr\generated.rs:32440:42
      |
32440 |   #[cfg_attr(feature = "arbitrary", derive(Arbitrary))]
      |                                            ^^^^^^^^^
      |
     ::: C:\Users\Devyani\.cargo\registry\src\index.crates.io-1949cf8c6b5b557f\arbitrary-1.3.2\src\size_hint.rs:12:1
      |
   12 | / pub fn recursion_guard(
   13 | |     depth: usize,
   14 | |     f: impl FnOnce(usize) -> (usize, Option<usize>),
   15 | | ) -> (usize, Option<usize>) {
      | |___________________________- similarly named function `recursion_guard` defined here
      |
      = note: this error originates in the derive macro `Arbitrary` (in Nightly builds, run with -Z macro-backtrace for more info)

error[E0576]: cannot find method or associated constant `try_size_hint` in trait `arbitrary::Arbitrary`
     --> C:\Users\Devyani\.cargo\registry\src\index.crates.io-1949cf8c6b5b557f\stellar-xdr-20.1.0\src\curr\generated.rs:32440:42
      |
32440 | #[cfg_attr(feature = "arbitrary", derive(Arbitrary))]
      |                                          ^^^^^^^^^
      |
     ::: C:\Users\Devyani\.cargo\registry\src\index.crates.io-1949cf8c6b5b557f\arbitrary-1.3.2\src\lib.rs:277:5
      |
  277 |     fn size_hint(depth: usize) -> (usize, Option<usize>) {
      |     ---------------------------------------------------- similarly named associated function `size_hint` defined here
      |
      = note: this error originates in the derive macro `Arbitrary` (in Nightly builds, run with -Z macro-backtrace for more info)

error[E0425]: cannot find type `MaxRecursionReached` in crate `arbitrary`
     --> C:\Users\Devyani\.cargo\registry\src\index.crates.io-1949cf8c6b5b557f\stellar-xdr-20.1.0\src\curr\generated.rs:32499:42
      |
32499 | #[cfg_attr(feature = "arbitrary", derive(Arbitrary))]
      |                                          ^^^^^^^^^ not found in `arbitrary`
      |
      = note: this error originates in the derive macro `Arbitrary` (in Nightly builds, run with -Z macro-backtrace for more info)

error[E0425]: cannot find function `try_recursion_guard` in module `arbitrary::size_hint`
     --> C:\Users\Devyani\.cargo\registry\src\index.crates.io-1949cf8c6b5b557f\stellar-xdr-20.1.0\src\curr\generated.rs:32499:42
      |
32499 |   #[cfg_attr(feature = "arbitrary", derive(Arbitrary))]
      |                                            ^^^^^^^^^
      |
     ::: C:\Users\Devyani\.cargo\registry\src\index.crates.io-1949cf8c6b5b557f\arbitrary-1.3.2\src\size_hint.rs:12:1
      |
   12 | / pub fn recursion_guard(
   13 | |     depth: usize,
   14 | |     f: impl FnOnce(usize) -> (usize, Option<usize>),
   15 | | ) -> (usize, Option<usize>) {
      | |___________________________- similarly named function `recursion_guard` defined here
      |
      = note: this error originates in the derive macro `Arbitrary` (in Nightly builds, run with -Z macro-backtrace for more info)

error[E0576]: cannot find method or associated constant `try_size_hint` in trait `arbitrary::Arbitrary`
     --> C:\Users\Devyani\.cargo\registry\src\index.crates.io-1949cf8c6b5b557f\stellar-xdr-20.1.0\src\curr\generated.rs:32499:42
      |
32499 | #[cfg_attr(feature = "arbitrary", derive(Arbitrary))]
      |                                          ^^^^^^^^^
      |
     ::: C:\Users\Devyani\.cargo\registry\src\index.crates.io-1949cf8c6b5b557f\arbitrary-1.3.2\src\lib.rs:277:5
      |
  277 |     fn size_hint(depth: usize) -> (usize, Option<usize>) {
      |     ---------------------------------------------------- similarly named associated function `size_hint` defined here
      |
      = note: this error originates in the derive macro `Arbitrary` (in Nightly builds, run with -Z macro-backtrace for more info)

error[E0425]: cannot find type `MaxRecursionReached` in crate `arbitrary`
     --> C:\Users\Devyani\.cargo\registry\src\index.crates.io-1949cf8c6b5b557f\stellar-xdr-20.1.0\src\curr\generated.rs:32887:42
      |
32887 | #[cfg_attr(feature = "arbitrary", derive(Arbitrary))]
      |                                          ^^^^^^^^^ not found in `arbitrary`
      |
      = note: this error originates in the derive macro `Arbitrary` (in Nightly builds, run with -Z macro-backtrace for more info)

error[E0425]: cannot find function `try_recursion_guard` in module `arbitrary::size_hint`
     --> C:\Users\Devyani\.cargo\registry\src\index.crates.io-1949cf8c6b5b557f\stellar-xdr-20.1.0\src\curr\generated.rs:32887:42
      |
32887 |   #[cfg_attr(feature = "arbitrary", derive(Arbitrary))]
      |                                            ^^^^^^^^^
      |
     ::: C:\Users\Devyani\.cargo\registry\src\index.crates.io-1949cf8c6b5b557f\arbitrary-1.3.2\src\size_hint.rs:12:1
      |
   12 | / pub fn recursion_guard(
   13 | |     depth: usize,
   14 | |     f: impl FnOnce(usize) -> (usize, Option<usize>),
   15 | | ) -> (usize, Option<usize>) {
      | |___________________________- similarly named function `recursion_guard` defined here
      |
      = note: this error originates in the derive macro `Arbitrary` (in Nightly builds, run with -Z macro-backtrace for more info)

error[E0576]: cannot find method or associated constant `try_size_hint` in trait `arbitrary::Arbitrary`
     --> C:\Users\Devyani\.cargo\registry\src\index.crates.io-1949cf8c6b5b557f\stellar-xdr-20.1.0\src\curr\generated.rs:32887:42
      |
32887 | #[cfg_attr(feature = "arbitrary", derive(Arbitrary))]
      |                                          ^^^^^^^^^
      |
     ::: C:\Users\Devyani\.cargo\registry\src\index.crates.io-1949cf8c6b5b557f\arbitrary-1.3.2\src\lib.rs:277:5
      |
  277 |     fn size_hint(depth: usize) -> (usize, Option<usize>) {
      |     ---------------------------------------------------- similarly named associated function `size_hint` defined here
      |
      = note: this error originates in the derive macro `Arbitrary` (in Nightly builds, run with -Z macro-backtrace for more info)

error[E0425]: cannot find type `MaxRecursionReached` in crate `arbitrary`
     --> C:\Users\Devyani\.cargo\registry\src\index.crates.io-1949cf8c6b5b557f\stellar-xdr-20.1.0\src\curr\generated.rs:34216:42
      |
34216 | #[cfg_attr(feature = "arbitrary", derive(Arbitrary))]
      |                                          ^^^^^^^^^ not found in `arbitrary`
      |
      = note: this error originates in the derive macro `Arbitrary` (in Nightly builds, run with -Z macro-backtrace for more info)

error[E0425]: cannot find function `try_recursion_guard` in module `arbitrary::size_hint`
     --> C:\Users\Devyani\.cargo\registry\src\index.crates.io-1949cf8c6b5b557f\stellar-xdr-20.1.0\src\curr\generated.rs:34216:42
      |
34216 |   #[cfg_attr(feature = "arbitrary", derive(Arbitrary))]
      |                                            ^^^^^^^^^
      |
     ::: C:\Users\Devyani\.cargo\registry\src\index.crates.io-1949cf8c6b5b557f\arbitrary-1.3.2\src\size_hint.rs:12:1
      |
   12 | / pub fn recursion_guard(
   13 | |     depth: usize,
   14 | |     f: impl FnOnce(usize) -> (usize, Option<usize>),
   15 | | ) -> (usize, Option<usize>) {
      | |___________________________- similarly named function `recursion_guard` defined here
      |
      = note: this error originates in the derive macro `Arbitrary` (in Nightly builds, run with -Z macro-backtrace for more info)

error[E0576]: cannot find method or associated constant `try_size_hint` in trait `arbitrary::Arbitrary`
     --> C:\Users\Devyani\.cargo\registry\src\index.crates.io-1949cf8c6b5b557f\stellar-xdr-20.1.0\src\curr\generated.rs:34216:42
      |
34216 | #[cfg_attr(feature = "arbitrary", derive(Arbitrary))]
      |                                          ^^^^^^^^^
      |
     ::: C:\Users\Devyani\.cargo\registry\src\index.crates.io-1949cf8c6b5b557f\arbitrary-1.3.2\src\lib.rs:277:5
      |
  277 |     fn size_hint(depth: usize) -> (usize, Option<usize>) {
      |     ---------------------------------------------------- similarly named associated function `size_hint` defined here
      |
      = note: this error originates in the derive macro `Arbitrary` (in Nightly builds, run with -Z macro-backtrace for more info)

error[E0425]: cannot find type `MaxRecursionReached` in crate `arbitrary`
     --> C:\Users\Devyani\.cargo\registry\src\index.crates.io-1949cf8c6b5b557f\stellar-xdr-20.1.0\src\curr\generated.rs:34476:42
      |
34476 | #[cfg_attr(feature = "arbitrary", derive(Arbitrary))]
      |                                          ^^^^^^^^^ not found in `arbitrary`
      |
      = note: this error originates in the derive macro `Arbitrary` (in Nightly builds, run with -Z macro-backtrace for more info)

error[E0425]: cannot find function `try_recursion_guard` in module `arbitrary::size_hint`
     --> C:\Users\Devyani\.cargo\registry\src\index.crates.io-1949cf8c6b5b557f\stellar-xdr-20.1.0\src\curr\generated.rs:34476:42
      |
34476 |   #[cfg_attr(feature = "arbitrary", derive(Arbitrary))]
      |                                            ^^^^^^^^^
      |
     ::: C:\Users\Devyani\.cargo\registry\src\index.crates.io-1949cf8c6b5b557f\arbitrary-1.3.2\src\size_hint.rs:12:1
      |
   12 | / pub fn recursion_guard(
   13 | |     depth: usize,
   14 | |     f: impl FnOnce(usize) -> (usize, Option<usize>),
   15 | | ) -> (usize, Option<usize>) {
      | |___________________________- similarly named function `recursion_guard` defined here
      |
      = note: this error originates in the derive macro `Arbitrary` (in Nightly builds, run with -Z macro-backtrace for more info)

error[E0576]: cannot find method or associated constant `try_size_hint` in trait `arbitrary::Arbitrary`
     --> C:\Users\Devyani\.cargo\registry\src\index.crates.io-1949cf8c6b5b557f\stellar-xdr-20.1.0\src\curr\generated.rs:34476:42
      |
34476 | #[cfg_attr(feature = "arbitrary", derive(Arbitrary))]
      |                                          ^^^^^^^^^
      |
     ::: C:\Users\Devyani\.cargo\registry\src\index.crates.io-1949cf8c6b5b557f\arbitrary-1.3.2\src\lib.rs:277:5
      |
  277 |     fn size_hint(depth: usize) -> (usize, Option<usize>) {
      |     ---------------------------------------------------- similarly named associated function `size_hint` defined here
      |
      = note: this error originates in the derive macro `Arbitrary` (in Nightly builds, run with -Z macro-backtrace for more info)

error[E0425]: cannot find type `MaxRecursionReached` in crate `arbitrary`
     --> C:\Users\Devyani\.cargo\registry\src\index.crates.io-1949cf8c6b5b557f\stellar-xdr-20.1.0\src\curr\generated.rs:34524:42
      |
34524 | #[cfg_attr(feature = "arbitrary", derive(Arbitrary))]
      |                                          ^^^^^^^^^ not found in `arbitrary`
      |
      = note: this error originates in the derive macro `Arbitrary` (in Nightly builds, run with -Z macro-backtrace for more info)

error[E0425]: cannot find function `try_recursion_guard` in module `arbitrary::size_hint`
     --> C:\Users\Devyani\.cargo\registry\src\index.crates.io-1949cf8c6b5b557f\stellar-xdr-20.1.0\src\curr\generated.rs:34524:42
      |
34524 |   #[cfg_attr(feature = "arbitrary", derive(Arbitrary))]
      |                                            ^^^^^^^^^
      |
     ::: C:\Users\Devyani\.cargo\registry\src\index.crates.io-1949cf8c6b5b557f\arbitrary-1.3.2\src\size_hint.rs:12:1
      |
   12 | / pub fn recursion_guard(
   13 | |     depth: usize,
   14 | |     f: impl FnOnce(usize) -> (usize, Option<usize>),
   15 | | ) -> (usize, Option<usize>) {
      | |___________________________- similarly named function `recursion_guard` defined here
      |
      = note: this error originates in the derive macro `Arbitrary` (in Nightly builds, run with -Z macro-backtrace for more info)

error[E0576]: cannot find method or associated constant `try_size_hint` in trait `arbitrary::Arbitrary`
     --> C:\Users\Devyani\.cargo\registry\src\index.crates.io-1949cf8c6b5b557f\stellar-xdr-20.1.0\src\curr\generated.rs:34524:42
      |
34524 | #[cfg_attr(feature = "arbitrary", derive(Arbitrary))]
      |                                          ^^^^^^^^^
      |
     ::: C:\Users\Devyani\.cargo\registry\src\index.crates.io-1949cf8c6b5b557f\arbitrary-1.3.2\src\lib.rs:277:5
      |
  277 |     fn size_hint(depth: usize) -> (usize, Option<usize>) {
      |     ---------------------------------------------------- similarly named associated function `size_hint` defined here
      |
      = note: this error originates in the derive macro `Arbitrary` (in Nightly builds, run with -Z macro-backtrace for more info)

error[E0425]: cannot find type `MaxRecursionReached` in crate `arbitrary`
     --> C:\Users\Devyani\.cargo\registry\src\index.crates.io-1949cf8c6b5b557f\stellar-xdr-20.1.0\src\curr\generated.rs:35264:42
      |
35264 | #[cfg_attr(feature = "arbitrary", derive(Arbitrary))]
      |                                          ^^^^^^^^^ not found in `arbitrary`
      |
      = note: this error originates in the derive macro `Arbitrary` (in Nightly builds, run with -Z macro-backtrace for more info)

error[E0425]: cannot find function `try_recursion_guard` in module `arbitrary::size_hint`
     --> C:\Users\Devyani\.cargo\registry\src\index.crates.io-1949cf8c6b5b557f\stellar-xdr-20.1.0\src\curr\generated.rs:35264:42
      |
35264 |   #[cfg_attr(feature = "arbitrary", derive(Arbitrary))]
      |                                            ^^^^^^^^^
      |
     ::: C:\Users\Devyani\.cargo\registry\src\index.crates.io-1949cf8c6b5b557f\arbitrary-1.3.2\src\size_hint.rs:12:1
      |
   12 | / pub fn recursion_guard(
   13 | |     depth: usize,
   14 | |     f: impl FnOnce(usize) -> (usize, Option<usize>),
   15 | | ) -> (usize, Option<usize>) {
      | |___________________________- similarly named function `recursion_guard` defined here
      |
      = note: this error originates in the derive macro `Arbitrary` (in Nightly builds, run with -Z macro-backtrace for more info)

error[E0576]: cannot find method or associated constant `try_size_hint` in trait `arbitrary::Arbitrary`
     --> C:\Users\Devyani\.cargo\registry\src\index.crates.io-1949cf8c6b5b557f\stellar-xdr-20.1.0\src\curr\generated.rs:35264:42
      |
35264 | #[cfg_attr(feature = "arbitrary", derive(Arbitrary))]
      |                                          ^^^^^^^^^
      |
     ::: C:\Users\Devyani\.cargo\registry\src\index.crates.io-1949cf8c6b5b557f\arbitrary-1.3.2\src\lib.rs:277:5
      |
  277 |     fn size_hint(depth: usize) -> (usize, Option<usize>) {
      |     ---------------------------------------------------- similarly named associated function `size_hint` defined here
      |
      = note: this error originates in the derive macro `Arbitrary` (in Nightly builds, run with -Z macro-backtrace for more info)

error[E0425]: cannot find type `MaxRecursionReached` in crate `arbitrary`
     --> C:\Users\Devyani\.cargo\registry\src\index.crates.io-1949cf8c6b5b557f\stellar-xdr-20.1.0\src\curr\generated.rs:37993:42
      |
37993 | #[cfg_attr(feature = "arbitrary", derive(Arbitrary))]
      |                                          ^^^^^^^^^ not found in `arbitrary`
      |
      = note: this error originates in the derive macro `Arbitrary` (in Nightly builds, run with -Z macro-backtrace for more info)

error[E0425]: cannot find function `try_recursion_guard` in module `arbitrary::size_hint`
     --> C:\Users\Devyani\.cargo\registry\src\index.crates.io-1949cf8c6b5b557f\stellar-xdr-20.1.0\src\curr\generated.rs:37993:42
      |
37993 |   #[cfg_attr(feature = "arbitrary", derive(Arbitrary))]
      |                                            ^^^^^^^^^
      |
     ::: C:\Users\Devyani\.cargo\registry\src\index.crates.io-1949cf8c6b5b557f\arbitrary-1.3.2\src\size_hint.rs:12:1
      |
   12 | / pub fn recursion_guard(
   13 | |     depth: usize,
   14 | |     f: impl FnOnce(usize) -> (usize, Option<usize>),
   15 | | ) -> (usize, Option<usize>) {
      | |___________________________- similarly named function `recursion_guard` defined here
      |
      = note: this error originates in the derive macro `Arbitrary` (in Nightly builds, run with -Z macro-backtrace for more info)

error[E0576]: cannot find method or associated constant `try_size_hint` in trait `arbitrary::Arbitrary`
     --> C:\Users\Devyani\.cargo\registry\src\index.crates.io-1949cf8c6b5b557f\stellar-xdr-20.1.0\src\curr\generated.rs:37993:42
      |
37993 | #[cfg_attr(feature = "arbitrary", derive(Arbitrary))]
      |                                          ^^^^^^^^^
      |
     ::: C:\Users\Devyani\.cargo\registry\src\index.crates.io-1949cf8c6b5b557f\arbitrary-1.3.2\src\lib.rs:277:5
      |
  277 |     fn size_hint(depth: usize) -> (usize, Option<usize>) {
      |     ---------------------------------------------------- similarly named associated function `size_hint` defined here
      |
      = note: this error originates in the derive macro `Arbitrary` (in Nightly builds, run with -Z macro-backtrace for more info)

error[E0425]: cannot find type `MaxRecursionReached` in crate `arbitrary`
     --> C:\Users\Devyani\.cargo\registry\src\index.crates.io-1949cf8c6b5b557f\stellar-xdr-20.1.0\src\curr\generated.rs:38851:42
      |
38851 | #[cfg_attr(feature = "arbitrary", derive(Arbitrary))]
      |                                          ^^^^^^^^^ not found in `arbitrary`
      |
      = note: this error originates in the derive macro `Arbitrary` (in Nightly builds, run with -Z macro-backtrace for more info)

error[E0425]: cannot find function `try_recursion_guard` in module `arbitrary::size_hint`
     --> C:\Users\Devyani\.cargo\registry\src\index.crates.io-1949cf8c6b5b557f\stellar-xdr-20.1.0\src\curr\generated.rs:38851:42
      |
38851 |   #[cfg_attr(feature = "arbitrary", derive(Arbitrary))]
      |                                            ^^^^^^^^^
      |
     ::: C:\Users\Devyani\.cargo\registry\src\index.crates.io-1949cf8c6b5b557f\arbitrary-1.3.2\src\size_hint.rs:12:1
      |
   12 | / pub fn recursion_guard(
   13 | |     depth: usize,
   14 | |     f: impl FnOnce(usize) -> (usize, Option<usize>),
   15 | | ) -> (usize, Option<usize>) {
      | |___________________________- similarly named function `recursion_guard` defined here
      |
      = note: this error originates in the derive macro `Arbitrary` (in Nightly builds, run with -Z macro-backtrace for more info)

error[E0576]: cannot find method or associated constant `try_size_hint` in trait `arbitrary::Arbitrary`
     --> C:\Users\Devyani\.cargo\registry\src\index.crates.io-1949cf8c6b5b557f\stellar-xdr-20.1.0\src\curr\generated.rs:38851:42
      |
38851 | #[cfg_attr(feature = "arbitrary", derive(Arbitrary))]
      |                                          ^^^^^^^^^
      |
     ::: C:\Users\Devyani\.cargo\registry\src\index.crates.io-1949cf8c6b5b557f\arbitrary-1.3.2\src\lib.rs:277:5
      |
  277 |     fn size_hint(depth: usize) -> (usize, Option<usize>) {
      |     ---------------------------------------------------- similarly named associated function `size_hint` defined here
      |
      = note: this error originates in the derive macro `Arbitrary` (in Nightly builds, run with -Z macro-backtrace for more info)

error[E0425]: cannot find type `MaxRecursionReached` in crate `arbitrary`
     --> C:\Users\Devyani\.cargo\registry\src\index.crates.io-1949cf8c6b5b557f\stellar-xdr-20.1.0\src\curr\generated.rs:39239:42
      |
39239 | #[cfg_attr(feature = "arbitrary", derive(Arbitrary))]
      |                                          ^^^^^^^^^ not found in `arbitrary`
      |
      = note: this error originates in the derive macro `Arbitrary` (in Nightly builds, run with -Z macro-backtrace for more info)

error[E0425]: cannot find function `try_recursion_guard` in module `arbitrary::size_hint`
     --> C:\Users\Devyani\.cargo\registry\src\index.crates.io-1949cf8c6b5b557f\stellar-xdr-20.1.0\src\curr\generated.rs:39239:42
      |
39239 |   #[cfg_attr(feature = "arbitrary", derive(Arbitrary))]
      |                                            ^^^^^^^^^
      |
     ::: C:\Users\Devyani\.cargo\registry\src\index.crates.io-1949cf8c6b5b557f\arbitrary-1.3.2\src\size_hint.rs:12:1
      |
   12 | / pub fn recursion_guard(
   13 | |     depth: usize,
   14 | |     f: impl FnOnce(usize) -> (usize, Option<usize>),
   15 | | ) -> (usize, Option<usize>) {
      | |___________________________- similarly named function `recursion_guard` defined here
      |
      = note: this error originates in the derive macro `Arbitrary` (in Nightly builds, run with -Z macro-backtrace for more info)

error[E0576]: cannot find method or associated constant `try_size_hint` in trait `arbitrary::Arbitrary`
     --> C:\Users\Devyani\.cargo\registry\src\index.crates.io-1949cf8c6b5b557f\stellar-xdr-20.1.0\src\curr\generated.rs:39239:42
      |
39239 | #[cfg_attr(feature = "arbitrary", derive(Arbitrary))]
      |                                          ^^^^^^^^^
      |
     ::: C:\Users\Devyani\.cargo\registry\src\index.crates.io-1949cf8c6b5b557f\arbitrary-1.3.2\src\lib.rs:277:5
      |
  277 |     fn size_hint(depth: usize) -> (usize, Option<usize>) {
      |     ---------------------------------------------------- similarly named associated function `size_hint` defined here
      |
      = note: this error originates in the derive macro `Arbitrary` (in Nightly builds, run with -Z macro-backtrace for more info)

error[E0425]: cannot find type `MaxRecursionReached` in crate `arbitrary`
     --> C:\Users\Devyani\.cargo\registry\src\index.crates.io-1949cf8c6b5b557f\stellar-xdr-20.1.0\src\curr\generated.rs:39621:42
      |
39621 | #[cfg_attr(feature = "arbitrary", derive(Arbitrary))]
      |                                          ^^^^^^^^^ not found in `arbitrary`
      |
      = note: this error originates in the derive macro `Arbitrary` (in Nightly builds, run with -Z macro-backtrace for more info)

error[E0425]: cannot find function `try_recursion_guard` in module `arbitrary::size_hint`
     --> C:\Users\Devyani\.cargo\registry\src\index.crates.io-1949cf8c6b5b557f\stellar-xdr-20.1.0\src\curr\generated.rs:39621:42
      |
39621 |   #[cfg_attr(feature = "arbitrary", derive(Arbitrary))]
      |                                            ^^^^^^^^^
      |
     ::: C:\Users\Devyani\.cargo\registry\src\index.crates.io-1949cf8c6b5b557f\arbitrary-1.3.2\src\size_hint.rs:12:1
      |
   12 | / pub fn recursion_guard(
   13 | |     depth: usize,
   14 | |     f: impl FnOnce(usize) -> (usize, Option<usize>),
   15 | | ) -> (usize, Option<usize>) {
      | |___________________________- similarly named function `recursion_guard` defined here
      |
      = note: this error originates in the derive macro `Arbitrary` (in Nightly builds, run with -Z macro-backtrace for more info)

error[E0576]: cannot find method or associated constant `try_size_hint` in trait `arbitrary::Arbitrary`
     --> C:\Users\Devyani\.cargo\registry\src\index.crates.io-1949cf8c6b5b557f\stellar-xdr-20.1.0\src\curr\generated.rs:39621:42
      |
39621 | #[cfg_attr(feature = "arbitrary", derive(Arbitrary))]
      |                                          ^^^^^^^^^
      |
     ::: C:\Users\Devyani\.cargo\registry\src\index.crates.io-1949cf8c6b5b557f\arbitrary-1.3.2\src\lib.rs:277:5
      |
  277 |     fn size_hint(depth: usize) -> (usize, Option<usize>) {
      |     ---------------------------------------------------- similarly named associated function `size_hint` defined here
      |
      = note: this error originates in the derive macro `Arbitrary` (in Nightly builds, run with -Z macro-backtrace for more info)

error[E0425]: cannot find type `MaxRecursionReached` in crate `arbitrary`
     --> C:\Users\Devyani\.cargo\registry\src\index.crates.io-1949cf8c6b5b557f\stellar-xdr-20.1.0\src\curr\generated.rs:39974:42
      |
39974 | #[cfg_attr(feature = "arbitrary", derive(Arbitrary))]
      |                                          ^^^^^^^^^ not found in `arbitrary`
      |
      = note: this error originates in the derive macro `Arbitrary` (in Nightly builds, run with -Z macro-backtrace for more info)

error[E0425]: cannot find function `try_recursion_guard` in module `arbitrary::size_hint`
     --> C:\Users\Devyani\.cargo\registry\src\index.crates.io-1949cf8c6b5b557f\stellar-xdr-20.1.0\src\curr\generated.rs:39974:42
      |
39974 |   #[cfg_attr(feature = "arbitrary", derive(Arbitrary))]
      |                                            ^^^^^^^^^
      |
     ::: C:\Users\Devyani\.cargo\registry\src\index.crates.io-1949cf8c6b5b557f\arbitrary-1.3.2\src\size_hint.rs:12:1
      |
   12 | / pub fn recursion_guard(
   13 | |     depth: usize,
   14 | |     f: impl FnOnce(usize) -> (usize, Option<usize>),
   15 | | ) -> (usize, Option<usize>) {
      | |___________________________- similarly named function `recursion_guard` defined here
      |
      = note: this error originates in the derive macro `Arbitrary` (in Nightly builds, run with -Z macro-backtrace for more info)

error[E0576]: cannot find method or associated constant `try_size_hint` in trait `arbitrary::Arbitrary`
     --> C:\Users\Devyani\.cargo\registry\src\index.crates.io-1949cf8c6b5b557f\stellar-xdr-20.1.0\src\curr\generated.rs:39974:42
      |
39974 | #[cfg_attr(feature = "arbitrary", derive(Arbitrary))]
      |                                          ^^^^^^^^^
      |
     ::: C:\Users\Devyani\.cargo\registry\src\index.crates.io-1949cf8c6b5b557f\arbitrary-1.3.2\src\lib.rs:277:5
      |
  277 |     fn size_hint(depth: usize) -> (usize, Option<usize>) {
      |     ---------------------------------------------------- similarly named associated function `size_hint` defined here
      |
      = note: this error originates in the derive macro `Arbitrary` (in Nightly builds, run with -Z macro-backtrace for more info)

error[E0425]: cannot find type `MaxRecursionReached` in crate `arbitrary`
     --> C:\Users\Devyani\.cargo\registry\src\index.crates.io-1949cf8c6b5b557f\stellar-xdr-20.1.0\src\curr\generated.rs:40022:42
      |
40022 | #[cfg_attr(feature = "arbitrary", derive(Arbitrary))]
      |                                          ^^^^^^^^^ not found in `arbitrary`
      |
      = note: this error originates in the derive macro `Arbitrary` (in Nightly builds, run with -Z macro-backtrace for more info)

error[E0425]: cannot find function `try_recursion_guard` in module `arbitrary::size_hint`
     --> C:\Users\Devyani\.cargo\registry\src\index.crates.io-1949cf8c6b5b557f\stellar-xdr-20.1.0\src\curr\generated.rs:40022:42
      |
40022 |   #[cfg_attr(feature = "arbitrary", derive(Arbitrary))]
      |                                            ^^^^^^^^^
      |
     ::: C:\Users\Devyani\.cargo\registry\src\index.crates.io-1949cf8c6b5b557f\arbitrary-1.3.2\src\size_hint.rs:12:1
      |
   12 | / pub fn recursion_guard(
   13 | |     depth: usize,
   14 | |     f: impl FnOnce(usize) -> (usize, Option<usize>),
   15 | | ) -> (usize, Option<usize>) {
      | |___________________________- similarly named function `recursion_guard` defined here
      |
      = note: this error originates in the derive macro `Arbitrary` (in Nightly builds, run with -Z macro-backtrace for more info)

error[E0576]: cannot find method or associated constant `try_size_hint` in trait `arbitrary::Arbitrary`
     --> C:\Users\Devyani\.cargo\registry\src\index.crates.io-1949cf8c6b5b557f\stellar-xdr-20.1.0\src\curr\generated.rs:40022:42
      |
40022 | #[cfg_attr(feature = "arbitrary", derive(Arbitrary))]
      |                                          ^^^^^^^^^
      |
     ::: C:\Users\Devyani\.cargo\registry\src\index.crates.io-1949cf8c6b5b557f\arbitrary-1.3.2\src\lib.rs:277:5
      |
  277 |     fn size_hint(depth: usize) -> (usize, Option<usize>) {
      |     ---------------------------------------------------- similarly named associated function `size_hint` defined here
      |
      = note: this error originates in the derive macro `Arbitrary` (in Nightly builds, run with -Z macro-backtrace for more info)

error[E0425]: cannot find type `MaxRecursionReached` in crate `arbitrary`
     --> C:\Users\Devyani\.cargo\registry\src\index.crates.io-1949cf8c6b5b557f\stellar-xdr-20.1.0\src\curr\generated.rs:40089:42
      |
40089 | #[cfg_attr(feature = "arbitrary", derive(Arbitrary))]
      |                                          ^^^^^^^^^ not found in `arbitrary`
      |
      = note: this error originates in the derive macro `Arbitrary` (in Nightly builds, run with -Z macro-backtrace for more info)

error[E0425]: cannot find function `try_recursion_guard` in module `arbitrary::size_hint`
     --> C:\Users\Devyani\.cargo\registry\src\index.crates.io-1949cf8c6b5b557f\stellar-xdr-20.1.0\src\curr\generated.rs:40089:42
      |
40089 |   #[cfg_attr(feature = "arbitrary", derive(Arbitrary))]
      |                                            ^^^^^^^^^
      |
     ::: C:\Users\Devyani\.cargo\registry\src\index.crates.io-1949cf8c6b5b557f\arbitrary-1.3.2\src\size_hint.rs:12:1
      |
   12 | / pub fn recursion_guard(
   13 | |     depth: usize,
   14 | |     f: impl FnOnce(usize) -> (usize, Option<usize>),
   15 | | ) -> (usize, Option<usize>) {
      | |___________________________- similarly named function `recursion_guard` defined here
      |
      = note: this error originates in the derive macro `Arbitrary` (in Nightly builds, run with -Z macro-backtrace for more info)

error[E0576]: cannot find method or associated constant `try_size_hint` in trait `arbitrary::Arbitrary`
     --> C:\Users\Devyani\.cargo\registry\src\index.crates.io-1949cf8c6b5b557f\stellar-xdr-20.1.0\src\curr\generated.rs:40089:42
      |
40089 | #[cfg_attr(feature = "arbitrary", derive(Arbitrary))]
      |                                          ^^^^^^^^^
      |
     ::: C:\Users\Devyani\.cargo\registry\src\index.crates.io-1949cf8c6b5b557f\arbitrary-1.3.2\src\lib.rs:277:5
      |
  277 |     fn size_hint(depth: usize) -> (usize, Option<usize>) {
      |     ---------------------------------------------------- similarly named associated function `size_hint` defined here
      |
      = note: this error originates in the derive macro `Arbitrary` (in Nightly builds, run with -Z macro-backtrace for more info)

error[E0425]: cannot find type `MaxRecursionReached` in crate `arbitrary`
     --> C:\Users\Devyani\.cargo\registry\src\index.crates.io-1949cf8c6b5b557f\stellar-xdr-20.1.0\src\curr\generated.rs:40461:42
      |
40461 | #[cfg_attr(feature = "arbitrary", derive(Arbitrary))]
      |                                          ^^^^^^^^^ not found in `arbitrary`
      |
      = note: this error originates in the derive macro `Arbitrary` (in Nightly builds, run with -Z macro-backtrace for more info)

error[E0425]: cannot find function `try_recursion_guard` in module `arbitrary::size_hint`
     --> C:\Users\Devyani\.cargo\registry\src\index.crates.io-1949cf8c6b5b557f\stellar-xdr-20.1.0\src\curr\generated.rs:40461:42
      |
40461 |   #[cfg_attr(feature = "arbitrary", derive(Arbitrary))]
      |                                            ^^^^^^^^^
      |
     ::: C:\Users\Devyani\.cargo\registry\src\index.crates.io-1949cf8c6b5b557f\arbitrary-1.3.2\src\size_hint.rs:12:1
      |
   12 | / pub fn recursion_guard(
   13 | |     depth: usize,
   14 | |     f: impl FnOnce(usize) -> (usize, Option<usize>),
   15 | | ) -> (usize, Option<usize>) {
      | |___________________________- similarly named function `recursion_guard` defined here
      |
      = note: this error originates in the derive macro `Arbitrary` (in Nightly builds, run with -Z macro-backtrace for more info)

error[E0576]: cannot find method or associated constant `try_size_hint` in trait `arbitrary::Arbitrary`
     --> C:\Users\Devyani\.cargo\registry\src\index.crates.io-1949cf8c6b5b557f\stellar-xdr-20.1.0\src\curr\generated.rs:40461:42
      |
40461 | #[cfg_attr(feature = "arbitrary", derive(Arbitrary))]
      |                                          ^^^^^^^^^
      |
     ::: C:\Users\Devyani\.cargo\registry\src\index.crates.io-1949cf8c6b5b557f\arbitrary-1.3.2\src\lib.rs:277:5
      |
  277 |     fn size_hint(depth: usize) -> (usize, Option<usize>) {
      |     ---------------------------------------------------- similarly named associated function `size_hint` defined here
      |
      = note: this error originates in the derive macro `Arbitrary` (in Nightly builds, run with -Z macro-backtrace for more info)

error[E0425]: cannot find type `MaxRecursionReached` in crate `arbitrary`
     --> C:\Users\Devyani\.cargo\registry\src\index.crates.io-1949cf8c6b5b557f\stellar-xdr-20.1.0\src\curr\generated.rs:40505:42
      |
40505 | #[cfg_attr(feature = "arbitrary", derive(Arbitrary))]
      |                                          ^^^^^^^^^ not found in `arbitrary`
      |
      = note: this error originates in the derive macro `Arbitrary` (in Nightly builds, run with -Z macro-backtrace for more info)

error[E0425]: cannot find function `try_recursion_guard` in module `arbitrary::size_hint`
     --> C:\Users\Devyani\.cargo\registry\src\index.crates.io-1949cf8c6b5b557f\stellar-xdr-20.1.0\src\curr\generated.rs:40505:42
      |
40505 |   #[cfg_attr(feature = "arbitrary", derive(Arbitrary))]
      |                                            ^^^^^^^^^
      |
     ::: C:\Users\Devyani\.cargo\registry\src\index.crates.io-1949cf8c6b5b557f\arbitrary-1.3.2\src\size_hint.rs:12:1
      |
   12 | / pub fn recursion_guard(
   13 | |     depth: usize,
   14 | |     f: impl FnOnce(usize) -> (usize, Option<usize>),
   15 | | ) -> (usize, Option<usize>) {
      | |___________________________- similarly named function `recursion_guard` defined here
      |
      = note: this error originates in the derive macro `Arbitrary` (in Nightly builds, run with -Z macro-backtrace for more info)

error[E0576]: cannot find method or associated constant `try_size_hint` in trait `arbitrary::Arbitrary`
     --> C:\Users\Devyani\.cargo\registry\src\index.crates.io-1949cf8c6b5b557f\stellar-xdr-20.1.0\src\curr\generated.rs:40505:42
      |
40505 | #[cfg_attr(feature = "arbitrary", derive(Arbitrary))]
      |                                          ^^^^^^^^^
      |
     ::: C:\Users\Devyani\.cargo\registry\src\index.crates.io-1949cf8c6b5b557f\arbitrary-1.3.2\src\lib.rs:277:5
      |
  277 |     fn size_hint(depth: usize) -> (usize, Option<usize>) {
      |     ---------------------------------------------------- similarly named associated function `size_hint` defined here
      |
      = note: this error originates in the derive macro `Arbitrary` (in Nightly builds, run with -Z macro-backtrace for more info)

error[E0425]: cannot find type `MaxRecursionReached` in crate `arbitrary`
     --> C:\Users\Devyani\.cargo\registry\src\index.crates.io-1949cf8c6b5b557f\stellar-xdr-20.1.0\src\curr\generated.rs:40623:42
      |
40623 | #[cfg_attr(feature = "arbitrary", derive(Arbitrary))]
      |                                          ^^^^^^^^^ not found in `arbitrary`
      |
      = note: this error originates in the derive macro `Arbitrary` (in Nightly builds, run with -Z macro-backtrace for more info)

error[E0425]: cannot find function `try_recursion_guard` in module `arbitrary::size_hint`
     --> C:\Users\Devyani\.cargo\registry\src\index.crates.io-1949cf8c6b5b557f\stellar-xdr-20.1.0\src\curr\generated.rs:40623:42
      |
40623 |   #[cfg_attr(feature = "arbitrary", derive(Arbitrary))]
      |                                            ^^^^^^^^^
      |
     ::: C:\Users\Devyani\.cargo\registry\src\index.crates.io-1949cf8c6b5b557f\arbitrary-1.3.2\src\size_hint.rs:12:1
      |
   12 | / pub fn recursion_guard(
   13 | |     depth: usize,
   14 | |     f: impl FnOnce(usize) -> (usize, Option<usize>),
   15 | | ) -> (usize, Option<usize>) {
      | |___________________________- similarly named function `recursion_guard` defined here
      |
      = note: this error originates in the derive macro `Arbitrary` (in Nightly builds, run with -Z macro-backtrace for more info)

error[E0576]: cannot find method or associated constant `try_size_hint` in trait `arbitrary::Arbitrary`
     --> C:\Users\Devyani\.cargo\registry\src\index.crates.io-1949cf8c6b5b557f\stellar-xdr-20.1.0\src\curr\generated.rs:40623:42
      |
40623 | #[cfg_attr(feature = "arbitrary", derive(Arbitrary))]
      |                                          ^^^^^^^^^
      |
     ::: C:\Users\Devyani\.cargo\registry\src\index.crates.io-1949cf8c6b5b557f\arbitrary-1.3.2\src\lib.rs:277:5
      |
  277 |     fn size_hint(depth: usize) -> (usize, Option<usize>) {
      |     ---------------------------------------------------- similarly named associated function `size_hint` defined here
      |
      = note: this error originates in the derive macro `Arbitrary` (in Nightly builds, run with -Z macro-backtrace for more info)

error[E0425]: cannot find type `MaxRecursionReached` in crate `arbitrary`
     --> C:\Users\Devyani\.cargo\registry\src\index.crates.io-1949cf8c6b5b557f\stellar-xdr-20.1.0\src\curr\generated.rs:40773:42
      |
40773 | #[cfg_attr(feature = "arbitrary", derive(Arbitrary))]
      |                                          ^^^^^^^^^ not found in `arbitrary`
      |
      = note: this error originates in the derive macro `Arbitrary` (in Nightly builds, run with -Z macro-backtrace for more info)

error[E0425]: cannot find function `try_recursion_guard` in module `arbitrary::size_hint`
     --> C:\Users\Devyani\.cargo\registry\src\index.crates.io-1949cf8c6b5b557f\stellar-xdr-20.1.0\src\curr\generated.rs:40773:42
      |
40773 |   #[cfg_attr(feature = "arbitrary", derive(Arbitrary))]
      |                                            ^^^^^^^^^
      |
     ::: C:\Users\Devyani\.cargo\registry\src\index.crates.io-1949cf8c6b5b557f\arbitrary-1.3.2\src\size_hint.rs:12:1
      |
   12 | / pub fn recursion_guard(
   13 | |     depth: usize,
   14 | |     f: impl FnOnce(usize) -> (usize, Option<usize>),
   15 | | ) -> (usize, Option<usize>) {
      | |___________________________- similarly named function `recursion_guard` defined here
      |
      = note: this error originates in the derive macro `Arbitrary` (in Nightly builds, run with -Z macro-backtrace for more info)

error[E0576]: cannot find method or associated constant `try_size_hint` in trait `arbitrary::Arbitrary`
     --> C:\Users\Devyani\.cargo\registry\src\index.crates.io-1949cf8c6b5b557f\stellar-xdr-20.1.0\src\curr\generated.rs:40773:42
      |
40773 | #[cfg_attr(feature = "arbitrary", derive(Arbitrary))]
      |                                          ^^^^^^^^^
      |
     ::: C:\Users\Devyani\.cargo\registry\src\index.crates.io-1949cf8c6b5b557f\arbitrary-1.3.2\src\lib.rs:277:5
      |
  277 |     fn size_hint(depth: usize) -> (usize, Option<usize>) {
      |     ---------------------------------------------------- similarly named associated function `size_hint` defined here
      |
      = note: this error originates in the derive macro `Arbitrary` (in Nightly builds, run with -Z macro-backtrace for more info)

error[E0425]: cannot find type `MaxRecursionReached` in crate `arbitrary`
     --> C:\Users\Devyani\.cargo\registry\src\index.crates.io-1949cf8c6b5b557f\stellar-xdr-20.1.0\src\curr\generated.rs:40828:42
      |
40828 | #[cfg_attr(feature = "arbitrary", derive(Arbitrary))]
      |                                          ^^^^^^^^^ not found in `arbitrary`
      |
      = note: this error originates in the derive macro `Arbitrary` (in Nightly builds, run with -Z macro-backtrace for more info)

error[E0425]: cannot find function `try_recursion_guard` in module `arbitrary::size_hint`
     --> C:\Users\Devyani\.cargo\registry\src\index.crates.io-1949cf8c6b5b557f\stellar-xdr-20.1.0\src\curr\generated.rs:40828:42
      |
40828 |   #[cfg_attr(feature = "arbitrary", derive(Arbitrary))]
      |                                            ^^^^^^^^^
      |
     ::: C:\Users\Devyani\.cargo\registry\src\index.crates.io-1949cf8c6b5b557f\arbitrary-1.3.2\src\size_hint.rs:12:1
      |
   12 | / pub fn recursion_guard(
   13 | |     depth: usize,
   14 | |     f: impl FnOnce(usize) -> (usize, Option<usize>),
   15 | | ) -> (usize, Option<usize>) {
      | |___________________________- similarly named function `recursion_guard` defined here
      |
      = note: this error originates in the derive macro `Arbitrary` (in Nightly builds, run with -Z macro-backtrace for more info)

error[E0576]: cannot find method or associated constant `try_size_hint` in trait `arbitrary::Arbitrary`
     --> C:\Users\Devyani\.cargo\registry\src\index.crates.io-1949cf8c6b5b557f\stellar-xdr-20.1.0\src\curr\generated.rs:40828:42
      |
40828 | #[cfg_attr(feature = "arbitrary", derive(Arbitrary))]
      |                                          ^^^^^^^^^
      |
     ::: C:\Users\Devyani\.cargo\registry\src\index.crates.io-1949cf8c6b5b557f\arbitrary-1.3.2\src\lib.rs:277:5
      |
  277 |     fn size_hint(depth: usize) -> (usize, Option<usize>) {
      |     ---------------------------------------------------- similarly named associated function `size_hint` defined here
      |
      = note: this error originates in the derive macro `Arbitrary` (in Nightly builds, run with -Z macro-backtrace for more info)

error[E0425]: cannot find type `MaxRecursionReached` in crate `arbitrary`
     --> C:\Users\Devyani\.cargo\registry\src\index.crates.io-1949cf8c6b5b557f\stellar-xdr-20.1.0\src\curr\generated.rs:41339:42
      |
41339 | #[cfg_attr(feature = "arbitrary", derive(Arbitrary))]
      |                                          ^^^^^^^^^ not found in `arbitrary`
      |
      = note: this error originates in the derive macro `Arbitrary` (in Nightly builds, run with -Z macro-backtrace for more info)

error[E0425]: cannot find function `try_recursion_guard` in module `arbitrary::size_hint`
     --> C:\Users\Devyani\.cargo\registry\src\index.crates.io-1949cf8c6b5b557f\stellar-xdr-20.1.0\src\curr\generated.rs:41339:42
      |
41339 |   #[cfg_attr(feature = "arbitrary", derive(Arbitrary))]
      |                                            ^^^^^^^^^
      |
     ::: C:\Users\Devyani\.cargo\registry\src\index.crates.io-1949cf8c6b5b557f\arbitrary-1.3.2\src\size_hint.rs:12:1
      |
   12 | / pub fn recursion_guard(
   13 | |     depth: usize,
   14 | |     f: impl FnOnce(usize) -> (usize, Option<usize>),
   15 | | ) -> (usize, Option<usize>) {
      | |___________________________- similarly named function `recursion_guard` defined here
      |
      = note: this error originates in the derive macro `Arbitrary` (in Nightly builds, run with -Z macro-backtrace for more info)

error[E0576]: cannot find method or associated constant `try_size_hint` in trait `arbitrary::Arbitrary`
     --> C:\Users\Devyani\.cargo\registry\src\index.crates.io-1949cf8c6b5b557f\stellar-xdr-20.1.0\src\curr\generated.rs:41339:42
      |
41339 | #[cfg_attr(feature = "arbitrary", derive(Arbitrary))]
      |                                          ^^^^^^^^^
      |
     ::: C:\Users\Devyani\.cargo\registry\src\index.crates.io-1949cf8c6b5b557f\arbitrary-1.3.2\src\lib.rs:277:5
      |
  277 |     fn size_hint(depth: usize) -> (usize, Option<usize>) {
      |     ---------------------------------------------------- similarly named associated function `size_hint` defined here
      |
      = note: this error originates in the derive macro `Arbitrary` (in Nightly builds, run with -Z macro-backtrace for more info)

error[E0425]: cannot find type `MaxRecursionReached` in crate `arbitrary`
     --> C:\Users\Devyani\.cargo\registry\src\index.crates.io-1949cf8c6b5b557f\stellar-xdr-20.1.0\src\curr\generated.rs:41441:42
      |
41441 | #[cfg_attr(feature = "arbitrary", derive(Arbitrary))]
      |                                          ^^^^^^^^^ not found in `arbitrary`
      |
      = note: this error originates in the derive macro `Arbitrary` (in Nightly builds, run with -Z macro-backtrace for more info)

error[E0425]: cannot find function `try_recursion_guard` in module `arbitrary::size_hint`
     --> C:\Users\Devyani\.cargo\registry\src\index.crates.io-1949cf8c6b5b557f\stellar-xdr-20.1.0\src\curr\generated.rs:41441:42
      |
41441 |   #[cfg_attr(feature = "arbitrary", derive(Arbitrary))]
      |                                            ^^^^^^^^^
      |
     ::: C:\Users\Devyani\.cargo\registry\src\index.crates.io-1949cf8c6b5b557f\arbitrary-1.3.2\src\size_hint.rs:12:1
      |
   12 | / pub fn recursion_guard(
   13 | |     depth: usize,
   14 | |     f: impl FnOnce(usize) -> (usize, Option<usize>),
   15 | | ) -> (usize, Option<usize>) {
      | |___________________________- similarly named function `recursion_guard` defined here
      |
      = note: this error originates in the derive macro `Arbitrary` (in Nightly builds, run with -Z macro-backtrace for more info)

error[E0576]: cannot find method or associated constant `try_size_hint` in trait `arbitrary::Arbitrary`
     --> C:\Users\Devyani\.cargo\registry\src\index.crates.io-1949cf8c6b5b557f\stellar-xdr-20.1.0\src\curr\generated.rs:41441:42
      |
41441 | #[cfg_attr(feature = "arbitrary", derive(Arbitrary))]
      |                                          ^^^^^^^^^
      |
     ::: C:\Users\Devyani\.cargo\registry\src\index.crates.io-1949cf8c6b5b557f\arbitrary-1.3.2\src\lib.rs:277:5
      |
  277 |     fn size_hint(depth: usize) -> (usize, Option<usize>) {
      |     ---------------------------------------------------- similarly named associated function `size_hint` defined here
      |
      = note: this error originates in the derive macro `Arbitrary` (in Nightly builds, run with -Z macro-backtrace for more info)

error[E0425]: cannot find type `MaxRecursionReached` in crate `arbitrary`
     --> C:\Users\Devyani\.cargo\registry\src\index.crates.io-1949cf8c6b5b557f\stellar-xdr-20.1.0\src\curr\generated.rs:41500:42
      |
41500 | #[cfg_attr(feature = "arbitrary", derive(Arbitrary))]
      |                                          ^^^^^^^^^ not found in `arbitrary`
      |
      = note: this error originates in the derive macro `Arbitrary` (in Nightly builds, run with -Z macro-backtrace for more info)

error[E0425]: cannot find function `try_recursion_guard` in module `arbitrary::size_hint`
     --> C:\Users\Devyani\.cargo\registry\src\index.crates.io-1949cf8c6b5b557f\stellar-xdr-20.1.0\src\curr\generated.rs:41500:42
      |
41500 |   #[cfg_attr(feature = "arbitrary", derive(Arbitrary))]
      |                                            ^^^^^^^^^
      |
     ::: C:\Users\Devyani\.cargo\registry\src\index.crates.io-1949cf8c6b5b557f\arbitrary-1.3.2\src\size_hint.rs:12:1
      |
   12 | / pub fn recursion_guard(
   13 | |     depth: usize,
   14 | |     f: impl FnOnce(usize) -> (usize, Option<usize>),
   15 | | ) -> (usize, Option<usize>) {
      | |___________________________- similarly named function `recursion_guard` defined here
      |
      = note: this error originates in the derive macro `Arbitrary` (in Nightly builds, run with -Z macro-backtrace for more info)

error[E0576]: cannot find method or associated constant `try_size_hint` in trait `arbitrary::Arbitrary`
     --> C:\Users\Devyani\.cargo\registry\src\index.crates.io-1949cf8c6b5b557f\stellar-xdr-20.1.0\src\curr\generated.rs:41500:42
      |
41500 | #[cfg_attr(feature = "arbitrary", derive(Arbitrary))]
      |                                          ^^^^^^^^^
      |
     ::: C:\Users\Devyani\.cargo\registry\src\index.crates.io-1949cf8c6b5b557f\arbitrary-1.3.2\src\lib.rs:277:5
      |
  277 |     fn size_hint(depth: usize) -> (usize, Option<usize>) {
      |     ---------------------------------------------------- similarly named associated function `size_hint` defined here
      |
      = note: this error originates in the derive macro `Arbitrary` (in Nightly builds, run with -Z macro-backtrace for more info)

error[E0425]: cannot find type `MaxRecursionReached` in crate `arbitrary`
     --> C:\Users\Devyani\.cargo\registry\src\index.crates.io-1949cf8c6b5b557f\stellar-xdr-20.1.0\src\curr\generated.rs:41617:42
      |
41617 | #[cfg_attr(feature = "arbitrary", derive(Arbitrary))]
      |                                          ^^^^^^^^^ not found in `arbitrary`
      |
      = note: this error originates in the derive macro `Arbitrary` (in Nightly builds, run with -Z macro-backtrace for more info)

error[E0425]: cannot find function `try_recursion_guard` in module `arbitrary::size_hint`
     --> C:\Users\Devyani\.cargo\registry\src\index.crates.io-1949cf8c6b5b557f\stellar-xdr-20.1.0\src\curr\generated.rs:41617:42
      |
41617 |   #[cfg_attr(feature = "arbitrary", derive(Arbitrary))]
      |                                            ^^^^^^^^^
      |
     ::: C:\Users\Devyani\.cargo\registry\src\index.crates.io-1949cf8c6b5b557f\arbitrary-1.3.2\src\size_hint.rs:12:1
      |
   12 | / pub fn recursion_guard(
   13 | |     depth: usize,
   14 | |     f: impl FnOnce(usize) -> (usize, Option<usize>),
   15 | | ) -> (usize, Option<usize>) {
      | |___________________________- similarly named function `recursion_guard` defined here
      |
      = note: this error originates in the derive macro `Arbitrary` (in Nightly builds, run with -Z macro-backtrace for more info)

error[E0576]: cannot find method or associated constant `try_size_hint` in trait `arbitrary::Arbitrary`
     --> C:\Users\Devyani\.cargo\registry\src\index.crates.io-1949cf8c6b5b557f\stellar-xdr-20.1.0\src\curr\generated.rs:41617:42
      |
41617 | #[cfg_attr(feature = "arbitrary", derive(Arbitrary))]
      |                                          ^^^^^^^^^
      |
     ::: C:\Users\Devyani\.cargo\registry\src\index.crates.io-1949cf8c6b5b557f\arbitrary-1.3.2\src\lib.rs:277:5
      |
  277 |     fn size_hint(depth: usize) -> (usize, Option<usize>) {
      |     ---------------------------------------------------- similarly named associated function `size_hint` defined here
      |
      = note: this error originates in the derive macro `Arbitrary` (in Nightly builds, run with -Z macro-backtrace for more info)

error[E0425]: cannot find type `MaxRecursionReached` in crate `arbitrary`
     --> C:\Users\Devyani\.cargo\registry\src\index.crates.io-1949cf8c6b5b557f\stellar-xdr-20.1.0\src\curr\generated.rs:41722:42
      |
41722 | #[cfg_attr(feature = "arbitrary", derive(Arbitrary))]
      |                                          ^^^^^^^^^ not found in `arbitrary`
      |
      = note: this error originates in the derive macro `Arbitrary` (in Nightly builds, run with -Z macro-backtrace for more info)

error[E0425]: cannot find function `try_recursion_guard` in module `arbitrary::size_hint`
     --> C:\Users\Devyani\.cargo\registry\src\index.crates.io-1949cf8c6b5b557f\stellar-xdr-20.1.0\src\curr\generated.rs:41722:42
      |
41722 |   #[cfg_attr(feature = "arbitrary", derive(Arbitrary))]
      |                                            ^^^^^^^^^
      |
     ::: C:\Users\Devyani\.cargo\registry\src\index.crates.io-1949cf8c6b5b557f\arbitrary-1.3.2\src\size_hint.rs:12:1
      |
   12 | / pub fn recursion_guard(
   13 | |     depth: usize,
   14 | |     f: impl FnOnce(usize) -> (usize, Option<usize>),
   15 | | ) -> (usize, Option<usize>) {
      | |___________________________- similarly named function `recursion_guard` defined here
      |
      = note: this error originates in the derive macro `Arbitrary` (in Nightly builds, run with -Z macro-backtrace for more info)

error[E0576]: cannot find method or associated constant `try_size_hint` in trait `arbitrary::Arbitrary`
     --> C:\Users\Devyani\.cargo\registry\src\index.crates.io-1949cf8c6b5b557f\stellar-xdr-20.1.0\src\curr\generated.rs:41722:42
      |
41722 | #[cfg_attr(feature = "arbitrary", derive(Arbitrary))]
      |                                          ^^^^^^^^^
      |
     ::: C:\Users\Devyani\.cargo\registry\src\index.crates.io-1949cf8c6b5b557f\arbitrary-1.3.2\src\lib.rs:277:5
      |
  277 |     fn size_hint(depth: usize) -> (usize, Option<usize>) {
      |     ---------------------------------------------------- similarly named associated function `size_hint` defined here
      |
      = note: this error originates in the derive macro `Arbitrary` (in Nightly builds, run with -Z macro-backtrace for more info)

error[E0425]: cannot find type `MaxRecursionReached` in crate `arbitrary`
     --> C:\Users\Devyani\.cargo\registry\src\index.crates.io-1949cf8c6b5b557f\stellar-xdr-20.1.0\src\curr\generated.rs:41840:42
      |
41840 | #[cfg_attr(feature = "arbitrary", derive(Arbitrary))]
      |                                          ^^^^^^^^^ not found in `arbitrary`
      |
      = note: this error originates in the derive macro `Arbitrary` (in Nightly builds, run with -Z macro-backtrace for more info)

error[E0425]: cannot find function `try_recursion_guard` in module `arbitrary::size_hint`
     --> C:\Users\Devyani\.cargo\registry\src\index.crates.io-1949cf8c6b5b557f\stellar-xdr-20.1.0\src\curr\generated.rs:41840:42
      |
41840 |   #[cfg_attr(feature = "arbitrary", derive(Arbitrary))]
      |                                            ^^^^^^^^^
      |
     ::: C:\Users\Devyani\.cargo\registry\src\index.crates.io-1949cf8c6b5b557f\arbitrary-1.3.2\src\size_hint.rs:12:1
      |
   12 | / pub fn recursion_guard(
   13 | |     depth: usize,
   14 | |     f: impl FnOnce(usize) -> (usize, Option<usize>),
   15 | | ) -> (usize, Option<usize>) {
      | |___________________________- similarly named function `recursion_guard` defined here
      |
      = note: this error originates in the derive macro `Arbitrary` (in Nightly builds, run with -Z macro-backtrace for more info)

error[E0576]: cannot find method or associated constant `try_size_hint` in trait `arbitrary::Arbitrary`
     --> C:\Users\Devyani\.cargo\registry\src\index.crates.io-1949cf8c6b5b557f\stellar-xdr-20.1.0\src\curr\generated.rs:41840:42
      |
41840 | #[cfg_attr(feature = "arbitrary", derive(Arbitrary))]
      |                                          ^^^^^^^^^
      |
     ::: C:\Users\Devyani\.cargo\registry\src\index.crates.io-1949cf8c6b5b557f\arbitrary-1.3.2\src\lib.rs:277:5
      |
  277 |     fn size_hint(depth: usize) -> (usize, Option<usize>) {
      |     ---------------------------------------------------- similarly named associated function `size_hint` defined here
      |
      = note: this error originates in the derive macro `Arbitrary` (in Nightly builds, run with -Z macro-backtrace for more info)

error[E0425]: cannot find type `MaxRecursionReached` in crate `arbitrary`
     --> C:\Users\Devyani\.cargo\registry\src\index.crates.io-1949cf8c6b5b557f\stellar-xdr-20.1.0\src\curr\generated.rs:41894:42
      |
41894 | #[cfg_attr(feature = "arbitrary", derive(Arbitrary))]
      |                                          ^^^^^^^^^ not found in `arbitrary`
      |
      = note: this error originates in the derive macro `Arbitrary` (in Nightly builds, run with -Z macro-backtrace for more info)

error[E0425]: cannot find function `try_recursion_guard` in module `arbitrary::size_hint`
     --> C:\Users\Devyani\.cargo\registry\src\index.crates.io-1949cf8c6b5b557f\stellar-xdr-20.1.0\src\curr\generated.rs:41894:42
      |
41894 |   #[cfg_attr(feature = "arbitrary", derive(Arbitrary))]
      |                                            ^^^^^^^^^
      |
     ::: C:\Users\Devyani\.cargo\registry\src\index.crates.io-1949cf8c6b5b557f\arbitrary-1.3.2\src\size_hint.rs:12:1
      |
   12 | / pub fn recursion_guard(
   13 | |     depth: usize,
   14 | |     f: impl FnOnce(usize) -> (usize, Option<usize>),
   15 | | ) -> (usize, Option<usize>) {
      | |___________________________- similarly named function `recursion_guard` defined here
      |
      = note: this error originates in the derive macro `Arbitrary` (in Nightly builds, run with -Z macro-backtrace for more info)

error[E0576]: cannot find method or associated constant `try_size_hint` in trait `arbitrary::Arbitrary`
     --> C:\Users\Devyani\.cargo\registry\src\index.crates.io-1949cf8c6b5b557f\stellar-xdr-20.1.0\src\curr\generated.rs:41894:42
      |
41894 | #[cfg_attr(feature = "arbitrary", derive(Arbitrary))]
      |                                          ^^^^^^^^^
      |
     ::: C:\Users\Devyani\.cargo\registry\src\index.crates.io-1949cf8c6b5b557f\arbitrary-1.3.2\src\lib.rs:277:5
      |
  277 |     fn size_hint(depth: usize) -> (usize, Option<usize>) {
      |     ---------------------------------------------------- similarly named associated function `size_hint` defined here
      |
      = note: this error originates in the derive macro `Arbitrary` (in Nightly builds, run with -Z macro-backtrace for more info)

error[E0425]: cannot find type `MaxRecursionReached` in crate `arbitrary`
     --> C:\Users\Devyani\.cargo\registry\src\index.crates.io-1949cf8c6b5b557f\stellar-xdr-20.1.0\src\curr\generated.rs:41951:42
      |
41951 | #[cfg_attr(feature = "arbitrary", derive(Arbitrary))]
      |                                          ^^^^^^^^^ not found in `arbitrary`
      |
      = note: this error originates in the derive macro `Arbitrary` (in Nightly builds, run with -Z macro-backtrace for more info)

